{"timestamp":"2026-09-06T02:58:35.689244Z","level":"info","event":"::group::Pre Execute","logger":"task","filename":"task_runner.py","lineno":2412}
{"timestamp":"2026-09-06T02:58:35.944932Z","level":"info","event":"DAG bundles loaded: dags-folder","try_number":1,"task_id":"chunk_clinical_notes","ti_id":"01a074a1-2b0c-7038-9e70-aef605474cc6","run_id":"manual__2026-09-06T02:51:54.418176+00:00","dag_id":"healthcare_pipeline","map_index":-1,"logger":"airflow.dag_processing.bundles.manager.DagBundlesManager","filename":"manager.py","lineno":304}
{"timestamp":"2026-09-06T02:58:35.962198Z","level":"info","event":"Filling up the DagBag from /opt/airflow/dags/healthcare_pipeline.py","try_number":1,"task_id":"chunk_clinical_notes","ti_id":"01a074a1-2b0c-7038-9e70-aef605474cc6","run_id":"manual__2026-09-06T02:51:54.418176+00:00","dag_id":"healthcare_pipeline","map_index":-1,"logger":"airflow.dag_processing.dagbag.BundleDagBag","filename":"dagbag.py","lineno":460}
{"timestamp":"2026-09-06T02:58:54.035438Z","level":"info","event":"Worker startup parse complete","bundle_name":"dags-folder","bundle_version":null,"dag_file":"healthcare_pipeline.py","dag_id":"healthcare_pipeline","bundle_prepare_ms":49,"dag_file_parse_ms":18078,"try_number":1,"task_id":"chunk_clinical_notes","ti_id":"01a074a1-2b0c-7038-9e70-aef605474cc6","run_id":"manual__2026-09-06T02:51:54.418176+00:00","map_index":-1,"logger":"task","filename":"task_runner.py","lineno":1073}
{"timestamp":"2026-09-06T02:58:54.585460Z","level":"info","event":"::endgroup::","try_number":1,"task_id":"chunk_clinical_notes","ti_id":"01a074a1-2b0c-7038-9e70-aef605474cc6","run_id":"manual__2026-09-06T02:51:54.418176+00:00","dag_id":"healthcare_pipeline","map_index":-1,"logger":"task","filename":"task_runner.py","lineno":2232}
{"timestamp":"2026-09-06T02:58:59.014699Z","level":"info","event":":: loading settings :: url = jar:file:/home/airflow/.local/lib/python3.11/site-packages/pyspark/jars/ivy-2.5.3.jar!/org/apache/ivy/core/settings/ivysettings.xml","logger":"task.stdout"}
{"timestamp":"2026-09-06T02:58:59.134164Z","level":"error","event":"Ivy Default Cache set to: /home/airflow/.ivy2/cache","logger":"task.stderr"}
{"timestamp":"2026-09-06T02:58:59.138771Z","level":"error","event":"The jars for the packages stored in: /home/airflow/.ivy2/jars","logger":"task.stderr"}
{"timestamp":"2026-09-06T02:58:59.143987Z","level":"error","event":"io.delta#delta-spark_2.12 added as a dependency","logger":"task.stderr"}
{"timestamp":"2026-09-06T02:58:59.148060Z","level":"error","event":":: resolving dependencies :: org.apache.spark#spark-submit-parent-549ea218-7119-4131-8952-ec27e4ad64bf;1.0","logger":"task.stderr"}
{"timestamp":"2026-09-06T02:58:59.152829Z","level":"error","event":"\tconfs: [default]","logger":"task.stderr"}
{"timestamp":"2026-09-06T02:58:59.340851Z","level":"error","event":"\tfound io.delta#delta-spark_2.12;3.3.2 in central","logger":"task.stderr"}
{"timestamp":"2026-09-06T02:58:59.385209Z","level":"error","event":"\tfound io.delta#delta-storage;3.3.2 in central","logger":"task.stderr"}
{"timestamp":"2026-09-06T02:58:59.432045Z","level":"error","event":"\tfound org.antlr#antlr4-runtime;4.9.3 in central","logger":"task.stderr"}
{"timestamp":"2026-09-06T02:58:59.464120Z","level":"error","event":":: resolution report :: resolve 306ms :: artifacts dl 13ms","logger":"task.stderr"}
{"timestamp":"2026-09-06T02:58:59.468912Z","level":"error","event":"\t:: modules in use:","logger":"task.stderr"}
{"timestamp":"2026-09-06T02:58:59.474303Z","level":"error","event":"\tio.delta#delta-spark_2.12;3.3.2 from central in [default]","logger":"task.stderr"}
{"timestamp":"2026-09-06T02:58:59.478134Z","level":"error","event":"\tio.delta#delta-storage;3.3.2 from central in [default]","logger":"task.stderr"}
{"timestamp":"2026-09-06T02:58:59.481026Z","level":"error","event":"\torg.antlr#antlr4-runtime;4.9.3 from central in [default]","logger":"task.stderr"}
{"timestamp":"2026-09-06T02:58:59.485896Z","level":"error","event":"\t---------------------------------------------------------------------","logger":"task.stderr"}
{"timestamp":"2026-09-06T02:58:59.492723Z","level":"error","event":"\t|                  |            modules            ||   artifacts   |","logger":"task.stderr"}
{"timestamp":"2026-09-06T02:58:59.495958Z","level":"error","event":"\t|       conf       | number| search|dwnlded|evicted|| number|dwnlded|","logger":"task.stderr"}
{"timestamp":"2026-09-06T02:58:59.498305Z","level":"error","event":"\t---------------------------------------------------------------------","logger":"task.stderr"}
{"timestamp":"2026-09-06T02:58:59.501566Z","level":"error","event":"\t|      default     |   3   |   0   |   0   |   0   ||   3   |   0   |","logger":"task.stderr"}
{"timestamp":"2026-09-06T02:58:59.503569Z","level":"error","event":"\t---------------------------------------------------------------------","logger":"task.stderr"}
{"timestamp":"2026-09-06T02:58:59.506074Z","level":"error","event":":: retrieving :: org.apache.spark#spark-submit-parent-549ea218-7119-4131-8952-ec27e4ad64bf","logger":"task.stderr"}
{"timestamp":"2026-09-06T02:58:59.507795Z","level":"error","event":"\tconfs: [default]","logger":"task.stderr"}
{"timestamp":"2026-09-06T02:58:59.509944Z","level":"error","event":"\t0 artifacts copied, 3 already retrieved (0kB/18ms)","logger":"task.stderr"}
{"timestamp":"2026-09-06T02:58:59.832625Z","level":"error","event":"26/09/06 02:58:59 WARN NativeCodeLoader: Unable to load native-hadoop library for your platform... using builtin-java classes where applicable","logger":"task.stderr"}
{"timestamp":"2026-09-06T02:59:00.214832Z","level":"error","event":"Setting default log level to \"WARN\".","logger":"task.stderr"}
{"timestamp":"2026-09-06T02:59:00.220913Z","level":"error","event":"To adjust logging level use sc.setLogLevel(newLevel). For SparkR, use setLogLevel(newLevel).","logger":"task.stderr"}
{"timestamp":"2026-09-06T02:59:10.487736Z","level":"error","event":"26/09/06 02:59:10 WARN SparkStringUtils: Truncated the string representation of a plan since it was too large. This behavior can be adjusted by setting 'spark.sql.debug.maxToStringFields'.","logger":"task.stderr"}
{"timestamp":"2026-09-06T02:59:27.558195Z","level":"info","event":"Last processed Silver timestamp: 2026-09-06 01:00:26.741637","logger":"task.stdout"}
{"timestamp":"2026-09-06T02:59:35.732499Z","level":"info","event":"New/changed documents: 0","logger":"task.stdout"}
{"timestamp":"2026-09-06T02:59:35.747081Z","level":"info","event":"No new clinical notes to chunk.","logger":"task.stdout"}
{"timestamp":"2026-09-06T02:59:36.280953Z","level":"info","event":"Done. Returned value was: None","try_number":1,"task_id":"chunk_clinical_notes","ti_id":"01a074a1-2b0c-7038-9e70-aef605474cc6","run_id":"manual__2026-09-06T02:51:54.418176+00:00","dag_id":"healthcare_pipeline","map_index":-1,"logger":"airflow.task.operators.airflow.providers.standard.decorators.python._PythonDecoratedOperator","filename":"python.py","lineno":233}
{"timestamp":"2026-09-06T02:59:36.290171Z","level":"info","event":"::group::Post Execute","try_number":1,"task_id":"chunk_clinical_notes","ti_id":"01a074a1-2b0c-7038-9e70-aef605474cc6","run_id":"manual__2026-09-06T02:51:54.418176+00:00","dag_id":"healthcare_pipeline","map_index":-1,"logger":"task","filename":"task_runner.py","lineno":1580}
{"timestamp":"2026-09-06T02:59:36.397003Z","level":"info","event":"::endgroup::","try_number":1,"task_id":"chunk_clinical_notes","ti_id":"01a074a1-2b0c-7038-9e70-aef605474cc6","run_id":"manual__2026-09-06T02:51:54.418176+00:00","dag_id":"healthcare_pipeline","map_index":-1,"logger":"task","filename":"task_runner.py","lineno":2379}
{"timestamp":"2026-09-06T02:59:38.709381Z","level":"error","event":"\r[Stage 0:>                                                          (0 + 2) / 2]\r\r[Stage 2:>                                                         (0 + 8) / 50]\r\r[Stage 2:=====>                                                    (5 + 8) / 50]\r\r[Stage 2:=========>                                                (8 + 8) / 50]\r\r[Stage 2:=============>                                           (12 + 8) / 50]\r\r[Stage 2:==================>                                      (16 + 8) / 50]\r\r[Stage 2:=======================>                                 (21 + 8) / 50]\r\r[Stage 2:===========================>                             (24 + 8) / 50]\r\r[Stage 2:============================>                            (25 + 9) / 50]\r\r[Stage 2:===================================>                     (31 + 8) / 50]\r\r[Stage 2:=====================================>                   (33 + 8) / 50]\r\r[Stage 2:==============================================>          (41 + 8) / 50]\r\r[Stage 2:====================================================>    (46 + 4) / 50]\r\r                                                                                \r\r[Stage 7:==========================>                              (23 + 9) / 50]\r\r[Stage 7:===============================================>         (42 + 8) / 50]\r\r                                                                                \r\r[Stage 8:>                                                          (0 + 4) / 4]\r\r[Stage 8:=============================>                             (2 + 2) / 4]\r\r                                                                                \r\r[Stage 13:>                                                        (0 + 8) / 50]\r\r[Stage 13:======>                                                  (6 + 8) / 50]\r\r[Stage 13:===========>                                            (10 + 8) / 50]\r\r[Stage 13:=================>                                      (16 + 8) / 50]\r\r[Stage 13:========================>                               (22 + 8) / 50]\r\r[Stage 13:=============================>                          (26 + 8) / 50]\r\r[Stage 13:======================================>                 (34 + 8) / 50]\r\r[Stage 13:=============================================>          (41 + 8) / 50]\r\r[Stage 13:====================================================>   (47 + 3) / 50]","logger":"task.stderr"}
