{"timestamp":"2026-08-29T00:33:23.108096Z","level":"info","event":"::group::Pre Execute","logger":"task","filename":"task_runner.py","lineno":2412}
{"timestamp":"2026-08-29T00:33:23.178754Z","level":"info","event":"DAG bundles loaded: dags-folder","ti_id":"01a04aef-236a-7d29-82f9-b9c638231ea8","map_index":-1,"task_id":"process_patient_silver","dag_id":"healthcare_pipeline","run_id":"manual__2026-08-29T00:33:01.251470+00:00","try_number":1,"logger":"airflow.dag_processing.bundles.manager.DagBundlesManager","filename":"manager.py","lineno":304}
{"timestamp":"2026-08-29T00:33:23.180635Z","level":"info","event":"Filling up the DagBag from /opt/airflow/dags/healthcare_pipeline.py","ti_id":"01a04aef-236a-7d29-82f9-b9c638231ea8","map_index":-1,"task_id":"process_patient_silver","dag_id":"healthcare_pipeline","run_id":"manual__2026-08-29T00:33:01.251470+00:00","try_number":1,"logger":"airflow.dag_processing.dagbag.BundleDagBag","filename":"dagbag.py","lineno":460}
{"timestamp":"2026-08-29T00:33:24.048353Z","level":"info","event":"Worker startup parse complete","bundle_name":"dags-folder","bundle_version":null,"dag_file":"healthcare_pipeline.py","dag_id":"healthcare_pipeline","bundle_prepare_ms":6,"dag_file_parse_ms":868,"ti_id":"01a04aef-236a-7d29-82f9-b9c638231ea8","map_index":-1,"task_id":"process_patient_silver","run_id":"manual__2026-08-29T00:33:01.251470+00:00","try_number":1,"logger":"task","filename":"task_runner.py","lineno":1073}
{"timestamp":"2026-08-29T00:33:24.111464Z","level":"info","event":"::endgroup::","ti_id":"01a04aef-236a-7d29-82f9-b9c638231ea8","map_index":-1,"task_id":"process_patient_silver","dag_id":"healthcare_pipeline","run_id":"manual__2026-08-29T00:33:01.251470+00:00","try_number":1,"logger":"task","filename":"task_runner.py","lineno":2232}
{"timestamp":"2026-08-29T00:33:26.585442Z","level":"info","event":":: loading settings :: url = jar:file:/home/airflow/.local/lib/python3.11/site-packages/pyspark/jars/ivy-2.5.3.jar!/org/apache/ivy/core/settings/ivysettings.xml","logger":"task.stdout"}
{"timestamp":"2026-08-29T00:33:26.786382Z","level":"error","event":"Ivy Default Cache set to: /home/airflow/.ivy2/cache","logger":"task.stderr"}
{"timestamp":"2026-08-29T00:33:26.791112Z","level":"error","event":"The jars for the packages stored in: /home/airflow/.ivy2/jars","logger":"task.stderr"}
{"timestamp":"2026-08-29T00:33:26.807221Z","level":"error","event":"io.delta#delta-spark_2.12 added as a dependency","logger":"task.stderr"}
{"timestamp":"2026-08-29T00:33:26.810484Z","level":"error","event":":: resolving dependencies :: org.apache.spark#spark-submit-parent-6dd15ab5-7a5c-44e4-bf4e-118f421391e8;1.0","logger":"task.stderr"}
{"timestamp":"2026-08-29T00:33:26.814932Z","level":"error","event":"\tconfs: [default]","logger":"task.stderr"}
{"timestamp":"2026-08-29T00:33:27.086304Z","level":"error","event":"\tfound io.delta#delta-spark_2.12;3.3.2 in spark-list","logger":"task.stderr"}
{"timestamp":"2026-08-29T00:33:27.150350Z","level":"error","event":"\tfound io.delta#delta-storage;3.3.2 in central","logger":"task.stderr"}
{"timestamp":"2026-08-29T00:33:27.213017Z","level":"error","event":"\tfound org.antlr#antlr4-runtime;4.9.3 in spark-list","logger":"task.stderr"}
{"timestamp":"2026-08-29T00:33:27.286245Z","level":"error","event":":: resolution report :: resolve 467ms :: artifacts dl 11ms","logger":"task.stderr"}
{"timestamp":"2026-08-29T00:33:27.289679Z","level":"error","event":"\t:: modules in use:","logger":"task.stderr"}
{"timestamp":"2026-08-29T00:33:27.293151Z","level":"error","event":"\tio.delta#delta-spark_2.12;3.3.2 from spark-list in [default]","logger":"task.stderr"}
{"timestamp":"2026-08-29T00:33:27.295646Z","level":"error","event":"\tio.delta#delta-storage;3.3.2 from central in [default]","logger":"task.stderr"}
{"timestamp":"2026-08-29T00:33:27.298646Z","level":"error","event":"\torg.antlr#antlr4-runtime;4.9.3 from spark-list in [default]","logger":"task.stderr"}
{"timestamp":"2026-08-29T00:33:27.302531Z","level":"error","event":"\t---------------------------------------------------------------------","logger":"task.stderr"}
{"timestamp":"2026-08-29T00:33:27.307335Z","level":"error","event":"\t|                  |            modules            ||   artifacts   |","logger":"task.stderr"}
{"timestamp":"2026-08-29T00:33:27.315057Z","level":"error","event":"\t|       conf       | number| search|dwnlded|evicted|| number|dwnlded|","logger":"task.stderr"}
{"timestamp":"2026-08-29T00:33:27.319971Z","level":"error","event":"\t---------------------------------------------------------------------","logger":"task.stderr"}
{"timestamp":"2026-08-29T00:33:27.321566Z","level":"error","event":"\t|      default     |   3   |   0   |   0   |   0   ||   3   |   0   |","logger":"task.stderr"}
{"timestamp":"2026-08-29T00:33:27.322645Z","level":"error","event":"\t---------------------------------------------------------------------","logger":"task.stderr"}
{"timestamp":"2026-08-29T00:33:27.328730Z","level":"error","event":":: retrieving :: org.apache.spark#spark-submit-parent-6dd15ab5-7a5c-44e4-bf4e-118f421391e8","logger":"task.stderr"}
{"timestamp":"2026-08-29T00:33:27.334192Z","level":"error","event":"\tconfs: [default]","logger":"task.stderr"}
{"timestamp":"2026-08-29T00:33:27.337510Z","level":"error","event":"\t0 artifacts copied, 3 already retrieved (0kB/12ms)","logger":"task.stderr"}
{"timestamp":"2026-08-29T00:33:27.654262Z","level":"error","event":"26/08/29 00:33:27 WARN NativeCodeLoader: Unable to load native-hadoop library for your platform... using builtin-java classes where applicable","logger":"task.stderr"}
{"timestamp":"2026-08-29T00:33:28.032086Z","level":"error","event":"Setting default log level to \"WARN\".","logger":"task.stderr"}
{"timestamp":"2026-08-29T00:33:28.042474Z","level":"error","event":"To adjust logging level use sc.setLogLevel(newLevel). For SparkR, use setLogLevel(newLevel).","logger":"task.stderr"}
{"timestamp":"2026-08-29T00:33:29.462451Z","level":"error","event":"26/08/29 00:33:29 WARN Utils: Service 'SparkUI' could not bind on port 4040. Attempting port 4041.","logger":"task.stderr"}
{"timestamp":"2026-08-29T00:33:29.503066Z","level":"error","event":"26/08/29 00:33:29 WARN Utils: Service 'SparkUI' could not bind on port 4041. Attempting port 4042.","logger":"task.stderr"}
{"timestamp":"2026-08-29T00:33:29.505652Z","level":"error","event":"26/08/29 00:33:29 WARN Utils: Service 'SparkUI' could not bind on port 4042. Attempting port 4043.","logger":"task.stderr"}
{"timestamp":"2026-08-29T00:33:41.184979Z","level":"error","event":"26/08/29 00:33:41 WARN SparkStringUtils: Truncated the string representation of a plan since it was too large. This behavior can be adjusted by setting 'spark.sql.debug.maxToStringFields'.","logger":"task.stderr"}
{"timestamp":"2026-08-29T00:34:30.416294Z","level":"info","event":"","logger":"task.stdout"}
{"timestamp":"2026-08-29T00:34:30.423907Z","level":"info","event":"Patient Silver","logger":"task.stdout"}
{"timestamp":"2026-08-29T00:34:30.428699Z","level":"info","event":"--------------","logger":"task.stdout"}
{"timestamp":"2026-08-29T00:34:30.433462Z","level":"info","event":"New Bronze rows: 0","logger":"task.stdout"}
{"timestamp":"2026-08-29T00:34:30.435345Z","level":"info","event":"Rows to merge: 0","logger":"task.stdout"}
{"timestamp":"2026-08-29T00:34:30.437945Z","level":"info","event":"Status: NO NEW DATA","logger":"task.stdout"}
{"timestamp":"2026-08-29T00:34:31.343099Z","level":"info","event":"Done. Returned value was: None","ti_id":"01a04aef-236a-7d29-82f9-b9c638231ea8","map_index":-1,"task_id":"process_patient_silver","dag_id":"healthcare_pipeline","run_id":"manual__2026-08-29T00:33:01.251470+00:00","try_number":1,"logger":"airflow.task.operators.airflow.providers.standard.decorators.python._PythonDecoratedOperator","filename":"python.py","lineno":233}
{"timestamp":"2026-08-29T00:34:31.368796Z","level":"info","event":"::group::Post Execute","ti_id":"01a04aef-236a-7d29-82f9-b9c638231ea8","map_index":-1,"task_id":"process_patient_silver","dag_id":"healthcare_pipeline","run_id":"manual__2026-08-29T00:33:01.251470+00:00","try_number":1,"logger":"task","filename":"task_runner.py","lineno":1580}
{"timestamp":"2026-08-29T00:34:31.629809Z","level":"info","event":"::endgroup::","ti_id":"01a04aef-236a-7d29-82f9-b9c638231ea8","map_index":-1,"task_id":"process_patient_silver","dag_id":"healthcare_pipeline","run_id":"manual__2026-08-29T00:33:01.251470+00:00","try_number":1,"logger":"task","filename":"task_runner.py","lineno":2379}
{"timestamp":"2026-08-29T00:34:35.441646Z","level":"error","event":"\r[Stage 0:>                                                          (0 + 0) / 6]\r\r[Stage 0:>                                                          (0 + 6) / 6]\r\r[Stage 0:=========>                                                 (1 + 5) / 6]\r\r[Stage 2:>                                                         (0 + 8) / 50]\r\r[Stage 2:=========>                                                (8 + 8) / 50]\r\r[Stage 2:==============>                                          (13 + 8) / 50]\r\r[Stage 2:==================>                                      (16 + 8) / 50]\r\r[Stage 2:======================>                                  (20 + 8) / 50]\r\r[Stage 2:==========================>                              (23 + 8) / 50]\r\r[Stage 2:=================================>                       (29 + 8) / 50]\r\r[Stage 2:=====================================>                   (33 + 8) / 50]\r\r[Stage 2:============================================>            (39 + 8) / 50]\r\r[Stage 2:==================================================>      (44 + 6) / 50]\r\r[Stage 5:>                                                          (0 + 1) / 1]\r\r                                                                                \r\r[Stage 7:=========================>                               (22 + 8) / 50]\r\r[Stage 7:===================================================>     (45 + 5) / 50]\r\r                                                                                \r\r[Stage 8:>                                                          (0 + 2) / 2]\r\r                                                                                \r\r[Stage 13:>                                                        (0 + 8) / 50]\r\r[Stage 13:=========>                                               (8 + 8) / 50]\r\r[Stage 13:=========>                                               (8 + 9) / 50]\r\r[Stage 13:=============>                                          (12 + 8) / 50]\r\r[Stage 13:==============>                                         (13 + 9) / 50]\r\r[Stage 13:================>                                       (15 + 8) / 50]\r\r[Stage 13:===================>                                    (17 + 8) / 50]\r\r[Stage 13:=======================>                                (21 + 8) / 50]\r\r[Stage 13:=========================>                              (23 + 8) / 50]\r\r[Stage 13:==============================>                         (27 + 8) / 50]\r\r[Stage 13:================================>                       (29 + 8) / 50]\r\r[Stage 13:======================================>                 (34 + 8) / 50]\r\r[Stage 13:=========================================>              (37 + 8) / 50]\r\r[Stage 13:=================================================>      (44 + 6) / 50]\r\r[Stage 13:=====================================================>  (48 + 2) / 50]","logger":"task.stderr"}
