{"timestamp":"2026-08-28T21:23:16.850412Z","level":"info","event":"::group::Pre Execute","logger":"task","filename":"task_runner.py","lineno":2412}
{"timestamp":"2026-08-28T21:23:16.863210Z","level":"info","event":"DAG bundles loaded: dags-folder","try_number":1,"map_index":-1,"run_id":"manual__2026-08-28T21:23:15.102320+00:00","ti_id":"01a04a41-6646-7860-b911-48dab04b1f66","dag_id":"healthcare_pipeline","task_id":"process_bronze_to_delta","logger":"airflow.dag_processing.bundles.manager.DagBundlesManager","filename":"manager.py","lineno":304}
{"timestamp":"2026-08-28T21:23:16.863622Z","level":"info","event":"Filling up the DagBag from /opt/airflow/dags/healthcare_pipeline.py","try_number":1,"map_index":-1,"run_id":"manual__2026-08-28T21:23:15.102320+00:00","ti_id":"01a04a41-6646-7860-b911-48dab04b1f66","dag_id":"healthcare_pipeline","task_id":"process_bronze_to_delta","logger":"airflow.dag_processing.dagbag.BundleDagBag","filename":"dagbag.py","lineno":460}
{"timestamp":"2026-08-28T21:23:17.119478Z","level":"info","event":"Worker startup parse complete","bundle_name":"dags-folder","bundle_version":null,"dag_file":"healthcare_pipeline.py","dag_id":"healthcare_pipeline","bundle_prepare_ms":1,"dag_file_parse_ms":255,"try_number":1,"map_index":-1,"run_id":"manual__2026-08-28T21:23:15.102320+00:00","ti_id":"01a04a41-6646-7860-b911-48dab04b1f66","task_id":"process_bronze_to_delta","logger":"task","filename":"task_runner.py","lineno":1073}
{"timestamp":"2026-08-28T21:23:17.136900Z","level":"info","event":"::endgroup::","try_number":1,"map_index":-1,"run_id":"manual__2026-08-28T21:23:15.102320+00:00","ti_id":"01a04a41-6646-7860-b911-48dab04b1f66","dag_id":"healthcare_pipeline","task_id":"process_bronze_to_delta","logger":"task","filename":"task_runner.py","lineno":2232}
{"timestamp":"2026-08-28T21:23:18.123476Z","level":"info","event":":: loading settings :: url = jar:file:/home/airflow/.local/lib/python3.11/site-packages/pyspark/jars/ivy-2.5.3.jar!/org/apache/ivy/core/settings/ivysettings.xml","logger":"task.stdout"}
{"timestamp":"2026-08-28T21:23:18.194175Z","level":"error","event":"Ivy Default Cache set to: /home/airflow/.ivy2/cache","logger":"task.stderr"}
{"timestamp":"2026-08-28T21:23:18.197078Z","level":"error","event":"The jars for the packages stored in: /home/airflow/.ivy2/jars","logger":"task.stderr"}
{"timestamp":"2026-08-28T21:23:18.199762Z","level":"error","event":"io.delta#delta-spark_2.12 added as a dependency","logger":"task.stderr"}
{"timestamp":"2026-08-28T21:23:18.204792Z","level":"error","event":":: resolving dependencies :: org.apache.spark#spark-submit-parent-a535d54a-0f62-449b-9e41-0997b3ff0b74;1.0","logger":"task.stderr"}
{"timestamp":"2026-08-28T21:23:18.207502Z","level":"error","event":"\tconfs: [default]","logger":"task.stderr"}
{"timestamp":"2026-08-28T21:23:18.301682Z","level":"error","event":"\tfound io.delta#delta-spark_2.12;3.3.2 in spark-list","logger":"task.stderr"}
{"timestamp":"2026-08-28T21:23:18.322266Z","level":"error","event":"\tfound io.delta#delta-storage;3.3.2 in central","logger":"task.stderr"}
{"timestamp":"2026-08-28T21:23:18.340278Z","level":"error","event":"\tfound org.antlr#antlr4-runtime;4.9.3 in central","logger":"task.stderr"}
{"timestamp":"2026-08-28T21:23:18.362705Z","level":"error","event":":: resolution report :: resolve 156ms :: artifacts dl 6ms","logger":"task.stderr"}
{"timestamp":"2026-08-28T21:23:18.366201Z","level":"error","event":"\t:: modules in use:","logger":"task.stderr"}
{"timestamp":"2026-08-28T21:23:18.370223Z","level":"error","event":"\tio.delta#delta-spark_2.12;3.3.2 from spark-list in [default]","logger":"task.stderr"}
{"timestamp":"2026-08-28T21:23:18.372452Z","level":"error","event":"\tio.delta#delta-storage;3.3.2 from central in [default]","logger":"task.stderr"}
{"timestamp":"2026-08-28T21:23:18.374649Z","level":"error","event":"\torg.antlr#antlr4-runtime;4.9.3 from central in [default]","logger":"task.stderr"}
{"timestamp":"2026-08-28T21:23:18.377522Z","level":"error","event":"\t---------------------------------------------------------------------","logger":"task.stderr"}
{"timestamp":"2026-08-28T21:23:18.382349Z","level":"error","event":"\t|                  |            modules            ||   artifacts   |","logger":"task.stderr"}
{"timestamp":"2026-08-28T21:23:18.384800Z","level":"error","event":"\t|       conf       | number| search|dwnlded|evicted|| number|dwnlded|","logger":"task.stderr"}
{"timestamp":"2026-08-28T21:23:18.387452Z","level":"error","event":"\t---------------------------------------------------------------------","logger":"task.stderr"}
{"timestamp":"2026-08-28T21:23:18.390352Z","level":"error","event":"\t|      default     |   3   |   0   |   0   |   0   ||   3   |   0   |","logger":"task.stderr"}
{"timestamp":"2026-08-28T21:23:18.393794Z","level":"error","event":"\t---------------------------------------------------------------------","logger":"task.stderr"}
{"timestamp":"2026-08-28T21:23:18.396595Z","level":"error","event":":: retrieving :: org.apache.spark#spark-submit-parent-a535d54a-0f62-449b-9e41-0997b3ff0b74","logger":"task.stderr"}
{"timestamp":"2026-08-28T21:23:18.400612Z","level":"error","event":"\tconfs: [default]","logger":"task.stderr"}
{"timestamp":"2026-08-28T21:23:18.402667Z","level":"error","event":"\t0 artifacts copied, 3 already retrieved (0kB/11ms)","logger":"task.stderr"}
{"timestamp":"2026-08-28T21:23:18.504112Z","level":"error","event":"26/08/28 21:23:18 WARN NativeCodeLoader: Unable to load native-hadoop library for your platform... using builtin-java classes where applicable","logger":"task.stderr"}
{"timestamp":"2026-08-28T21:23:18.617004Z","level":"error","event":"Setting default log level to \"WARN\".","logger":"task.stderr"}
{"timestamp":"2026-08-28T21:23:18.620036Z","level":"error","event":"To adjust logging level use sc.setLogLevel(newLevel). For SparkR, use setLogLevel(newLevel).","logger":"task.stderr"}
{"timestamp":"2026-08-28T21:23:19.663442Z","level":"info","event":"Processing Patient...","logger":"task.stdout"}
{"timestamp":"2026-08-28T21:23:22.624132Z","level":"error","event":"26/08/28 21:23:22 WARN SparkStringUtils: Truncated the string representation of a plan since it was too large. This behavior can be adjusted by setting 'spark.sql.debug.maxToStringFields'.","logger":"task.stderr"}
{"timestamp":"2026-08-28T21:23:26.933260Z","level":"info","event":"Patient: No new Bronze files to process.","logger":"task.stdout"}
{"timestamp":"2026-08-28T21:23:26.936682Z","level":"info","event":"Processing Encounter...","logger":"task.stdout"}
{"timestamp":"2026-08-28T21:23:28.289350Z","level":"info","event":"Encounter: No new Bronze files to process.","logger":"task.stdout"}
{"timestamp":"2026-08-28T21:23:28.292249Z","level":"info","event":"Processing Condition...","logger":"task.stdout"}
{"timestamp":"2026-08-28T21:23:29.633927Z","level":"info","event":"Condition: No new Bronze files to process.","logger":"task.stdout"}
{"timestamp":"2026-08-28T21:23:29.638039Z","level":"info","event":"Processing Observation...","logger":"task.stdout"}
{"timestamp":"2026-08-28T21:23:30.819133Z","level":"info","event":"Observation: No new Bronze files to process.","logger":"task.stdout"}
{"timestamp":"2026-08-28T21:23:30.839435Z","level":"info","event":"Processing MedicationRequest...","logger":"task.stdout"}
{"timestamp":"2026-08-28T21:23:31.935637Z","level":"info","event":"MedicationRequest: No new Bronze files to process.","logger":"task.stdout"}
{"timestamp":"2026-08-28T21:23:32.611309Z","level":"info","event":"Done. Returned value was: None","try_number":1,"map_index":-1,"run_id":"manual__2026-08-28T21:23:15.102320+00:00","ti_id":"01a04a41-6646-7860-b911-48dab04b1f66","dag_id":"healthcare_pipeline","task_id":"process_bronze_to_delta","logger":"airflow.task.operators.airflow.providers.standard.decorators.python._PythonDecoratedOperator","filename":"python.py","lineno":233}
{"timestamp":"2026-08-28T21:23:32.614091Z","level":"info","event":"::group::Post Execute","try_number":1,"map_index":-1,"run_id":"manual__2026-08-28T21:23:15.102320+00:00","ti_id":"01a04a41-6646-7860-b911-48dab04b1f66","dag_id":"healthcare_pipeline","task_id":"process_bronze_to_delta","logger":"task","filename":"task_runner.py","lineno":1580}
{"timestamp":"2026-08-28T21:23:32.680649Z","level":"info","event":"::endgroup::","try_number":1,"map_index":-1,"run_id":"manual__2026-08-28T21:23:15.102320+00:00","ti_id":"01a04a41-6646-7860-b911-48dab04b1f66","dag_id":"healthcare_pipeline","task_id":"process_bronze_to_delta","logger":"task","filename":"task_runner.py","lineno":2379}
{"timestamp":"2026-08-28T21:23:33.347282Z","level":"error","event":"\r[Stage 2:>                                                         (0 + 8) / 50]\r\r[Stage 2:=========>                                                (8 + 8) / 50]\r\r[Stage 2:==============>                                          (13 + 8) / 50]\r\r[Stage 2:============================>                            (25 + 8) / 50]\r\r[Stage 2:=============================================>           (40 + 8) / 50]","logger":"task.stderr"}
