{"timestamp":"2026-09-06T02:49:05.122747Z","level":"info","event":"::group::Pre Execute","logger":"task","filename":"task_runner.py","lineno":2412}
{"timestamp":"2026-09-06T02:49:05.151728Z","level":"info","event":"DAG bundles loaded: dags-folder","run_id":"manual__2026-09-06T00:55:46.069899+00:00","dag_id":"healthcare_pipeline","map_index":-1,"task_id":"load_embeddings_to_pgvector","ti_id":"01a0749e-918f-74c5-9d6f-b162f2c81066","try_number":2,"logger":"airflow.dag_processing.bundles.manager.DagBundlesManager","filename":"manager.py","lineno":304}
{"timestamp":"2026-09-06T02:49:05.152836Z","level":"info","event":"Filling up the DagBag from /opt/airflow/dags/healthcare_pipeline.py","run_id":"manual__2026-09-06T00:55:46.069899+00:00","dag_id":"healthcare_pipeline","map_index":-1,"task_id":"load_embeddings_to_pgvector","ti_id":"01a0749e-918f-74c5-9d6f-b162f2c81066","try_number":2,"logger":"airflow.dag_processing.dagbag.BundleDagBag","filename":"dagbag.py","lineno":460}
{"timestamp":"2026-09-06T02:49:06.039341Z","level":"info","event":"Worker startup parse complete","bundle_name":"dags-folder","bundle_version":null,"dag_file":"healthcare_pipeline.py","dag_id":"healthcare_pipeline","bundle_prepare_ms":2,"dag_file_parse_ms":886,"run_id":"manual__2026-09-06T00:55:46.069899+00:00","map_index":-1,"task_id":"load_embeddings_to_pgvector","ti_id":"01a0749e-918f-74c5-9d6f-b162f2c81066","try_number":2,"logger":"task","filename":"task_runner.py","lineno":1073}
{"timestamp":"2026-09-06T02:49:06.059396Z","level":"info","event":"::endgroup::","run_id":"manual__2026-09-06T00:55:46.069899+00:00","dag_id":"healthcare_pipeline","map_index":-1,"task_id":"load_embeddings_to_pgvector","ti_id":"01a0749e-918f-74c5-9d6f-b162f2c81066","try_number":2,"logger":"task","filename":"task_runner.py","lineno":2232}
{"timestamp":"2026-09-06T02:49:07.219308Z","level":"info","event":":: loading settings :: url = jar:file:/home/airflow/.local/lib/python3.11/site-packages/pyspark/jars/ivy-2.5.3.jar!/org/apache/ivy/core/settings/ivysettings.xml","logger":"task.stdout"}
{"timestamp":"2026-09-06T02:49:07.301682Z","level":"error","event":"Ivy Default Cache set to: /home/airflow/.ivy2/cache","logger":"task.stderr"}
{"timestamp":"2026-09-06T02:49:07.304607Z","level":"error","event":"The jars for the packages stored in: /home/airflow/.ivy2/jars","logger":"task.stderr"}
{"timestamp":"2026-09-06T02:49:07.309842Z","level":"error","event":"io.delta#delta-spark_2.12 added as a dependency","logger":"task.stderr"}
{"timestamp":"2026-09-06T02:49:07.313141Z","level":"error","event":":: resolving dependencies :: org.apache.spark#spark-submit-parent-3a970ee1-98ed-4373-8f37-c8d4ceab513a;1.0","logger":"task.stderr"}
{"timestamp":"2026-09-06T02:49:07.315129Z","level":"error","event":"\tconfs: [default]","logger":"task.stderr"}
{"timestamp":"2026-09-06T02:49:07.455485Z","level":"error","event":"\tfound io.delta#delta-spark_2.12;3.3.2 in central","logger":"task.stderr"}
{"timestamp":"2026-09-06T02:49:07.483999Z","level":"error","event":"\tfound io.delta#delta-storage;3.3.2 in central","logger":"task.stderr"}
{"timestamp":"2026-09-06T02:49:07.506386Z","level":"error","event":"\tfound org.antlr#antlr4-runtime;4.9.3 in central","logger":"task.stderr"}
{"timestamp":"2026-09-06T02:49:07.529691Z","level":"error","event":":: resolution report :: resolve 210ms :: artifacts dl 9ms","logger":"task.stderr"}
{"timestamp":"2026-09-06T02:49:07.532171Z","level":"error","event":"\t:: modules in use:","logger":"task.stderr"}
{"timestamp":"2026-09-06T02:49:07.534818Z","level":"error","event":"\tio.delta#delta-spark_2.12;3.3.2 from central in [default]","logger":"task.stderr"}
{"timestamp":"2026-09-06T02:49:07.536831Z","level":"error","event":"\tio.delta#delta-storage;3.3.2 from central in [default]","logger":"task.stderr"}
{"timestamp":"2026-09-06T02:49:07.540796Z","level":"error","event":"\torg.antlr#antlr4-runtime;4.9.3 from central in [default]","logger":"task.stderr"}
{"timestamp":"2026-09-06T02:49:07.543625Z","level":"error","event":"\t---------------------------------------------------------------------","logger":"task.stderr"}
{"timestamp":"2026-09-06T02:49:07.549334Z","level":"error","event":"\t|                  |            modules            ||   artifacts   |","logger":"task.stderr"}
{"timestamp":"2026-09-06T02:49:07.551831Z","level":"error","event":"\t|       conf       | number| search|dwnlded|evicted|| number|dwnlded|","logger":"task.stderr"}
{"timestamp":"2026-09-06T02:49:07.554581Z","level":"error","event":"\t---------------------------------------------------------------------","logger":"task.stderr"}
{"timestamp":"2026-09-06T02:49:07.557168Z","level":"error","event":"\t|      default     |   3   |   0   |   0   |   0   ||   3   |   0   |","logger":"task.stderr"}
{"timestamp":"2026-09-06T02:49:07.559407Z","level":"error","event":"\t---------------------------------------------------------------------","logger":"task.stderr"}
{"timestamp":"2026-09-06T02:49:07.561776Z","level":"error","event":":: retrieving :: org.apache.spark#spark-submit-parent-3a970ee1-98ed-4373-8f37-c8d4ceab513a","logger":"task.stderr"}
{"timestamp":"2026-09-06T02:49:07.563804Z","level":"error","event":"\tconfs: [default]","logger":"task.stderr"}
{"timestamp":"2026-09-06T02:49:07.565825Z","level":"error","event":"\t0 artifacts copied, 3 already retrieved (0kB/12ms)","logger":"task.stderr"}
{"timestamp":"2026-09-06T02:49:07.678804Z","level":"error","event":"26/09/06 02:49:07 WARN NativeCodeLoader: Unable to load native-hadoop library for your platform... using builtin-java classes where applicable","logger":"task.stderr"}
{"timestamp":"2026-09-06T02:49:07.787445Z","level":"error","event":"Setting default log level to \"WARN\".","logger":"task.stderr"}
{"timestamp":"2026-09-06T02:49:07.790235Z","level":"error","event":"To adjust logging level use sc.setLogLevel(newLevel). For SparkR, use setLogLevel(newLevel).","logger":"task.stderr"}
{"timestamp":"2026-09-06T02:49:11.724356Z","level":"info","event":"Last pgvector checkpoint: 2026-09-01 20:24:40.451657","logger":"task.stdout"}
{"timestamp":"2026-09-06T02:49:13.989739Z","level":"error","event":"26/09/06 02:49:13 WARN SparkStringUtils: Truncated the string representation of a plan since it was too large. This behavior can be adjusted by setting 'spark.sql.debug.maxToStringFields'.","logger":"task.stderr"}
{"timestamp":"2026-09-06T02:49:18.642773Z","level":"info","event":"New/changed embeddings: 22017","logger":"task.stdout"}
{"timestamp":"2026-09-06T02:49:22.162265Z","level":"info","event":"Loaded 500 embeddings into pgvector.","logger":"task.stdout"}
{"timestamp":"2026-09-06T02:49:22.440305Z","level":"info","event":"Loaded 1000 embeddings into pgvector.","logger":"task.stdout"}
{"timestamp":"2026-09-06T02:49:22.670057Z","level":"info","event":"Loaded 1500 embeddings into pgvector.","logger":"task.stdout"}
{"timestamp":"2026-09-06T02:49:22.911935Z","level":"info","event":"Loaded 2000 embeddings into pgvector.","logger":"task.stdout"}
{"timestamp":"2026-09-06T02:49:23.111602Z","level":"info","event":"Loaded 2500 embeddings into pgvector.","logger":"task.stdout"}
{"timestamp":"2026-09-06T02:49:23.306305Z","level":"info","event":"Loaded 3000 embeddings into pgvector.","logger":"task.stdout"}
{"timestamp":"2026-09-06T02:49:24.915715Z","level":"info","event":"Loaded 3500 embeddings into pgvector.","logger":"task.stdout"}
{"timestamp":"2026-09-06T02:49:25.108305Z","level":"info","event":"Loaded 4000 embeddings into pgvector.","logger":"task.stdout"}
{"timestamp":"2026-09-06T02:49:25.318756Z","level":"info","event":"Loaded 4500 embeddings into pgvector.","logger":"task.stdout"}
{"timestamp":"2026-09-06T02:49:25.538469Z","level":"info","event":"Loaded 5000 embeddings into pgvector.","logger":"task.stdout"}
{"timestamp":"2026-09-06T02:49:25.803267Z","level":"info","event":"Loaded 5500 embeddings into pgvector.","logger":"task.stdout"}
{"timestamp":"2026-09-06T02:49:26.068713Z","level":"info","event":"Loaded 6000 embeddings into pgvector.","logger":"task.stdout"}
{"timestamp":"2026-09-06T02:49:26.573568Z","level":"info","event":"Loaded 6500 embeddings into pgvector.","logger":"task.stdout"}
{"timestamp":"2026-09-06T02:49:28.379379Z","level":"info","event":"Loaded 7000 embeddings into pgvector.","logger":"task.stdout"}
{"timestamp":"2026-09-06T02:49:28.727700Z","level":"info","event":"Loaded 7500 embeddings into pgvector.","logger":"task.stdout"}
{"timestamp":"2026-09-06T02:49:29.154059Z","level":"info","event":"Loaded 8000 embeddings into pgvector.","logger":"task.stdout"}
{"timestamp":"2026-09-06T02:49:29.621652Z","level":"info","event":"Loaded 8500 embeddings into pgvector.","logger":"task.stdout"}
{"timestamp":"2026-09-06T02:49:29.990759Z","level":"info","event":"Loaded 9000 embeddings into pgvector.","logger":"task.stdout"}
{"timestamp":"2026-09-06T02:49:30.276067Z","level":"info","event":"Loaded 9500 embeddings into pgvector.","logger":"task.stdout"}
{"timestamp":"2026-09-06T02:49:33.175509Z","level":"info","event":"Loaded 10000 embeddings into pgvector.","logger":"task.stdout"}
{"timestamp":"2026-09-06T02:49:33.663101Z","level":"info","event":"Loaded 10500 embeddings into pgvector.","logger":"task.stdout"}
{"timestamp":"2026-09-06T02:49:33.921784Z","level":"info","event":"Loaded 11000 embeddings into pgvector.","logger":"task.stdout"}
{"timestamp":"2026-09-06T02:49:34.132276Z","level":"info","event":"Loaded 11500 embeddings into pgvector.","logger":"task.stdout"}
{"timestamp":"2026-09-06T02:49:34.478494Z","level":"info","event":"Loaded 12000 embeddings into pgvector.","logger":"task.stdout"}
{"timestamp":"2026-09-06T02:49:34.759832Z","level":"info","event":"Loaded 12500 embeddings into pgvector.","logger":"task.stdout"}
{"timestamp":"2026-09-06T02:49:36.930990Z","level":"info","event":"Loaded 13000 embeddings into pgvector.","logger":"task.stdout"}
{"timestamp":"2026-09-06T02:49:37.108956Z","level":"info","event":"Loaded 13500 embeddings into pgvector.","logger":"task.stdout"}
{"timestamp":"2026-09-06T02:49:37.276627Z","level":"info","event":"Loaded 14000 embeddings into pgvector.","logger":"task.stdout"}
{"timestamp":"2026-09-06T02:49:37.439988Z","level":"info","event":"Loaded 14500 embeddings into pgvector.","logger":"task.stdout"}
{"timestamp":"2026-09-06T02:49:37.614731Z","level":"info","event":"Loaded 15000 embeddings into pgvector.","logger":"task.stdout"}
{"timestamp":"2026-09-06T02:49:39.099523Z","level":"info","event":"Loaded 15500 embeddings into pgvector.","logger":"task.stdout"}
{"timestamp":"2026-09-06T02:49:39.348318Z","level":"info","event":"Loaded 16000 embeddings into pgvector.","logger":"task.stdout"}
{"timestamp":"2026-09-06T02:49:39.527098Z","level":"info","event":"Loaded 16500 embeddings into pgvector.","logger":"task.stdout"}
{"timestamp":"2026-09-06T02:49:39.686999Z","level":"info","event":"Loaded 17000 embeddings into pgvector.","logger":"task.stdout"}
{"timestamp":"2026-09-06T02:49:39.932028Z","level":"info","event":"Loaded 17500 embeddings into pgvector.","logger":"task.stdout"}
{"timestamp":"2026-09-06T02:49:40.098602Z","level":"info","event":"Loaded 18000 embeddings into pgvector.","logger":"task.stdout"}
{"timestamp":"2026-09-06T02:49:41.413728Z","level":"info","event":"Loaded 18500 embeddings into pgvector.","logger":"task.stdout"}
{"timestamp":"2026-09-06T02:49:41.596247Z","level":"info","event":"Loaded 19000 embeddings into pgvector.","logger":"task.stdout"}
{"timestamp":"2026-09-06T02:49:41.763112Z","level":"info","event":"Loaded 19500 embeddings into pgvector.","logger":"task.stdout"}
{"timestamp":"2026-09-06T02:49:41.910120Z","level":"info","event":"Loaded 20000 embeddings into pgvector.","logger":"task.stdout"}
{"timestamp":"2026-09-06T02:49:42.032057Z","level":"info","event":"Loaded 20500 embeddings into pgvector.","logger":"task.stdout"}
{"timestamp":"2026-09-06T02:49:42.646461Z","level":"info","event":"Loaded 21000 embeddings into pgvector.","logger":"task.stdout"}
{"timestamp":"2026-09-06T02:49:42.768204Z","level":"info","event":"Loaded 21500 embeddings into pgvector.","logger":"task.stdout"}
{"timestamp":"2026-09-06T02:49:42.877436Z","level":"info","event":"Loaded 22000 embeddings into pgvector.","logger":"task.stdout"}
{"timestamp":"2026-09-06T02:49:42.888009Z","level":"info","event":"Loaded 22017 embeddings into pgvector.","logger":"task.stdout"}
{"timestamp":"2026-09-06T02:49:42.893418Z","level":"info","event":"pgvector load complete.","logger":"task.stdout"}
{"timestamp":"2026-09-06T02:49:42.895455Z","level":"info","event":"Embeddings loaded: 22017","logger":"task.stdout"}
{"timestamp":"2026-09-06T02:49:42.897303Z","level":"info","event":"Checkpoint advanced to: 2026-09-06 02:26:43.622614","logger":"task.stdout"}
{"timestamp":"2026-09-06T02:49:43.343401Z","level":"info","event":"Done. Returned value was: None","run_id":"manual__2026-09-06T00:55:46.069899+00:00","dag_id":"healthcare_pipeline","map_index":-1,"task_id":"load_embeddings_to_pgvector","ti_id":"01a0749e-918f-74c5-9d6f-b162f2c81066","try_number":2,"logger":"airflow.task.operators.airflow.providers.standard.decorators.python._PythonDecoratedOperator","filename":"python.py","lineno":233}
{"timestamp":"2026-09-06T02:49:43.346360Z","level":"info","event":"::group::Post Execute","run_id":"manual__2026-09-06T00:55:46.069899+00:00","dag_id":"healthcare_pipeline","map_index":-1,"task_id":"load_embeddings_to_pgvector","ti_id":"01a0749e-918f-74c5-9d6f-b162f2c81066","try_number":2,"logger":"task","filename":"task_runner.py","lineno":1580}
{"timestamp":"2026-09-06T02:49:43.430236Z","level":"info","event":"::endgroup::","run_id":"manual__2026-09-06T00:55:46.069899+00:00","dag_id":"healthcare_pipeline","map_index":-1,"task_id":"load_embeddings_to_pgvector","ti_id":"01a0749e-918f-74c5-9d6f-b162f2c81066","try_number":2,"logger":"task","filename":"task_runner.py","lineno":2379}
{"timestamp":"2026-09-06T02:49:44.590600Z","level":"error","event":"\r[Stage 0:=============================>                             (1 + 1) / 2]\r\r[Stage 2:>                                                         (0 + 8) / 50]\r\r[Stage 2:=========>                                                (8 + 8) / 50]\r\r[Stage 2:===================>                                     (17 + 9) / 50]\r\r[Stage 2:===================================>                     (31 + 8) / 50]\r\r                                                                                \r\r[Stage 13:>                                                         (0 + 1) / 1]\r\r[Stage 14:>                                                         (0 + 1) / 1]\r\r[Stage 15:>                                                         (0 + 1) / 1]\r\r[Stage 16:>                                                         (0 + 1) / 1]\r\r[Stage 17:>                                                         (0 + 1) / 1]\r\r[Stage 18:>                                                         (0 + 1) / 1]\r\r[Stage 19:>                                                         (0 + 1) / 1]","logger":"task.stderr"}
