{"timestamp":"2026-09-06T02:26:56.051585Z","level":"info","event":"::group::Pre Execute","logger":"task","filename":"task_runner.py","lineno":2412}
{"timestamp":"2026-09-06T02:26:56.147967Z","level":"info","event":"DAG bundles loaded: dags-folder","ti_id":"01a07451-a175-7c82-9d4d-bd5f2b9714af","dag_id":"healthcare_pipeline","run_id":"manual__2026-09-06T00:55:46.069899+00:00","map_index":-1,"try_number":1,"task_id":"load_embeddings_to_pgvector","logger":"airflow.dag_processing.bundles.manager.DagBundlesManager","filename":"manager.py","lineno":304}
{"timestamp":"2026-09-06T02:26:56.151334Z","level":"info","event":"Filling up the DagBag from /opt/airflow/dags/healthcare_pipeline.py","ti_id":"01a07451-a175-7c82-9d4d-bd5f2b9714af","dag_id":"healthcare_pipeline","run_id":"manual__2026-09-06T00:55:46.069899+00:00","map_index":-1,"try_number":1,"task_id":"load_embeddings_to_pgvector","logger":"airflow.dag_processing.dagbag.BundleDagBag","filename":"dagbag.py","lineno":460}
{"timestamp":"2026-09-06T02:26:57.984305Z","level":"info","event":"Worker startup parse complete","bundle_name":"dags-folder","bundle_version":null,"dag_file":"healthcare_pipeline.py","dag_id":"healthcare_pipeline","bundle_prepare_ms":7,"dag_file_parse_ms":1834,"ti_id":"01a07451-a175-7c82-9d4d-bd5f2b9714af","run_id":"manual__2026-09-06T00:55:46.069899+00:00","map_index":-1,"try_number":1,"task_id":"load_embeddings_to_pgvector","logger":"task","filename":"task_runner.py","lineno":1073}
{"timestamp":"2026-09-06T02:26:58.060951Z","level":"info","event":"::endgroup::","ti_id":"01a07451-a175-7c82-9d4d-bd5f2b9714af","dag_id":"healthcare_pipeline","run_id":"manual__2026-09-06T00:55:46.069899+00:00","map_index":-1,"try_number":1,"task_id":"load_embeddings_to_pgvector","logger":"task","filename":"task_runner.py","lineno":2232}
{"timestamp":"2026-09-06T02:27:00.048582Z","level":"info","event":":: loading settings :: url = jar:file:/home/airflow/.local/lib/python3.11/site-packages/pyspark/jars/ivy-2.5.3.jar!/org/apache/ivy/core/settings/ivysettings.xml","logger":"task.stdout"}
{"timestamp":"2026-09-06T02:27:00.135978Z","level":"error","event":"Ivy Default Cache set to: /home/airflow/.ivy2/cache","logger":"task.stderr"}
{"timestamp":"2026-09-06T02:27:00.139093Z","level":"error","event":"The jars for the packages stored in: /home/airflow/.ivy2/jars","logger":"task.stderr"}
{"timestamp":"2026-09-06T02:27:00.143092Z","level":"error","event":"io.delta#delta-spark_2.12 added as a dependency","logger":"task.stderr"}
{"timestamp":"2026-09-06T02:27:00.145217Z","level":"error","event":":: resolving dependencies :: org.apache.spark#spark-submit-parent-0ba3a94a-395d-4dcf-979c-01a4ca8b656f;1.0","logger":"task.stderr"}
{"timestamp":"2026-09-06T02:27:00.147391Z","level":"error","event":"\tconfs: [default]","logger":"task.stderr"}
{"timestamp":"2026-09-06T02:27:00.263933Z","level":"error","event":"\tfound io.delta#delta-spark_2.12;3.3.2 in central","logger":"task.stderr"}
{"timestamp":"2026-09-06T02:27:00.283170Z","level":"error","event":"\tfound io.delta#delta-storage;3.3.2 in central","logger":"task.stderr"}
{"timestamp":"2026-09-06T02:27:00.303646Z","level":"error","event":"\tfound org.antlr#antlr4-runtime;4.9.3 in central","logger":"task.stderr"}
{"timestamp":"2026-09-06T02:27:00.319699Z","level":"error","event":":: resolution report :: resolve 169ms :: artifacts dl 6ms","logger":"task.stderr"}
{"timestamp":"2026-09-06T02:27:00.322626Z","level":"error","event":"\t:: modules in use:","logger":"task.stderr"}
{"timestamp":"2026-09-06T02:27:00.325077Z","level":"error","event":"\tio.delta#delta-spark_2.12;3.3.2 from central in [default]","logger":"task.stderr"}
{"timestamp":"2026-09-06T02:27:00.328042Z","level":"error","event":"\tio.delta#delta-storage;3.3.2 from central in [default]","logger":"task.stderr"}
{"timestamp":"2026-09-06T02:27:00.331806Z","level":"error","event":"\torg.antlr#antlr4-runtime;4.9.3 from central in [default]","logger":"task.stderr"}
{"timestamp":"2026-09-06T02:27:00.334583Z","level":"error","event":"\t---------------------------------------------------------------------","logger":"task.stderr"}
{"timestamp":"2026-09-06T02:27:00.338015Z","level":"error","event":"\t|                  |            modules            ||   artifacts   |","logger":"task.stderr"}
{"timestamp":"2026-09-06T02:27:00.340239Z","level":"error","event":"\t|       conf       | number| search|dwnlded|evicted|| number|dwnlded|","logger":"task.stderr"}
{"timestamp":"2026-09-06T02:27:00.342582Z","level":"error","event":"\t---------------------------------------------------------------------","logger":"task.stderr"}
{"timestamp":"2026-09-06T02:27:00.344886Z","level":"error","event":"\t|      default     |   3   |   0   |   0   |   0   ||   3   |   0   |","logger":"task.stderr"}
{"timestamp":"2026-09-06T02:27:00.346878Z","level":"error","event":"\t---------------------------------------------------------------------","logger":"task.stderr"}
{"timestamp":"2026-09-06T02:27:00.349011Z","level":"error","event":":: retrieving :: org.apache.spark#spark-submit-parent-0ba3a94a-395d-4dcf-979c-01a4ca8b656f","logger":"task.stderr"}
{"timestamp":"2026-09-06T02:27:00.351088Z","level":"error","event":"\tconfs: [default]","logger":"task.stderr"}
{"timestamp":"2026-09-06T02:27:00.353261Z","level":"error","event":"\t0 artifacts copied, 3 already retrieved (0kB/8ms)","logger":"task.stderr"}
{"timestamp":"2026-09-06T02:27:00.473934Z","level":"error","event":"26/09/06 02:27:00 WARN NativeCodeLoader: Unable to load native-hadoop library for your platform... using builtin-java classes where applicable","logger":"task.stderr"}
{"timestamp":"2026-09-06T02:27:00.617929Z","level":"error","event":"Setting default log level to \"WARN\".","logger":"task.stderr"}
{"timestamp":"2026-09-06T02:27:00.622009Z","level":"error","event":"To adjust logging level use sc.setLogLevel(newLevel). For SparkR, use setLogLevel(newLevel).","logger":"task.stderr"}
{"timestamp":"2026-09-06T02:27:02.161526Z","level":"error","event":"Task failed with exception","ti_id":"01a07451-a175-7c82-9d4d-bd5f2b9714af","dag_id":"healthcare_pipeline","run_id":"manual__2026-09-06T00:55:46.069899+00:00","map_index":-1,"try_number":1,"task_id":"load_embeddings_to_pgvector","logger":"task","filename":"task_runner.py","lineno":1676,"error_detail":[{"exc_type":"OperationalError","exc_value":"connection is bad: connection to server at \"::1\", port 5432 failed: Cannot assign requested address\n\tIs the server running on that host and accepting TCP/IP connections?\nMultiple connection attempts failed. All failures were:\n- host: 'localhost', port: 5432, hostaddr: '127.0.0.1': connection failed: connection to server at \"127.0.0.1\", port 5432 failed: Connection refused\n\tIs the server running on that host and accepting TCP/IP connections?\n- host: 'localhost', port: 5432, hostaddr: '::1': connection is bad: connection to server at \"::1\", port 5432 failed: Cannot assign requested address\n\tIs the server running on that host and accepting TCP/IP connections?","exc_notes":[],"syntax_error":null,"is_cause":false,"frames":[{"filename":"/home/airflow/.local/lib/python3.11/site-packages/airflow/sdk/execution_time/task_runner.py","lineno":1579,"name":"_run_task_and_map_outcome"},{"filename":"/home/airflow/.local/lib/python3.11/site-packages/airflow/sdk/execution_time/task_runner.py","lineno":197,"name":"wrapper"},{"filename":"/home/airflow/.local/lib/python3.11/site-packages/airflow/sdk/execution_time/task_runner.py","lineno":2234,"name":"_execute_task"},{"filename":"/home/airflow/.local/lib/python3.11/site-packages/airflow/sdk/execution_time/task_runner.py","lineno":197,"name":"wrapper"},{"filename":"/home/airflow/.local/lib/python3.11/site-packages/airflow/sdk/execution_time/task_runner.py","lineno":2192,"name":"_run_execute_callable"},{"filename":"/home/airflow/.local/lib/python3.11/site-packages/airflow/sdk/bases/operator.py","lineno":445,"name":"wrapper"},{"filename":"/home/airflow/.local/lib/python3.11/site-packages/airflow/sdk/bases/decorator.py","lineno":398,"name":"execute"},{"filename":"/home/airflow/.local/lib/python3.11/site-packages/airflow/sdk/bases/operator.py","lineno":445,"name":"wrapper"},{"filename":"/home/airflow/.local/lib/python3.11/site-packages/airflow/providers/standard/operators/python.py","lineno":231,"name":"execute"},{"filename":"/home/airflow/.local/lib/python3.11/site-packages/airflow/providers/standard/operators/python.py","lineno":254,"name":"execute_callable"},{"filename":"/home/airflow/.local/lib/python3.11/site-packages/airflow/sdk/execution_time/callback_runner.py","lineno":97,"name":"run"},{"filename":"/opt/airflow/dags/healthcare_pipeline.py","lineno":150,"name":"load_embeddings_to_pgvector"},{"filename":"/opt/airflow/project/src/ai/load_embeddings_to_pgvector.py","lineno":297,"name":"main"},{"filename":"/opt/airflow/project/src/ai/load_embeddings_to_pgvector.py","lineno":26,"name":"get_connection"},{"filename":"/home/airflow/.local/lib/python3.11/site-packages/psycopg/connection.py","lineno":130,"name":"connect"}],"is_group":false,"exceptions":[]}]}
{"timestamp":"2026-09-06T02:27:02.162896Z","level":"info","event":"::group::Post Execute","ti_id":"01a07451-a175-7c82-9d4d-bd5f2b9714af","dag_id":"healthcare_pipeline","run_id":"manual__2026-09-06T00:55:46.069899+00:00","map_index":-1,"try_number":1,"task_id":"load_embeddings_to_pgvector","logger":"task","filename":"task_runner.py","lineno":1677}
{"timestamp":"2026-09-06T02:27:02.197305Z","level":"info","event":"::endgroup::","ti_id":"01a07451-a175-7c82-9d4d-bd5f2b9714af","dag_id":"healthcare_pipeline","run_id":"manual__2026-09-06T00:55:46.069899+00:00","map_index":-1,"try_number":1,"task_id":"load_embeddings_to_pgvector","logger":"task","filename":"task_runner.py","lineno":2379}
