{"timestamp":"2026-09-06T03:00:04.511787Z","level":"info","event":"::group::Pre Execute","logger":"task","filename":"task_runner.py","lineno":2412}
{"timestamp":"2026-09-06T03:00:04.605663Z","level":"info","event":"DAG bundles loaded: dags-folder","try_number":1,"task_id":"process_gold_patient_latest_vitals","run_id":"manual__2026-09-06T02:51:54.418176+00:00","map_index":-1,"dag_id":"healthcare_pipeline","ti_id":"01a074a1-2b08-7f73-b78c-ffffad3e3f63","logger":"airflow.dag_processing.bundles.manager.DagBundlesManager","filename":"manager.py","lineno":304}
{"timestamp":"2026-09-06T03:00:04.608408Z","level":"info","event":"Filling up the DagBag from /opt/airflow/dags/healthcare_pipeline.py","try_number":1,"task_id":"process_gold_patient_latest_vitals","run_id":"manual__2026-09-06T02:51:54.418176+00:00","map_index":-1,"dag_id":"healthcare_pipeline","ti_id":"01a074a1-2b08-7f73-b78c-ffffad3e3f63","logger":"airflow.dag_processing.dagbag.BundleDagBag","filename":"dagbag.py","lineno":460}
{"timestamp":"2026-09-06T03:00:07.695036Z","level":"info","event":"Worker startup parse complete","bundle_name":"dags-folder","bundle_version":null,"dag_file":"healthcare_pipeline.py","dag_id":"healthcare_pipeline","bundle_prepare_ms":5,"dag_file_parse_ms":3087,"try_number":1,"task_id":"process_gold_patient_latest_vitals","run_id":"manual__2026-09-06T02:51:54.418176+00:00","map_index":-1,"ti_id":"01a074a1-2b08-7f73-b78c-ffffad3e3f63","logger":"task","filename":"task_runner.py","lineno":1073}
{"timestamp":"2026-09-06T03:00:07.787120Z","level":"info","event":"::endgroup::","try_number":1,"task_id":"process_gold_patient_latest_vitals","run_id":"manual__2026-09-06T02:51:54.418176+00:00","map_index":-1,"dag_id":"healthcare_pipeline","ti_id":"01a074a1-2b08-7f73-b78c-ffffad3e3f63","logger":"task","filename":"task_runner.py","lineno":2232}
{"timestamp":"2026-09-06T03:00:14.416031Z","level":"info","event":":: loading settings :: url = jar:file:/home/airflow/.local/lib/python3.11/site-packages/pyspark/jars/ivy-2.5.3.jar!/org/apache/ivy/core/settings/ivysettings.xml","logger":"task.stdout"}
{"timestamp":"2026-09-06T03:00:14.824391Z","level":"error","event":"Ivy Default Cache set to: /home/airflow/.ivy2/cache","logger":"task.stderr"}
{"timestamp":"2026-09-06T03:00:14.835880Z","level":"error","event":"The jars for the packages stored in: /home/airflow/.ivy2/jars","logger":"task.stderr"}
{"timestamp":"2026-09-06T03:00:14.852164Z","level":"error","event":"io.delta#delta-spark_2.12 added as a dependency","logger":"task.stderr"}
{"timestamp":"2026-09-06T03:00:14.858579Z","level":"error","event":":: resolving dependencies :: org.apache.spark#spark-submit-parent-26cc1f05-08f8-4d0a-9f95-092e466a2c1a;1.0","logger":"task.stderr"}
{"timestamp":"2026-09-06T03:00:14.863906Z","level":"error","event":"\tconfs: [default]","logger":"task.stderr"}
{"timestamp":"2026-09-06T03:00:15.477084Z","level":"error","event":"\tfound io.delta#delta-spark_2.12;3.3.2 in central","logger":"task.stderr"}
{"timestamp":"2026-09-06T03:00:15.566178Z","level":"error","event":"\tfound io.delta#delta-storage;3.3.2 in central","logger":"task.stderr"}
{"timestamp":"2026-09-06T03:00:15.768038Z","level":"error","event":"\tfound org.antlr#antlr4-runtime;4.9.3 in central","logger":"task.stderr"}
{"timestamp":"2026-09-06T03:00:15.915684Z","level":"error","event":":: resolution report :: resolve 1024ms :: artifacts dl 37ms","logger":"task.stderr"}
{"timestamp":"2026-09-06T03:00:15.927621Z","level":"error","event":"\t:: modules in use:","logger":"task.stderr"}
{"timestamp":"2026-09-06T03:00:15.936793Z","level":"error","event":"\tio.delta#delta-spark_2.12;3.3.2 from central in [default]","logger":"task.stderr"}
{"timestamp":"2026-09-06T03:00:15.944959Z","level":"error","event":"\tio.delta#delta-storage;3.3.2 from central in [default]","logger":"task.stderr"}
{"timestamp":"2026-09-06T03:00:15.953136Z","level":"error","event":"\torg.antlr#antlr4-runtime;4.9.3 from central in [default]","logger":"task.stderr"}
{"timestamp":"2026-09-06T03:00:15.966100Z","level":"error","event":"\t---------------------------------------------------------------------","logger":"task.stderr"}
{"timestamp":"2026-09-06T03:00:15.974246Z","level":"error","event":"\t|                  |            modules            ||   artifacts   |","logger":"task.stderr"}
{"timestamp":"2026-09-06T03:00:15.978098Z","level":"error","event":"\t|       conf       | number| search|dwnlded|evicted|| number|dwnlded|","logger":"task.stderr"}
{"timestamp":"2026-09-06T03:00:15.986581Z","level":"error","event":"\t---------------------------------------------------------------------","logger":"task.stderr"}
{"timestamp":"2026-09-06T03:00:15.998016Z","level":"error","event":"\t|      default     |   3   |   0   |   0   |   0   ||   3   |   0   |","logger":"task.stderr"}
{"timestamp":"2026-09-06T03:00:16.006825Z","level":"error","event":"\t---------------------------------------------------------------------","logger":"task.stderr"}
{"timestamp":"2026-09-06T03:00:16.015203Z","level":"error","event":":: retrieving :: org.apache.spark#spark-submit-parent-26cc1f05-08f8-4d0a-9f95-092e466a2c1a","logger":"task.stderr"}
{"timestamp":"2026-09-06T03:00:16.023150Z","level":"error","event":"\tconfs: [default]","logger":"task.stderr"}
{"timestamp":"2026-09-06T03:00:16.046141Z","level":"error","event":"\t0 artifacts copied, 3 already retrieved (0kB/73ms)","logger":"task.stderr"}
{"timestamp":"2026-09-06T03:00:17.272957Z","level":"error","event":"26/09/06 03:00:17 WARN NativeCodeLoader: Unable to load native-hadoop library for your platform... using builtin-java classes where applicable","logger":"task.stderr"}
{"timestamp":"2026-09-06T03:00:18.599093Z","level":"error","event":"Setting default log level to \"WARN\".","logger":"task.stderr"}
{"timestamp":"2026-09-06T03:00:18.605203Z","level":"error","event":"To adjust logging level use sc.setLogLevel(newLevel). For SparkR, use setLogLevel(newLevel).","logger":"task.stderr"}
{"timestamp":"2026-09-06T03:00:22.751224Z","level":"error","event":"26/09/06 03:00:22 WARN Utils: Service 'SparkUI' could not bind on port 4040. Attempting port 4041.","logger":"task.stderr"}
{"timestamp":"2026-09-06T03:00:22.764218Z","level":"error","event":"26/09/06 03:00:22 WARN Utils: Service 'SparkUI' could not bind on port 4041. Attempting port 4042.","logger":"task.stderr"}
{"timestamp":"2026-09-06T03:00:22.771939Z","level":"error","event":"26/09/06 03:00:22 WARN Utils: Service 'SparkUI' could not bind on port 4042. Attempting port 4043.","logger":"task.stderr"}
{"timestamp":"2026-09-06T03:00:22.778085Z","level":"error","event":"26/09/06 03:00:22 WARN Utils: Service 'SparkUI' could not bind on port 4043. Attempting port 4044.","logger":"task.stderr"}
{"timestamp":"2026-09-06T03:01:09.723186Z","level":"error","event":"26/09/06 03:01:09 WARN SparkStringUtils: Truncated the string representation of a plan since it was too large. This behavior can be adjusted by setting 'spark.sql.debug.maxToStringFields'.","logger":"task.stderr"}
{"timestamp":"2026-09-06T21:47:58.644783Z","level":"error","event":"\r[Stage 0:>                                                          (0 + 0) / 7]\r\r[Stage 0:>                                                          (0 + 7) / 7]\r\r[Stage 0:========>                                                  (1 + 6) / 7]\r\r[Stage 2:>                                                         (0 + 1) / 50]\r\r[Stage 2:>                                                         (0 + 8) / 50]\r\r[Stage 2:=====>                                                    (5 + 8) / 50]\r\r[Stage 2:========>                                                 (7 + 8) / 50]\r\r[Stage 2:=========>                                                (8 + 8) / 50]\r\r[Stage 2:===========>                                             (10 + 8) / 50]\r\r[Stage 2:==============>                                          (13 + 8) / 50]\r\r[Stage 2:=================>                                       (15 + 9) / 50]\r\r[Stage 2:====================>                                    (18 + 8) / 50]\r\r[Stage 2:======================>                                  (20 + 8) / 50]\r\r[Stage 2:=======================>                                 (21 + 8) / 50]\r\r[Stage 2:===========================>                             (24 + 8) / 50]\r\r[Stage 2:=================================>                       (29 + 8) / 50]\r\r[Stage 2:==================================>                      (30 + 8) / 50]\r\r[Stage 2:=====================================>                   (33 + 8) / 50]\r\r[Stage 2:======================================>                  (34 + 8) / 50]\r\r[Stage 2:============================================>            (39 + 8) / 50]\r\r[Stage 2:==============================================>          (41 + 8) / 50]\r\r[Stage 2:==================================================>      (44 + 6) / 50]\r\r[Stage 2:======================================================>  (48 + 2) / 50]\r\r                                                                                \r\r[Stage 4:>                                                         (0 + 0) / 50]\r\r[Stage 4:>                                                         (0 + 8) / 50]\r\r[Stage 4:==>                                                      (2 + 10) / 50]\r\r[Stage 4:=========>                                                (8 + 8) / 50]\r\r[Stage 4:===========>                                             (10 + 8) / 50]\r\r[Stage 4:==============>                                          (13 + 8) / 50]\r\r[Stage 4:==================>                                      (16 + 8) / 50]\r\r[Stage 4:====================>                                    (18 + 8) / 50]\r\r[Stage 4:============================>                            (25 + 8) / 50]\r\r[Stage 4:====================================>                    (32 + 8) / 50]\r\r[Stage 4:=====================================>                   (33 + 8) / 50]\r\r[Stage 4:==========================================>              (37 + 9) / 50]\r\r[Stage 4:==============================================>          (41 + 8) / 50]\r\r[Stage 4:===================================================>     (45 + 5) / 50]\r\r[Stage 4:======================================================>  (48 + 2) / 50]\r\r[Stage 7:>                                                          (0 + 1) / 1]\r\r                                                                                \r\r[Stage 8:=============================>                             (3 + 3) / 6]\r\r[Stage 8:=======================================>                   (4 + 2) / 6]\r\r[Stage 10:>                                                        (0 + 8) / 50]\r\r[Stage 10:=======>                                                 (7 + 8) / 50]\r\r[Stage 10:=========>                                               (8 + 8) / 50]\r\r[Stage 10:==========>                                              (9 + 8) / 50]\r\r[Stage 10:==============>                                         (13 + 8) / 50]\r\r[Stage 10:=================>                                      (16 + 8) / 50]\r\r[Stage 10:====================>                                   (18 + 8) / 50]\r\r[Stage 10:=======================>                                (21 + 8) / 50]\r\r[Stage 10:========================>                               (22 + 8) / 50]\r\r[Stage 10:============================>                           (25 + 8) / 50]\r\r[Stage 10:===============================>                        (28 + 8) / 50]\r\r[Stage 10:================================>                       (29 + 8) / 50]\r\r[Stage 10:=================================>                      (30 + 8) / 50]\r\r[Stage 10:=================================>                      (30 + 9) / 50]\r\r[Stage 10:===================================>                    (32 + 8) / 50]\r\r[Stage 10:======================================>                 (34 + 8) / 50]\r\r[Stage 10:=========================================>              (37 + 8) / 50]\r\r[Stage 10:===========================================>            (39 + 8) / 50]\r\r[Stage 10:================================================>       (43 + 7) / 50]\r\r[Stage 10:===================================================>    (46 + 4) / 50]\r\r[Stage 10:====================================================>   (47 + 3) / 50]\r\r[Stage 10:======================================================> (49 + 1) / 50]\r\r                                                                                \r\r[Stage 11:>                                                         (0 + 6) / 6]\r\r[Stage 11:>                                                         (0 + 6) / 6]\r26/09/06 21:47:56 WARN Executor: Issue communicating with driver in heartbeater","logger":"task.stderr"}
{"timestamp":"2026-09-06T21:47:58.737928Z","level":"error","event":"org.apache.spark.rpc.RpcTimeoutException: Futures timed out after [10000 milliseconds]. This timeout is controlled by spark.executor.heartbeatInterval","logger":"task.stderr"}
{"timestamp":"2026-09-06T21:47:58.747644Z","level":"error","event":"\tat org.apache.spark.rpc.RpcTimeout.org$apache$spark$rpc$RpcTimeout$$createRpcTimeoutException(RpcTimeout.scala:47)","logger":"task.stderr"}
{"timestamp":"2026-09-06T21:47:58.753005Z","level":"error","event":"\tat org.apache.spark.rpc.RpcTimeout$$anonfun$addMessageIfTimeout$1.applyOrElse(RpcTimeout.scala:62)","logger":"task.stderr"}
{"timestamp":"2026-09-06T21:47:58.755519Z","level":"error","event":"\tat org.apache.spark.rpc.RpcTimeout$$anonfun$addMessageIfTimeout$1.applyOrElse(RpcTimeout.scala:58)","logger":"task.stderr"}
{"timestamp":"2026-09-06T21:47:58.759451Z","level":"error","event":"\tat scala.runtime.AbstractPartialFunction.apply(AbstractPartialFunction.scala:38)","logger":"task.stderr"}
{"timestamp":"2026-09-06T21:47:58.763200Z","level":"error","event":"\tat org.apache.spark.rpc.RpcTimeout.awaitResult(RpcTimeout.scala:76)","logger":"task.stderr"}
{"timestamp":"2026-09-06T21:47:58.769163Z","level":"error","event":"\tat org.apache.spark.rpc.RpcEndpointRef.askSync(RpcEndpointRef.scala:101)","logger":"task.stderr"}
{"timestamp":"2026-09-06T21:47:58.784833Z","level":"error","event":"\tat org.apache.spark.executor.Executor.reportHeartBeat(Executor.scala:1236)","logger":"task.stderr"}
{"timestamp":"2026-09-06T21:47:58.792135Z","level":"error","event":"\tat org.apache.spark.executor.Executor.$anonfun$heartbeater$1(Executor.scala:296)","logger":"task.stderr"}
{"timestamp":"2026-09-06T21:47:58.800427Z","level":"error","event":"\tat scala.runtime.java8.JFunction0$mcV$sp.apply(JFunction0$mcV$sp.java:23)","logger":"task.stderr"}
{"timestamp":"2026-09-06T21:47:58.808155Z","level":"error","event":"\tat org.apache.spark.util.Utils$.logUncaughtExceptions(Utils.scala:1928)","logger":"task.stderr"}
{"timestamp":"2026-09-06T21:47:58.817993Z","level":"error","event":"\tat org.apache.spark.Heartbeater$$anon$1.run(Heartbeater.scala:46)","logger":"task.stderr"}
{"timestamp":"2026-09-06T21:47:58.842026Z","level":"error","event":"\tat java.base/java.util.concurrent.Executors$RunnableAdapter.call(Executors.java:539)","logger":"task.stderr"}
{"timestamp":"2026-09-06T21:47:58.858868Z","level":"error","event":"\tat java.base/java.util.concurrent.FutureTask.runAndReset(FutureTask.java:305)","logger":"task.stderr"}
{"timestamp":"2026-09-06T21:47:58.870047Z","level":"error","event":"\tat java.base/java.util.concurrent.ScheduledThreadPoolExecutor$ScheduledFutureTask.run(ScheduledThreadPoolExecutor.java:305)","logger":"task.stderr"}
{"timestamp":"2026-09-06T21:47:58.884320Z","level":"error","event":"\tat java.base/java.util.concurrent.ThreadPoolExecutor.runWorker(ThreadPoolExecutor.java:1136)","logger":"task.stderr"}
{"timestamp":"2026-09-06T21:47:58.890424Z","level":"error","event":"\tat java.base/java.util.concurrent.ThreadPoolExecutor$Worker.run(ThreadPoolExecutor.java:635)","logger":"task.stderr"}
{"timestamp":"2026-09-06T21:47:58.904606Z","level":"error","event":"\tat java.base/java.lang.Thread.run(Thread.java:840)","logger":"task.stderr"}
{"timestamp":"2026-09-06T21:47:58.928440Z","level":"error","event":"Caused by: java.util.concurrent.TimeoutException: Futures timed out after [10000 milliseconds]","logger":"task.stderr"}
{"timestamp":"2026-09-06T21:47:58.981973Z","level":"error","event":"\tat scala.concurrent.impl.Promise$DefaultPromise.ready(Promise.scala:259)","logger":"task.stderr"}
{"timestamp":"2026-09-06T21:47:58.987660Z","level":"error","event":"\tat scala.concurrent.impl.Promise$DefaultPromise.result(Promise.scala:263)","logger":"task.stderr"}
{"timestamp":"2026-09-06T21:47:58.990523Z","level":"error","event":"\tat org.apache.spark.util.SparkThreadUtils$.awaitResult(SparkThreadUtils.scala:48)","logger":"task.stderr"}
{"timestamp":"2026-09-06T21:47:58.994565Z","level":"error","event":"\tat org.apache.spark.util.ThreadUtils$.awaitResult(ThreadUtils.scala:310)","logger":"task.stderr"}
{"timestamp":"2026-09-06T21:47:58.997463Z","level":"error","event":"\tat org.apache.spark.rpc.RpcTimeout.awaitResult(RpcTimeout.scala:75)","logger":"task.stderr"}
{"timestamp":"2026-09-06T21:47:59.022307Z","level":"error","event":"\t... 12 more","logger":"task.stderr"}
{"timestamp":"2026-09-06T21:47:59.034916Z","level":"error","event":"26/09/06 21:47:57 WARN NettyRpcEnv: Ignored message: HeartbeatResponse(false)","logger":"task.stderr"}
{"timestamp":"2026-09-06T21:48:28.892192Z","level":"critical","event":"Process terminated by signal. Likely out of memory error (OOM). For more information, see https://airflow.apache.org/docs/apache-airflow/stable/troubleshooting.html#process-terminated-by-signal.","signal":-9,"signal_name":"SIGKILL","logger":"task"}
{"timestamp":"2026-09-06T21:48:33.612258Z","level":"error","event":"\r[Stage 11:==========================================================(6 + 0) / 6]","logger":"task.stderr"}
