{"timestamp":"2026-08-28T21:09:01.112029Z","level":"info","event":"::group::Pre Execute","logger":"task","filename":"task_runner.py","lineno":2412}
{"timestamp":"2026-08-28T21:09:01.218126Z","level":"info","event":"DAG bundles loaded: dags-folder","task_id":"extract_fhir_resources","ti_id":"01a04a34-56dc-76e0-b50d-9f3945ba433a","run_id":"manual__2026-08-28T21:08:59.158994+00:00","dag_id":"healthcare_pipeline","try_number":1,"map_index":-1,"logger":"airflow.dag_processing.bundles.manager.DagBundlesManager","filename":"manager.py","lineno":304}
{"timestamp":"2026-08-28T21:09:01.221933Z","level":"info","event":"Filling up the DagBag from /opt/airflow/dags/healthcare_pipeline.py","task_id":"extract_fhir_resources","ti_id":"01a04a34-56dc-76e0-b50d-9f3945ba433a","run_id":"manual__2026-08-28T21:08:59.158994+00:00","dag_id":"healthcare_pipeline","try_number":1,"map_index":-1,"logger":"airflow.dag_processing.dagbag.BundleDagBag","filename":"dagbag.py","lineno":460}
{"timestamp":"2026-08-28T21:09:01.886578Z","level":"info","event":"Worker startup parse complete","bundle_name":"dags-folder","bundle_version":null,"dag_file":"healthcare_pipeline.py","dag_id":"healthcare_pipeline","bundle_prepare_ms":6,"dag_file_parse_ms":665,"task_id":"extract_fhir_resources","ti_id":"01a04a34-56dc-76e0-b50d-9f3945ba433a","run_id":"manual__2026-08-28T21:08:59.158994+00:00","try_number":1,"map_index":-1,"logger":"task","filename":"task_runner.py","lineno":1073}
{"timestamp":"2026-08-28T21:09:01.956497Z","level":"info","event":"::endgroup::","task_id":"extract_fhir_resources","ti_id":"01a04a34-56dc-76e0-b50d-9f3945ba433a","run_id":"manual__2026-08-28T21:08:59.158994+00:00","dag_id":"healthcare_pipeline","try_number":1,"map_index":-1,"logger":"task","filename":"task_runner.py","lineno":2232}
{"timestamp":"2026-08-28T21:09:01.960855Z","level":"info","event":"Extracting Patient...","logger":"task.stdout"}
{"timestamp":"2026-08-28T21:09:01.970956Z","level":"info","event":"Extracting Patient with params: {'_count': 100, '_lastUpdated': 'gt2026-08-25T02:59:21Z'}","logger":"task.stdout"}
{"timestamp":"2026-08-28T21:09:02.267059Z","level":"info","event":"No new or updated Patient resources.","logger":"task.stdout"}
{"timestamp":"2026-08-28T21:09:02.287402Z","level":"info","event":"Extracting Encounter...","logger":"task.stdout"}
{"timestamp":"2026-08-28T21:09:02.308554Z","level":"info","event":"Extracting Encounter with params: {'_count': 100, '_lastUpdated': 'gt2026-08-25T02:59:21Z'}","logger":"task.stdout"}
{"timestamp":"2026-08-28T21:09:02.345928Z","level":"info","event":"No new or updated Encounter resources.","logger":"task.stdout"}
{"timestamp":"2026-08-28T21:09:02.370066Z","level":"info","event":"Extracting Condition...","logger":"task.stdout"}
{"timestamp":"2026-08-28T21:09:02.381678Z","level":"info","event":"Extracting Condition with params: {'_count': 100, '_lastUpdated': 'gt2026-08-25T02:59:21Z'}","logger":"task.stdout"}
{"timestamp":"2026-08-28T21:09:02.422820Z","level":"info","event":"No new or updated Condition resources.","logger":"task.stdout"}
{"timestamp":"2026-08-28T21:09:02.442962Z","level":"info","event":"Extracting Observation...","logger":"task.stdout"}
{"timestamp":"2026-08-28T21:09:02.452248Z","level":"info","event":"Extracting Observation with params: {'_count': 100, '_lastUpdated': 'gt2026-08-25T02:59:21Z'}","logger":"task.stdout"}
{"timestamp":"2026-08-28T21:09:02.486852Z","level":"info","event":"No new or updated Observation resources.","logger":"task.stdout"}
{"timestamp":"2026-08-28T21:09:02.502619Z","level":"info","event":"Extracting MedicationRequest...","logger":"task.stdout"}
{"timestamp":"2026-08-28T21:09:02.509118Z","level":"info","event":"Extracting MedicationRequest with params: {'_count': 100, '_lastUpdated': 'gt2026-08-25T02:59:21Z'}","logger":"task.stdout"}
{"timestamp":"2026-08-28T21:09:02.530765Z","level":"info","event":"No new or updated MedicationRequest resources.","logger":"task.stdout"}
{"timestamp":"2026-08-28T21:09:02.543818Z","level":"info","event":"Done. Returned value was: None","task_id":"extract_fhir_resources","ti_id":"01a04a34-56dc-76e0-b50d-9f3945ba433a","run_id":"manual__2026-08-28T21:08:59.158994+00:00","dag_id":"healthcare_pipeline","try_number":1,"map_index":-1,"logger":"airflow.task.operators.airflow.providers.standard.decorators.python._PythonDecoratedOperator","filename":"python.py","lineno":233}
{"timestamp":"2026-08-28T21:09:02.546287Z","level":"info","event":"::group::Post Execute","task_id":"extract_fhir_resources","ti_id":"01a04a34-56dc-76e0-b50d-9f3945ba433a","run_id":"manual__2026-08-28T21:08:59.158994+00:00","dag_id":"healthcare_pipeline","try_number":1,"map_index":-1,"logger":"task","filename":"task_runner.py","lineno":1580}
{"timestamp":"2026-08-28T21:09:02.583335Z","level":"info","event":"::endgroup::","task_id":"extract_fhir_resources","ti_id":"01a04a34-56dc-76e0-b50d-9f3945ba433a","run_id":"manual__2026-08-28T21:08:59.158994+00:00","dag_id":"healthcare_pipeline","try_number":1,"map_index":-1,"logger":"task","filename":"task_runner.py","lineno":2379}
