{"timestamp":"2026-09-07T01:56:59.678141Z","level":"info","event":"::group::Pre Execute","logger":"task","filename":"task_runner.py","lineno":2412}
{"timestamp":"2026-09-07T01:56:59.740214Z","level":"info","event":"DAG bundles loaded: dags-folder","map_index":-1,"dag_id":"healthcare_pipeline","task_id":"process_gold_patient_util","run_id":"manual__2026-09-07T01:54:15.317556+00:00","ti_id":"01a07992-befe-7b48-998c-db032a9e1015","try_number":1,"logger":"airflow.dag_processing.bundles.manager.DagBundlesManager","filename":"manager.py","lineno":304}
{"timestamp":"2026-09-07T01:56:59.746338Z","level":"info","event":"Filling up the DagBag from /opt/airflow/dags/healthcare_pipeline.py","map_index":-1,"dag_id":"healthcare_pipeline","task_id":"process_gold_patient_util","run_id":"manual__2026-09-07T01:54:15.317556+00:00","ti_id":"01a07992-befe-7b48-998c-db032a9e1015","try_number":1,"logger":"airflow.dag_processing.dagbag.BundleDagBag","filename":"dagbag.py","lineno":460}
{"timestamp":"2026-09-07T01:57:01.255543Z","level":"info","event":"Worker startup parse complete","bundle_name":"dags-folder","bundle_version":null,"dag_file":"healthcare_pipeline.py","dag_id":"healthcare_pipeline","bundle_prepare_ms":19,"dag_file_parse_ms":1510,"map_index":-1,"task_id":"process_gold_patient_util","run_id":"manual__2026-09-07T01:54:15.317556+00:00","ti_id":"01a07992-befe-7b48-998c-db032a9e1015","try_number":1,"logger":"task","filename":"task_runner.py","lineno":1073}
{"timestamp":"2026-09-07T01:57:01.319165Z","level":"info","event":"::endgroup::","map_index":-1,"dag_id":"healthcare_pipeline","task_id":"process_gold_patient_util","run_id":"manual__2026-09-07T01:54:15.317556+00:00","ti_id":"01a07992-befe-7b48-998c-db032a9e1015","try_number":1,"logger":"task","filename":"task_runner.py","lineno":2232}
{"timestamp":"2026-09-07T01:57:03.686074Z","level":"info","event":":: loading settings :: url = jar:file:/home/airflow/.local/lib/python3.11/site-packages/pyspark/jars/ivy-2.5.3.jar!/org/apache/ivy/core/settings/ivysettings.xml","logger":"task.stdout"}
{"timestamp":"2026-09-07T01:57:03.819112Z","level":"error","event":"Ivy Default Cache set to: /home/airflow/.ivy2/cache","logger":"task.stderr"}
{"timestamp":"2026-09-07T01:57:03.823548Z","level":"error","event":"The jars for the packages stored in: /home/airflow/.ivy2/jars","logger":"task.stderr"}
{"timestamp":"2026-09-07T01:57:03.831458Z","level":"error","event":"io.delta#delta-spark_2.12 added as a dependency","logger":"task.stderr"}
{"timestamp":"2026-09-07T01:57:03.835661Z","level":"error","event":":: resolving dependencies :: org.apache.spark#spark-submit-parent-ded1053c-5e4c-46e4-a0cd-aecf8e94f223;1.0","logger":"task.stderr"}
{"timestamp":"2026-09-07T01:57:03.838322Z","level":"error","event":"\tconfs: [default]","logger":"task.stderr"}
{"timestamp":"2026-09-07T01:57:04.097634Z","level":"error","event":"\tfound io.delta#delta-spark_2.12;3.3.2 in spark-list","logger":"task.stderr"}
{"timestamp":"2026-09-07T01:57:04.236517Z","level":"error","event":"\tfound io.delta#delta-storage;3.3.2 in central","logger":"task.stderr"}
{"timestamp":"2026-09-07T01:57:04.262605Z","level":"error","event":"\tfound org.antlr#antlr4-runtime;4.9.3 in central","logger":"task.stderr"}
{"timestamp":"2026-09-07T01:57:04.299498Z","level":"error","event":":: resolution report :: resolve 459ms :: artifacts dl 6ms","logger":"task.stderr"}
{"timestamp":"2026-09-07T01:57:04.303108Z","level":"error","event":"\t:: modules in use:","logger":"task.stderr"}
{"timestamp":"2026-09-07T01:57:04.306289Z","level":"error","event":"\tio.delta#delta-spark_2.12;3.3.2 from spark-list in [default]","logger":"task.stderr"}
{"timestamp":"2026-09-07T01:57:04.309032Z","level":"error","event":"\tio.delta#delta-storage;3.3.2 from central in [default]","logger":"task.stderr"}
{"timestamp":"2026-09-07T01:57:04.310562Z","level":"error","event":"\torg.antlr#antlr4-runtime;4.9.3 from central in [default]","logger":"task.stderr"}
{"timestamp":"2026-09-07T01:57:04.313816Z","level":"error","event":"\t---------------------------------------------------------------------","logger":"task.stderr"}
{"timestamp":"2026-09-07T01:57:04.319456Z","level":"error","event":"\t|                  |            modules            ||   artifacts   |","logger":"task.stderr"}
{"timestamp":"2026-09-07T01:57:04.321082Z","level":"error","event":"\t|       conf       | number| search|dwnlded|evicted|| number|dwnlded|","logger":"task.stderr"}
{"timestamp":"2026-09-07T01:57:04.324083Z","level":"error","event":"\t---------------------------------------------------------------------","logger":"task.stderr"}
{"timestamp":"2026-09-07T01:57:04.327517Z","level":"error","event":"\t|      default     |   3   |   0   |   0   |   0   ||   3   |   0   |","logger":"task.stderr"}
{"timestamp":"2026-09-07T01:57:04.331996Z","level":"error","event":"\t---------------------------------------------------------------------","logger":"task.stderr"}
{"timestamp":"2026-09-07T01:57:04.334599Z","level":"error","event":":: retrieving :: org.apache.spark#spark-submit-parent-ded1053c-5e4c-46e4-a0cd-aecf8e94f223","logger":"task.stderr"}
{"timestamp":"2026-09-07T01:57:04.337494Z","level":"error","event":"\tconfs: [default]","logger":"task.stderr"}
{"timestamp":"2026-09-07T01:57:04.345223Z","level":"error","event":"\t0 artifacts copied, 3 already retrieved (0kB/27ms)","logger":"task.stderr"}
{"timestamp":"2026-09-07T01:57:04.868980Z","level":"error","event":"26/09/07 01:57:04 WARN NativeCodeLoader: Unable to load native-hadoop library for your platform... using builtin-java classes where applicable","logger":"task.stderr"}
{"timestamp":"2026-09-07T01:57:05.266571Z","level":"error","event":"Setting default log level to \"WARN\".","logger":"task.stderr"}
{"timestamp":"2026-09-07T01:57:05.270895Z","level":"error","event":"To adjust logging level use sc.setLogLevel(newLevel). For SparkR, use setLogLevel(newLevel).","logger":"task.stderr"}
{"timestamp":"2026-09-07T01:57:06.912408Z","level":"error","event":"26/09/07 01:57:06 WARN Utils: Service 'SparkUI' could not bind on port 4040. Attempting port 4041.","logger":"task.stderr"}
{"timestamp":"2026-09-07T01:57:06.918069Z","level":"error","event":"26/09/07 01:57:06 WARN Utils: Service 'SparkUI' could not bind on port 4041. Attempting port 4042.","logger":"task.stderr"}
{"timestamp":"2026-09-07T01:57:06.920897Z","level":"error","event":"26/09/07 01:57:06 WARN Utils: Service 'SparkUI' could not bind on port 4042. Attempting port 4043.","logger":"task.stderr"}
{"timestamp":"2026-09-07T01:57:06.923354Z","level":"error","event":"26/09/07 01:57:06 WARN Utils: Service 'SparkUI' could not bind on port 4043. Attempting port 4044.","logger":"task.stderr"}
{"timestamp":"2026-09-07T01:57:21.198166Z","level":"error","event":"26/09/07 01:57:21 WARN SparkStringUtils: Truncated the string representation of a plan since it was too large. This behavior can be adjusted by setting 'spark.sql.debug.maxToStringFields'.","logger":"task.stderr"}
{"timestamp":"2026-09-07T01:58:17.247877Z","level":"info","event":"+----------+----------+------+---------------+-------------------+-------------------+----------------------------------+","logger":"task.stdout"}
{"timestamp":"2026-09-07T01:58:17.261676Z","level":"info","event":"|patient_id|birth_date|gender|encounter_count|first_encounter_at |latest_encounter_at|average_encounter_duration_minutes|","logger":"task.stdout"}
{"timestamp":"2026-09-07T01:58:17.272490Z","level":"info","event":"+----------+----------+------+---------------+-------------------+-------------------+----------------------------------+","logger":"task.stdout"}
{"timestamp":"2026-09-07T01:58:17.281068Z","level":"info","event":"|10627     |1978-10-20|female|19             |1996-12-20 21:31:36|2024-11-22 21:31:36|134.8236842105263                 |","logger":"task.stdout"}
{"timestamp":"2026-09-07T01:58:17.286134Z","level":"info","event":"|10940     |1951-08-28|female|44             |1969-10-21 21:08:36|2026-01-27 21:08:36|2762.5371212121213                |","logger":"task.stdout"}
{"timestamp":"2026-09-07T01:58:17.289456Z","level":"info","event":"|12069     |2019-12-30|female|24             |2019-12-30 09:52:39|2025-12-22 09:52:39|34.98125                          |","logger":"task.stdout"}
{"timestamp":"2026-09-07T01:58:17.298428Z","level":"info","event":"|12497     |1993-08-01|male  |26             |2009-09-14 04:16:50|2026-04-27 04:16:50|69.56602564102563                 |","logger":"task.stdout"}
{"timestamp":"2026-09-07T01:58:17.301038Z","level":"info","event":"|186568    |2015-11-01|female|24             |2016-06-27 13:55:02|2025-11-16 09:55:02|38.84236111111111                 |","logger":"task.stdout"}
{"timestamp":"2026-09-07T01:58:17.303967Z","level":"info","event":"|186886    |2015-11-01|female|24             |2016-06-27 13:55:02|2025-11-16 09:55:02|38.84236111111111                 |","logger":"task.stdout"}
{"timestamp":"2026-09-07T01:58:17.307256Z","level":"info","event":"|186935    |2012-07-02|male  |18             |2016-06-06 15:18:19|2026-08-03 15:18:19|53.61388888888889                 |","logger":"task.stdout"}
{"timestamp":"2026-09-07T01:58:17.311066Z","level":"info","event":"|187253    |2012-07-02|male  |20             |2016-06-06 15:18:19|2026-08-03 15:18:19|61.0625                           |","logger":"task.stdout"}
{"timestamp":"2026-09-07T01:58:17.316769Z","level":"info","event":"|187279    |1944-05-21|female|63             |1962-07-15 12:20:23|2026-06-26 12:51:52|606.5719576719576                 |","logger":"task.stdout"}
{"timestamp":"2026-09-07T01:58:17.321456Z","level":"info","event":"|187597    |1944-05-21|female|66             |1962-07-15 12:20:23|2026-06-26 12:51:52|584.0219696969697                 |","logger":"task.stdout"}
{"timestamp":"2026-09-07T01:58:17.332736Z","level":"info","event":"|189026    |1996-08-27|male  |33             |1997-06-10 00:25:36|2026-03-17 15:25:36|62.389898989898995                |","logger":"task.stdout"}
{"timestamp":"2026-09-07T01:58:17.336423Z","level":"info","event":"|189344    |1996-08-27|male  |34             |1997-06-10 00:25:36|2026-03-17 15:25:36|62.19950980392158                 |","logger":"task.stdout"}
{"timestamp":"2026-09-07T01:58:17.339924Z","level":"info","event":"|189697    |2016-12-30|male  |28             |2016-12-30 16:12:20|2026-01-02 16:12:20|36.864285714285714                |","logger":"task.stdout"}
{"timestamp":"2026-09-07T01:58:17.344564Z","level":"info","event":"|190015    |2016-12-30|male  |28             |2016-12-30 16:12:20|2026-01-02 16:12:20|36.864285714285714                |","logger":"task.stdout"}
{"timestamp":"2026-09-07T01:58:17.348957Z","level":"info","event":"|190188    |1979-10-13|male  |30             |1982-11-25 14:42:43|2025-11-01 14:42:43|47.809444444444445                |","logger":"task.stdout"}
{"timestamp":"2026-09-07T01:58:17.352509Z","level":"info","event":"|190506    |1979-10-13|male  |31             |1982-11-25 14:42:43|2025-11-01 14:42:43|46.7510752688172                  |","logger":"task.stdout"}
{"timestamp":"2026-09-07T01:58:17.355915Z","level":"info","event":"|190589    |1963-07-28|male  |27             |1981-09-20 07:18:40|2002-05-12 07:18:40|1666.733950617284                 |","logger":"task.stdout"}
{"timestamp":"2026-09-07T01:58:17.357788Z","level":"info","event":"|190907    |1963-07-28|male  |27             |1981-09-20 07:18:40|2002-05-12 07:18:40|1666.733950617284                 |","logger":"task.stdout"}
{"timestamp":"2026-09-07T01:58:17.360825Z","level":"info","event":"|191334    |1929-08-20|female|74             |1947-10-15 04:04:46|2022-04-06 04:04:46|2389.5036036036036                |","logger":"task.stdout"}
{"timestamp":"2026-09-07T01:58:17.365457Z","level":"info","event":"|191652    |1929-08-20|female|76             |1947-10-15 04:04:46|2022-04-06 04:04:46|2327.8342105263155                |","logger":"task.stdout"}
{"timestamp":"2026-09-07T01:58:17.368942Z","level":"info","event":"+----------+----------+------+---------------+-------------------+-------------------+----------------------------------+","logger":"task.stdout"}
{"timestamp":"2026-09-07T01:58:17.372069Z","level":"info","event":"only showing top 20 rows","logger":"task.stdout"}
{"timestamp":"2026-09-07T01:58:17.374412Z","level":"info","event":"","logger":"task.stdout"}
{"timestamp":"2026-09-07T01:58:19.327667Z","level":"info","event":"Patient utilization rows: 75","logger":"task.stdout"}
{"timestamp":"2026-09-07T01:58:49.791145Z","level":"info","event":"Done. Returned value was: None","map_index":-1,"dag_id":"healthcare_pipeline","task_id":"process_gold_patient_util","run_id":"manual__2026-09-07T01:54:15.317556+00:00","ti_id":"01a07992-befe-7b48-998c-db032a9e1015","try_number":1,"logger":"airflow.task.operators.airflow.providers.standard.decorators.python._PythonDecoratedOperator","filename":"python.py","lineno":233}
{"timestamp":"2026-09-07T01:58:49.831630Z","level":"info","event":"::group::Post Execute","map_index":-1,"dag_id":"healthcare_pipeline","task_id":"process_gold_patient_util","run_id":"manual__2026-09-07T01:54:15.317556+00:00","ti_id":"01a07992-befe-7b48-998c-db032a9e1015","try_number":1,"logger":"task","filename":"task_runner.py","lineno":1580}
{"timestamp":"2026-09-07T01:58:50.112718Z","level":"info","event":"::endgroup::","map_index":-1,"dag_id":"healthcare_pipeline","task_id":"process_gold_patient_util","run_id":"manual__2026-09-07T01:54:15.317556+00:00","ti_id":"01a07992-befe-7b48-998c-db032a9e1015","try_number":1,"logger":"task","filename":"task_runner.py","lineno":2379}
{"timestamp":"2026-09-07T01:58:55.538084Z","level":"error","event":"\r[Stage 0:>                                                          (0 + 0) / 7]\r\r[Stage 0:>                                                          (0 + 7) / 7]\r\r[Stage 2:>                                                         (0 + 0) / 50]\r\r[Stage 2:>                                                         (0 + 8) / 50]\r\r[Stage 2:========>                                                 (7 + 8) / 50]\r\r[Stage 2:=========>                                                (8 + 8) / 50]\r\r[Stage 2:==========>                                               (9 + 8) / 50]\r\r[Stage 2:==================>                                      (16 + 8) / 50]\r\r[Stage 2:=====================>                                   (19 + 8) / 50]\r\r[Stage 2:==========================>                              (23 + 8) / 50]\r\r[Stage 2:===========================>                             (24 + 8) / 50]\r\r[Stage 2:===============================>                         (28 + 8) / 50]\r\r[Stage 2:====================================>                    (32 + 8) / 50]\r\r[Stage 2:=======================================>                 (35 + 8) / 50]\r\r[Stage 2:=============================================>           (40 + 8) / 50]\r\r[Stage 2:====================================================>    (46 + 4) / 50]\r\r                                                                                \r\r[Stage 4:>                                                         (0 + 8) / 50]\r\r[Stage 4:===========>                                             (10 + 9) / 50]\r\r[Stage 4:===================>                                     (17 + 8) / 50]\r\r[Stage 4:=============================>                           (26 + 8) / 50]\r\r[Stage 4:===================================>                     (31 + 8) / 50]\r\r[Stage 4:===========================================>             (38 + 8) / 50]\r\r[Stage 4:====================================================>    (46 + 4) / 50]\r\r[Stage 4:=======================================================> (49 + 1) / 50]\r\r[Stage 7:>                                                          (0 + 1) / 1]\r\r                                                                                \r\r[Stage 10:>                                                        (0 + 8) / 50]\r\r[Stage 10:======>                                                  (6 + 8) / 50]\r\r[Stage 10:=========>                                               (8 + 8) / 50]\r\r[Stage 10:=========>                                               (8 + 9) / 50]\r\r[Stage 10:==============>                                         (13 + 8) / 50]\r\r[Stage 10:================>                                       (15 + 8) / 50]\r\r[Stage 10:=================>                                      (16 + 8) / 50]\r\r[Stage 10:=========================>                              (23 + 8) / 50]\r\r[Stage 10:==========================>                             (24 + 8) / 50]\r\r[Stage 10:============================>                           (25 + 8) / 50]\r\r[Stage 10:===================================>                    (32 + 8) / 50]\r\r[Stage 10:====================================>                   (33 + 8) / 50]\r\r[Stage 10:=========================================>              (37 + 8) / 50]\r\r[Stage 10:=============================================>          (41 + 8) / 50]\r\r[Stage 10:=====================================================>  (48 + 2) / 50]\r\r                                                                                \r\r[Stage 11:>                                                         (0 + 1) / 1]\r\r                                                                                \r\r[Stage 16:============================>                           (25 + 8) / 50]\r\r[Stage 16:===========================================>            (39 + 8) / 50]\r\r[Stage 16:===================================================>    (46 + 4) / 50]\r\r                                                                                \r\r[Stage 20:======================================>                   (2 + 1) / 3]\r\r[Stage 22:>                                                        (0 + 8) / 50]\r\r[Stage 22:====>                                                    (4 + 8) / 50]\r\r[Stage 22:=========>                                               (8 + 8) / 50]\r\r[Stage 22:================>                                       (15 + 8) / 50]\r\r[Stage 22:=========================>                              (23 + 8) / 50]\r\r[Stage 22:=================================>                      (30 + 9) / 50]\r\r[Stage 22:===========================================>            (39 + 8) / 50]\r\r[Stage 22:=====================================================>  (48 + 2) / 50]\r\r                                                                                \r\r[Stage 27:>                                                        (0 + 8) / 50]\r\r[Stage 27:======>                                                  (6 + 8) / 50]\r\r[Stage 27:=============>                                          (12 + 8) / 50]\r\r[Stage 27:=============================================>          (41 + 8) / 50]\r\r                                                                                \r\r[Stage 33:>                                                         (0 + 1) / 1]\r\r                                                                                \r\r[Stage 35:====================>                                   (18 + 8) / 50]\r\r[Stage 35:===============================>                        (28 + 8) / 50]\r\r[Stage 35:=========================================>              (37 + 8) / 50]\r\r[Stage 35:===============================================>        (42 + 8) / 50]","logger":"task.stderr"}
