{"timestamp":"2026-09-07T02:07:25.916275Z","level":"info","event":"::group::Pre Execute","logger":"task","filename":"task_runner.py","lineno":2412}
{"timestamp":"2026-09-07T02:07:26.073596Z","level":"info","event":"DAG bundles loaded: dags-folder","ti_id":"01a0799e-641f-7439-92c2-459ea3d8bd8d","dag_id":"healthcare_pipeline","task_id":"process_patient_silver","try_number":1,"run_id":"manual__2026-09-07T02:06:58.538323+00:00","map_index":-1,"logger":"airflow.dag_processing.bundles.manager.DagBundlesManager","filename":"manager.py","lineno":304}
{"timestamp":"2026-09-07T02:07:26.076482Z","level":"info","event":"Filling up the DagBag from /opt/airflow/dags/healthcare_pipeline.py","ti_id":"01a0799e-641f-7439-92c2-459ea3d8bd8d","dag_id":"healthcare_pipeline","task_id":"process_patient_silver","try_number":1,"run_id":"manual__2026-09-07T02:06:58.538323+00:00","map_index":-1,"logger":"airflow.dag_processing.dagbag.BundleDagBag","filename":"dagbag.py","lineno":460}
{"timestamp":"2026-09-07T02:07:27.676020Z","level":"info","event":"Worker startup parse complete","bundle_name":"dags-folder","bundle_version":null,"dag_file":"healthcare_pipeline.py","dag_id":"healthcare_pipeline","bundle_prepare_ms":5,"dag_file_parse_ms":1599,"ti_id":"01a0799e-641f-7439-92c2-459ea3d8bd8d","task_id":"process_patient_silver","try_number":1,"run_id":"manual__2026-09-07T02:06:58.538323+00:00","map_index":-1,"logger":"task","filename":"task_runner.py","lineno":1073}
{"timestamp":"2026-09-07T02:07:27.808840Z","level":"info","event":"::endgroup::","ti_id":"01a0799e-641f-7439-92c2-459ea3d8bd8d","dag_id":"healthcare_pipeline","task_id":"process_patient_silver","try_number":1,"run_id":"manual__2026-09-07T02:06:58.538323+00:00","map_index":-1,"logger":"task","filename":"task_runner.py","lineno":2232}
{"timestamp":"2026-09-07T02:07:31.952940Z","level":"info","event":":: loading settings :: url = jar:file:/home/airflow/.local/lib/python3.11/site-packages/pyspark/jars/ivy-2.5.3.jar!/org/apache/ivy/core/settings/ivysettings.xml","logger":"task.stdout"}
{"timestamp":"2026-09-07T02:07:32.333600Z","level":"error","event":"Ivy Default Cache set to: /home/airflow/.ivy2/cache","logger":"task.stderr"}
{"timestamp":"2026-09-07T02:07:32.342560Z","level":"error","event":"The jars for the packages stored in: /home/airflow/.ivy2/jars","logger":"task.stderr"}
{"timestamp":"2026-09-07T02:07:32.349501Z","level":"error","event":"io.delta#delta-spark_2.12 added as a dependency","logger":"task.stderr"}
{"timestamp":"2026-09-07T02:07:32.354369Z","level":"error","event":":: resolving dependencies :: org.apache.spark#spark-submit-parent-7069d297-4e81-4847-aa4f-193f2c6eb22b;1.0","logger":"task.stderr"}
{"timestamp":"2026-09-07T02:07:32.358332Z","level":"error","event":"\tconfs: [default]","logger":"task.stderr"}
{"timestamp":"2026-09-07T02:07:32.753774Z","level":"error","event":"\tfound io.delta#delta-spark_2.12;3.3.2 in spark-list","logger":"task.stderr"}
{"timestamp":"2026-09-07T02:07:32.916863Z","level":"error","event":"\tfound io.delta#delta-storage;3.3.2 in central","logger":"task.stderr"}
{"timestamp":"2026-09-07T02:07:32.961178Z","level":"error","event":"\tfound org.antlr#antlr4-runtime;4.9.3 in central","logger":"task.stderr"}
{"timestamp":"2026-09-07T02:07:33.083587Z","level":"error","event":":: resolution report :: resolve 670ms :: artifacts dl 66ms","logger":"task.stderr"}
{"timestamp":"2026-09-07T02:07:33.103239Z","level":"error","event":"\t:: modules in use:","logger":"task.stderr"}
{"timestamp":"2026-09-07T02:07:33.112239Z","level":"error","event":"\tio.delta#delta-spark_2.12;3.3.2 from spark-list in [default]","logger":"task.stderr"}
{"timestamp":"2026-09-07T02:07:33.123155Z","level":"error","event":"\tio.delta#delta-storage;3.3.2 from central in [default]","logger":"task.stderr"}
{"timestamp":"2026-09-07T02:07:33.140236Z","level":"error","event":"\torg.antlr#antlr4-runtime;4.9.3 from central in [default]","logger":"task.stderr"}
{"timestamp":"2026-09-07T02:07:33.147488Z","level":"error","event":"\t---------------------------------------------------------------------","logger":"task.stderr"}
{"timestamp":"2026-09-07T02:07:33.158874Z","level":"error","event":"\t|                  |            modules            ||   artifacts   |","logger":"task.stderr"}
{"timestamp":"2026-09-07T02:07:33.168435Z","level":"error","event":"\t|       conf       | number| search|dwnlded|evicted|| number|dwnlded|","logger":"task.stderr"}
{"timestamp":"2026-09-07T02:07:33.173441Z","level":"error","event":"\t---------------------------------------------------------------------","logger":"task.stderr"}
{"timestamp":"2026-09-07T02:07:33.180452Z","level":"error","event":"\t|      default     |   3   |   0   |   0   |   0   ||   3   |   0   |","logger":"task.stderr"}
{"timestamp":"2026-09-07T02:07:33.184280Z","level":"error","event":"\t---------------------------------------------------------------------","logger":"task.stderr"}
{"timestamp":"2026-09-07T02:07:33.189027Z","level":"error","event":":: retrieving :: org.apache.spark#spark-submit-parent-7069d297-4e81-4847-aa4f-193f2c6eb22b","logger":"task.stderr"}
{"timestamp":"2026-09-07T02:07:33.192473Z","level":"error","event":"\tconfs: [default]","logger":"task.stderr"}
{"timestamp":"2026-09-07T02:07:33.195678Z","level":"error","event":"\t0 artifacts copied, 3 already retrieved (0kB/32ms)","logger":"task.stderr"}
{"timestamp":"2026-09-07T02:07:33.624473Z","level":"error","event":"26/09/07 02:07:33 WARN NativeCodeLoader: Unable to load native-hadoop library for your platform... using builtin-java classes where applicable","logger":"task.stderr"}
{"timestamp":"2026-09-07T02:07:34.141067Z","level":"error","event":"Setting default log level to \"WARN\".","logger":"task.stderr"}
{"timestamp":"2026-09-07T02:07:34.149366Z","level":"error","event":"To adjust logging level use sc.setLogLevel(newLevel). For SparkR, use setLogLevel(newLevel).","logger":"task.stderr"}
{"timestamp":"2026-09-07T02:07:36.528499Z","level":"error","event":"26/09/07 02:07:36 WARN Utils: Service 'SparkUI' could not bind on port 4040. Attempting port 4041.","logger":"task.stderr"}
{"timestamp":"2026-09-07T02:07:36.543574Z","level":"error","event":"26/09/07 02:07:36 WARN Utils: Service 'SparkUI' could not bind on port 4041. Attempting port 4042.","logger":"task.stderr"}
{"timestamp":"2026-09-07T02:07:36.548504Z","level":"error","event":"26/09/07 02:07:36 WARN Utils: Service 'SparkUI' could not bind on port 4042. Attempting port 4043.","logger":"task.stderr"}
{"timestamp":"2026-09-07T02:07:36.554287Z","level":"error","event":"26/09/07 02:07:36 WARN Utils: Service 'SparkUI' could not bind on port 4043. Attempting port 4044.","logger":"task.stderr"}
{"timestamp":"2026-09-07T02:07:36.563273Z","level":"error","event":"26/09/07 02:07:36 WARN Utils: Service 'SparkUI' could not bind on port 4044. Attempting port 4045.","logger":"task.stderr"}
{"timestamp":"2026-09-07T02:07:56.246789Z","level":"error","event":"26/09/07 02:07:56 WARN SparkStringUtils: Truncated the string representation of a plan since it was too large. This behavior can be adjusted by setting 'spark.sql.debug.maxToStringFields'.","logger":"task.stderr"}
{"timestamp":"2026-09-07T02:09:50.671499Z","level":"info","event":"","logger":"task.stdout"}
{"timestamp":"2026-09-07T02:09:50.746392Z","level":"info","event":"Patient Silver","logger":"task.stdout"}
{"timestamp":"2026-09-07T02:09:50.750085Z","level":"info","event":"--------------","logger":"task.stdout"}
{"timestamp":"2026-09-07T02:09:50.753943Z","level":"info","event":"New Bronze rows: 0","logger":"task.stdout"}
{"timestamp":"2026-09-07T02:09:50.759953Z","level":"info","event":"Rows to merge: 0","logger":"task.stdout"}
{"timestamp":"2026-09-07T02:09:50.763114Z","level":"info","event":"Status: NO NEW DATA","logger":"task.stdout"}
{"timestamp":"2026-09-07T02:09:51.681770Z","level":"info","event":"Done. Returned value was: None","ti_id":"01a0799e-641f-7439-92c2-459ea3d8bd8d","dag_id":"healthcare_pipeline","task_id":"process_patient_silver","try_number":1,"run_id":"manual__2026-09-07T02:06:58.538323+00:00","map_index":-1,"logger":"airflow.task.operators.airflow.providers.standard.decorators.python._PythonDecoratedOperator","filename":"python.py","lineno":233}
{"timestamp":"2026-09-07T02:09:51.696550Z","level":"info","event":"::group::Post Execute","ti_id":"01a0799e-641f-7439-92c2-459ea3d8bd8d","dag_id":"healthcare_pipeline","task_id":"process_patient_silver","try_number":1,"run_id":"manual__2026-09-07T02:06:58.538323+00:00","map_index":-1,"logger":"task","filename":"task_runner.py","lineno":1580}
{"timestamp":"2026-09-07T02:09:51.925604Z","level":"info","event":"::endgroup::","ti_id":"01a0799e-641f-7439-92c2-459ea3d8bd8d","dag_id":"healthcare_pipeline","task_id":"process_patient_silver","try_number":1,"run_id":"manual__2026-09-07T02:06:58.538323+00:00","map_index":-1,"logger":"task","filename":"task_runner.py","lineno":2379}
{"timestamp":"2026-09-07T02:09:56.827710Z","level":"error","event":"\r[Stage 0:>                                                          (0 + 0) / 7]\r\r[Stage 0:>                                                          (0 + 7) / 7]\r\r[Stage 0:=================================>                         (4 + 3) / 7]\r\r[Stage 2:>                                                         (0 + 0) / 50]\r\r[Stage 2:>                                                         (0 + 2) / 50]\r\r[Stage 2:>                                                         (0 + 8) / 50]\r\r[Stage 2:======>                                                   (6 + 8) / 50]\r\r[Stage 2:=========>                                                (8 + 8) / 50]\r\r[Stage 2:===========>                                             (10 + 8) / 50]\r\r[Stage 2:=============>                                           (12 + 8) / 50]\r\r[Stage 2:==============>                                          (13 + 8) / 50]\r\r[Stage 2:==================>                                      (16 + 8) / 50]\r\r[Stage 2:===================>                                     (17 + 8) / 50]\r\r[Stage 2:====================>                                    (18 + 8) / 50]\r\r[Stage 2:=========================>                               (22 + 8) / 50]\r\r[Stage 2:==========================>                              (23 + 8) / 50]\r\r[Stage 2:===========================>                             (24 + 8) / 50]\r\r[Stage 2:===========================>                             (24 + 9) / 50]\r\r[Stage 2:=============================>                           (26 + 8) / 50]\r\r[Stage 2:===================================>                     (31 + 8) / 50]\r\r[Stage 2:===================================>                     (31 + 9) / 50]\r\r[Stage 2:====================================>                    (32 + 9) / 50]\r\r[Stage 2:=====================================>                   (33 + 8) / 50]\r\r[Stage 2:======================================>                  (34 + 8) / 50]\r\r[Stage 2:=======================================>                 (35 + 8) / 50]\r\r[Stage 2:=========================================>               (36 + 9) / 50]\r\r[Stage 2:============================================>            (39 + 8) / 50]\r\r[Stage 2:=============================================>           (40 + 8) / 50]\r\r[Stage 2:===============================================>         (42 + 8) / 50]\r\r[Stage 2:====================================================>    (46 + 4) / 50]\r\r[Stage 5:>                                                          (0 + 1) / 1]\r\r                                                                                \r\r[Stage 7:>                                                         (0 + 8) / 50]\r\r[Stage 7:==========>                                               (9 + 9) / 50]\r\r[Stage 7:==============>                                          (13 + 8) / 50]\r\r[Stage 7:===============================>                         (28 + 9) / 50]\r\r[Stage 7:=================================================>       (43 + 7) / 50]\r\r                                                                                \r\r[Stage 8:>                                                          (0 + 1) / 1]\r\r                                                                                \r\r[Stage 11:>                                                         (0 + 5) / 5]\r\r[Stage 11:==========================================================(5 + 0) / 5]\r\r[Stage 13:>                                                        (0 + 8) / 50]\r\r[Stage 13:=======>                                                 (7 + 8) / 50]\r\r[Stage 13:=========>                                               (8 + 8) / 50]\r\r[Stage 13:============>                                           (11 + 8) / 50]\r\r[Stage 13:=================>                                      (16 + 8) / 50]\r\r[Stage 13:===================>                                    (17 + 8) / 50]\r\r[Stage 13:====================>                                   (18 + 9) / 50]\r\r[Stage 13:=====================>                                  (19 + 8) / 50]\r\r[Stage 13:========================>                               (22 + 8) / 50]\r\r[Stage 13:==========================>                             (24 + 8) / 50]\r\r[Stage 13:=============================>                          (26 + 8) / 50]\r\r[Stage 13:===================================>                    (32 + 8) / 50]\r\r[Stage 13:======================================>                 (34 + 8) / 50]\r\r[Stage 13:=======================================>                (35 + 8) / 50]\r\r[Stage 13:===========================================>            (39 + 8) / 50]\r\r[Stage 13:=============================================>          (41 + 8) / 50]\r\r[Stage 13:===============================================>        (42 + 8) / 50]","logger":"task.stderr"}
