{"timestamp":"2026-09-07T02:30:36.703721Z","level":"info","event":"::group::Pre Execute","logger":"task","filename":"task_runner.py","lineno":2412}
{"timestamp":"2026-09-07T02:30:36.738317Z","level":"info","event":"DAG bundles loaded: dags-folder","task_id":"process_medication_silver","ti_id":"01a079b3-a320-7ccb-9e37-263221db72c3","try_number":1,"dag_id":"healthcare_pipeline","map_index":-1,"run_id":"manual__2026-09-07T02:30:10.914584+00:00","logger":"airflow.dag_processing.bundles.manager.DagBundlesManager","filename":"manager.py","lineno":304}
{"timestamp":"2026-09-07T02:30:36.739327Z","level":"info","event":"Filling up the DagBag from /opt/airflow/dags/healthcare_pipeline.py","task_id":"process_medication_silver","ti_id":"01a079b3-a320-7ccb-9e37-263221db72c3","try_number":1,"dag_id":"healthcare_pipeline","map_index":-1,"run_id":"manual__2026-09-07T02:30:10.914584+00:00","logger":"airflow.dag_processing.dagbag.BundleDagBag","filename":"dagbag.py","lineno":460}
{"timestamp":"2026-09-07T02:30:38.595615Z","level":"info","event":"Worker startup parse complete","bundle_name":"dags-folder","bundle_version":null,"dag_file":"healthcare_pipeline.py","dag_id":"healthcare_pipeline","bundle_prepare_ms":10,"dag_file_parse_ms":1856,"task_id":"process_medication_silver","ti_id":"01a079b3-a320-7ccb-9e37-263221db72c3","try_number":1,"map_index":-1,"run_id":"manual__2026-09-07T02:30:10.914584+00:00","logger":"task","filename":"task_runner.py","lineno":1073}
{"timestamp":"2026-09-07T02:30:38.750135Z","level":"info","event":"::endgroup::","task_id":"process_medication_silver","ti_id":"01a079b3-a320-7ccb-9e37-263221db72c3","try_number":1,"dag_id":"healthcare_pipeline","map_index":-1,"run_id":"manual__2026-09-07T02:30:10.914584+00:00","logger":"task","filename":"task_runner.py","lineno":2232}
{"timestamp":"2026-09-07T02:30:42.098700Z","level":"info","event":":: loading settings :: url = jar:file:/home/airflow/.local/lib/python3.11/site-packages/pyspark/jars/ivy-2.5.3.jar!/org/apache/ivy/core/settings/ivysettings.xml","logger":"task.stdout"}
{"timestamp":"2026-09-07T02:30:42.246454Z","level":"error","event":"Ivy Default Cache set to: /home/airflow/.ivy2/cache","logger":"task.stderr"}
{"timestamp":"2026-09-07T02:30:42.257655Z","level":"error","event":"The jars for the packages stored in: /home/airflow/.ivy2/jars","logger":"task.stderr"}
{"timestamp":"2026-09-07T02:30:42.264717Z","level":"error","event":"io.delta#delta-spark_2.12 added as a dependency","logger":"task.stderr"}
{"timestamp":"2026-09-07T02:30:42.271458Z","level":"error","event":":: resolving dependencies :: org.apache.spark#spark-submit-parent-9505cd5f-8092-4967-897d-dae0d08e2ff9;1.0","logger":"task.stderr"}
{"timestamp":"2026-09-07T02:30:42.275430Z","level":"error","event":"\tconfs: [default]","logger":"task.stderr"}
{"timestamp":"2026-09-07T02:30:42.574059Z","level":"error","event":"\tfound io.delta#delta-spark_2.12;3.3.2 in spark-list","logger":"task.stderr"}
{"timestamp":"2026-09-07T02:30:42.739317Z","level":"error","event":"\tfound io.delta#delta-storage;3.3.2 in central","logger":"task.stderr"}
{"timestamp":"2026-09-07T02:30:42.812533Z","level":"error","event":"\tfound org.antlr#antlr4-runtime;4.9.3 in central","logger":"task.stderr"}
{"timestamp":"2026-09-07T02:30:42.857339Z","level":"error","event":":: resolution report :: resolve 578ms :: artifacts dl 19ms","logger":"task.stderr"}
{"timestamp":"2026-09-07T02:30:42.859675Z","level":"error","event":"\t:: modules in use:","logger":"task.stderr"}
{"timestamp":"2026-09-07T02:30:42.862660Z","level":"error","event":"\tio.delta#delta-spark_2.12;3.3.2 from spark-list in [default]","logger":"task.stderr"}
{"timestamp":"2026-09-07T02:30:42.867388Z","level":"error","event":"\tio.delta#delta-storage;3.3.2 from central in [default]","logger":"task.stderr"}
{"timestamp":"2026-09-07T02:30:42.872813Z","level":"error","event":"\torg.antlr#antlr4-runtime;4.9.3 from central in [default]","logger":"task.stderr"}
{"timestamp":"2026-09-07T02:30:42.876238Z","level":"error","event":"\t---------------------------------------------------------------------","logger":"task.stderr"}
{"timestamp":"2026-09-07T02:30:42.882692Z","level":"error","event":"\t|                  |            modules            ||   artifacts   |","logger":"task.stderr"}
{"timestamp":"2026-09-07T02:30:42.885346Z","level":"error","event":"\t|       conf       | number| search|dwnlded|evicted|| number|dwnlded|","logger":"task.stderr"}
{"timestamp":"2026-09-07T02:30:42.887569Z","level":"error","event":"\t---------------------------------------------------------------------","logger":"task.stderr"}
{"timestamp":"2026-09-07T02:30:42.890059Z","level":"error","event":"\t|      default     |   3   |   0   |   0   |   0   ||   3   |   0   |","logger":"task.stderr"}
{"timestamp":"2026-09-07T02:30:42.892621Z","level":"error","event":"\t---------------------------------------------------------------------","logger":"task.stderr"}
{"timestamp":"2026-09-07T02:30:42.907919Z","level":"error","event":":: retrieving :: org.apache.spark#spark-submit-parent-9505cd5f-8092-4967-897d-dae0d08e2ff9","logger":"task.stderr"}
{"timestamp":"2026-09-07T02:30:42.913501Z","level":"error","event":"\tconfs: [default]","logger":"task.stderr"}
{"timestamp":"2026-09-07T02:30:42.922914Z","level":"error","event":"\t0 artifacts copied, 3 already retrieved (0kB/11ms)","logger":"task.stderr"}
{"timestamp":"2026-09-07T02:30:43.664031Z","level":"error","event":"26/09/07 02:30:43 WARN NativeCodeLoader: Unable to load native-hadoop library for your platform... using builtin-java classes where applicable","logger":"task.stderr"}
{"timestamp":"2026-09-07T02:30:44.351171Z","level":"error","event":"Setting default log level to \"WARN\".","logger":"task.stderr"}
{"timestamp":"2026-09-07T02:30:44.355715Z","level":"error","event":"To adjust logging level use sc.setLogLevel(newLevel). For SparkR, use setLogLevel(newLevel).","logger":"task.stderr"}
{"timestamp":"2026-09-07T02:30:46.831718Z","level":"error","event":"26/09/07 02:30:46 WARN Utils: Service 'SparkUI' could not bind on port 4040. Attempting port 4041.","logger":"task.stderr"}
{"timestamp":"2026-09-07T02:30:46.854070Z","level":"error","event":"26/09/07 02:30:46 WARN Utils: Service 'SparkUI' could not bind on port 4041. Attempting port 4042.","logger":"task.stderr"}
{"timestamp":"2026-09-07T02:30:46.863837Z","level":"error","event":"26/09/07 02:30:46 WARN Utils: Service 'SparkUI' could not bind on port 4042. Attempting port 4043.","logger":"task.stderr"}
{"timestamp":"2026-09-07T02:31:07.127559Z","level":"error","event":"26/09/07 02:31:07 WARN SparkStringUtils: Truncated the string representation of a plan since it was too large. This behavior can be adjusted by setting 'spark.sql.debug.maxToStringFields'.","logger":"task.stderr"}
{"timestamp":"2026-09-07T02:32:34.177932Z","level":"info","event":"","logger":"task.stdout"}
{"timestamp":"2026-09-07T02:32:34.413426Z","level":"info","event":"MedicationRequest Silver","logger":"task.stdout"}
{"timestamp":"2026-09-07T02:32:34.424036Z","level":"info","event":"------------------------","logger":"task.stdout"}
{"timestamp":"2026-09-07T02:32:34.428180Z","level":"info","event":"New Bronze rows: 0","logger":"task.stdout"}
{"timestamp":"2026-09-07T02:32:34.432281Z","level":"info","event":"Rows to merge: 0","logger":"task.stdout"}
{"timestamp":"2026-09-07T02:32:34.437264Z","level":"info","event":"Status: NO NEW DATA","logger":"task.stdout"}
{"timestamp":"2026-09-07T02:32:35.016925Z","level":"info","event":"Done. Returned value was: None","task_id":"process_medication_silver","ti_id":"01a079b3-a320-7ccb-9e37-263221db72c3","try_number":1,"dag_id":"healthcare_pipeline","map_index":-1,"run_id":"manual__2026-09-07T02:30:10.914584+00:00","logger":"airflow.task.operators.airflow.providers.standard.decorators.python._PythonDecoratedOperator","filename":"python.py","lineno":233}
{"timestamp":"2026-09-07T02:32:35.040090Z","level":"info","event":"::group::Post Execute","task_id":"process_medication_silver","ti_id":"01a079b3-a320-7ccb-9e37-263221db72c3","try_number":1,"dag_id":"healthcare_pipeline","map_index":-1,"run_id":"manual__2026-09-07T02:30:10.914584+00:00","logger":"task","filename":"task_runner.py","lineno":1580}
{"timestamp":"2026-09-07T02:32:35.191532Z","level":"info","event":"::endgroup::","task_id":"process_medication_silver","ti_id":"01a079b3-a320-7ccb-9e37-263221db72c3","try_number":1,"dag_id":"healthcare_pipeline","map_index":-1,"run_id":"manual__2026-09-07T02:30:10.914584+00:00","logger":"task","filename":"task_runner.py","lineno":2379}
{"timestamp":"2026-09-07T02:32:40.343874Z","level":"error","event":"\r[Stage 0:>                                                          (0 + 6) / 6]\r\r[Stage 0:=========>                                                 (1 + 5) / 6]\r\r[Stage 0:===========================================================(6 + 0) / 6]\r\r[Stage 2:>                                                         (0 + 8) / 50]\r\r[Stage 2:=====>                                                   (5 + 10) / 50]\r\r[Stage 2:=========>                                                (8 + 8) / 50]\r\r[Stage 2:=================>                                       (15 + 8) / 50]\r\r[Stage 2:=================>                                       (15 + 9) / 50]\r\r[Stage 2:==================>                                      (16 + 8) / 50]\r\r[Stage 2:=====================>                                   (19 + 9) / 50]\r\r[Stage 2:==========================>                              (23 + 8) / 50]\r\r[Stage 2:============================>                            (25 + 8) / 50]\r\r[Stage 2:=============================>                           (26 + 9) / 50]\r\r[Stage 2:===============================>                         (28 + 8) / 50]\r\r[Stage 2:==================================>                      (30 + 9) / 50]\r\r[Stage 2:===================================>                     (31 + 8) / 50]\r\r[Stage 2:=====================================>                   (33 + 8) / 50]\r\r[Stage 2:=======================================>                 (35 + 8) / 50]\r\r[Stage 2:=========================================>               (36 + 8) / 50]\r\r[Stage 2:==========================================>              (37 + 8) / 50]\r\r[Stage 2:============================================>            (39 + 8) / 50]\r\r[Stage 2:=============================================>           (40 + 8) / 50]\r\r[Stage 2:==============================================>          (41 + 8) / 50]\r\r[Stage 2:=================================================>       (43 + 7) / 50]\r\r[Stage 2:===================================================>     (45 + 5) / 50]\r\r[Stage 2:======================================================>  (48 + 2) / 50]\r\r[Stage 2:=======================================================> (49 + 1) / 50]\r\r[Stage 2:=========================================================(50 + 0) / 50]\r\r[Stage 5:>                                                          (0 + 1) / 1]\r\r                                                                                \r\r[Stage 7:>                                                         (0 + 8) / 50]\r\r[Stage 7:=========>                                                (8 + 9) / 50]\r\r[Stage 7:=============>                                           (12 + 8) / 50]\r\r[Stage 7:===============>                                         (14 + 8) / 50]\r\r[Stage 7:=====================>                                   (19 + 9) / 50]\r\r[Stage 7:=====================================>                   (33 + 8) / 50]\r\r[Stage 7:===================================================>     (45 + 5) / 50]\r\r                                                                                \r\r[Stage 8:>                                                          (0 + 1) / 1]\r\r                                                                                \r\r[Stage 13:>                                                        (0 + 8) / 50]\r\r[Stage 13:>                                                        (0 + 9) / 50]\r\r[Stage 13:=========>                                               (8 + 8) / 50]\r\r[Stage 13:============>                                           (11 + 9) / 50]\r\r[Stage 13:=================>                                      (16 + 8) / 50]\r\r[Stage 13:======================>                                 (20 + 8) / 50]\r\r[Stage 13:========================>                               (22 + 8) / 50]\r\r[Stage 13:==========================>                             (24 + 8) / 50]\r\r[Stage 13:==============================>                         (27 + 8) / 50]\r\r[Stage 13:==================================>                     (31 + 8) / 50]\r\r[Stage 13:==================================>                     (31 + 9) / 50]\r\r[Stage 13:========================================>               (36 + 8) / 50]\r\r[Stage 13:===========================================>            (39 + 8) / 50]\r\r[Stage 13:================================================>       (43 + 7) / 50]\r\r[Stage 13:==================================================>     (45 + 5) / 50]\r\r[Stage 13:=====================================================>  (48 + 2) / 50]","logger":"task.stderr"}
