{"timestamp":"2026-08-28T21:23:33.370776Z","level":"info","event":"::group::Pre Execute","logger":"task","filename":"task_runner.py","lineno":2412}
{"timestamp":"2026-08-28T21:23:33.475307Z","level":"info","event":"DAG bundles loaded: dags-folder","run_id":"manual__2026-08-28T21:23:15.102320+00:00","dag_id":"healthcare_pipeline","map_index":-1,"try_number":1,"task_id":"process_observation_silver","ti_id":"01a04a41-664a-70ff-844e-064898bc1a2e","logger":"airflow.dag_processing.bundles.manager.DagBundlesManager","filename":"manager.py","lineno":304}
{"timestamp":"2026-08-28T21:23:33.476335Z","level":"info","event":"Filling up the DagBag from /opt/airflow/dags/healthcare_pipeline.py","run_id":"manual__2026-08-28T21:23:15.102320+00:00","dag_id":"healthcare_pipeline","map_index":-1,"try_number":1,"task_id":"process_observation_silver","ti_id":"01a04a41-664a-70ff-844e-064898bc1a2e","logger":"airflow.dag_processing.dagbag.BundleDagBag","filename":"dagbag.py","lineno":460}
{"timestamp":"2026-08-28T21:23:33.976381Z","level":"info","event":"Worker startup parse complete","bundle_name":"dags-folder","bundle_version":null,"dag_file":"healthcare_pipeline.py","dag_id":"healthcare_pipeline","bundle_prepare_ms":1,"dag_file_parse_ms":500,"run_id":"manual__2026-08-28T21:23:15.102320+00:00","map_index":-1,"try_number":1,"task_id":"process_observation_silver","ti_id":"01a04a41-664a-70ff-844e-064898bc1a2e","logger":"task","filename":"task_runner.py","lineno":1073}
{"timestamp":"2026-08-28T21:23:34.028353Z","level":"info","event":"::endgroup::","run_id":"manual__2026-08-28T21:23:15.102320+00:00","dag_id":"healthcare_pipeline","map_index":-1,"try_number":1,"task_id":"process_observation_silver","ti_id":"01a04a41-664a-70ff-844e-064898bc1a2e","logger":"task","filename":"task_runner.py","lineno":2232}
{"timestamp":"2026-08-28T21:23:36.105344Z","level":"info","event":":: loading settings :: url = jar:file:/home/airflow/.local/lib/python3.11/site-packages/pyspark/jars/ivy-2.5.3.jar!/org/apache/ivy/core/settings/ivysettings.xml","logger":"task.stdout"}
{"timestamp":"2026-08-28T21:23:36.214547Z","level":"error","event":"Ivy Default Cache set to: /home/airflow/.ivy2/cache","logger":"task.stderr"}
{"timestamp":"2026-08-28T21:23:36.220065Z","level":"error","event":"The jars for the packages stored in: /home/airflow/.ivy2/jars","logger":"task.stderr"}
{"timestamp":"2026-08-28T21:23:36.225701Z","level":"error","event":"io.delta#delta-spark_2.12 added as a dependency","logger":"task.stderr"}
{"timestamp":"2026-08-28T21:23:36.229379Z","level":"error","event":":: resolving dependencies :: org.apache.spark#spark-submit-parent-c3adc832-d199-415a-be06-ec096da594a1;1.0","logger":"task.stderr"}
{"timestamp":"2026-08-28T21:23:36.232256Z","level":"error","event":"\tconfs: [default]","logger":"task.stderr"}
{"timestamp":"2026-08-28T21:23:36.452231Z","level":"error","event":"\tfound io.delta#delta-spark_2.12;3.3.2 in spark-list","logger":"task.stderr"}
{"timestamp":"2026-08-28T21:23:36.492075Z","level":"error","event":"\tfound io.delta#delta-storage;3.3.2 in central","logger":"task.stderr"}
{"timestamp":"2026-08-28T21:23:36.541428Z","level":"error","event":"\tfound org.antlr#antlr4-runtime;4.9.3 in central","logger":"task.stderr"}
{"timestamp":"2026-08-28T21:23:36.573736Z","level":"error","event":":: resolution report :: resolve 323ms :: artifacts dl 22ms","logger":"task.stderr"}
{"timestamp":"2026-08-28T21:23:36.578259Z","level":"error","event":"\t:: modules in use:","logger":"task.stderr"}
{"timestamp":"2026-08-28T21:23:36.592927Z","level":"error","event":"\tio.delta#delta-spark_2.12;3.3.2 from spark-list in [default]","logger":"task.stderr"}
{"timestamp":"2026-08-28T21:23:36.598599Z","level":"error","event":"\tio.delta#delta-storage;3.3.2 from central in [default]","logger":"task.stderr"}
{"timestamp":"2026-08-28T21:23:36.600700Z","level":"error","event":"\torg.antlr#antlr4-runtime;4.9.3 from central in [default]","logger":"task.stderr"}
{"timestamp":"2026-08-28T21:23:36.605405Z","level":"error","event":"\t---------------------------------------------------------------------","logger":"task.stderr"}
{"timestamp":"2026-08-28T21:23:36.616696Z","level":"error","event":"\t|                  |            modules            ||   artifacts   |","logger":"task.stderr"}
{"timestamp":"2026-08-28T21:23:36.620333Z","level":"error","event":"\t|       conf       | number| search|dwnlded|evicted|| number|dwnlded|","logger":"task.stderr"}
{"timestamp":"2026-08-28T21:23:36.624149Z","level":"error","event":"\t---------------------------------------------------------------------","logger":"task.stderr"}
{"timestamp":"2026-08-28T21:23:36.625723Z","level":"error","event":"\t|      default     |   3   |   0   |   0   |   0   ||   3   |   0   |","logger":"task.stderr"}
{"timestamp":"2026-08-28T21:23:36.630026Z","level":"error","event":"\t---------------------------------------------------------------------","logger":"task.stderr"}
{"timestamp":"2026-08-28T21:23:36.632711Z","level":"error","event":":: retrieving :: org.apache.spark#spark-submit-parent-c3adc832-d199-415a-be06-ec096da594a1","logger":"task.stderr"}
{"timestamp":"2026-08-28T21:23:36.636045Z","level":"error","event":"\tconfs: [default]","logger":"task.stderr"}
{"timestamp":"2026-08-28T21:23:36.638550Z","level":"error","event":"\t0 artifacts copied, 3 already retrieved (0kB/21ms)","logger":"task.stderr"}
{"timestamp":"2026-08-28T21:23:37.037397Z","level":"error","event":"26/08/28 21:23:37 WARN NativeCodeLoader: Unable to load native-hadoop library for your platform... using builtin-java classes where applicable","logger":"task.stderr"}
{"timestamp":"2026-08-28T21:23:37.470220Z","level":"error","event":"Setting default log level to \"WARN\".","logger":"task.stderr"}
{"timestamp":"2026-08-28T21:23:37.474393Z","level":"error","event":"To adjust logging level use sc.setLogLevel(newLevel). For SparkR, use setLogLevel(newLevel).","logger":"task.stderr"}
{"timestamp":"2026-08-28T21:23:49.383405Z","level":"error","event":"26/08/28 21:23:49 WARN SparkStringUtils: Truncated the string representation of a plan since it was too large. This behavior can be adjusted by setting 'spark.sql.debug.maxToStringFields'.","logger":"task.stderr"}
{"timestamp":"2026-08-28T21:24:31.960842Z","level":"info","event":"","logger":"task.stdout"}
{"timestamp":"2026-08-28T21:24:31.985424Z","level":"info","event":"Observation Silver","logger":"task.stdout"}
{"timestamp":"2026-08-28T21:24:31.991650Z","level":"info","event":"------------------","logger":"task.stdout"}
{"timestamp":"2026-08-28T21:24:31.998503Z","level":"info","event":"New Bronze rows: 0","logger":"task.stdout"}
{"timestamp":"2026-08-28T21:24:32.005642Z","level":"info","event":"Rows to merge: 0","logger":"task.stdout"}
{"timestamp":"2026-08-28T21:24:32.010666Z","level":"info","event":"Status: NO NEW DATA","logger":"task.stdout"}
{"timestamp":"2026-08-28T21:24:33.716858Z","level":"info","event":"Done. Returned value was: None","run_id":"manual__2026-08-28T21:23:15.102320+00:00","dag_id":"healthcare_pipeline","map_index":-1,"try_number":1,"task_id":"process_observation_silver","ti_id":"01a04a41-664a-70ff-844e-064898bc1a2e","logger":"airflow.task.operators.airflow.providers.standard.decorators.python._PythonDecoratedOperator","filename":"python.py","lineno":233}
{"timestamp":"2026-08-28T21:24:33.779237Z","level":"info","event":"::group::Post Execute","run_id":"manual__2026-08-28T21:23:15.102320+00:00","dag_id":"healthcare_pipeline","map_index":-1,"try_number":1,"task_id":"process_observation_silver","ti_id":"01a04a41-664a-70ff-844e-064898bc1a2e","logger":"task","filename":"task_runner.py","lineno":1580}
{"timestamp":"2026-08-28T21:24:34.282769Z","level":"info","event":"::endgroup::","run_id":"manual__2026-08-28T21:23:15.102320+00:00","dag_id":"healthcare_pipeline","map_index":-1,"try_number":1,"task_id":"process_observation_silver","ti_id":"01a04a41-664a-70ff-844e-064898bc1a2e","logger":"task","filename":"task_runner.py","lineno":2379}
{"timestamp":"2026-08-28T21:24:37.214794Z","level":"error","event":"\r[Stage 0:>                                                          (0 + 4) / 4]\r\r[Stage 0:==============>                                            (1 + 3) / 4]\r\r[Stage 2:>                                                         (0 + 8) / 50]\r\r[Stage 2:==>                                                       (2 + 9) / 50]\r\r[Stage 2:=========>                                                (8 + 8) / 50]\r\r[Stage 2:=================>                                       (15 + 8) / 50]\r\r[Stage 2:==================>                                      (16 + 8) / 50]\r\r[Stage 2:==================>                                      (16 + 9) / 50]\r\r[Stage 2:==========================>                              (23 + 8) / 50]\r\r[Stage 2:===========================>                             (24 + 8) / 50]\r\r[Stage 2:============================>                            (25 + 8) / 50]\r\r[Stage 2:=================================>                       (29 + 8) / 50]\r\r[Stage 2:==================================>                      (30 + 9) / 50]\r\r[Stage 2:=====================================>                   (33 + 8) / 50]\r\r[Stage 2:======================================>                  (34 + 8) / 50]\r\r[Stage 2:==========================================>              (37 + 8) / 50]\r\r[Stage 2:=============================================>           (40 + 8) / 50]\r\r[Stage 2:===============================================>         (42 + 8) / 50]\r\r[Stage 2:==================================================>      (44 + 6) / 50]\r\r[Stage 2:====================================================>    (46 + 4) / 50]\r\r[Stage 2:======================================================>  (48 + 2) / 50]\r\r[Stage 5:>                                                          (0 + 1) / 1]\r\r                                                                                \r\r[Stage 7:>                                                         (0 + 8) / 50]\r\r[Stage 7:==>                                                      (2 + 13) / 50]\r\r[Stage 7:==================>                                      (16 + 8) / 50]\r\r[Stage 7:=====================================>                   (33 + 8) / 50]\r\r[Stage 7:=====================================================>   (47 + 3) / 50]\r\r                                                                                \r\r[Stage 8:>                                                          (0 + 3) / 3]\r\r                                                                                \r\r[Stage 13:>                                                        (0 + 8) / 50]\r\r[Stage 13:=========>                                               (8 + 8) / 50]\r\r[Stage 13:============>                                           (11 + 8) / 50]\r\r[Stage 13:==============>                                         (13 + 8) / 50]\r\r[Stage 13:=================>                                      (16 + 8) / 50]\r\r[Stage 13:====================>                                   (18 + 8) / 50]\r\r[Stage 13:=========================>                              (23 + 8) / 50]\r\r[Stage 13:============================>                           (25 + 8) / 50]\r\r[Stage 13:==================================>                     (31 + 8) / 50]\r\r[Stage 13:=========================================>              (37 + 8) / 50]\r\r[Stage 13:================================================>       (43 + 7) / 50]\r\r                                                                                \r\r[Stage 14:================================================>         (5 + 1) / 6]","logger":"task.stderr"}
