{"timestamp":"2026-09-07T02:06:59.791669Z","level":"info","event":"::group::Pre Execute","logger":"task","filename":"task_runner.py","lineno":2412}
{"timestamp":"2026-09-07T02:06:59.815588Z","level":"info","event":"DAG bundles loaded: dags-folder","task_id":"extract_fhir_resources","ti_id":"01a0799e-641d-787c-abc9-d8d2834751ec","run_id":"manual__2026-09-07T02:06:58.538323+00:00","dag_id":"healthcare_pipeline","map_index":-1,"try_number":1,"logger":"airflow.dag_processing.bundles.manager.DagBundlesManager","filename":"manager.py","lineno":304}
{"timestamp":"2026-09-07T02:06:59.817653Z","level":"info","event":"Filling up the DagBag from /opt/airflow/dags/healthcare_pipeline.py","task_id":"extract_fhir_resources","ti_id":"01a0799e-641d-787c-abc9-d8d2834751ec","run_id":"manual__2026-09-07T02:06:58.538323+00:00","dag_id":"healthcare_pipeline","map_index":-1,"try_number":1,"logger":"airflow.dag_processing.dagbag.BundleDagBag","filename":"dagbag.py","lineno":460}
{"timestamp":"2026-09-07T02:07:00.804326Z","level":"info","event":"Worker startup parse complete","bundle_name":"dags-folder","bundle_version":null,"dag_file":"healthcare_pipeline.py","dag_id":"healthcare_pipeline","bundle_prepare_ms":6,"dag_file_parse_ms":987,"task_id":"extract_fhir_resources","ti_id":"01a0799e-641d-787c-abc9-d8d2834751ec","run_id":"manual__2026-09-07T02:06:58.538323+00:00","map_index":-1,"try_number":1,"logger":"task","filename":"task_runner.py","lineno":1073}
{"timestamp":"2026-09-07T02:07:00.831028Z","level":"info","event":"::endgroup::","task_id":"extract_fhir_resources","ti_id":"01a0799e-641d-787c-abc9-d8d2834751ec","run_id":"manual__2026-09-07T02:06:58.538323+00:00","dag_id":"healthcare_pipeline","map_index":-1,"try_number":1,"logger":"task","filename":"task_runner.py","lineno":2232}
{"timestamp":"2026-09-07T02:07:00.833304Z","level":"info","event":"Extracting Patient...","logger":"task.stdout"}
{"timestamp":"2026-09-07T02:07:00.839701Z","level":"info","event":"Extracting Patient with params: {'_count': 100, '_lastUpdated': 'gt2026-09-07T01:54:18Z'}","logger":"task.stdout"}
{"timestamp":"2026-09-07T02:07:00.928088Z","level":"info","event":"No new or updated Patient resources.","logger":"task.stdout"}
{"timestamp":"2026-09-07T02:07:00.939602Z","level":"info","event":"Extracting Encounter...","logger":"task.stdout"}
{"timestamp":"2026-09-07T02:07:00.947536Z","level":"info","event":"Extracting Encounter with params: {'_count': 100, '_lastUpdated': 'gt2026-09-07T01:54:18Z'}","logger":"task.stdout"}
{"timestamp":"2026-09-07T02:07:00.966739Z","level":"info","event":"No new or updated Encounter resources.","logger":"task.stdout"}
{"timestamp":"2026-09-07T02:07:00.979677Z","level":"info","event":"Extracting Condition...","logger":"task.stdout"}
{"timestamp":"2026-09-07T02:07:00.987443Z","level":"info","event":"Extracting Condition with params: {'_count': 100, '_lastUpdated': 'gt2026-09-07T01:54:18Z'}","logger":"task.stdout"}
{"timestamp":"2026-09-07T02:07:01.004263Z","level":"info","event":"No new or updated Condition resources.","logger":"task.stdout"}
{"timestamp":"2026-09-07T02:07:01.015673Z","level":"info","event":"Extracting Observation...","logger":"task.stdout"}
{"timestamp":"2026-09-07T02:07:01.023572Z","level":"info","event":"Extracting Observation with params: {'_count': 100, '_lastUpdated': 'gt2026-09-07T01:54:18Z'}","logger":"task.stdout"}
{"timestamp":"2026-09-07T02:07:01.041480Z","level":"info","event":"No new or updated Observation resources.","logger":"task.stdout"}
{"timestamp":"2026-09-07T02:07:01.052002Z","level":"info","event":"Extracting MedicationRequest...","logger":"task.stdout"}
{"timestamp":"2026-09-07T02:07:01.057363Z","level":"info","event":"Extracting MedicationRequest with params: {'_count': 100, '_lastUpdated': 'gt2026-09-07T01:54:18Z'}","logger":"task.stdout"}
{"timestamp":"2026-09-07T02:07:01.072356Z","level":"info","event":"No new or updated MedicationRequest resources.","logger":"task.stdout"}
{"timestamp":"2026-09-07T02:07:01.087670Z","level":"info","event":"Extracting DocumentReference...","logger":"task.stdout"}
{"timestamp":"2026-09-07T02:07:01.095512Z","level":"info","event":"Extracting DocumentReference with params: {'_count': 100, '_lastUpdated': 'gt2026-09-07T01:54:18Z'}","logger":"task.stdout"}
{"timestamp":"2026-09-07T02:07:01.297262Z","level":"info","event":"Retrieved 1 DocumentReference resources. Saved to /opt/airflow/project/data/bronze/documentreference/2026-09-07/20260907T020701Z/bundle.json","logger":"task.stdout"}
{"timestamp":"2026-09-07T02:07:01.308177Z","level":"info","event":"Done. Returned value was: None","task_id":"extract_fhir_resources","ti_id":"01a0799e-641d-787c-abc9-d8d2834751ec","run_id":"manual__2026-09-07T02:06:58.538323+00:00","dag_id":"healthcare_pipeline","map_index":-1,"try_number":1,"logger":"airflow.task.operators.airflow.providers.standard.decorators.python._PythonDecoratedOperator","filename":"python.py","lineno":233}
{"timestamp":"2026-09-07T02:07:01.308383Z","level":"info","event":"::group::Post Execute","task_id":"extract_fhir_resources","ti_id":"01a0799e-641d-787c-abc9-d8d2834751ec","run_id":"manual__2026-09-07T02:06:58.538323+00:00","dag_id":"healthcare_pipeline","map_index":-1,"try_number":1,"logger":"task","filename":"task_runner.py","lineno":1580}
{"timestamp":"2026-09-07T02:07:01.327258Z","level":"info","event":"::endgroup::","task_id":"extract_fhir_resources","ti_id":"01a0799e-641d-787c-abc9-d8d2834751ec","run_id":"manual__2026-09-07T02:06:58.538323+00:00","dag_id":"healthcare_pipeline","map_index":-1,"try_number":1,"logger":"task","filename":"task_runner.py","lineno":2379}
