{"timestamp":"2026-08-29T01:39:59.767383Z","level":"info","event":"::group::Pre Execute","logger":"task","filename":"task_runner.py","lineno":2412}
{"timestamp":"2026-08-29T01:39:59.786531Z","level":"info","event":"DAG bundles loaded: dags-folder","task_id":"process_gold_patient_latest_vitals","run_id":"manual__2026-08-29T00:43:16.241480+00:00","map_index":-1,"try_number":5,"ti_id":"01a04b2c-23ec-72a9-8b5d-2ec0c69fdafa","dag_id":"healthcare_pipeline","logger":"airflow.dag_processing.bundles.manager.DagBundlesManager","filename":"manager.py","lineno":304}
{"timestamp":"2026-08-29T01:39:59.788030Z","level":"info","event":"Filling up the DagBag from /opt/airflow/dags/healthcare_pipeline.py","task_id":"process_gold_patient_latest_vitals","run_id":"manual__2026-08-29T00:43:16.241480+00:00","map_index":-1,"try_number":5,"ti_id":"01a04b2c-23ec-72a9-8b5d-2ec0c69fdafa","dag_id":"healthcare_pipeline","logger":"airflow.dag_processing.dagbag.BundleDagBag","filename":"dagbag.py","lineno":460}
{"timestamp":"2026-08-29T01:40:00.372834Z","level":"info","event":"Worker startup parse complete","bundle_name":"dags-folder","bundle_version":null,"dag_file":"healthcare_pipeline.py","dag_id":"healthcare_pipeline","bundle_prepare_ms":5,"dag_file_parse_ms":584,"task_id":"process_gold_patient_latest_vitals","run_id":"manual__2026-08-29T00:43:16.241480+00:00","map_index":-1,"try_number":5,"ti_id":"01a04b2c-23ec-72a9-8b5d-2ec0c69fdafa","logger":"task","filename":"task_runner.py","lineno":1073}
{"timestamp":"2026-08-29T01:40:00.413322Z","level":"info","event":"::endgroup::","task_id":"process_gold_patient_latest_vitals","run_id":"manual__2026-08-29T00:43:16.241480+00:00","map_index":-1,"try_number":5,"ti_id":"01a04b2c-23ec-72a9-8b5d-2ec0c69fdafa","dag_id":"healthcare_pipeline","logger":"task","filename":"task_runner.py","lineno":2232}
{"timestamp":"2026-08-29T01:40:02.349505Z","level":"info","event":":: loading settings :: url = jar:file:/home/airflow/.local/lib/python3.11/site-packages/pyspark/jars/ivy-2.5.3.jar!/org/apache/ivy/core/settings/ivysettings.xml","logger":"task.stdout"}
{"timestamp":"2026-08-29T01:40:02.453110Z","level":"error","event":"Ivy Default Cache set to: /home/airflow/.ivy2/cache","logger":"task.stderr"}
{"timestamp":"2026-08-29T01:40:02.455279Z","level":"error","event":"The jars for the packages stored in: /home/airflow/.ivy2/jars","logger":"task.stderr"}
{"timestamp":"2026-08-29T01:40:02.463469Z","level":"error","event":"io.delta#delta-spark_2.12 added as a dependency","logger":"task.stderr"}
{"timestamp":"2026-08-29T01:40:02.467600Z","level":"error","event":":: resolving dependencies :: org.apache.spark#spark-submit-parent-e86a1771-3113-4cc2-823d-f17708297a90;1.0","logger":"task.stderr"}
{"timestamp":"2026-08-29T01:40:02.469529Z","level":"error","event":"\tconfs: [default]","logger":"task.stderr"}
{"timestamp":"2026-08-29T01:40:02.677266Z","level":"error","event":"\tfound io.delta#delta-spark_2.12;3.3.2 in spark-list","logger":"task.stderr"}
{"timestamp":"2026-08-29T01:40:02.711837Z","level":"error","event":"\tfound io.delta#delta-storage;3.3.2 in central","logger":"task.stderr"}
{"timestamp":"2026-08-29T01:40:02.741617Z","level":"error","event":"\tfound org.antlr#antlr4-runtime;4.9.3 in spark-list","logger":"task.stderr"}
{"timestamp":"2026-08-29T01:40:02.758236Z","level":"error","event":":: resolution report :: resolve 285ms :: artifacts dl 7ms","logger":"task.stderr"}
{"timestamp":"2026-08-29T01:40:02.761215Z","level":"error","event":"\t:: modules in use:","logger":"task.stderr"}
{"timestamp":"2026-08-29T01:40:02.766182Z","level":"error","event":"\tio.delta#delta-spark_2.12;3.3.2 from spark-list in [default]","logger":"task.stderr"}
{"timestamp":"2026-08-29T01:40:02.769323Z","level":"error","event":"\tio.delta#delta-storage;3.3.2 from central in [default]","logger":"task.stderr"}
{"timestamp":"2026-08-29T01:40:02.772171Z","level":"error","event":"\torg.antlr#antlr4-runtime;4.9.3 from spark-list in [default]","logger":"task.stderr"}
{"timestamp":"2026-08-29T01:40:02.774162Z","level":"error","event":"\t---------------------------------------------------------------------","logger":"task.stderr"}
{"timestamp":"2026-08-29T01:40:02.777989Z","level":"error","event":"\t|                  |            modules            ||   artifacts   |","logger":"task.stderr"}
{"timestamp":"2026-08-29T01:40:02.780978Z","level":"error","event":"\t|       conf       | number| search|dwnlded|evicted|| number|dwnlded|","logger":"task.stderr"}
{"timestamp":"2026-08-29T01:40:02.784590Z","level":"error","event":"\t---------------------------------------------------------------------","logger":"task.stderr"}
{"timestamp":"2026-08-29T01:40:02.787486Z","level":"error","event":"\t|      default     |   3   |   0   |   0   |   0   ||   3   |   0   |","logger":"task.stderr"}
{"timestamp":"2026-08-29T01:40:02.792283Z","level":"error","event":"\t---------------------------------------------------------------------","logger":"task.stderr"}
{"timestamp":"2026-08-29T01:40:02.798221Z","level":"error","event":"","logger":"task.stderr"}
{"timestamp":"2026-08-29T01:40:02.804961Z","level":"error","event":":: problems summary ::","logger":"task.stderr"}
{"timestamp":"2026-08-29T01:40:02.806756Z","level":"error","event":":::: ERRORS","logger":"task.stderr"}
{"timestamp":"2026-08-29T01:40:02.809179Z","level":"error","event":"\tunknown resolver null","logger":"task.stderr"}
{"timestamp":"2026-08-29T01:40:02.812173Z","level":"error","event":"","logger":"task.stderr"}
{"timestamp":"2026-08-29T01:40:02.814954Z","level":"error","event":"\tunknown resolver null","logger":"task.stderr"}
{"timestamp":"2026-08-29T01:40:02.818332Z","level":"error","event":"","logger":"task.stderr"}
{"timestamp":"2026-08-29T01:40:02.820823Z","level":"error","event":"","logger":"task.stderr"}
{"timestamp":"2026-08-29T01:40:02.824256Z","level":"error","event":":: USE VERBOSE OR DEBUG MESSAGE LEVEL FOR MORE DETAILS","logger":"task.stderr"}
{"timestamp":"2026-08-29T01:40:02.829244Z","level":"error","event":":: retrieving :: org.apache.spark#spark-submit-parent-e86a1771-3113-4cc2-823d-f17708297a90","logger":"task.stderr"}
{"timestamp":"2026-08-29T01:40:02.831324Z","level":"error","event":"\tconfs: [default]","logger":"task.stderr"}
{"timestamp":"2026-08-29T01:40:02.835351Z","level":"error","event":"\t0 artifacts copied, 3 already retrieved (0kB/14ms)","logger":"task.stderr"}
{"timestamp":"2026-08-29T01:40:03.174010Z","level":"error","event":"26/08/29 01:40:03 WARN NativeCodeLoader: Unable to load native-hadoop library for your platform... using builtin-java classes where applicable","logger":"task.stderr"}
{"timestamp":"2026-08-29T01:40:03.562210Z","level":"error","event":"Setting default log level to \"WARN\".","logger":"task.stderr"}
{"timestamp":"2026-08-29T01:40:03.565305Z","level":"error","event":"To adjust logging level use sc.setLogLevel(newLevel). For SparkR, use setLogLevel(newLevel).","logger":"task.stderr"}
{"timestamp":"2026-08-29T01:40:14.234516Z","level":"error","event":"26/08/29 01:40:14 WARN SparkStringUtils: Truncated the string representation of a plan since it was too large. This behavior can be adjusted by setting 'spark.sql.debug.maxToStringFields'.","logger":"task.stderr"}
{"timestamp":"2026-08-29T01:40:47.232711Z","level":"info","event":"+----------+----------+------+---------+---------+-----+----------+----------------+-----------+------------+","logger":"task.stdout"}
{"timestamp":"2026-08-29T01:40:47.244278Z","level":"info","event":"|patient_id|birth_date|gender|height_cm|weight_kg|bmi  |heart_rate|respiratory_rate|systolic_bp|diastolic_bp|","logger":"task.stdout"}
{"timestamp":"2026-08-29T01:40:47.246315Z","level":"info","event":"+----------+----------+------+---------+---------+-----+----------+----------------+-----------+------------+","logger":"task.stdout"}
{"timestamp":"2026-08-29T01:40:47.255706Z","level":"info","event":"|10627     |1978-10-20|female|148.2    |67.4     |30.69|97.0      |15.0            |122.0      |80.0        |","logger":"task.stdout"}
{"timestamp":"2026-08-29T01:40:47.258667Z","level":"info","event":"|10940     |1951-08-28|female|160.5    |70.3     |27.29|69.0      |16.0            |134.0      |64.0        |","logger":"task.stdout"}
{"timestamp":"2026-08-29T01:40:47.266152Z","level":"info","event":"|12069     |2019-12-30|female|113.9    |21.7     |16.72|93.0      |15.0            |133.0      |93.0        |","logger":"task.stdout"}
{"timestamp":"2026-08-29T01:40:47.270196Z","level":"info","event":"|12497     |1993-08-01|male  |166.8    |77.3     |27.77|73.0      |15.0            |130.0      |85.0        |","logger":"task.stdout"}
{"timestamp":"2026-08-29T01:40:47.272550Z","level":"info","event":"|186568    |2015-11-01|female|141.0    |43.5     |21.88|64.0      |15.0            |127.0      |90.0        |","logger":"task.stdout"}
{"timestamp":"2026-08-29T01:40:47.274461Z","level":"info","event":"|186886    |2015-11-01|female|141.0    |43.5     |21.88|64.0      |15.0            |127.0      |90.0        |","logger":"task.stdout"}
{"timestamp":"2026-08-29T01:40:47.277392Z","level":"info","event":"|186935    |2012-07-02|male  |164.7    |61.6     |22.72|84.0      |14.0            |126.0      |84.0        |","logger":"task.stdout"}
{"timestamp":"2026-08-29T01:40:47.279297Z","level":"info","event":"|187253    |2012-07-02|male  |164.7    |61.6     |22.72|84.0      |14.0            |126.0      |84.0        |","logger":"task.stdout"}
{"timestamp":"2026-08-29T01:40:47.281575Z","level":"info","event":"|187279    |1944-05-21|female|158.5    |69.6     |27.7 |95.0      |15.0            |77.0       |75.0        |","logger":"task.stdout"}
{"timestamp":"2026-08-29T01:40:47.284478Z","level":"info","event":"|187597    |1944-05-21|female|158.5    |69.6     |27.7 |95.0      |15.0            |77.0       |75.0        |","logger":"task.stdout"}
{"timestamp":"2026-08-29T01:40:47.287084Z","level":"info","event":"|189026    |1996-08-27|male  |178.8    |82.6     |25.82|82.0      |14.0            |129.0      |78.0        |","logger":"task.stdout"}
{"timestamp":"2026-08-29T01:40:47.289175Z","level":"info","event":"|189344    |1996-08-27|male  |178.8    |82.6     |25.82|82.0      |14.0            |129.0      |78.0        |","logger":"task.stdout"}
{"timestamp":"2026-08-29T01:40:47.291367Z","level":"info","event":"|189697    |2016-12-30|male  |140.0    |36.0     |18.4 |98.0      |15.0            |115.0      |87.0        |","logger":"task.stdout"}
{"timestamp":"2026-08-29T01:40:47.295276Z","level":"info","event":"|190015    |2016-12-30|male  |140.0    |36.0     |18.4 |98.0      |15.0            |115.0      |87.0        |","logger":"task.stdout"}
{"timestamp":"2026-08-29T01:40:47.299403Z","level":"info","event":"|190188    |1979-10-13|male  |165.7    |75.6     |27.54|70.0      |15.0            |99.0       |72.0        |","logger":"task.stdout"}
{"timestamp":"2026-08-29T01:40:47.302153Z","level":"info","event":"|190506    |1979-10-13|male  |165.7    |75.6     |27.54|70.0      |15.0            |99.0       |72.0        |","logger":"task.stdout"}
{"timestamp":"2026-08-29T01:40:47.304638Z","level":"info","event":"|190589    |1963-07-28|male  |170.0    |87.0     |30.1 |75.0      |14.0            |125.0      |81.0        |","logger":"task.stdout"}
{"timestamp":"2026-08-29T01:40:47.309437Z","level":"info","event":"|190907    |1963-07-28|male  |170.0    |87.0     |30.1 |75.0      |14.0            |125.0      |81.0        |","logger":"task.stdout"}
{"timestamp":"2026-08-29T01:40:47.312464Z","level":"info","event":"|191334    |1929-08-20|female|165.0    |75.6     |27.77|61.0      |14.0            |113.0      |82.0        |","logger":"task.stdout"}
{"timestamp":"2026-08-29T01:40:47.315004Z","level":"info","event":"|191652    |1929-08-20|female|165.0    |75.6     |27.77|61.0      |14.0            |113.0      |82.0        |","logger":"task.stdout"}
{"timestamp":"2026-08-29T01:40:47.317034Z","level":"info","event":"+----------+----------+------+---------+---------+-----+----------+----------------+-----------+------------+","logger":"task.stdout"}
{"timestamp":"2026-08-29T01:40:47.319627Z","level":"info","event":"only showing top 20 rows","logger":"task.stdout"}
{"timestamp":"2026-08-29T01:40:47.321761Z","level":"info","event":"","logger":"task.stdout"}
{"timestamp":"2026-08-29T01:41:07.741112Z","level":"info","event":"Gold patient vital rows: 75","logger":"task.stdout"}
{"timestamp":"2026-08-29T01:41:08.629071Z","level":"info","event":"Done. Returned value was: None","task_id":"process_gold_patient_latest_vitals","run_id":"manual__2026-08-29T00:43:16.241480+00:00","map_index":-1,"try_number":5,"ti_id":"01a04b2c-23ec-72a9-8b5d-2ec0c69fdafa","dag_id":"healthcare_pipeline","logger":"airflow.task.operators.airflow.providers.standard.decorators.python._PythonDecoratedOperator","filename":"python.py","lineno":233}
{"timestamp":"2026-08-29T01:41:08.656469Z","level":"info","event":"::group::Post Execute","task_id":"process_gold_patient_latest_vitals","run_id":"manual__2026-08-29T00:43:16.241480+00:00","map_index":-1,"try_number":5,"ti_id":"01a04b2c-23ec-72a9-8b5d-2ec0c69fdafa","dag_id":"healthcare_pipeline","logger":"task","filename":"task_runner.py","lineno":1580}
{"timestamp":"2026-08-29T01:41:08.932161Z","level":"info","event":"::endgroup::","task_id":"process_gold_patient_latest_vitals","run_id":"manual__2026-08-29T00:43:16.241480+00:00","map_index":-1,"try_number":5,"ti_id":"01a04b2c-23ec-72a9-8b5d-2ec0c69fdafa","dag_id":"healthcare_pipeline","logger":"task","filename":"task_runner.py","lineno":2379}
{"timestamp":"2026-08-29T01:41:12.064748Z","level":"error","event":"\r[Stage 0:>                                                          (0 + 6) / 6]\r\r[Stage 2:>                                                         (0 + 8) / 50]\r\r[Stage 2:======>                                                   (6 + 8) / 50]\r\r[Stage 2:==========>                                               (9 + 8) / 50]\r\r[Stage 2:===============>                                         (14 + 8) / 50]\r\r[Stage 2:=================>                                       (15 + 8) / 50]\r\r[Stage 2:======================>                                  (20 + 8) / 50]\r\r[Stage 2:============================>                            (25 + 8) / 50]\r\r[Stage 2:==============================>                          (27 + 8) / 50]\r\r[Stage 2:==================================>                      (30 + 8) / 50]\r\r[Stage 2:=======================================>                 (35 + 8) / 50]\r\r[Stage 2:===========================================>             (38 + 8) / 50]\r\r[Stage 2:===============================================>         (42 + 8) / 50]\r\r[Stage 2:===================================================>     (45 + 5) / 50]\r\r[Stage 2:======================================================>  (48 + 2) / 50]\r\r                                                                                \r\r[Stage 4:>                                                         (0 + 8) / 50]\r\r[Stage 4:>                                                        (0 + 10) / 50]\r\r[Stage 4:=========>                                                (8 + 8) / 50]\r\r[Stage 4:===================>                                     (17 + 8) / 50]\r\r[Stage 4:=============================>                           (26 + 8) / 50]\r\r[Stage 4:======================================>                  (34 + 8) / 50]\r\r[Stage 4:=====================================================>   (47 + 3) / 50]\r\r                                                                                \r\r[Stage 10:>                                                       (0 + 11) / 50]\r\r[Stage 10:======>                                                  (6 + 9) / 50]\r\r[Stage 10:==============>                                         (13 + 8) / 50]\r\r[Stage 10:=================>                                      (16 + 8) / 50]\r\r[Stage 10:==========================>                             (24 + 8) / 50]\r\r[Stage 10:=================================>                      (30 + 8) / 50]\r\r[Stage 10:==========================================>             (38 + 8) / 50]\r\r[Stage 10:==================================================>     (45 + 5) / 50]\r\r                                                                                \r\r[Stage 11:>                                                         (0 + 4) / 4]\r\r[Stage 13:>                                                         (0 + 1) / 1]\r\r[Stage 16:>                                                         (0 + 1) / 1]\r\r                                                                                \r\r[Stage 24:==========>                                              (9 + 8) / 50]\r\r[Stage 24:================>                                       (15 + 8) / 50]\r\r[Stage 24:===================>                                    (17 + 8) / 50]\r\r[Stage 24:=========================>                              (23 + 8) / 50]\r\r[Stage 24:==================================>                     (31 + 8) / 50]\r\r[Stage 24:=========================================>              (37 + 8) / 50]\r\r[Stage 24:======================================================> (49 + 1) / 50]\r\r                                                                                \r\r[Stage 29:===================>                                    (17 + 8) / 50]\r\r[Stage 29:================================================>       (43 + 7) / 50]\r\r                                                                                \r\r[Stage 31:======================================================> (49 + 1) / 50]\r\r                                                                                \r\r[Stage 34:>                                                         (0 + 1) / 1]\r\r                                                                                \r\r[Stage 42:>                                                         (0 + 2) / 2]\r\r                                                                                \r\r[Stage 46:=======================>                                (21 + 8) / 50]\r\r[Stage 46:===================================>                    (32 + 8) / 50]\r\r[Stage 46:==========================================>             (38 + 9) / 50]","logger":"task.stderr"}
