{"timestamp":"2026-08-29T01:36:47.936811Z","level":"info","event":"::group::Pre Execute","logger":"task","filename":"task_runner.py","lineno":2412}
{"timestamp":"2026-08-29T01:36:47.972994Z","level":"info","event":"DAG bundles loaded: dags-folder","map_index":-1,"try_number":4,"run_id":"manual__2026-08-29T00:43:16.241480+00:00","task_id":"process_gold_patient_latest_vitals","ti_id":"01a04b29-3d07-737e-8627-5d90c4b53aa3","dag_id":"healthcare_pipeline","logger":"airflow.dag_processing.bundles.manager.DagBundlesManager","filename":"manager.py","lineno":304}
{"timestamp":"2026-08-29T01:36:47.974933Z","level":"info","event":"Filling up the DagBag from /opt/airflow/dags/healthcare_pipeline.py","map_index":-1,"try_number":4,"run_id":"manual__2026-08-29T00:43:16.241480+00:00","task_id":"process_gold_patient_latest_vitals","ti_id":"01a04b29-3d07-737e-8627-5d90c4b53aa3","dag_id":"healthcare_pipeline","logger":"airflow.dag_processing.dagbag.BundleDagBag","filename":"dagbag.py","lineno":460}
{"timestamp":"2026-08-29T01:36:48.506523Z","level":"info","event":"Worker startup parse complete","bundle_name":"dags-folder","bundle_version":null,"dag_file":"healthcare_pipeline.py","dag_id":"healthcare_pipeline","bundle_prepare_ms":4,"dag_file_parse_ms":532,"map_index":-1,"try_number":4,"run_id":"manual__2026-08-29T00:43:16.241480+00:00","task_id":"process_gold_patient_latest_vitals","ti_id":"01a04b29-3d07-737e-8627-5d90c4b53aa3","logger":"task","filename":"task_runner.py","lineno":1073}
{"timestamp":"2026-08-29T01:36:48.539558Z","level":"info","event":"::endgroup::","map_index":-1,"try_number":4,"run_id":"manual__2026-08-29T00:43:16.241480+00:00","task_id":"process_gold_patient_latest_vitals","ti_id":"01a04b29-3d07-737e-8627-5d90c4b53aa3","dag_id":"healthcare_pipeline","logger":"task","filename":"task_runner.py","lineno":2232}
{"timestamp":"2026-08-29T01:36:50.212410Z","level":"info","event":":: loading settings :: url = jar:file:/home/airflow/.local/lib/python3.11/site-packages/pyspark/jars/ivy-2.5.3.jar!/org/apache/ivy/core/settings/ivysettings.xml","logger":"task.stdout"}
{"timestamp":"2026-08-29T01:36:50.301306Z","level":"error","event":"Ivy Default Cache set to: /home/airflow/.ivy2/cache","logger":"task.stderr"}
{"timestamp":"2026-08-29T01:36:50.304636Z","level":"error","event":"The jars for the packages stored in: /home/airflow/.ivy2/jars","logger":"task.stderr"}
{"timestamp":"2026-08-29T01:36:50.309110Z","level":"error","event":"io.delta#delta-spark_2.12 added as a dependency","logger":"task.stderr"}
{"timestamp":"2026-08-29T01:36:50.311617Z","level":"error","event":":: resolving dependencies :: org.apache.spark#spark-submit-parent-cfae5b3a-490c-4fd7-8a5b-5eb153c0848a;1.0","logger":"task.stderr"}
{"timestamp":"2026-08-29T01:36:50.315579Z","level":"error","event":"\tconfs: [default]","logger":"task.stderr"}
{"timestamp":"2026-08-29T01:36:50.602074Z","level":"error","event":"\tfound io.delta#delta-spark_2.12;3.3.2 in spark-list","logger":"task.stderr"}
{"timestamp":"2026-08-29T01:36:50.670494Z","level":"error","event":"\tfound io.delta#delta-storage;3.3.2 in central","logger":"task.stderr"}
{"timestamp":"2026-08-29T01:36:50.701506Z","level":"error","event":"\tfound org.antlr#antlr4-runtime;4.9.3 in spark-list","logger":"task.stderr"}
{"timestamp":"2026-08-29T01:36:50.757061Z","level":"error","event":":: resolution report :: resolve 407ms :: artifacts dl 40ms","logger":"task.stderr"}
{"timestamp":"2026-08-29T01:36:50.761595Z","level":"error","event":"\t:: modules in use:","logger":"task.stderr"}
{"timestamp":"2026-08-29T01:36:50.764342Z","level":"error","event":"\tio.delta#delta-spark_2.12;3.3.2 from spark-list in [default]","logger":"task.stderr"}
{"timestamp":"2026-08-29T01:36:50.765852Z","level":"error","event":"\tio.delta#delta-storage;3.3.2 from central in [default]","logger":"task.stderr"}
{"timestamp":"2026-08-29T01:36:50.768413Z","level":"error","event":"\torg.antlr#antlr4-runtime;4.9.3 from spark-list in [default]","logger":"task.stderr"}
{"timestamp":"2026-08-29T01:36:50.771095Z","level":"error","event":"\t---------------------------------------------------------------------","logger":"task.stderr"}
{"timestamp":"2026-08-29T01:36:50.776926Z","level":"error","event":"\t|                  |            modules            ||   artifacts   |","logger":"task.stderr"}
{"timestamp":"2026-08-29T01:36:50.780091Z","level":"error","event":"\t|       conf       | number| search|dwnlded|evicted|| number|dwnlded|","logger":"task.stderr"}
{"timestamp":"2026-08-29T01:36:50.782560Z","level":"error","event":"\t---------------------------------------------------------------------","logger":"task.stderr"}
{"timestamp":"2026-08-29T01:36:50.784601Z","level":"error","event":"\t|      default     |   3   |   0   |   0   |   0   ||   3   |   0   |","logger":"task.stderr"}
{"timestamp":"2026-08-29T01:36:50.790207Z","level":"error","event":"\t---------------------------------------------------------------------","logger":"task.stderr"}
{"timestamp":"2026-08-29T01:36:50.792873Z","level":"error","event":":: retrieving :: org.apache.spark#spark-submit-parent-cfae5b3a-490c-4fd7-8a5b-5eb153c0848a","logger":"task.stderr"}
{"timestamp":"2026-08-29T01:36:50.796340Z","level":"error","event":"\tconfs: [default]","logger":"task.stderr"}
{"timestamp":"2026-08-29T01:36:50.797781Z","level":"error","event":"\t0 artifacts copied, 3 already retrieved (0kB/19ms)","logger":"task.stderr"}
{"timestamp":"2026-08-29T01:36:51.160243Z","level":"error","event":"26/08/29 01:36:51 WARN NativeCodeLoader: Unable to load native-hadoop library for your platform... using builtin-java classes where applicable","logger":"task.stderr"}
{"timestamp":"2026-08-29T01:36:51.423262Z","level":"error","event":"Setting default log level to \"WARN\".","logger":"task.stderr"}
{"timestamp":"2026-08-29T01:36:51.426439Z","level":"error","event":"To adjust logging level use sc.setLogLevel(newLevel). For SparkR, use setLogLevel(newLevel).","logger":"task.stderr"}
{"timestamp":"2026-08-29T01:36:52.809400Z","level":"error","event":"26/08/29 01:36:52 WARN Utils: Service 'SparkUI' could not bind on port 4040. Attempting port 4041.","logger":"task.stderr"}
{"timestamp":"2026-08-29T01:36:52.813336Z","level":"error","event":"26/08/29 01:36:52 WARN Utils: Service 'SparkUI' could not bind on port 4041. Attempting port 4042.","logger":"task.stderr"}
{"timestamp":"2026-08-29T01:37:02.670607Z","level":"error","event":"26/08/29 01:37:02 WARN SparkStringUtils: Truncated the string representation of a plan since it was too large. This behavior can be adjusted by setting 'spark.sql.debug.maxToStringFields'.","logger":"task.stderr"}
{"timestamp":"2026-08-29T01:37:43.778412Z","level":"info","event":"+----------+----------+------+---------+---------+-----+----------+----------------+-----------+------------+","logger":"task.stdout"}
{"timestamp":"2026-08-29T01:37:43.793036Z","level":"info","event":"|patient_id|birth_date|gender|height_cm|weight_kg|bmi  |heart_rate|respiratory_rate|systolic_bp|diastolic_bp|","logger":"task.stdout"}
{"timestamp":"2026-08-29T01:37:43.824192Z","level":"info","event":"+----------+----------+------+---------+---------+-----+----------+----------------+-----------+------------+","logger":"task.stdout"}
{"timestamp":"2026-08-29T01:37:43.834052Z","level":"info","event":"|10627     |1978-10-20|female|148.2    |67.4     |30.69|97.0      |15.0            |122.0      |80.0        |","logger":"task.stdout"}
{"timestamp":"2026-08-29T01:37:43.845974Z","level":"info","event":"|10940     |1951-08-28|female|160.5    |70.3     |27.29|69.0      |16.0            |134.0      |64.0        |","logger":"task.stdout"}
{"timestamp":"2026-08-29T01:37:43.850293Z","level":"info","event":"|12069     |2019-12-30|female|113.9    |21.7     |16.72|93.0      |15.0            |133.0      |93.0        |","logger":"task.stdout"}
{"timestamp":"2026-08-29T01:37:43.857780Z","level":"info","event":"|12497     |1993-08-01|male  |166.8    |77.3     |27.77|73.0      |15.0            |130.0      |85.0        |","logger":"task.stdout"}
{"timestamp":"2026-08-29T01:37:43.862932Z","level":"info","event":"|186568    |2015-11-01|female|141.0    |43.5     |21.88|64.0      |15.0            |127.0      |90.0        |","logger":"task.stdout"}
{"timestamp":"2026-08-29T01:37:43.876734Z","level":"info","event":"|186886    |2015-11-01|female|141.0    |43.5     |21.88|64.0      |15.0            |127.0      |90.0        |","logger":"task.stdout"}
{"timestamp":"2026-08-29T01:37:43.884268Z","level":"info","event":"|186935    |2012-07-02|male  |164.7    |61.6     |22.72|84.0      |14.0            |126.0      |84.0        |","logger":"task.stdout"}
{"timestamp":"2026-08-29T01:37:43.887687Z","level":"info","event":"|187253    |2012-07-02|male  |164.7    |61.6     |22.72|84.0      |14.0            |126.0      |84.0        |","logger":"task.stdout"}
{"timestamp":"2026-08-29T01:37:43.892419Z","level":"info","event":"|187279    |1944-05-21|female|158.5    |69.6     |27.7 |95.0      |15.0            |77.0       |75.0        |","logger":"task.stdout"}
{"timestamp":"2026-08-29T01:37:43.897036Z","level":"info","event":"|187597    |1944-05-21|female|158.5    |69.6     |27.7 |95.0      |15.0            |77.0       |75.0        |","logger":"task.stdout"}
{"timestamp":"2026-08-29T01:37:43.901413Z","level":"info","event":"|189026    |1996-08-27|male  |178.8    |82.6     |25.82|82.0      |14.0            |129.0      |78.0        |","logger":"task.stdout"}
{"timestamp":"2026-08-29T01:37:43.906976Z","level":"info","event":"|189344    |1996-08-27|male  |178.8    |82.6     |25.82|82.0      |14.0            |129.0      |78.0        |","logger":"task.stdout"}
{"timestamp":"2026-08-29T01:37:43.915999Z","level":"info","event":"|189697    |2016-12-30|male  |140.0    |36.0     |18.4 |98.0      |15.0            |115.0      |87.0        |","logger":"task.stdout"}
{"timestamp":"2026-08-29T01:37:43.919437Z","level":"info","event":"|190015    |2016-12-30|male  |140.0    |36.0     |18.4 |98.0      |15.0            |115.0      |87.0        |","logger":"task.stdout"}
{"timestamp":"2026-08-29T01:37:43.923257Z","level":"info","event":"|190188    |1979-10-13|male  |165.7    |75.6     |27.54|70.0      |15.0            |99.0       |72.0        |","logger":"task.stdout"}
{"timestamp":"2026-08-29T01:37:43.925877Z","level":"info","event":"|190506    |1979-10-13|male  |165.7    |75.6     |27.54|70.0      |15.0            |99.0       |72.0        |","logger":"task.stdout"}
{"timestamp":"2026-08-29T01:37:43.936156Z","level":"info","event":"|190589    |1963-07-28|male  |170.0    |87.0     |30.1 |75.0      |14.0            |125.0      |81.0        |","logger":"task.stdout"}
{"timestamp":"2026-08-29T01:37:43.941856Z","level":"info","event":"|190907    |1963-07-28|male  |170.0    |87.0     |30.1 |75.0      |14.0            |125.0      |81.0        |","logger":"task.stdout"}
{"timestamp":"2026-08-29T01:37:43.944546Z","level":"info","event":"|191334    |1929-08-20|female|165.0    |75.6     |27.77|61.0      |14.0            |113.0      |82.0        |","logger":"task.stdout"}
{"timestamp":"2026-08-29T01:37:43.948268Z","level":"info","event":"|191652    |1929-08-20|female|165.0    |75.6     |27.77|61.0      |14.0            |113.0      |82.0        |","logger":"task.stdout"}
{"timestamp":"2026-08-29T01:37:43.952015Z","level":"info","event":"+----------+----------+------+---------+---------+-----+----------+----------------+-----------+------------+","logger":"task.stdout"}
{"timestamp":"2026-08-29T01:37:43.956954Z","level":"info","event":"only showing top 20 rows","logger":"task.stdout"}
{"timestamp":"2026-08-29T01:37:43.959215Z","level":"info","event":"","logger":"task.stdout"}
{"timestamp":"2026-08-29T01:38:06.042094Z","level":"info","event":"Gold patient vital rows: 75","logger":"task.stdout"}
{"timestamp":"2026-08-29T01:38:06.996012Z","level":"info","event":"Done. Returned value was: None","map_index":-1,"try_number":4,"run_id":"manual__2026-08-29T00:43:16.241480+00:00","task_id":"process_gold_patient_latest_vitals","ti_id":"01a04b29-3d07-737e-8627-5d90c4b53aa3","dag_id":"healthcare_pipeline","logger":"airflow.task.operators.airflow.providers.standard.decorators.python._PythonDecoratedOperator","filename":"python.py","lineno":233}
{"timestamp":"2026-08-29T01:38:07.000262Z","level":"info","event":"::group::Post Execute","map_index":-1,"try_number":4,"run_id":"manual__2026-08-29T00:43:16.241480+00:00","task_id":"process_gold_patient_latest_vitals","ti_id":"01a04b29-3d07-737e-8627-5d90c4b53aa3","dag_id":"healthcare_pipeline","logger":"task","filename":"task_runner.py","lineno":1580}
{"timestamp":"2026-08-29T01:38:07.064011Z","level":"info","event":"::endgroup::","map_index":-1,"try_number":4,"run_id":"manual__2026-08-29T00:43:16.241480+00:00","task_id":"process_gold_patient_latest_vitals","ti_id":"01a04b29-3d07-737e-8627-5d90c4b53aa3","dag_id":"healthcare_pipeline","logger":"task","filename":"task_runner.py","lineno":2379}
{"timestamp":"2026-08-29T01:38:09.846796Z","level":"error","event":"\r[Stage 0:>                                                          (0 + 6) / 6]\r\r[Stage 2:>                                                         (0 + 8) / 50]\r\r[Stage 2:======>                                                   (6 + 8) / 50]\r\r[Stage 2:==========>                                               (9 + 8) / 50]\r\r[Stage 2:==============>                                          (13 + 8) / 50]\r\r[Stage 2:===================>                                     (17 + 8) / 50]\r\r[Stage 2:======================>                                  (20 + 8) / 50]\r\r[Stage 2:============================>                            (25 + 8) / 50]\r\r[Stage 2:==============================>                          (27 + 8) / 50]\r\r[Stage 2:======================================>                  (34 + 8) / 50]\r\r[Stage 2:=======================================>                 (35 + 8) / 50]\r\r[Stage 2:===============================================>         (42 + 8) / 50]\r\r                                                                                \r\r[Stage 4:>                                                         (0 + 8) / 50]\r\r[Stage 4:=========>                                                (8 + 8) / 50]\r\r[Stage 4:===============>                                         (14 + 9) / 50]\r\r[Stage 4:=======================>                                 (21 + 8) / 50]\r\r[Stage 4:===================================>                     (31 + 8) / 50]\r\r[Stage 4:===========================================>            (39 + 10) / 50]\r\r                                                                                \r\r[Stage 10:>                                                        (0 + 8) / 50]\r\r[Stage 10:====>                                                    (4 + 9) / 50]\r\r[Stage 10:==========>                                              (9 + 8) / 50]\r\r[Stage 10:====================>                                   (18 + 8) / 50]\r\r[Stage 10:=============================>                          (26 + 8) / 50]\r\r[Stage 10:====================================>                   (33 + 8) / 50]\r\r[Stage 10:========================================>               (36 + 8) / 50]\r\r[Stage 10:=============================================>          (41 + 8) / 50]\r\r[Stage 10:=====================================================>  (48 + 2) / 50]\r\r                                                                                \r\r[Stage 11:>                                                         (0 + 4) / 4]\r\r[Stage 13:>                                                         (0 + 1) / 1]\r\r[Stage 16:>                                                         (0 + 1) / 1]\r\r                                                                                \r\r[Stage 24:==>                                                      (2 + 8) / 50]\r\r[Stage 24:=====>                                                   (5 + 8) / 50]\r\r[Stage 24:==========>                                              (9 + 8) / 50]\r\r[Stage 24:===============>                                        (14 + 8) / 50]\r\r[Stage 24:====================>                                   (18 + 8) / 50]\r\r[Stage 24:============================>                           (25 + 8) / 50]\r\r[Stage 24:===================================>                    (32 + 8) / 50]\r\r[Stage 24:======================================>                 (34 + 8) / 50]\r\r[Stage 24:======================================>                 (34 + 9) / 50]\r\r[Stage 24:============================================>           (40 + 8) / 50]\r\r[Stage 24:===============================================>        (42 + 8) / 50]\r\r[Stage 24:================================================>       (43 + 7) / 50]\r\r[Stage 24:====================================================>   (47 + 3) / 50]\r\r[Stage 24:======================================================> (49 + 1) / 50]\r\r                                                                                \r\r[Stage 29:=============>                                          (12 + 9) / 50]\r\r[Stage 29:================================>                       (29 + 8) / 50]\r\r[Stage 29:===============================================>        (42 + 8) / 50]\r\r                                                                                \r\r[Stage 31:=====================>                                  (19 + 8) / 50]\r\r[Stage 31:===============================>                       (29 + 10) / 50]\r\r                                                                                \r\r[Stage 42:>                                                         (0 + 2) / 2]\r\r                                                                                \r\r[Stage 44:====================================================>   (47 + 3) / 50]","logger":"task.stderr"}
