{"timestamp":"2026-08-29T01:34:42.992001Z","level":"info","event":"::group::Pre Execute","logger":"task","filename":"task_runner.py","lineno":2412}
{"timestamp":"2026-08-29T01:34:43.046559Z","level":"info","event":"DAG bundles loaded: dags-folder","task_id":"process_gold_patient_latest_vitals","run_id":"manual__2026-08-29T00:43:16.241480+00:00","dag_id":"healthcare_pipeline","try_number":3,"map_index":-1,"ti_id":"01a04b27-5ab6-7661-9da5-16bf6a2e1bd8","logger":"airflow.dag_processing.bundles.manager.DagBundlesManager","filename":"manager.py","lineno":304}
{"timestamp":"2026-08-29T01:34:43.049331Z","level":"info","event":"Filling up the DagBag from /opt/airflow/dags/healthcare_pipeline.py","task_id":"process_gold_patient_latest_vitals","run_id":"manual__2026-08-29T00:43:16.241480+00:00","dag_id":"healthcare_pipeline","try_number":3,"map_index":-1,"ti_id":"01a04b27-5ab6-7661-9da5-16bf6a2e1bd8","logger":"airflow.dag_processing.dagbag.BundleDagBag","filename":"dagbag.py","lineno":460}
{"timestamp":"2026-08-29T01:34:43.584387Z","level":"info","event":"Worker startup parse complete","bundle_name":"dags-folder","bundle_version":null,"dag_file":"healthcare_pipeline.py","dag_id":"healthcare_pipeline","bundle_prepare_ms":4,"dag_file_parse_ms":536,"task_id":"process_gold_patient_latest_vitals","run_id":"manual__2026-08-29T00:43:16.241480+00:00","try_number":3,"map_index":-1,"ti_id":"01a04b27-5ab6-7661-9da5-16bf6a2e1bd8","logger":"task","filename":"task_runner.py","lineno":1073}
{"timestamp":"2026-08-29T01:34:43.628120Z","level":"info","event":"::endgroup::","task_id":"process_gold_patient_latest_vitals","run_id":"manual__2026-08-29T00:43:16.241480+00:00","dag_id":"healthcare_pipeline","try_number":3,"map_index":-1,"ti_id":"01a04b27-5ab6-7661-9da5-16bf6a2e1bd8","logger":"task","filename":"task_runner.py","lineno":2232}
{"timestamp":"2026-08-29T01:34:45.416902Z","level":"info","event":":: loading settings :: url = jar:file:/home/airflow/.local/lib/python3.11/site-packages/pyspark/jars/ivy-2.5.3.jar!/org/apache/ivy/core/settings/ivysettings.xml","logger":"task.stdout"}
{"timestamp":"2026-08-29T01:34:45.529239Z","level":"error","event":"Ivy Default Cache set to: /home/airflow/.ivy2/cache","logger":"task.stderr"}
{"timestamp":"2026-08-29T01:34:45.532415Z","level":"error","event":"The jars for the packages stored in: /home/airflow/.ivy2/jars","logger":"task.stderr"}
{"timestamp":"2026-08-29T01:34:45.535988Z","level":"error","event":"io.delta#delta-spark_2.12 added as a dependency","logger":"task.stderr"}
{"timestamp":"2026-08-29T01:34:45.539105Z","level":"error","event":":: resolving dependencies :: org.apache.spark#spark-submit-parent-9b0a30f5-0537-4f05-8317-f620349c9385;1.0","logger":"task.stderr"}
{"timestamp":"2026-08-29T01:34:45.541493Z","level":"error","event":"\tconfs: [default]","logger":"task.stderr"}
{"timestamp":"2026-08-29T01:34:45.676938Z","level":"error","event":"\tfound io.delta#delta-spark_2.12;3.3.2 in spark-list","logger":"task.stderr"}
{"timestamp":"2026-08-29T01:34:45.714053Z","level":"error","event":"\tfound io.delta#delta-storage;3.3.2 in central","logger":"task.stderr"}
{"timestamp":"2026-08-29T01:34:45.772482Z","level":"error","event":"\tfound org.antlr#antlr4-runtime;4.9.3 in spark-list","logger":"task.stderr"}
{"timestamp":"2026-08-29T01:34:45.824431Z","level":"error","event":":: resolution report :: resolve 257ms :: artifacts dl 34ms","logger":"task.stderr"}
{"timestamp":"2026-08-29T01:34:45.827161Z","level":"error","event":"\t:: modules in use:","logger":"task.stderr"}
{"timestamp":"2026-08-29T01:34:45.829151Z","level":"error","event":"\tio.delta#delta-spark_2.12;3.3.2 from spark-list in [default]","logger":"task.stderr"}
{"timestamp":"2026-08-29T01:34:45.831541Z","level":"error","event":"\tio.delta#delta-storage;3.3.2 from central in [default]","logger":"task.stderr"}
{"timestamp":"2026-08-29T01:34:45.834647Z","level":"error","event":"\torg.antlr#antlr4-runtime;4.9.3 from spark-list in [default]","logger":"task.stderr"}
{"timestamp":"2026-08-29T01:34:45.837654Z","level":"error","event":"\t---------------------------------------------------------------------","logger":"task.stderr"}
{"timestamp":"2026-08-29T01:34:45.841559Z","level":"error","event":"\t|                  |            modules            ||   artifacts   |","logger":"task.stderr"}
{"timestamp":"2026-08-29T01:34:45.845840Z","level":"error","event":"\t|       conf       | number| search|dwnlded|evicted|| number|dwnlded|","logger":"task.stderr"}
{"timestamp":"2026-08-29T01:34:45.850463Z","level":"error","event":"\t---------------------------------------------------------------------","logger":"task.stderr"}
{"timestamp":"2026-08-29T01:34:45.856249Z","level":"error","event":"\t|      default     |   3   |   0   |   0   |   0   ||   3   |   0   |","logger":"task.stderr"}
{"timestamp":"2026-08-29T01:34:45.860543Z","level":"error","event":"\t---------------------------------------------------------------------","logger":"task.stderr"}
{"timestamp":"2026-08-29T01:34:45.862855Z","level":"error","event":":: retrieving :: org.apache.spark#spark-submit-parent-9b0a30f5-0537-4f05-8317-f620349c9385","logger":"task.stderr"}
{"timestamp":"2026-08-29T01:34:45.866076Z","level":"error","event":"\tconfs: [default]","logger":"task.stderr"}
{"timestamp":"2026-08-29T01:34:45.868170Z","level":"error","event":"\t0 artifacts copied, 3 already retrieved (0kB/14ms)","logger":"task.stderr"}
{"timestamp":"2026-08-29T01:34:46.142700Z","level":"error","event":"26/08/29 01:34:46 WARN NativeCodeLoader: Unable to load native-hadoop library for your platform... using builtin-java classes where applicable","logger":"task.stderr"}
{"timestamp":"2026-08-29T01:34:46.480955Z","level":"error","event":"Setting default log level to \"WARN\".","logger":"task.stderr"}
{"timestamp":"2026-08-29T01:34:46.484615Z","level":"error","event":"To adjust logging level use sc.setLogLevel(newLevel). For SparkR, use setLogLevel(newLevel).","logger":"task.stderr"}
{"timestamp":"2026-08-29T01:34:48.023495Z","level":"error","event":"26/08/29 01:34:48 WARN Utils: Service 'SparkUI' could not bind on port 4040. Attempting port 4041.","logger":"task.stderr"}
{"timestamp":"2026-08-29T01:34:57.743615Z","level":"error","event":"26/08/29 01:34:57 WARN SparkStringUtils: Truncated the string representation of a plan since it was too large. This behavior can be adjusted by setting 'spark.sql.debug.maxToStringFields'.","logger":"task.stderr"}
{"timestamp":"2026-08-29T01:35:36.791796Z","level":"info","event":"+----------+----------+------+---------+---------+-----+----------+----------------+-----------+------------+","logger":"task.stdout"}
{"timestamp":"2026-08-29T01:35:36.802475Z","level":"info","event":"|patient_id|birth_date|gender|height_cm|weight_kg|bmi  |heart_rate|respiratory_rate|systolic_bp|diastolic_bp|","logger":"task.stdout"}
{"timestamp":"2026-08-29T01:35:36.805791Z","level":"info","event":"+----------+----------+------+---------+---------+-----+----------+----------------+-----------+------------+","logger":"task.stdout"}
{"timestamp":"2026-08-29T01:35:36.809527Z","level":"info","event":"|10627     |1978-10-20|female|148.2    |67.4     |30.69|97.0      |15.0            |122.0      |80.0        |","logger":"task.stdout"}
{"timestamp":"2026-08-29T01:35:36.814875Z","level":"info","event":"|10940     |1951-08-28|female|160.5    |70.3     |27.29|69.0      |16.0            |134.0      |64.0        |","logger":"task.stdout"}
{"timestamp":"2026-08-29T01:35:36.819398Z","level":"info","event":"|12069     |2019-12-30|female|113.9    |21.7     |16.72|93.0      |15.0            |133.0      |93.0        |","logger":"task.stdout"}
{"timestamp":"2026-08-29T01:35:36.823375Z","level":"info","event":"|12497     |1993-08-01|male  |166.8    |77.3     |27.77|73.0      |15.0            |130.0      |85.0        |","logger":"task.stdout"}
{"timestamp":"2026-08-29T01:35:36.825842Z","level":"info","event":"|186568    |2015-11-01|female|141.0    |43.5     |21.88|64.0      |15.0            |127.0      |90.0        |","logger":"task.stdout"}
{"timestamp":"2026-08-29T01:35:36.830950Z","level":"info","event":"|186886    |2015-11-01|female|141.0    |43.5     |21.88|64.0      |15.0            |127.0      |90.0        |","logger":"task.stdout"}
{"timestamp":"2026-08-29T01:35:36.843396Z","level":"info","event":"|186935    |2012-07-02|male  |164.7    |61.6     |22.72|84.0      |14.0            |126.0      |84.0        |","logger":"task.stdout"}
{"timestamp":"2026-08-29T01:35:36.847819Z","level":"info","event":"|187253    |2012-07-02|male  |164.7    |61.6     |22.72|84.0      |14.0            |126.0      |84.0        |","logger":"task.stdout"}
{"timestamp":"2026-08-29T01:35:36.851860Z","level":"info","event":"|187279    |1944-05-21|female|158.5    |69.6     |27.7 |95.0      |15.0            |77.0       |75.0        |","logger":"task.stdout"}
{"timestamp":"2026-08-29T01:35:36.854648Z","level":"info","event":"|187597    |1944-05-21|female|158.5    |69.6     |27.7 |95.0      |15.0            |77.0       |75.0        |","logger":"task.stdout"}
{"timestamp":"2026-08-29T01:35:36.857147Z","level":"info","event":"|189026    |1996-08-27|male  |178.8    |82.6     |25.82|82.0      |14.0            |129.0      |78.0        |","logger":"task.stdout"}
{"timestamp":"2026-08-29T01:35:36.863313Z","level":"info","event":"|189344    |1996-08-27|male  |178.8    |82.6     |25.82|82.0      |14.0            |129.0      |78.0        |","logger":"task.stdout"}
{"timestamp":"2026-08-29T01:35:36.872406Z","level":"info","event":"|189697    |2016-12-30|male  |140.0    |36.0     |18.4 |98.0      |15.0            |115.0      |87.0        |","logger":"task.stdout"}
{"timestamp":"2026-08-29T01:35:36.876660Z","level":"info","event":"|190015    |2016-12-30|male  |140.0    |36.0     |18.4 |98.0      |15.0            |115.0      |87.0        |","logger":"task.stdout"}
{"timestamp":"2026-08-29T01:35:36.880946Z","level":"info","event":"|190188    |1979-10-13|male  |165.7    |75.6     |27.54|70.0      |15.0            |99.0       |72.0        |","logger":"task.stdout"}
{"timestamp":"2026-08-29T01:35:36.893620Z","level":"info","event":"|190506    |1979-10-13|male  |165.7    |75.6     |27.54|70.0      |15.0            |99.0       |72.0        |","logger":"task.stdout"}
{"timestamp":"2026-08-29T01:35:36.896787Z","level":"info","event":"|190589    |1963-07-28|male  |170.0    |87.0     |30.1 |75.0      |14.0            |125.0      |81.0        |","logger":"task.stdout"}
{"timestamp":"2026-08-29T01:35:36.901274Z","level":"info","event":"|190907    |1963-07-28|male  |170.0    |87.0     |30.1 |75.0      |14.0            |125.0      |81.0        |","logger":"task.stdout"}
{"timestamp":"2026-08-29T01:35:36.902985Z","level":"info","event":"|191334    |1929-08-20|female|165.0    |75.6     |27.77|61.0      |14.0            |113.0      |82.0        |","logger":"task.stdout"}
{"timestamp":"2026-08-29T01:35:36.907888Z","level":"info","event":"|191652    |1929-08-20|female|165.0    |75.6     |27.77|61.0      |14.0            |113.0      |82.0        |","logger":"task.stdout"}
{"timestamp":"2026-08-29T01:35:36.910718Z","level":"info","event":"+----------+----------+------+---------+---------+-----+----------+----------------+-----------+------------+","logger":"task.stdout"}
{"timestamp":"2026-08-29T01:35:36.916570Z","level":"info","event":"only showing top 20 rows","logger":"task.stdout"}
{"timestamp":"2026-08-29T01:35:36.920536Z","level":"info","event":"","logger":"task.stdout"}
{"timestamp":"2026-08-29T01:36:05.906009Z","level":"info","event":"Gold patient vital rows: 75","logger":"task.stdout"}
{"timestamp":"2026-08-29T01:36:06.870759Z","level":"info","event":"Done. Returned value was: None","task_id":"process_gold_patient_latest_vitals","run_id":"manual__2026-08-29T00:43:16.241480+00:00","dag_id":"healthcare_pipeline","try_number":3,"map_index":-1,"ti_id":"01a04b27-5ab6-7661-9da5-16bf6a2e1bd8","logger":"airflow.task.operators.airflow.providers.standard.decorators.python._PythonDecoratedOperator","filename":"python.py","lineno":233}
{"timestamp":"2026-08-29T01:36:06.878693Z","level":"info","event":"::group::Post Execute","task_id":"process_gold_patient_latest_vitals","run_id":"manual__2026-08-29T00:43:16.241480+00:00","dag_id":"healthcare_pipeline","try_number":3,"map_index":-1,"ti_id":"01a04b27-5ab6-7661-9da5-16bf6a2e1bd8","logger":"task","filename":"task_runner.py","lineno":1580}
{"timestamp":"2026-08-29T01:36:07.171843Z","level":"info","event":"::endgroup::","task_id":"process_gold_patient_latest_vitals","run_id":"manual__2026-08-29T00:43:16.241480+00:00","dag_id":"healthcare_pipeline","try_number":3,"map_index":-1,"ti_id":"01a04b27-5ab6-7661-9da5-16bf6a2e1bd8","logger":"task","filename":"task_runner.py","lineno":2379}
{"timestamp":"2026-08-29T01:36:10.468538Z","level":"error","event":"\r[Stage 0:>                                                          (0 + 6) / 6]\r\r[Stage 0:=========>                                                 (1 + 5) / 6]\r\r[Stage 2:>                                                         (0 + 8) / 50]\r\r[Stage 2:======>                                                   (6 + 8) / 50]\r\r[Stage 2:=========>                                                (8 + 8) / 50]\r\r[Stage 2:=========>                                                (8 + 9) / 50]\r\r[Stage 2:===========>                                             (10 + 8) / 50]\r\r[Stage 2:=================>                                       (15 + 8) / 50]\r\r[Stage 2:==================>                                      (16 + 8) / 50]\r\r[Stage 2:=====================>                                   (19 + 8) / 50]\r\r[Stage 2:==========================>                              (23 + 8) / 50]\r\r[Stage 2:===============================>                         (28 + 8) / 50]\r\r[Stage 2:=======================================>                 (35 + 8) / 50]\r\r[Stage 2:==============================================>          (41 + 8) / 50]\r\r[Stage 2:====================================================>    (46 + 4) / 50]\r\r                                                                                \r\r[Stage 4:==============>                                          (13 + 8) / 50]\r\r[Stage 4:=====================>                                   (19 + 8) / 50]\r\r[Stage 4:=================================>                       (29 + 8) / 50]\r\r[Stage 4:=========================================>               (36 + 8) / 50]\r\r[Stage 4:=============================================>           (40 + 8) / 50]\r\r                                                                                \r\r[Stage 10:>                                                        (0 + 8) / 50]\r\r[Stage 10:======>                                                  (6 + 8) / 50]\r\r[Stage 10:=========>                                               (8 + 8) / 50]\r\r[Stage 10:=================>                                      (16 + 8) / 50]\r\r[Stage 10:====================>                                   (18 + 9) / 50]\r\r[Stage 10:==========================>                             (24 + 8) / 50]\r\r[Stage 10:============================>                           (25 + 8) / 50]\r\r[Stage 10:======================================>                 (34 + 8) / 50]\r\r[Stage 10:=========================================>              (37 + 8) / 50]\r\r[Stage 10:=============================================>          (41 + 8) / 50]\r\r[Stage 10:====================================================>   (47 + 3) / 50]\r\r                                                                                \r\r[Stage 11:>                                                         (0 + 4) / 4]\r\r[Stage 11:==============>                                           (1 + 3) / 4]\r\r[Stage 13:>                                                         (0 + 1) / 1]\r\r                                                                                \r\r[Stage 22:=================================>                        (4 + 3) / 7]\r\r[Stage 24:=========>                                               (8 + 8) / 50]\r\r[Stage 24:================>                                       (15 + 8) / 50]\r\r[Stage 24:==========================>                             (24 + 8) / 50]\r\r[Stage 24:============================>                           (25 + 8) / 50]\r\r[Stage 24:==================================>                     (31 + 8) / 50]\r\r[Stage 24:=======================================>                (35 + 8) / 50]\r\r[Stage 24:=================================================>      (44 + 6) / 50]\r\r                                                                                \r\r[Stage 29:=================>                                      (16 + 8) / 50]\r\r[Stage 29:===============================================>        (42 + 8) / 50]\r\r                                                                                \r\r[Stage 32:===========================================>              (3 + 1) / 4]\r\r                                                                                \r\r[Stage 42:>                                                         (0 + 2) / 2]\r\r                                                                                \r\r[Stage 44:>                                                        (0 + 7) / 50]\r\r[Stage 44:>                                                        (0 + 8) / 50]\r\r[Stage 44:=======>                                                 (7 + 8) / 50]\r\r[Stage 44:======================>                                 (20 + 8) / 50]\r\r[Stage 44:===================================>                    (32 + 8) / 50]\r\r[Stage 44:==========================================>             (38 + 8) / 50]\r\r                                                                                \r\r[Stage 46:============================>                           (25 + 8) / 50]","logger":"task.stderr"}
