{"timestamp":"2026-08-29T01:47:33.819161Z","level":"info","event":"::group::Pre Execute","logger":"task","filename":"task_runner.py","lineno":2412}
{"timestamp":"2026-08-29T01:47:33.868661Z","level":"info","event":"DAG bundles loaded: dags-folder","run_id":"manual__2026-08-29T00:43:16.241480+00:00","task_id":"process_gold_patient_latest_vitals","dag_id":"healthcare_pipeline","ti_id":"01a04b33-0ed8-7cc5-9ee5-89842fa007d2","try_number":6,"map_index":-1,"logger":"airflow.dag_processing.bundles.manager.DagBundlesManager","filename":"manager.py","lineno":304}
{"timestamp":"2026-08-29T01:47:33.871241Z","level":"info","event":"Filling up the DagBag from /opt/airflow/dags/healthcare_pipeline.py","run_id":"manual__2026-08-29T00:43:16.241480+00:00","task_id":"process_gold_patient_latest_vitals","dag_id":"healthcare_pipeline","ti_id":"01a04b33-0ed8-7cc5-9ee5-89842fa007d2","try_number":6,"map_index":-1,"logger":"airflow.dag_processing.dagbag.BundleDagBag","filename":"dagbag.py","lineno":460}
{"timestamp":"2026-08-29T01:47:34.397125Z","level":"info","event":"Worker startup parse complete","bundle_name":"dags-folder","bundle_version":null,"dag_file":"healthcare_pipeline.py","dag_id":"healthcare_pipeline","bundle_prepare_ms":7,"dag_file_parse_ms":526,"run_id":"manual__2026-08-29T00:43:16.241480+00:00","task_id":"process_gold_patient_latest_vitals","ti_id":"01a04b33-0ed8-7cc5-9ee5-89842fa007d2","try_number":6,"map_index":-1,"logger":"task","filename":"task_runner.py","lineno":1073}
{"timestamp":"2026-08-29T01:47:34.442653Z","level":"info","event":"::endgroup::","run_id":"manual__2026-08-29T00:43:16.241480+00:00","task_id":"process_gold_patient_latest_vitals","dag_id":"healthcare_pipeline","ti_id":"01a04b33-0ed8-7cc5-9ee5-89842fa007d2","try_number":6,"map_index":-1,"logger":"task","filename":"task_runner.py","lineno":2232}
{"timestamp":"2026-08-29T01:47:36.319953Z","level":"info","event":":: loading settings :: url = jar:file:/home/airflow/.local/lib/python3.11/site-packages/pyspark/jars/ivy-2.5.3.jar!/org/apache/ivy/core/settings/ivysettings.xml","logger":"task.stdout"}
{"timestamp":"2026-08-29T01:47:36.409302Z","level":"error","event":"Ivy Default Cache set to: /home/airflow/.ivy2/cache","logger":"task.stderr"}
{"timestamp":"2026-08-29T01:47:36.411499Z","level":"error","event":"The jars for the packages stored in: /home/airflow/.ivy2/jars","logger":"task.stderr"}
{"timestamp":"2026-08-29T01:47:36.417736Z","level":"error","event":"io.delta#delta-spark_2.12 added as a dependency","logger":"task.stderr"}
{"timestamp":"2026-08-29T01:47:36.420728Z","level":"error","event":":: resolving dependencies :: org.apache.spark#spark-submit-parent-7d69fd83-a605-4d36-b87b-75304751b54d;1.0","logger":"task.stderr"}
{"timestamp":"2026-08-29T01:47:36.423917Z","level":"error","event":"\tconfs: [default]","logger":"task.stderr"}
{"timestamp":"2026-08-29T01:47:36.576787Z","level":"error","event":"\tfound io.delta#delta-spark_2.12;3.3.2 in spark-list","logger":"task.stderr"}
{"timestamp":"2026-08-29T01:47:36.684806Z","level":"error","event":"\tfound io.delta#delta-storage;3.3.2 in central","logger":"task.stderr"}
{"timestamp":"2026-08-29T01:47:36.775327Z","level":"error","event":"\tfound org.antlr#antlr4-runtime;4.9.3 in spark-list","logger":"task.stderr"}
{"timestamp":"2026-08-29T01:47:36.851924Z","level":"error","event":":: resolution report :: resolve 387ms :: artifacts dl 46ms","logger":"task.stderr"}
{"timestamp":"2026-08-29T01:47:36.856374Z","level":"error","event":"\t:: modules in use:","logger":"task.stderr"}
{"timestamp":"2026-08-29T01:47:36.859829Z","level":"error","event":"\tio.delta#delta-spark_2.12;3.3.2 from spark-list in [default]","logger":"task.stderr"}
{"timestamp":"2026-08-29T01:47:36.862705Z","level":"error","event":"\tio.delta#delta-storage;3.3.2 from central in [default]","logger":"task.stderr"}
{"timestamp":"2026-08-29T01:47:36.864791Z","level":"error","event":"\torg.antlr#antlr4-runtime;4.9.3 from spark-list in [default]","logger":"task.stderr"}
{"timestamp":"2026-08-29T01:47:36.867935Z","level":"error","event":"\t---------------------------------------------------------------------","logger":"task.stderr"}
{"timestamp":"2026-08-29T01:47:36.874929Z","level":"error","event":"\t|                  |            modules            ||   artifacts   |","logger":"task.stderr"}
{"timestamp":"2026-08-29T01:47:36.877128Z","level":"error","event":"\t|       conf       | number| search|dwnlded|evicted|| number|dwnlded|","logger":"task.stderr"}
{"timestamp":"2026-08-29T01:47:36.879336Z","level":"error","event":"\t---------------------------------------------------------------------","logger":"task.stderr"}
{"timestamp":"2026-08-29T01:47:36.882146Z","level":"error","event":"\t|      default     |   3   |   0   |   0   |   0   ||   3   |   0   |","logger":"task.stderr"}
{"timestamp":"2026-08-29T01:47:36.884371Z","level":"error","event":"\t---------------------------------------------------------------------","logger":"task.stderr"}
{"timestamp":"2026-08-29T01:47:36.886243Z","level":"error","event":":: retrieving :: org.apache.spark#spark-submit-parent-7d69fd83-a605-4d36-b87b-75304751b54d","logger":"task.stderr"}
{"timestamp":"2026-08-29T01:47:36.887948Z","level":"error","event":"\tconfs: [default]","logger":"task.stderr"}
{"timestamp":"2026-08-29T01:47:36.890500Z","level":"error","event":"\t0 artifacts copied, 3 already retrieved (0kB/12ms)","logger":"task.stderr"}
{"timestamp":"2026-08-29T01:47:37.882486Z","level":"error","event":"26/08/29 01:47:37 WARN NativeCodeLoader: Unable to load native-hadoop library for your platform... using builtin-java classes where applicable","logger":"task.stderr"}
{"timestamp":"2026-08-29T01:47:38.203717Z","level":"error","event":"Setting default log level to \"WARN\".","logger":"task.stderr"}
{"timestamp":"2026-08-29T01:47:38.206602Z","level":"error","event":"To adjust logging level use sc.setLogLevel(newLevel). For SparkR, use setLogLevel(newLevel).","logger":"task.stderr"}
{"timestamp":"2026-08-29T01:47:39.747285Z","level":"error","event":"26/08/29 01:47:39 WARN Utils: Service 'SparkUI' could not bind on port 4040. Attempting port 4041.","logger":"task.stderr"}
{"timestamp":"2026-08-29T01:47:39.788262Z","level":"error","event":"26/08/29 01:47:39 WARN Utils: Service 'SparkUI' could not bind on port 4041. Attempting port 4042.","logger":"task.stderr"}
{"timestamp":"2026-08-29T01:47:48.471944Z","level":"error","event":"26/08/29 01:47:48 WARN SparkStringUtils: Truncated the string representation of a plan since it was too large. This behavior can be adjusted by setting 'spark.sql.debug.maxToStringFields'.","logger":"task.stderr"}
{"timestamp":"2026-08-29T01:48:26.642038Z","level":"info","event":"+----------+----------+------+---------+---------+-----+----------+----------------+-----------+------------+","logger":"task.stdout"}
{"timestamp":"2026-08-29T01:48:26.652670Z","level":"info","event":"|patient_id|birth_date|gender|height_cm|weight_kg|bmi  |heart_rate|respiratory_rate|systolic_bp|diastolic_bp|","logger":"task.stdout"}
{"timestamp":"2026-08-29T01:48:26.656942Z","level":"info","event":"+----------+----------+------+---------+---------+-----+----------+----------------+-----------+------------+","logger":"task.stdout"}
{"timestamp":"2026-08-29T01:48:26.663626Z","level":"info","event":"|10627     |1978-10-20|female|148.2    |67.4     |30.69|97.0      |15.0            |122.0      |80.0        |","logger":"task.stdout"}
{"timestamp":"2026-08-29T01:48:26.673051Z","level":"info","event":"|10940     |1951-08-28|female|160.5    |70.3     |27.29|69.0      |16.0            |134.0      |64.0        |","logger":"task.stdout"}
{"timestamp":"2026-08-29T01:48:26.680047Z","level":"info","event":"|12069     |2019-12-30|female|113.9    |21.7     |16.72|93.0      |15.0            |133.0      |93.0        |","logger":"task.stdout"}
{"timestamp":"2026-08-29T01:48:26.682845Z","level":"info","event":"|12497     |1993-08-01|male  |166.8    |77.3     |27.77|73.0      |15.0            |130.0      |85.0        |","logger":"task.stdout"}
{"timestamp":"2026-08-29T01:48:26.686195Z","level":"info","event":"|186568    |2015-11-01|female|141.0    |43.5     |21.88|64.0      |15.0            |127.0      |90.0        |","logger":"task.stdout"}
{"timestamp":"2026-08-29T01:48:26.692603Z","level":"info","event":"|186886    |2015-11-01|female|141.0    |43.5     |21.88|64.0      |15.0            |127.0      |90.0        |","logger":"task.stdout"}
{"timestamp":"2026-08-29T01:48:26.698555Z","level":"info","event":"|186935    |2012-07-02|male  |164.7    |61.6     |22.72|84.0      |14.0            |126.0      |84.0        |","logger":"task.stdout"}
{"timestamp":"2026-08-29T01:48:26.722496Z","level":"info","event":"|187253    |2012-07-02|male  |164.7    |61.6     |22.72|84.0      |14.0            |126.0      |84.0        |","logger":"task.stdout"}
{"timestamp":"2026-08-29T01:48:26.727657Z","level":"info","event":"|187279    |1944-05-21|female|158.5    |69.6     |27.7 |95.0      |15.0            |77.0       |75.0        |","logger":"task.stdout"}
{"timestamp":"2026-08-29T01:48:26.730443Z","level":"info","event":"|187597    |1944-05-21|female|158.5    |69.6     |27.7 |95.0      |15.0            |77.0       |75.0        |","logger":"task.stdout"}
{"timestamp":"2026-08-29T01:48:26.736281Z","level":"info","event":"|189026    |1996-08-27|male  |178.8    |82.6     |25.82|82.0      |14.0            |129.0      |78.0        |","logger":"task.stdout"}
{"timestamp":"2026-08-29T01:48:26.739483Z","level":"info","event":"|189344    |1996-08-27|male  |178.8    |82.6     |25.82|82.0      |14.0            |129.0      |78.0        |","logger":"task.stdout"}
{"timestamp":"2026-08-29T01:48:26.744423Z","level":"info","event":"|189697    |2016-12-30|male  |140.0    |36.0     |18.4 |98.0      |15.0            |115.0      |87.0        |","logger":"task.stdout"}
{"timestamp":"2026-08-29T01:48:26.748690Z","level":"info","event":"|190015    |2016-12-30|male  |140.0    |36.0     |18.4 |98.0      |15.0            |115.0      |87.0        |","logger":"task.stdout"}
{"timestamp":"2026-08-29T01:48:26.752662Z","level":"info","event":"|190188    |1979-10-13|male  |165.7    |75.6     |27.54|70.0      |15.0            |99.0       |72.0        |","logger":"task.stdout"}
{"timestamp":"2026-08-29T01:48:26.758064Z","level":"info","event":"|190506    |1979-10-13|male  |165.7    |75.6     |27.54|70.0      |15.0            |99.0       |72.0        |","logger":"task.stdout"}
{"timestamp":"2026-08-29T01:48:26.761494Z","level":"info","event":"|190589    |1963-07-28|male  |170.0    |87.0     |30.1 |75.0      |14.0            |125.0      |81.0        |","logger":"task.stdout"}
{"timestamp":"2026-08-29T01:48:26.765441Z","level":"info","event":"|190907    |1963-07-28|male  |170.0    |87.0     |30.1 |75.0      |14.0            |125.0      |81.0        |","logger":"task.stdout"}
{"timestamp":"2026-08-29T01:48:26.774277Z","level":"info","event":"|191334    |1929-08-20|female|165.0    |75.6     |27.77|61.0      |14.0            |113.0      |82.0        |","logger":"task.stdout"}
{"timestamp":"2026-08-29T01:48:26.778462Z","level":"info","event":"|191652    |1929-08-20|female|165.0    |75.6     |27.77|61.0      |14.0            |113.0      |82.0        |","logger":"task.stdout"}
{"timestamp":"2026-08-29T01:48:26.781983Z","level":"info","event":"+----------+----------+------+---------+---------+-----+----------+----------------+-----------+------------+","logger":"task.stdout"}
{"timestamp":"2026-08-29T01:48:26.786666Z","level":"info","event":"only showing top 20 rows","logger":"task.stdout"}
{"timestamp":"2026-08-29T01:48:26.793277Z","level":"info","event":"","logger":"task.stdout"}
{"timestamp":"2026-08-29T01:48:51.661229Z","level":"info","event":"Gold patient vital rows: 75","logger":"task.stdout"}
{"timestamp":"2026-08-29T01:48:52.572818Z","level":"info","event":"Done. Returned value was: None","run_id":"manual__2026-08-29T00:43:16.241480+00:00","task_id":"process_gold_patient_latest_vitals","dag_id":"healthcare_pipeline","ti_id":"01a04b33-0ed8-7cc5-9ee5-89842fa007d2","try_number":6,"map_index":-1,"logger":"airflow.task.operators.airflow.providers.standard.decorators.python._PythonDecoratedOperator","filename":"python.py","lineno":233}
{"timestamp":"2026-08-29T01:48:52.578053Z","level":"info","event":"::group::Post Execute","run_id":"manual__2026-08-29T00:43:16.241480+00:00","task_id":"process_gold_patient_latest_vitals","dag_id":"healthcare_pipeline","ti_id":"01a04b33-0ed8-7cc5-9ee5-89842fa007d2","try_number":6,"map_index":-1,"logger":"task","filename":"task_runner.py","lineno":1580}
{"timestamp":"2026-08-29T01:48:52.648000Z","level":"info","event":"::endgroup::","run_id":"manual__2026-08-29T00:43:16.241480+00:00","task_id":"process_gold_patient_latest_vitals","dag_id":"healthcare_pipeline","ti_id":"01a04b33-0ed8-7cc5-9ee5-89842fa007d2","try_number":6,"map_index":-1,"logger":"task","filename":"task_runner.py","lineno":2379}
{"timestamp":"2026-08-29T01:48:54.463000Z","level":"error","event":"\r[Stage 0:>                                                          (0 + 6) / 6]\r\r[Stage 2:>                                                         (0 + 8) / 50]\r\r[Stage 2:=========>                                                (8 + 8) / 50]\r\r[Stage 2:=================>                                       (15 + 8) / 50]\r\r[Stage 2:===================>                                     (17 + 8) / 50]\r\r[Stage 2:======================>                                  (20 + 8) / 50]\r\r[Stage 2:=================================>                       (29 + 8) / 50]\r\r[Stage 2:=========================================>               (36 + 8) / 50]\r\r[Stage 2:==============================================>          (41 + 8) / 50]\r\r                                                                                \r\r[Stage 4:>                                                         (0 + 8) / 50]\r\r[Stage 4:=========>                                                (8 + 8) / 50]\r\r[Stage 4:==============>                                          (13 + 8) / 50]\r\r[Stage 4:===================>                                     (17 + 8) / 50]\r\r[Stage 4:=======================>                                 (21 + 8) / 50]\r\r[Stage 4:=================================>                       (29 + 8) / 50]\r\r[Stage 4:===========================================>             (38 + 8) / 50]\r\r[Stage 4:====================================================>    (46 + 4) / 50]\r\r                                                                                \r\r[Stage 10:>                                                        (0 + 8) / 50]\r\r[Stage 10:===>                                                     (3 + 8) / 50]\r\r[Stage 10:==========>                                              (9 + 8) / 50]\r\r[Stage 10:==============>                                         (13 + 8) / 50]\r\r[Stage 10:=================>                                      (16 + 8) / 50]\r\r[Stage 10:==========================>                             (24 + 8) / 50]\r\r[Stage 10:============================>                           (25 + 8) / 50]\r\r[Stage 10:================================>                       (29 + 8) / 50]\r\r[Stage 10:====================================>                   (33 + 8) / 50]\r\r[Stage 10:==========================================>             (38 + 9) / 50]\r\r[Stage 10:====================================================>   (47 + 3) / 50]\r\r                                                                                \r\r[Stage 11:>                                                         (0 + 4) / 4]\r\r[Stage 13:>                                                         (0 + 1) / 1]\r\r[Stage 16:>                                                         (0 + 1) / 1]\r\r                                                                                \r\r[Stage 24:==>                                                      (2 + 8) / 50]\r\r[Stage 24:=========>                                               (8 + 8) / 50]\r\r[Stage 24:============>                                           (11 + 8) / 50]\r\r[Stage 24:====================>                                   (18 + 8) / 50]\r\r[Stage 24:=========================>                              (23 + 8) / 50]\r\r[Stage 24:=============================>                          (26 + 8) / 50]\r\r[Stage 24:===============================>                        (28 + 8) / 50]\r\r[Stage 24:====================================>                   (33 + 8) / 50]\r\r[Stage 24:==========================================>             (38 + 8) / 50]\r\r[Stage 24:=============================================>          (41 + 8) / 50]\r\r[Stage 24:=================================================>      (44 + 6) / 50]\r\r                                                                                \r\r[Stage 29:>                                                        (0 + 8) / 50]\r\r[Stage 29:===============>                                        (14 + 8) / 50]\r\r[Stage 29:======================>                                 (20 + 8) / 50]\r\r[Stage 29:===================================>                    (32 + 8) / 50]\r\r[Stage 29:==================================================>     (45 + 5) / 50]\r\r                                                                                \r\r[Stage 31:================================>                       (29 + 8) / 50]\r\r                                                                                \r\r[Stage 42:>                                                         (0 + 2) / 2]\r\r                                                                                \r\r[Stage 44:==============>                                         (13 + 8) / 50]\r\r[Stage 44:==============================>                         (27 + 8) / 50]\r\r                                                                                \r\r[Stage 47:===========>                                            (10 + 8) / 50]\r\r[Stage 47:===================>                                    (17 + 8) / 50]\r\r[Stage 47:=========================>                              (23 + 8) / 50]\r\r[Stage 47:============================>                           (25 + 8) / 50]\r\r[Stage 47:========================================>               (36 + 8) / 50]\r\r[Stage 47:=============================================>          (41 + 8) / 50]\r\r[Stage 47:====================================================>   (47 + 3) / 50]","logger":"task.stderr"}
