{"timestamp":"2026-08-29T01:32:33.238297Z","level":"info","event":"::group::Pre Execute","logger":"task","filename":"task_runner.py","lineno":2412}
{"timestamp":"2026-08-29T01:32:33.320674Z","level":"info","event":"DAG bundles loaded: dags-folder","ti_id":"01a04b25-6737-7dee-8617-94ff2d83726e","dag_id":"healthcare_pipeline","map_index":-1,"task_id":"process_gold_patient_latest_vitals","run_id":"manual__2026-08-29T00:43:16.241480+00:00","try_number":2,"logger":"airflow.dag_processing.bundles.manager.DagBundlesManager","filename":"manager.py","lineno":304}
{"timestamp":"2026-08-29T01:32:33.321344Z","level":"info","event":"Filling up the DagBag from /opt/airflow/dags/healthcare_pipeline.py","ti_id":"01a04b25-6737-7dee-8617-94ff2d83726e","dag_id":"healthcare_pipeline","map_index":-1,"task_id":"process_gold_patient_latest_vitals","run_id":"manual__2026-08-29T00:43:16.241480+00:00","try_number":2,"logger":"airflow.dag_processing.dagbag.BundleDagBag","filename":"dagbag.py","lineno":460}
{"timestamp":"2026-08-29T01:32:33.925712Z","level":"info","event":"Worker startup parse complete","bundle_name":"dags-folder","bundle_version":null,"dag_file":"healthcare_pipeline.py","dag_id":"healthcare_pipeline","bundle_prepare_ms":2,"dag_file_parse_ms":604,"ti_id":"01a04b25-6737-7dee-8617-94ff2d83726e","map_index":-1,"task_id":"process_gold_patient_latest_vitals","run_id":"manual__2026-08-29T00:43:16.241480+00:00","try_number":2,"logger":"task","filename":"task_runner.py","lineno":1073}
{"timestamp":"2026-08-29T01:32:33.973146Z","level":"info","event":"::endgroup::","ti_id":"01a04b25-6737-7dee-8617-94ff2d83726e","dag_id":"healthcare_pipeline","map_index":-1,"task_id":"process_gold_patient_latest_vitals","run_id":"manual__2026-08-29T00:43:16.241480+00:00","try_number":2,"logger":"task","filename":"task_runner.py","lineno":2232}
{"timestamp":"2026-08-29T01:32:35.682172Z","level":"info","event":":: loading settings :: url = jar:file:/home/airflow/.local/lib/python3.11/site-packages/pyspark/jars/ivy-2.5.3.jar!/org/apache/ivy/core/settings/ivysettings.xml","logger":"task.stdout"}
{"timestamp":"2026-08-29T01:32:35.779329Z","level":"error","event":"Ivy Default Cache set to: /home/airflow/.ivy2/cache","logger":"task.stderr"}
{"timestamp":"2026-08-29T01:32:35.782220Z","level":"error","event":"The jars for the packages stored in: /home/airflow/.ivy2/jars","logger":"task.stderr"}
{"timestamp":"2026-08-29T01:32:35.788963Z","level":"error","event":"io.delta#delta-spark_2.12 added as a dependency","logger":"task.stderr"}
{"timestamp":"2026-08-29T01:32:35.792079Z","level":"error","event":":: resolving dependencies :: org.apache.spark#spark-submit-parent-2412cc17-b587-4006-ac7e-ae09f2676eda;1.0","logger":"task.stderr"}
{"timestamp":"2026-08-29T01:32:35.795447Z","level":"error","event":"\tconfs: [default]","logger":"task.stderr"}
{"timestamp":"2026-08-29T01:32:35.932877Z","level":"error","event":"\tfound io.delta#delta-spark_2.12;3.3.2 in spark-list","logger":"task.stderr"}
{"timestamp":"2026-08-29T01:32:35.969079Z","level":"error","event":"\tfound io.delta#delta-storage;3.3.2 in central","logger":"task.stderr"}
{"timestamp":"2026-08-29T01:32:36.008157Z","level":"error","event":"\tfound org.antlr#antlr4-runtime;4.9.3 in spark-list","logger":"task.stderr"}
{"timestamp":"2026-08-29T01:32:36.088830Z","level":"error","event":":: resolution report :: resolve 246ms :: artifacts dl 47ms","logger":"task.stderr"}
{"timestamp":"2026-08-29T01:32:36.100105Z","level":"error","event":"\t:: modules in use:","logger":"task.stderr"}
{"timestamp":"2026-08-29T01:32:36.103484Z","level":"error","event":"\tio.delta#delta-spark_2.12;3.3.2 from spark-list in [default]","logger":"task.stderr"}
{"timestamp":"2026-08-29T01:32:36.107484Z","level":"error","event":"\tio.delta#delta-storage;3.3.2 from central in [default]","logger":"task.stderr"}
{"timestamp":"2026-08-29T01:32:36.111863Z","level":"error","event":"\torg.antlr#antlr4-runtime;4.9.3 from spark-list in [default]","logger":"task.stderr"}
{"timestamp":"2026-08-29T01:32:36.114269Z","level":"error","event":"\t---------------------------------------------------------------------","logger":"task.stderr"}
{"timestamp":"2026-08-29T01:32:36.119369Z","level":"error","event":"\t|                  |            modules            ||   artifacts   |","logger":"task.stderr"}
{"timestamp":"2026-08-29T01:32:36.125108Z","level":"error","event":"\t|       conf       | number| search|dwnlded|evicted|| number|dwnlded|","logger":"task.stderr"}
{"timestamp":"2026-08-29T01:32:36.134094Z","level":"error","event":"\t---------------------------------------------------------------------","logger":"task.stderr"}
{"timestamp":"2026-08-29T01:32:36.136985Z","level":"error","event":"\t|      default     |   3   |   0   |   0   |   0   ||   3   |   0   |","logger":"task.stderr"}
{"timestamp":"2026-08-29T01:32:36.140437Z","level":"error","event":"\t---------------------------------------------------------------------","logger":"task.stderr"}
{"timestamp":"2026-08-29T01:32:36.142490Z","level":"error","event":":: retrieving :: org.apache.spark#spark-submit-parent-2412cc17-b587-4006-ac7e-ae09f2676eda","logger":"task.stderr"}
{"timestamp":"2026-08-29T01:32:36.146799Z","level":"error","event":"\tconfs: [default]","logger":"task.stderr"}
{"timestamp":"2026-08-29T01:32:36.164256Z","level":"error","event":"\t0 artifacts copied, 3 already retrieved (0kB/27ms)","logger":"task.stderr"}
{"timestamp":"2026-08-29T01:32:36.486813Z","level":"error","event":"26/08/29 01:32:36 WARN NativeCodeLoader: Unable to load native-hadoop library for your platform... using builtin-java classes where applicable","logger":"task.stderr"}
{"timestamp":"2026-08-29T01:32:36.834197Z","level":"error","event":"Setting default log level to \"WARN\".","logger":"task.stderr"}
{"timestamp":"2026-08-29T01:32:36.836892Z","level":"error","event":"To adjust logging level use sc.setLogLevel(newLevel). For SparkR, use setLogLevel(newLevel).","logger":"task.stderr"}
{"timestamp":"2026-08-29T01:32:37.832451Z","level":"error","event":"26/08/29 01:32:37 WARN Utils: Service 'SparkUI' could not bind on port 4040. Attempting port 4041.","logger":"task.stderr"}
{"timestamp":"2026-08-29T01:32:48.515162Z","level":"error","event":"26/08/29 01:32:48 WARN SparkStringUtils: Truncated the string representation of a plan since it was too large. This behavior can be adjusted by setting 'spark.sql.debug.maxToStringFields'.","logger":"task.stderr"}
{"timestamp":"2026-08-29T01:33:33.633297Z","level":"info","event":"+----------+----------+------+---------+---------+-----+----------+----------------+-----------+------------+","logger":"task.stdout"}
{"timestamp":"2026-08-29T01:33:33.657128Z","level":"info","event":"|patient_id|birth_date|gender|height_cm|weight_kg|bmi  |heart_rate|respiratory_rate|systolic_bp|diastolic_bp|","logger":"task.stdout"}
{"timestamp":"2026-08-29T01:33:33.668359Z","level":"info","event":"+----------+----------+------+---------+---------+-----+----------+----------------+-----------+------------+","logger":"task.stdout"}
{"timestamp":"2026-08-29T01:33:33.675565Z","level":"info","event":"|10627     |1978-10-20|female|148.2    |67.4     |30.69|97.0      |15.0            |122.0      |80.0        |","logger":"task.stdout"}
{"timestamp":"2026-08-29T01:33:33.681186Z","level":"info","event":"|10940     |1951-08-28|female|160.5    |70.3     |27.29|69.0      |16.0            |134.0      |64.0        |","logger":"task.stdout"}
{"timestamp":"2026-08-29T01:33:33.694727Z","level":"info","event":"|12069     |2019-12-30|female|113.9    |21.7     |16.72|93.0      |15.0            |133.0      |93.0        |","logger":"task.stdout"}
{"timestamp":"2026-08-29T01:33:33.704736Z","level":"info","event":"|12497     |1993-08-01|male  |166.8    |77.3     |27.77|73.0      |15.0            |130.0      |85.0        |","logger":"task.stdout"}
{"timestamp":"2026-08-29T01:33:33.712623Z","level":"info","event":"|186568    |2015-11-01|female|141.0    |43.5     |21.88|64.0      |15.0            |127.0      |90.0        |","logger":"task.stdout"}
{"timestamp":"2026-08-29T01:33:33.717612Z","level":"info","event":"|186886    |2015-11-01|female|141.0    |43.5     |21.88|64.0      |15.0            |127.0      |90.0        |","logger":"task.stdout"}
{"timestamp":"2026-08-29T01:33:33.726545Z","level":"info","event":"|186935    |2012-07-02|male  |164.7    |61.6     |22.72|84.0      |14.0            |126.0      |84.0        |","logger":"task.stdout"}
{"timestamp":"2026-08-29T01:33:33.730344Z","level":"info","event":"|187253    |2012-07-02|male  |164.7    |61.6     |22.72|84.0      |14.0            |126.0      |84.0        |","logger":"task.stdout"}
{"timestamp":"2026-08-29T01:33:33.732623Z","level":"info","event":"|187279    |1944-05-21|female|158.5    |69.6     |27.7 |95.0      |15.0            |77.0       |75.0        |","logger":"task.stdout"}
{"timestamp":"2026-08-29T01:33:33.738701Z","level":"info","event":"|187597    |1944-05-21|female|158.5    |69.6     |27.7 |95.0      |15.0            |77.0       |75.0        |","logger":"task.stdout"}
{"timestamp":"2026-08-29T01:33:33.746586Z","level":"info","event":"|189026    |1996-08-27|male  |178.8    |82.6     |25.82|82.0      |14.0            |129.0      |78.0        |","logger":"task.stdout"}
{"timestamp":"2026-08-29T01:33:33.753286Z","level":"info","event":"|189344    |1996-08-27|male  |178.8    |82.6     |25.82|82.0      |14.0            |129.0      |78.0        |","logger":"task.stdout"}
{"timestamp":"2026-08-29T01:33:33.758160Z","level":"info","event":"|189697    |2016-12-30|male  |140.0    |36.0     |18.4 |98.0      |15.0            |115.0      |87.0        |","logger":"task.stdout"}
{"timestamp":"2026-08-29T01:33:33.765689Z","level":"info","event":"|190015    |2016-12-30|male  |140.0    |36.0     |18.4 |98.0      |15.0            |115.0      |87.0        |","logger":"task.stdout"}
{"timestamp":"2026-08-29T01:33:33.772192Z","level":"info","event":"|190188    |1979-10-13|male  |165.7    |75.6     |27.54|70.0      |15.0            |99.0       |72.0        |","logger":"task.stdout"}
{"timestamp":"2026-08-29T01:33:33.777468Z","level":"info","event":"|190506    |1979-10-13|male  |165.7    |75.6     |27.54|70.0      |15.0            |99.0       |72.0        |","logger":"task.stdout"}
{"timestamp":"2026-08-29T01:33:33.784338Z","level":"info","event":"|190589    |1963-07-28|male  |170.0    |87.0     |30.1 |75.0      |14.0            |125.0      |81.0        |","logger":"task.stdout"}
{"timestamp":"2026-08-29T01:33:33.788669Z","level":"info","event":"|190907    |1963-07-28|male  |170.0    |87.0     |30.1 |75.0      |14.0            |125.0      |81.0        |","logger":"task.stdout"}
{"timestamp":"2026-08-29T01:33:33.795029Z","level":"info","event":"|191334    |1929-08-20|female|165.0    |75.6     |27.77|61.0      |14.0            |113.0      |82.0        |","logger":"task.stdout"}
{"timestamp":"2026-08-29T01:33:33.800346Z","level":"info","event":"|191652    |1929-08-20|female|165.0    |75.6     |27.77|61.0      |14.0            |113.0      |82.0        |","logger":"task.stdout"}
{"timestamp":"2026-08-29T01:33:33.807541Z","level":"info","event":"+----------+----------+------+---------+---------+-----+----------+----------------+-----------+------------+","logger":"task.stdout"}
{"timestamp":"2026-08-29T01:33:33.813058Z","level":"info","event":"only showing top 20 rows","logger":"task.stdout"}
{"timestamp":"2026-08-29T01:33:33.819720Z","level":"info","event":"","logger":"task.stdout"}
{"timestamp":"2026-08-29T01:33:56.118979Z","level":"info","event":"Gold patient vital rows: 75","logger":"task.stdout"}
{"timestamp":"2026-08-29T01:33:57.850641Z","level":"info","event":"Done. Returned value was: None","ti_id":"01a04b25-6737-7dee-8617-94ff2d83726e","dag_id":"healthcare_pipeline","map_index":-1,"task_id":"process_gold_patient_latest_vitals","run_id":"manual__2026-08-29T00:43:16.241480+00:00","try_number":2,"logger":"airflow.task.operators.airflow.providers.standard.decorators.python._PythonDecoratedOperator","filename":"python.py","lineno":233}
{"timestamp":"2026-08-29T01:33:57.893509Z","level":"info","event":"::group::Post Execute","ti_id":"01a04b25-6737-7dee-8617-94ff2d83726e","dag_id":"healthcare_pipeline","map_index":-1,"task_id":"process_gold_patient_latest_vitals","run_id":"manual__2026-08-29T00:43:16.241480+00:00","try_number":2,"logger":"task","filename":"task_runner.py","lineno":1580}
{"timestamp":"2026-08-29T01:33:58.205622Z","level":"info","event":"::endgroup::","ti_id":"01a04b25-6737-7dee-8617-94ff2d83726e","dag_id":"healthcare_pipeline","map_index":-1,"task_id":"process_gold_patient_latest_vitals","run_id":"manual__2026-08-29T00:43:16.241480+00:00","try_number":2,"logger":"task","filename":"task_runner.py","lineno":2379}
{"timestamp":"2026-08-29T01:34:01.971424Z","level":"error","event":"\r[Stage 0:>                                                          (0 + 6) / 6]\r\r[Stage 0:=========>                                                 (1 + 5) / 6]\r\r[Stage 2:>                                                         (0 + 8) / 50]\r\r[Stage 2:======>                                                   (6 + 8) / 50]\r\r[Stage 2:=========>                                                (8 + 8) / 50]\r\r[Stage 2:===============>                                         (14 + 8) / 50]\r\r[Stage 2:===================>                                     (17 + 8) / 50]\r\r[Stage 2:=========================>                               (22 + 8) / 50]\r\r[Stage 2:===================================>                     (31 + 8) / 50]\r\r[Stage 2:=======================================>                 (35 + 9) / 50]\r\r[Stage 2:===========================================>             (38 + 8) / 50]\r\r[Stage 2:==============================================>          (41 + 8) / 50]\r\r                                                                                \r\r[Stage 4:>                                                         (0 + 8) / 50]\r\r[Stage 4:========>                                                 (7 + 8) / 50]\r\r[Stage 4:=========>                                                (8 + 8) / 50]\r\r[Stage 4:==========>                                               (9 + 8) / 50]\r\r[Stage 4:===========>                                             (10 + 8) / 50]\r\r[Stage 4:============>                                            (11 + 8) / 50]\r\r[Stage 4:==================>                                      (16 + 8) / 50]\r\r[Stage 4:====================>                                    (18 + 8) / 50]\r\r[Stage 4:=========================>                               (22 + 8) / 50]\r\r[Stage 4:=========================>                               (22 + 9) / 50]\r\r[Stage 4:==========================>                              (23 + 8) / 50]\r\r[Stage 4:===============================>                         (28 + 8) / 50]\r\r[Stage 4:===================================>                     (31 + 8) / 50]\r\r[Stage 4:===========================================>             (38 + 8) / 50]\r\r[Stage 4:==============================================>          (41 + 8) / 50]\r\r[Stage 7:>                                                          (0 + 1) / 1]\r\r                                                                                \r\r[Stage 10:==========>                                              (9 + 8) / 50]\r\r[Stage 10:=================>                                      (16 + 8) / 50]\r\r[Stage 10:=======================>                                (21 + 9) / 50]\r\r[Stage 10:============================>                           (25 + 8) / 50]\r\r[Stage 10:====================================>                   (33 + 8) / 50]\r\r[Stage 10:===========================================>            (39 + 8) / 50]\r\r[Stage 10:================================================>       (43 + 7) / 50]\r\r                                                                                \r\r[Stage 11:>                                                         (0 + 4) / 4]\r\r[Stage 11:===========================================>              (3 + 1) / 4]\r\r[Stage 13:>                                                         (0 + 1) / 1]\r\r                                                                                \r\r[Stage 24:====>                                                    (4 + 8) / 50]\r\r[Stage 24:===========>                                            (10 + 8) / 50]\r\r[Stage 24:===================>                                    (17 + 8) / 50]\r\r[Stage 24:============================>                           (25 + 8) / 50]\r\r[Stage 24:======================================>                 (34 + 8) / 50]\r\r[Stage 24:===========================================>            (39 + 8) / 50]\r\r[Stage 24:=====================================================>  (48 + 2) / 50]\r\r                                                                                \r\r[Stage 29:>                                                        (0 + 8) / 50]\r\r[Stage 29:=>                                                       (1 + 8) / 50]\r\r[Stage 29:===========>                                            (10 + 8) / 50]\r\r[Stage 29:=============================>                          (26 + 8) / 50]\r\r[Stage 29:=============================================>          (41 + 8) / 50]\r\r                                                                                \r\r[Stage 31:==========================>                             (24 + 8) / 50]\r\r[Stage 31:===============================================>        (42 + 8) / 50]\r\r                                                                                \r\r[Stage 32:==============>                                           (1 + 3) / 4]\r\r[Stage 37:>                                                         (0 + 0) / 1]\r\r[Stage 37:>                                                         (0 + 1) / 1]\r\r                                                                                \r\r[Stage 42:>                                                         (0 + 2) / 2]\r\r                                                                                \r\r[Stage 46:==================================>                     (31 + 8) / 50]\r\r[Stage 46:===========================================>            (39 + 8) / 50]","logger":"task.stderr"}
