{"timestamp":"2026-08-29T01:27:26.557169Z","level":"info","event":"::group::Pre Execute","logger":"task","filename":"task_runner.py","lineno":2412}
{"timestamp":"2026-08-29T01:27:26.620343Z","level":"info","event":"DAG bundles loaded: dags-folder","ti_id":"01a04b20-bfcb-78a3-95be-03eb31c6a849","try_number":1,"dag_id":"healthcare_pipeline","run_id":"manual__2026-08-29T00:43:16.241480+00:00","task_id":"process_gold_patient_latest_vitals","map_index":-1,"logger":"airflow.dag_processing.bundles.manager.DagBundlesManager","filename":"manager.py","lineno":304}
{"timestamp":"2026-08-29T01:27:26.621853Z","level":"info","event":"Filling up the DagBag from /opt/airflow/dags/healthcare_pipeline.py","ti_id":"01a04b20-bfcb-78a3-95be-03eb31c6a849","try_number":1,"dag_id":"healthcare_pipeline","run_id":"manual__2026-08-29T00:43:16.241480+00:00","task_id":"process_gold_patient_latest_vitals","map_index":-1,"logger":"airflow.dag_processing.dagbag.BundleDagBag","filename":"dagbag.py","lineno":460}
{"timestamp":"2026-08-29T01:27:27.171837Z","level":"info","event":"Worker startup parse complete","bundle_name":"dags-folder","bundle_version":null,"dag_file":"healthcare_pipeline.py","dag_id":"healthcare_pipeline","bundle_prepare_ms":6,"dag_file_parse_ms":550,"ti_id":"01a04b20-bfcb-78a3-95be-03eb31c6a849","try_number":1,"run_id":"manual__2026-08-29T00:43:16.241480+00:00","task_id":"process_gold_patient_latest_vitals","map_index":-1,"logger":"task","filename":"task_runner.py","lineno":1073}
{"timestamp":"2026-08-29T01:27:27.203497Z","level":"info","event":"::endgroup::","ti_id":"01a04b20-bfcb-78a3-95be-03eb31c6a849","try_number":1,"dag_id":"healthcare_pipeline","run_id":"manual__2026-08-29T00:43:16.241480+00:00","task_id":"process_gold_patient_latest_vitals","map_index":-1,"logger":"task","filename":"task_runner.py","lineno":2232}
{"timestamp":"2026-08-29T01:27:29.580678Z","level":"info","event":":: loading settings :: url = jar:file:/home/airflow/.local/lib/python3.11/site-packages/pyspark/jars/ivy-2.5.3.jar!/org/apache/ivy/core/settings/ivysettings.xml","logger":"task.stdout"}
{"timestamp":"2026-08-29T01:27:29.671072Z","level":"error","event":"Ivy Default Cache set to: /home/airflow/.ivy2/cache","logger":"task.stderr"}
{"timestamp":"2026-08-29T01:27:29.675088Z","level":"error","event":"The jars for the packages stored in: /home/airflow/.ivy2/jars","logger":"task.stderr"}
{"timestamp":"2026-08-29T01:27:29.682821Z","level":"error","event":"io.delta#delta-spark_2.12 added as a dependency","logger":"task.stderr"}
{"timestamp":"2026-08-29T01:27:29.686591Z","level":"error","event":":: resolving dependencies :: org.apache.spark#spark-submit-parent-ae2150c2-0ff6-4387-8991-b171b6abac9c;1.0","logger":"task.stderr"}
{"timestamp":"2026-08-29T01:27:29.690052Z","level":"error","event":"\tconfs: [default]","logger":"task.stderr"}
{"timestamp":"2026-08-29T01:27:29.861203Z","level":"error","event":"\tfound io.delta#delta-spark_2.12;3.3.2 in spark-list","logger":"task.stderr"}
{"timestamp":"2026-08-29T01:27:29.889118Z","level":"error","event":"\tfound io.delta#delta-storage;3.3.2 in central","logger":"task.stderr"}
{"timestamp":"2026-08-29T01:27:29.908797Z","level":"error","event":"\tfound org.antlr#antlr4-runtime;4.9.3 in spark-list","logger":"task.stderr"}
{"timestamp":"2026-08-29T01:27:29.927994Z","level":"error","event":":: resolution report :: resolve 233ms :: artifacts dl 8ms","logger":"task.stderr"}
{"timestamp":"2026-08-29T01:27:29.934162Z","level":"error","event":"\t:: modules in use:","logger":"task.stderr"}
{"timestamp":"2026-08-29T01:27:29.940451Z","level":"error","event":"\tio.delta#delta-spark_2.12;3.3.2 from spark-list in [default]","logger":"task.stderr"}
{"timestamp":"2026-08-29T01:27:29.943897Z","level":"error","event":"\tio.delta#delta-storage;3.3.2 from central in [default]","logger":"task.stderr"}
{"timestamp":"2026-08-29T01:27:29.951428Z","level":"error","event":"\torg.antlr#antlr4-runtime;4.9.3 from spark-list in [default]","logger":"task.stderr"}
{"timestamp":"2026-08-29T01:27:29.955851Z","level":"error","event":"\t---------------------------------------------------------------------","logger":"task.stderr"}
{"timestamp":"2026-08-29T01:27:29.961129Z","level":"error","event":"\t|                  |            modules            ||   artifacts   |","logger":"task.stderr"}
{"timestamp":"2026-08-29T01:27:29.964594Z","level":"error","event":"\t|       conf       | number| search|dwnlded|evicted|| number|dwnlded|","logger":"task.stderr"}
{"timestamp":"2026-08-29T01:27:29.967599Z","level":"error","event":"\t---------------------------------------------------------------------","logger":"task.stderr"}
{"timestamp":"2026-08-29T01:27:29.970550Z","level":"error","event":"\t|      default     |   3   |   0   |   0   |   0   ||   3   |   0   |","logger":"task.stderr"}
{"timestamp":"2026-08-29T01:27:29.972719Z","level":"error","event":"\t---------------------------------------------------------------------","logger":"task.stderr"}
{"timestamp":"2026-08-29T01:27:29.974836Z","level":"error","event":":: retrieving :: org.apache.spark#spark-submit-parent-ae2150c2-0ff6-4387-8991-b171b6abac9c","logger":"task.stderr"}
{"timestamp":"2026-08-29T01:27:29.977135Z","level":"error","event":"\tconfs: [default]","logger":"task.stderr"}
{"timestamp":"2026-08-29T01:27:29.979812Z","level":"error","event":"\t0 artifacts copied, 3 already retrieved (0kB/6ms)","logger":"task.stderr"}
{"timestamp":"2026-08-29T01:27:30.270682Z","level":"error","event":"26/08/29 01:27:30 WARN NativeCodeLoader: Unable to load native-hadoop library for your platform... using builtin-java classes where applicable","logger":"task.stderr"}
{"timestamp":"2026-08-29T01:27:30.563847Z","level":"error","event":"Setting default log level to \"WARN\".","logger":"task.stderr"}
{"timestamp":"2026-08-29T01:27:30.566877Z","level":"error","event":"To adjust logging level use sc.setLogLevel(newLevel). For SparkR, use setLogLevel(newLevel).","logger":"task.stderr"}
{"timestamp":"2026-08-29T01:27:32.042082Z","level":"error","event":"26/08/29 01:27:32 WARN Utils: Service 'SparkUI' could not bind on port 4040. Attempting port 4041.","logger":"task.stderr"}
{"timestamp":"2026-08-29T01:27:44.181799Z","level":"error","event":"26/08/29 01:27:44 WARN SparkStringUtils: Truncated the string representation of a plan since it was too large. This behavior can be adjusted by setting 'spark.sql.debug.maxToStringFields'.","logger":"task.stderr"}
{"timestamp":"2026-08-29T01:28:29.468344Z","level":"info","event":"+----------+----------+------+---------+---------+-----+----------+----------------+-----------+------------+","logger":"task.stdout"}
{"timestamp":"2026-08-29T01:28:29.483097Z","level":"info","event":"|patient_id|birth_date|gender|height_cm|weight_kg|bmi  |heart_rate|respiratory_rate|systolic_bp|diastolic_bp|","logger":"task.stdout"}
{"timestamp":"2026-08-29T01:28:29.493523Z","level":"info","event":"+----------+----------+------+---------+---------+-----+----------+----------------+-----------+------------+","logger":"task.stdout"}
{"timestamp":"2026-08-29T01:28:29.497744Z","level":"info","event":"|10627     |1978-10-20|female|148.2    |67.4     |30.69|97.0      |15.0            |122.0      |80.0        |","logger":"task.stdout"}
{"timestamp":"2026-08-29T01:28:29.502707Z","level":"info","event":"|10940     |1951-08-28|female|160.5    |70.3     |27.29|69.0      |16.0            |134.0      |64.0        |","logger":"task.stdout"}
{"timestamp":"2026-08-29T01:28:29.506354Z","level":"info","event":"|12069     |2019-12-30|female|113.9    |21.7     |16.72|93.0      |15.0            |133.0      |93.0        |","logger":"task.stdout"}
{"timestamp":"2026-08-29T01:28:29.509342Z","level":"info","event":"|12497     |1993-08-01|male  |166.8    |77.3     |27.77|73.0      |15.0            |130.0      |85.0        |","logger":"task.stdout"}
{"timestamp":"2026-08-29T01:28:29.511640Z","level":"info","event":"|186568    |2015-11-01|female|141.0    |43.5     |21.88|64.0      |15.0            |127.0      |90.0        |","logger":"task.stdout"}
{"timestamp":"2026-08-29T01:28:29.516571Z","level":"info","event":"|186886    |2015-11-01|female|141.0    |43.5     |21.88|64.0      |15.0            |127.0      |90.0        |","logger":"task.stdout"}
{"timestamp":"2026-08-29T01:28:29.523311Z","level":"info","event":"|186935    |2012-07-02|male  |164.7    |61.6     |22.72|84.0      |14.0            |126.0      |84.0        |","logger":"task.stdout"}
{"timestamp":"2026-08-29T01:28:29.524792Z","level":"info","event":"|187253    |2012-07-02|male  |164.7    |61.6     |22.72|84.0      |14.0            |126.0      |84.0        |","logger":"task.stdout"}
{"timestamp":"2026-08-29T01:28:29.529908Z","level":"info","event":"|187279    |1944-05-21|female|158.5    |69.6     |27.7 |95.0      |15.0            |77.0       |75.0        |","logger":"task.stdout"}
{"timestamp":"2026-08-29T01:28:29.534363Z","level":"info","event":"|187597    |1944-05-21|female|158.5    |69.6     |27.7 |95.0      |15.0            |77.0       |75.0        |","logger":"task.stdout"}
{"timestamp":"2026-08-29T01:28:29.536374Z","level":"info","event":"|189026    |1996-08-27|male  |178.8    |82.6     |25.82|82.0      |14.0            |129.0      |78.0        |","logger":"task.stdout"}
{"timestamp":"2026-08-29T01:28:29.538431Z","level":"info","event":"|189344    |1996-08-27|male  |178.8    |82.6     |25.82|82.0      |14.0            |129.0      |78.0        |","logger":"task.stdout"}
{"timestamp":"2026-08-29T01:28:29.539686Z","level":"info","event":"|189697    |2016-12-30|male  |140.0    |36.0     |18.4 |98.0      |15.0            |115.0      |87.0        |","logger":"task.stdout"}
{"timestamp":"2026-08-29T01:28:29.543855Z","level":"info","event":"|190015    |2016-12-30|male  |140.0    |36.0     |18.4 |98.0      |15.0            |115.0      |87.0        |","logger":"task.stdout"}
{"timestamp":"2026-08-29T01:28:29.547401Z","level":"info","event":"|190188    |1979-10-13|male  |165.7    |75.6     |27.54|70.0      |15.0            |99.0       |72.0        |","logger":"task.stdout"}
{"timestamp":"2026-08-29T01:28:29.550367Z","level":"info","event":"|190506    |1979-10-13|male  |165.7    |75.6     |27.54|70.0      |15.0            |99.0       |72.0        |","logger":"task.stdout"}
{"timestamp":"2026-08-29T01:28:29.552341Z","level":"info","event":"|190589    |1963-07-28|male  |170.0    |87.0     |30.1 |75.0      |14.0            |125.0      |81.0        |","logger":"task.stdout"}
{"timestamp":"2026-08-29T01:28:29.557738Z","level":"info","event":"|190907    |1963-07-28|male  |170.0    |87.0     |30.1 |75.0      |14.0            |125.0      |81.0        |","logger":"task.stdout"}
{"timestamp":"2026-08-29T01:28:29.560255Z","level":"info","event":"|191334    |1929-08-20|female|165.0    |75.6     |27.77|61.0      |14.0            |113.0      |82.0        |","logger":"task.stdout"}
{"timestamp":"2026-08-29T01:28:29.562277Z","level":"info","event":"|191652    |1929-08-20|female|165.0    |75.6     |27.77|61.0      |14.0            |113.0      |82.0        |","logger":"task.stdout"}
{"timestamp":"2026-08-29T01:28:29.564732Z","level":"info","event":"+----------+----------+------+---------+---------+-----+----------+----------------+-----------+------------+","logger":"task.stdout"}
{"timestamp":"2026-08-29T01:28:29.567011Z","level":"info","event":"only showing top 20 rows","logger":"task.stdout"}
{"timestamp":"2026-08-29T01:28:29.568890Z","level":"info","event":"","logger":"task.stdout"}
{"timestamp":"2026-08-29T01:28:55.151476Z","level":"info","event":"Gold patient vital rows: 75","logger":"task.stdout"}
{"timestamp":"2026-08-29T01:28:55.943334Z","level":"info","event":"Done. Returned value was: None","ti_id":"01a04b20-bfcb-78a3-95be-03eb31c6a849","try_number":1,"dag_id":"healthcare_pipeline","run_id":"manual__2026-08-29T00:43:16.241480+00:00","task_id":"process_gold_patient_latest_vitals","map_index":-1,"logger":"airflow.task.operators.airflow.providers.standard.decorators.python._PythonDecoratedOperator","filename":"python.py","lineno":233}
{"timestamp":"2026-08-29T01:28:55.955008Z","level":"info","event":"::group::Post Execute","ti_id":"01a04b20-bfcb-78a3-95be-03eb31c6a849","try_number":1,"dag_id":"healthcare_pipeline","run_id":"manual__2026-08-29T00:43:16.241480+00:00","task_id":"process_gold_patient_latest_vitals","map_index":-1,"logger":"task","filename":"task_runner.py","lineno":1580}
{"timestamp":"2026-08-29T01:28:56.032434Z","level":"info","event":"::endgroup::","ti_id":"01a04b20-bfcb-78a3-95be-03eb31c6a849","try_number":1,"dag_id":"healthcare_pipeline","run_id":"manual__2026-08-29T00:43:16.241480+00:00","task_id":"process_gold_patient_latest_vitals","map_index":-1,"logger":"task","filename":"task_runner.py","lineno":2379}
{"timestamp":"2026-08-29T01:28:58.638259Z","level":"error","event":"\r[Stage 0:>                                                          (0 + 1) / 6]\r\r[Stage 0:>                                                          (0 + 6) / 6]\r\r[Stage 0:=========>                                                 (1 + 5) / 6]\r\r[Stage 2:>                                                         (0 + 8) / 50]\r\r[Stage 2:=>                                                        (1 + 9) / 50]\r\r[Stage 2:=========>                                                (8 + 8) / 50]\r\r[Stage 2:=============>                                           (12 + 8) / 50]\r\r[Stage 2:==================>                                      (16 + 8) / 50]\r\r[Stage 2:==========================>                              (23 + 8) / 50]\r\r[Stage 2:===================================>                     (31 + 8) / 50]\r\r[Stage 2:======================================>                  (34 + 8) / 50]\r\r[Stage 2:============================================>            (39 + 8) / 50]\r\r[Stage 2:=================================================>       (43 + 7) / 50]\r\r[Stage 2:======================================================>  (48 + 2) / 50]\r\r                                                                                \r\r[Stage 4:>                                                         (0 + 8) / 50]\r\r[Stage 4:=========>                                                (8 + 8) / 50]\r\r[Stage 4:===================>                                     (17 + 8) / 50]\r\r[Stage 4:==============================>                          (27 + 8) / 50]\r\r[Stage 4:==============================================>          (41 + 8) / 50]\r\r                                                                                \r\r[Stage 10:>                                                        (0 + 8) / 50]\r\r[Stage 10:===>                                                     (3 + 8) / 50]\r\r[Stage 10:=========>                                               (8 + 8) / 50]\r\r[Stage 10:================>                                       (15 + 8) / 50]\r\r[Stage 10:=======================>                                (21 + 8) / 50]\r\r[Stage 10:==============================>                         (27 + 8) / 50]\r\r[Stage 10:==================================>                     (31 + 8) / 50]\r\r[Stage 10:===========================================>            (39 + 8) / 50]\r\r[Stage 10:===============================================>        (42 + 8) / 50]\r\r[Stage 10:====================================================>   (47 + 3) / 50]\r\r                                                                                \r\r[Stage 11:>                                                         (0 + 4) / 4]\r\r[Stage 13:>                                                         (0 + 1) / 1]\r\r[Stage 16:>                                                         (0 + 1) / 1]\r\r                                                                                \r\r[Stage 22:>                                                         (0 + 5) / 5]\r\r[Stage 24:===========>                                            (10 + 8) / 50]\r\r[Stage 24:===================>                                    (17 + 8) / 50]\r\r[Stage 24:======================>                                 (20 + 8) / 50]\r\r[Stage 24:========================>                               (22 + 8) / 50]\r\r[Stage 24:==============================>                         (27 + 8) / 50]\r\r[Stage 24:==================================>                     (31 + 8) / 50]\r\r[Stage 24:======================================>                 (34 + 8) / 50]\r\r[Stage 24:==========================================>             (38 + 8) / 50]\r\r[Stage 24:================================================>       (43 + 7) / 50]\r\r[Stage 24:======================================================> (49 + 1) / 50]\r\r                                                                                \r\r[Stage 29:>                                                        (0 + 8) / 50]\r\r[Stage 29:==>                                                     (2 + 10) / 50]\r\r[Stage 29:============>                                           (11 + 8) / 50]\r\r[Stage 29:=====================>                                  (19 + 8) / 50]\r\r[Stage 29:===================================>                    (32 + 8) / 50]\r\r[Stage 29:===============================================>        (42 + 8) / 50]\r\r                                                                                \r\r[Stage 31:==========================>                             (24 + 8) / 50]\r\r[Stage 31:========================================>               (36 + 9) / 50]\r\r                                                                                \r\r[Stage 32:>                                                         (0 + 4) / 4]\r\r                                                                                \r\r[Stage 42:>                                                         (0 + 2) / 2]\r\r                                                                                \r\r[Stage 44:================================================>       (43 + 7) / 50]\r\r                                                                                \r\r[Stage 46:======================================>                 (34 + 8) / 50]","logger":"task.stderr"}
