{"timestamp":"2026-09-07T02:33:12.898443Z","level":"info","event":"::group::Pre Execute","logger":"task","filename":"task_runner.py","lineno":2412}
{"timestamp":"2026-09-07T02:33:12.923244Z","level":"info","event":"DAG bundles loaded: dags-folder","map_index":-1,"dag_id":"healthcare_pipeline","ti_id":"01a079b3-a325-7437-acb4-7f7176354b0f","run_id":"manual__2026-09-07T02:30:10.914584+00:00","try_number":1,"task_id":"process_gold_patient_latest_vitals","logger":"airflow.dag_processing.bundles.manager.DagBundlesManager","filename":"manager.py","lineno":304}
{"timestamp":"2026-09-07T02:33:12.924169Z","level":"info","event":"Filling up the DagBag from /opt/airflow/dags/healthcare_pipeline.py","map_index":-1,"dag_id":"healthcare_pipeline","ti_id":"01a079b3-a325-7437-acb4-7f7176354b0f","run_id":"manual__2026-09-07T02:30:10.914584+00:00","try_number":1,"task_id":"process_gold_patient_latest_vitals","logger":"airflow.dag_processing.dagbag.BundleDagBag","filename":"dagbag.py","lineno":460}
{"timestamp":"2026-09-07T02:33:14.384152Z","level":"info","event":"Worker startup parse complete","bundle_name":"dags-folder","bundle_version":null,"dag_file":"healthcare_pipeline.py","dag_id":"healthcare_pipeline","bundle_prepare_ms":10,"dag_file_parse_ms":1460,"map_index":-1,"ti_id":"01a079b3-a325-7437-acb4-7f7176354b0f","run_id":"manual__2026-09-07T02:30:10.914584+00:00","try_number":1,"task_id":"process_gold_patient_latest_vitals","logger":"task","filename":"task_runner.py","lineno":1073}
{"timestamp":"2026-09-07T02:33:14.415849Z","level":"info","event":"::endgroup::","map_index":-1,"dag_id":"healthcare_pipeline","ti_id":"01a079b3-a325-7437-acb4-7f7176354b0f","run_id":"manual__2026-09-07T02:30:10.914584+00:00","try_number":1,"task_id":"process_gold_patient_latest_vitals","logger":"task","filename":"task_runner.py","lineno":2232}
{"timestamp":"2026-09-07T02:33:17.092218Z","level":"info","event":":: loading settings :: url = jar:file:/home/airflow/.local/lib/python3.11/site-packages/pyspark/jars/ivy-2.5.3.jar!/org/apache/ivy/core/settings/ivysettings.xml","logger":"task.stdout"}
{"timestamp":"2026-09-07T02:33:17.223390Z","level":"error","event":"Ivy Default Cache set to: /home/airflow/.ivy2/cache","logger":"task.stderr"}
{"timestamp":"2026-09-07T02:33:17.229134Z","level":"error","event":"The jars for the packages stored in: /home/airflow/.ivy2/jars","logger":"task.stderr"}
{"timestamp":"2026-09-07T02:33:17.234458Z","level":"error","event":"io.delta#delta-spark_2.12 added as a dependency","logger":"task.stderr"}
{"timestamp":"2026-09-07T02:33:17.236489Z","level":"error","event":":: resolving dependencies :: org.apache.spark#spark-submit-parent-cc43a919-0537-4303-91b4-457965a05faf;1.0","logger":"task.stderr"}
{"timestamp":"2026-09-07T02:33:17.238768Z","level":"error","event":"\tconfs: [default]","logger":"task.stderr"}
{"timestamp":"2026-09-07T02:33:17.487124Z","level":"error","event":"\tfound io.delta#delta-spark_2.12;3.3.2 in spark-list","logger":"task.stderr"}
{"timestamp":"2026-09-07T02:33:17.544153Z","level":"error","event":"\tfound io.delta#delta-storage;3.3.2 in central","logger":"task.stderr"}
{"timestamp":"2026-09-07T02:33:17.594356Z","level":"error","event":"\tfound org.antlr#antlr4-runtime;4.9.3 in central","logger":"task.stderr"}
{"timestamp":"2026-09-07T02:33:17.646202Z","level":"error","event":":: resolution report :: resolve 403ms :: artifacts dl 12ms","logger":"task.stderr"}
{"timestamp":"2026-09-07T02:33:17.650384Z","level":"error","event":"\t:: modules in use:","logger":"task.stderr"}
{"timestamp":"2026-09-07T02:33:17.654175Z","level":"error","event":"\tio.delta#delta-spark_2.12;3.3.2 from spark-list in [default]","logger":"task.stderr"}
{"timestamp":"2026-09-07T02:33:17.657874Z","level":"error","event":"\tio.delta#delta-storage;3.3.2 from central in [default]","logger":"task.stderr"}
{"timestamp":"2026-09-07T02:33:17.660438Z","level":"error","event":"\torg.antlr#antlr4-runtime;4.9.3 from central in [default]","logger":"task.stderr"}
{"timestamp":"2026-09-07T02:33:17.663065Z","level":"error","event":"\t---------------------------------------------------------------------","logger":"task.stderr"}
{"timestamp":"2026-09-07T02:33:17.668513Z","level":"error","event":"\t|                  |            modules            ||   artifacts   |","logger":"task.stderr"}
{"timestamp":"2026-09-07T02:33:17.671497Z","level":"error","event":"\t|       conf       | number| search|dwnlded|evicted|| number|dwnlded|","logger":"task.stderr"}
{"timestamp":"2026-09-07T02:33:17.674905Z","level":"error","event":"\t---------------------------------------------------------------------","logger":"task.stderr"}
{"timestamp":"2026-09-07T02:33:17.678376Z","level":"error","event":"\t|      default     |   3   |   0   |   0   |   0   ||   3   |   0   |","logger":"task.stderr"}
{"timestamp":"2026-09-07T02:33:17.684000Z","level":"error","event":"\t---------------------------------------------------------------------","logger":"task.stderr"}
{"timestamp":"2026-09-07T02:33:17.686238Z","level":"error","event":":: retrieving :: org.apache.spark#spark-submit-parent-cc43a919-0537-4303-91b4-457965a05faf","logger":"task.stderr"}
{"timestamp":"2026-09-07T02:33:17.688438Z","level":"error","event":"\tconfs: [default]","logger":"task.stderr"}
{"timestamp":"2026-09-07T02:33:17.725475Z","level":"error","event":"\t0 artifacts copied, 3 already retrieved (0kB/42ms)","logger":"task.stderr"}
{"timestamp":"2026-09-07T02:33:18.184812Z","level":"error","event":"26/09/07 02:33:18 WARN NativeCodeLoader: Unable to load native-hadoop library for your platform... using builtin-java classes where applicable","logger":"task.stderr"}
{"timestamp":"2026-09-07T02:33:19.033832Z","level":"error","event":"Setting default log level to \"WARN\".","logger":"task.stderr"}
{"timestamp":"2026-09-07T02:33:19.037728Z","level":"error","event":"To adjust logging level use sc.setLogLevel(newLevel). For SparkR, use setLogLevel(newLevel).","logger":"task.stderr"}
{"timestamp":"2026-09-07T02:33:21.542362Z","level":"error","event":"26/09/07 02:33:21 WARN Utils: Service 'SparkUI' could not bind on port 4040. Attempting port 4041.","logger":"task.stderr"}
{"timestamp":"2026-09-07T02:33:21.551035Z","level":"error","event":"26/09/07 02:33:21 WARN Utils: Service 'SparkUI' could not bind on port 4041. Attempting port 4042.","logger":"task.stderr"}
{"timestamp":"2026-09-07T02:33:34.857986Z","level":"error","event":"26/09/07 02:33:34 WARN SparkStringUtils: Truncated the string representation of a plan since it was too large. This behavior can be adjusted by setting 'spark.sql.debug.maxToStringFields'.","logger":"task.stderr"}
{"timestamp":"2026-09-07T02:34:12.644983Z","level":"info","event":"+----------+----------+------+---------+---------+-----+----------+----------------+-----------+------------+","logger":"task.stdout"}
{"timestamp":"2026-09-07T02:34:12.656806Z","level":"info","event":"|patient_id|birth_date|gender|height_cm|weight_kg|bmi  |heart_rate|respiratory_rate|systolic_bp|diastolic_bp|","logger":"task.stdout"}
{"timestamp":"2026-09-07T02:34:12.662161Z","level":"info","event":"+----------+----------+------+---------+---------+-----+----------+----------------+-----------+------------+","logger":"task.stdout"}
{"timestamp":"2026-09-07T02:34:12.670010Z","level":"info","event":"|10627     |1978-10-20|female|148.2    |67.4     |30.69|97.0      |15.0            |122.0      |80.0        |","logger":"task.stdout"}
{"timestamp":"2026-09-07T02:34:12.676140Z","level":"info","event":"|10940     |1951-08-28|female|160.5    |70.3     |27.29|69.0      |16.0            |134.0      |64.0        |","logger":"task.stdout"}
{"timestamp":"2026-09-07T02:34:12.682313Z","level":"info","event":"|12069     |2019-12-30|female|113.9    |21.7     |16.72|93.0      |15.0            |133.0      |93.0        |","logger":"task.stdout"}
{"timestamp":"2026-09-07T02:34:12.687129Z","level":"info","event":"|12497     |1993-08-01|male  |166.8    |77.3     |27.77|73.0      |15.0            |130.0      |85.0        |","logger":"task.stdout"}
{"timestamp":"2026-09-07T02:34:12.693904Z","level":"info","event":"|186568    |2015-11-01|female|141.0    |43.5     |21.88|64.0      |15.0            |127.0      |90.0        |","logger":"task.stdout"}
{"timestamp":"2026-09-07T02:34:12.700282Z","level":"info","event":"|186886    |2015-11-01|female|141.0    |43.5     |21.88|64.0      |15.0            |127.0      |90.0        |","logger":"task.stdout"}
{"timestamp":"2026-09-07T02:34:12.704627Z","level":"info","event":"|186935    |2012-07-02|male  |164.7    |61.6     |22.72|84.0      |14.0            |126.0      |84.0        |","logger":"task.stdout"}
{"timestamp":"2026-09-07T02:34:12.720996Z","level":"info","event":"|187253    |2012-07-02|male  |164.7    |61.6     |22.72|84.0      |14.0            |126.0      |84.0        |","logger":"task.stdout"}
{"timestamp":"2026-09-07T02:34:12.725928Z","level":"info","event":"|187279    |1944-05-21|female|158.5    |69.6     |27.7 |95.0      |15.0            |77.0       |75.0        |","logger":"task.stdout"}
{"timestamp":"2026-09-07T02:34:12.729936Z","level":"info","event":"|187597    |1944-05-21|female|158.5    |69.6     |27.7 |95.0      |15.0            |77.0       |75.0        |","logger":"task.stdout"}
{"timestamp":"2026-09-07T02:34:12.732318Z","level":"info","event":"|189026    |1996-08-27|male  |178.8    |82.6     |25.82|82.0      |14.0            |129.0      |78.0        |","logger":"task.stdout"}
{"timestamp":"2026-09-07T02:34:12.737616Z","level":"info","event":"|189344    |1996-08-27|male  |178.8    |82.6     |25.82|82.0      |14.0            |129.0      |78.0        |","logger":"task.stdout"}
{"timestamp":"2026-09-07T02:34:12.740315Z","level":"info","event":"|189697    |2016-12-30|male  |140.0    |36.0     |18.4 |98.0      |15.0            |115.0      |87.0        |","logger":"task.stdout"}
{"timestamp":"2026-09-07T02:34:12.746962Z","level":"info","event":"|190015    |2016-12-30|male  |140.0    |36.0     |18.4 |98.0      |15.0            |115.0      |87.0        |","logger":"task.stdout"}
{"timestamp":"2026-09-07T02:34:12.751213Z","level":"info","event":"|190188    |1979-10-13|male  |165.7    |75.6     |27.54|70.0      |15.0            |99.0       |72.0        |","logger":"task.stdout"}
{"timestamp":"2026-09-07T02:34:12.756132Z","level":"info","event":"|190506    |1979-10-13|male  |165.7    |75.6     |27.54|70.0      |15.0            |99.0       |72.0        |","logger":"task.stdout"}
{"timestamp":"2026-09-07T02:34:12.761198Z","level":"info","event":"|190589    |1963-07-28|male  |170.0    |87.0     |30.1 |75.0      |14.0            |125.0      |81.0        |","logger":"task.stdout"}
{"timestamp":"2026-09-07T02:34:12.766942Z","level":"info","event":"|190907    |1963-07-28|male  |170.0    |87.0     |30.1 |75.0      |14.0            |125.0      |81.0        |","logger":"task.stdout"}
{"timestamp":"2026-09-07T02:34:12.771296Z","level":"info","event":"|191334    |1929-08-20|female|165.0    |75.6     |27.77|61.0      |14.0            |113.0      |82.0        |","logger":"task.stdout"}
{"timestamp":"2026-09-07T02:34:12.777034Z","level":"info","event":"|191652    |1929-08-20|female|165.0    |75.6     |27.77|61.0      |14.0            |113.0      |82.0        |","logger":"task.stdout"}
{"timestamp":"2026-09-07T02:34:12.780985Z","level":"info","event":"+----------+----------+------+---------+---------+-----+----------+----------------+-----------+------------+","logger":"task.stdout"}
{"timestamp":"2026-09-07T02:34:12.784009Z","level":"info","event":"only showing top 20 rows","logger":"task.stdout"}
{"timestamp":"2026-09-07T02:34:12.788028Z","level":"info","event":"","logger":"task.stdout"}
{"timestamp":"2026-09-07T02:34:53.211496Z","level":"info","event":"Gold patient vital rows: 75","logger":"task.stdout"}
{"timestamp":"2026-09-07T02:34:54.459150Z","level":"info","event":"Done. Returned value was: None","map_index":-1,"dag_id":"healthcare_pipeline","ti_id":"01a079b3-a325-7437-acb4-7f7176354b0f","run_id":"manual__2026-09-07T02:30:10.914584+00:00","try_number":1,"task_id":"process_gold_patient_latest_vitals","logger":"airflow.task.operators.airflow.providers.standard.decorators.python._PythonDecoratedOperator","filename":"python.py","lineno":233}
{"timestamp":"2026-09-07T02:34:54.494087Z","level":"info","event":"::group::Post Execute","map_index":-1,"dag_id":"healthcare_pipeline","ti_id":"01a079b3-a325-7437-acb4-7f7176354b0f","run_id":"manual__2026-09-07T02:30:10.914584+00:00","try_number":1,"task_id":"process_gold_patient_latest_vitals","logger":"task","filename":"task_runner.py","lineno":1580}
{"timestamp":"2026-09-07T02:34:54.921028Z","level":"info","event":"::endgroup::","map_index":-1,"dag_id":"healthcare_pipeline","ti_id":"01a079b3-a325-7437-acb4-7f7176354b0f","run_id":"manual__2026-09-07T02:30:10.914584+00:00","try_number":1,"task_id":"process_gold_patient_latest_vitals","logger":"task","filename":"task_runner.py","lineno":2379}
{"timestamp":"2026-09-07T02:35:03.905168Z","level":"error","event":"\r[Stage 0:>                                                          (0 + 7) / 7]\r\r[Stage 0:========>                                                  (1 + 6) / 7]\r\r[Stage 2:>                                                         (0 + 8) / 50]\r\r[Stage 2:=========>                                                (8 + 8) / 50]\r\r[Stage 2:==============>                                          (13 + 8) / 50]\r\r[Stage 2:=======================>                                 (21 + 8) / 50]\r\r[Stage 2:===============================>                         (28 + 8) / 50]\r\r[Stage 2:=======================================>                 (35 + 8) / 50]\r\r[Stage 2:==============================================>          (41 + 8) / 50]\r\r[Stage 2:======================================================>  (48 + 2) / 50]\r\r                                                                                \r\r[Stage 4:>                                                         (0 + 8) / 50]\r\r[Stage 4:=========>                                                (8 + 8) / 50]\r\r[Stage 4:======================>                                  (20 + 8) / 50]\r\r[Stage 4:==================================>                      (30 + 8) / 50]\r\r[Stage 4:==================================================>      (44 + 6) / 50]\r\r                                                                                \r\r[Stage 10:>                                                        (0 + 8) / 50]\r\r[Stage 10:=========>                                               (8 + 8) / 50]\r\r[Stage 10:==============>                                         (13 + 8) / 50]\r\r[Stage 10:====================>                                   (18 + 8) / 50]\r\r[Stage 10:=======================>                                (21 + 8) / 50]\r\r[Stage 10:============================>                           (25 + 8) / 50]\r\r[Stage 10:====================================>                   (33 + 8) / 50]\r\r[Stage 10:===========================================>            (39 + 9) / 50]\r\r[Stage 10:======================================================> (49 + 1) / 50]\r\r                                                                                \r\r[Stage 11:>                                                         (0 + 6) / 6]\r\r[Stage 13:>                                                         (0 + 1) / 1]\r\r                                                                                \r\r[Stage 22:>                                                         (0 + 3) / 3]\r\r[Stage 22:======================================>                   (2 + 1) / 3]\r\r[Stage 24:>                                                        (0 + 8) / 50]\r\r[Stage 24:=======>                                                 (7 + 8) / 50]\r\r[Stage 24:=========>                                               (8 + 8) / 50]\r\r[Stage 24:============>                                           (11 + 8) / 50]\r\r[Stage 24:=================>                                      (16 + 8) / 50]\r\r[Stage 24:===================>                                    (17 + 8) / 50]\r\r[Stage 24:==========================>                             (24 + 7) / 50]\r\r[Stage 24:==============================>                         (27 + 8) / 50]\r\r[Stage 24:================================>                       (29 + 8) / 50]\r\r[Stage 24:====================================>                   (33 + 8) / 50]\r\r[Stage 24:===========================================>            (39 + 8) / 50]\r\r[Stage 24:===============================================>        (42 + 8) / 50]\r\r[Stage 24:======================================================> (49 + 1) / 50]\r\r                                                                                \r\r[Stage 29:======>                                                  (6 + 8) / 50]\r\r[Stage 29:===================>                                    (17 + 8) / 50]\r\r[Stage 29:=============================================>          (41 + 9) / 50]\r\r                                                                                \r\r[Stage 31:==>                                                      (2 + 8) / 50]\r\r[Stage 31:==========>                                              (9 + 8) / 50]\r\r[Stage 31:=====================>                                  (19 + 8) / 50]\r\r[Stage 31:=============================>                          (26 + 8) / 50]\r\r[Stage 31:=================================>                      (30 + 8) / 50]\r\r[Stage 31:=================================================>      (44 + 6) / 50]\r\r                                                                                \r\r[Stage 32:>                                                         (0 + 6) / 6]\r\r[Stage 32:=========>                                                (1 + 5) / 6]\r\r[Stage 34:>                                                         (0 + 1) / 1]\r\r[Stage 37:>                                                         (0 + 1) / 1]\r\r                                                                                \r\r[Stage 42:>                                                         (0 + 1) / 1]\r\r                                                                                \r\r[Stage 44:=============================>                          (26 + 8) / 50]\r\r[Stage 44:====================================>                   (33 + 8) / 50]\r\r[Stage 44:==================================================>     (45 + 5) / 50]\r\r                                                                                \r\r[Stage 46:=========>                                               (8 + 8) / 50]\r\r[Stage 46:=====================>                                  (19 + 8) / 50]\r\r[Stage 46:=======================>                                (21 + 8) / 50]\r\r[Stage 46:================================================>       (43 + 7) / 50]","logger":"task.stderr"}
