{"timestamp":"2026-08-28T21:09:23.712574Z","level":"info","event":"::group::Pre Execute","logger":"task","filename":"task_runner.py","lineno":2412}
{"timestamp":"2026-08-28T21:09:23.784780Z","level":"info","event":"DAG bundles loaded: dags-folder","ti_id":"01a04a34-56df-701b-9c91-6e6298a805b5","try_number":1,"task_id":"process_encounter_silver","run_id":"manual__2026-08-28T21:08:59.158994+00:00","map_index":-1,"dag_id":"healthcare_pipeline","logger":"airflow.dag_processing.bundles.manager.DagBundlesManager","filename":"manager.py","lineno":304}
{"timestamp":"2026-08-28T21:09:23.785946Z","level":"info","event":"Filling up the DagBag from /opt/airflow/dags/healthcare_pipeline.py","ti_id":"01a04a34-56df-701b-9c91-6e6298a805b5","try_number":1,"task_id":"process_encounter_silver","run_id":"manual__2026-08-28T21:08:59.158994+00:00","map_index":-1,"dag_id":"healthcare_pipeline","logger":"airflow.dag_processing.dagbag.BundleDagBag","filename":"dagbag.py","lineno":460}
{"timestamp":"2026-08-28T21:09:24.580188Z","level":"info","event":"Worker startup parse complete","bundle_name":"dags-folder","bundle_version":null,"dag_file":"healthcare_pipeline.py","dag_id":"healthcare_pipeline","bundle_prepare_ms":3,"dag_file_parse_ms":794,"ti_id":"01a04a34-56df-701b-9c91-6e6298a805b5","try_number":1,"task_id":"process_encounter_silver","run_id":"manual__2026-08-28T21:08:59.158994+00:00","map_index":-1,"logger":"task","filename":"task_runner.py","lineno":1073}
{"timestamp":"2026-08-28T21:09:24.700931Z","level":"info","event":"::endgroup::","ti_id":"01a04a34-56df-701b-9c91-6e6298a805b5","try_number":1,"task_id":"process_encounter_silver","run_id":"manual__2026-08-28T21:08:59.158994+00:00","map_index":-1,"dag_id":"healthcare_pipeline","logger":"task","filename":"task_runner.py","lineno":2232}
{"timestamp":"2026-08-28T21:09:27.348092Z","level":"info","event":":: loading settings :: url = jar:file:/home/airflow/.local/lib/python3.11/site-packages/pyspark/jars/ivy-2.5.3.jar!/org/apache/ivy/core/settings/ivysettings.xml","logger":"task.stdout"}
{"timestamp":"2026-08-28T21:09:27.434194Z","level":"error","event":"Ivy Default Cache set to: /home/airflow/.ivy2/cache","logger":"task.stderr"}
{"timestamp":"2026-08-28T21:09:27.439737Z","level":"error","event":"The jars for the packages stored in: /home/airflow/.ivy2/jars","logger":"task.stderr"}
{"timestamp":"2026-08-28T21:09:27.444818Z","level":"error","event":"io.delta#delta-spark_2.12 added as a dependency","logger":"task.stderr"}
{"timestamp":"2026-08-28T21:09:27.449851Z","level":"error","event":":: resolving dependencies :: org.apache.spark#spark-submit-parent-cc5f751e-652e-4d75-bf16-de5ddcd4e63d;1.0","logger":"task.stderr"}
{"timestamp":"2026-08-28T21:09:27.453768Z","level":"error","event":"\tconfs: [default]","logger":"task.stderr"}
{"timestamp":"2026-08-28T21:09:27.733039Z","level":"error","event":"\tfound io.delta#delta-spark_2.12;3.3.2 in central","logger":"task.stderr"}
{"timestamp":"2026-08-28T21:09:27.771879Z","level":"error","event":"\tfound io.delta#delta-storage;3.3.2 in central","logger":"task.stderr"}
{"timestamp":"2026-08-28T21:09:27.820146Z","level":"error","event":"\tfound org.antlr#antlr4-runtime;4.9.3 in central","logger":"task.stderr"}
{"timestamp":"2026-08-28T21:09:27.854854Z","level":"error","event":":: resolution report :: resolve 390ms :: artifacts dl 19ms","logger":"task.stderr"}
{"timestamp":"2026-08-28T21:09:27.858918Z","level":"error","event":"\t:: modules in use:","logger":"task.stderr"}
{"timestamp":"2026-08-28T21:09:27.864724Z","level":"error","event":"\tio.delta#delta-spark_2.12;3.3.2 from central in [default]","logger":"task.stderr"}
{"timestamp":"2026-08-28T21:09:27.868906Z","level":"error","event":"\tio.delta#delta-storage;3.3.2 from central in [default]","logger":"task.stderr"}
{"timestamp":"2026-08-28T21:09:27.878073Z","level":"error","event":"\torg.antlr#antlr4-runtime;4.9.3 from central in [default]","logger":"task.stderr"}
{"timestamp":"2026-08-28T21:09:27.880194Z","level":"error","event":"\t---------------------------------------------------------------------","logger":"task.stderr"}
{"timestamp":"2026-08-28T21:09:27.885507Z","level":"error","event":"\t|                  |            modules            ||   artifacts   |","logger":"task.stderr"}
{"timestamp":"2026-08-28T21:09:27.888828Z","level":"error","event":"\t|       conf       | number| search|dwnlded|evicted|| number|dwnlded|","logger":"task.stderr"}
{"timestamp":"2026-08-28T21:09:27.893874Z","level":"error","event":"\t---------------------------------------------------------------------","logger":"task.stderr"}
{"timestamp":"2026-08-28T21:09:27.897525Z","level":"error","event":"\t|      default     |   3   |   0   |   0   |   0   ||   3   |   0   |","logger":"task.stderr"}
{"timestamp":"2026-08-28T21:09:27.900606Z","level":"error","event":"\t---------------------------------------------------------------------","logger":"task.stderr"}
{"timestamp":"2026-08-28T21:09:27.909021Z","level":"error","event":":: retrieving :: org.apache.spark#spark-submit-parent-cc5f751e-652e-4d75-bf16-de5ddcd4e63d","logger":"task.stderr"}
{"timestamp":"2026-08-28T21:09:27.913516Z","level":"error","event":"\tconfs: [default]","logger":"task.stderr"}
{"timestamp":"2026-08-28T21:09:27.920740Z","level":"error","event":"\t0 artifacts copied, 3 already retrieved (0kB/13ms)","logger":"task.stderr"}
{"timestamp":"2026-08-28T21:09:28.314699Z","level":"error","event":"26/08/28 21:09:28 WARN NativeCodeLoader: Unable to load native-hadoop library for your platform... using builtin-java classes where applicable","logger":"task.stderr"}
{"timestamp":"2026-08-28T21:09:28.697483Z","level":"error","event":"Setting default log level to \"WARN\".","logger":"task.stderr"}
{"timestamp":"2026-08-28T21:09:28.704001Z","level":"error","event":"To adjust logging level use sc.setLogLevel(newLevel). For SparkR, use setLogLevel(newLevel).","logger":"task.stderr"}
{"timestamp":"2026-08-28T21:09:43.181305Z","level":"error","event":"26/08/28 21:09:43 WARN SparkStringUtils: Truncated the string representation of a plan since it was too large. This behavior can be adjusted by setting 'spark.sql.debug.maxToStringFields'.","logger":"task.stderr"}
{"timestamp":"2026-08-28T21:10:34.725796Z","level":"info","event":"","logger":"task.stdout"}
{"timestamp":"2026-08-28T21:10:34.747973Z","level":"info","event":"Encounter Silver","logger":"task.stdout"}
{"timestamp":"2026-08-28T21:10:34.756071Z","level":"info","event":"----------------","logger":"task.stdout"}
{"timestamp":"2026-08-28T21:10:34.764105Z","level":"info","event":"New Bronze rows: 0","logger":"task.stdout"}
{"timestamp":"2026-08-28T21:10:34.773111Z","level":"info","event":"Rows to merge: 0","logger":"task.stdout"}
{"timestamp":"2026-08-28T21:10:34.781280Z","level":"info","event":"Status: NO NEW DATA","logger":"task.stdout"}
{"timestamp":"2026-08-28T21:10:36.588745Z","level":"info","event":"Done. Returned value was: None","ti_id":"01a04a34-56df-701b-9c91-6e6298a805b5","try_number":1,"task_id":"process_encounter_silver","run_id":"manual__2026-08-28T21:08:59.158994+00:00","map_index":-1,"dag_id":"healthcare_pipeline","logger":"airflow.task.operators.airflow.providers.standard.decorators.python._PythonDecoratedOperator","filename":"python.py","lineno":233}
{"timestamp":"2026-08-28T21:10:36.614968Z","level":"info","event":"::group::Post Execute","ti_id":"01a04a34-56df-701b-9c91-6e6298a805b5","try_number":1,"task_id":"process_encounter_silver","run_id":"manual__2026-08-28T21:08:59.158994+00:00","map_index":-1,"dag_id":"healthcare_pipeline","logger":"task","filename":"task_runner.py","lineno":1580}
{"timestamp":"2026-08-28T21:10:36.909534Z","level":"info","event":"::endgroup::","ti_id":"01a04a34-56df-701b-9c91-6e6298a805b5","try_number":1,"task_id":"process_encounter_silver","run_id":"manual__2026-08-28T21:08:59.158994+00:00","map_index":-1,"dag_id":"healthcare_pipeline","logger":"task","filename":"task_runner.py","lineno":2379}
{"timestamp":"2026-08-28T21:10:40.397295Z","level":"error","event":"\r[Stage 0:>                                                          (0 + 0) / 4]\r\r[Stage 0:>                                                          (0 + 4) / 4]\r\r[Stage 0:==============>                                            (1 + 3) / 4]\r\r[Stage 2:>                                                         (0 + 8) / 50]\r\r[Stage 2:======>                                                  (6 + 10) / 50]\r\r[Stage 2:=========>                                                (8 + 8) / 50]\r\r[Stage 2:===========>                                             (10 + 8) / 50]\r\r[Stage 2:=================>                                       (15 + 8) / 50]\r\r[Stage 2:==================>                                      (16 + 8) / 50]\r\r[Stage 2:====================>                                    (18 + 8) / 50]\r\r[Stage 2:=====================>                                   (19 + 8) / 50]\r\r[Stage 2:===========================>                             (24 + 8) / 50]\r\r[Stage 2:============================>                            (25 + 8) / 50]\r\r[Stage 2:==============================>                          (27 + 8) / 50]\r\r[Stage 2:=================================>                       (29 + 9) / 50]\r\r[Stage 2:====================================>                    (32 + 8) / 50]\r\r[Stage 2:=======================================>                 (35 + 8) / 50]\r\r[Stage 2:============================================>            (39 + 8) / 50]\r\r[Stage 2:=================================================>       (43 + 7) / 50]\r\r[Stage 2:===================================================>     (45 + 5) / 50]\r\r[Stage 5:>                                                          (0 + 1) / 1]\r\r                                                                                \r\r[Stage 7:>                                                         (0 + 8) / 50]\r\r[Stage 7:==============>                                          (13 + 8) / 50]\r\r[Stage 7:=========================================>               (36 + 8) / 50]\r\r                                                                                \r\r[Stage 8:>                                                          (0 + 1) / 1]\r\r                                                                                \r\r[Stage 13:>                                                        (0 + 8) / 50]\r\r[Stage 13:=====>                                                   (5 + 8) / 50]\r\r[Stage 13:=========>                                               (8 + 8) / 50]\r\r[Stage 13:=================>                                      (16 + 8) / 50]\r\r[Stage 13:======================>                                 (20 + 8) / 50]\r\r[Stage 13:==========================>                             (24 + 9) / 50]\r\r[Stage 13:==================================>                     (31 + 8) / 50]\r\r[Stage 13:======================================>                 (34 + 9) / 50]\r\r[Stage 13:=========================================>              (37 + 9) / 50]\r\r[Stage 13:================================================>       (43 + 7) / 50]\r\r[Stage 13:===================================================>    (46 + 4) / 50]\r\r                                                                                \r\r[Stage 14:>                                                         (0 + 6) / 6]\r\r[Stage 14:===================>                                      (2 + 4) / 6]","logger":"task.stderr"}
