{"timestamp":"2026-09-07T02:33:30.722166Z","level":"info","event":"::group::Pre Execute","logger":"task","filename":"task_runner.py","lineno":2412}
{"timestamp":"2026-09-07T02:33:30.752267Z","level":"info","event":"DAG bundles loaded: dags-folder","task_id":"load_embeddings_to_pgvector","try_number":1,"dag_id":"healthcare_pipeline","ti_id":"01a079b3-a32b-7d7f-842c-bf4bb74a493f","map_index":-1,"run_id":"manual__2026-09-07T02:30:10.914584+00:00","logger":"airflow.dag_processing.bundles.manager.DagBundlesManager","filename":"manager.py","lineno":304}
{"timestamp":"2026-09-07T02:33:30.758239Z","level":"info","event":"Filling up the DagBag from /opt/airflow/dags/healthcare_pipeline.py","task_id":"load_embeddings_to_pgvector","try_number":1,"dag_id":"healthcare_pipeline","ti_id":"01a079b3-a32b-7d7f-842c-bf4bb74a493f","map_index":-1,"run_id":"manual__2026-09-07T02:30:10.914584+00:00","logger":"airflow.dag_processing.dagbag.BundleDagBag","filename":"dagbag.py","lineno":460}
{"timestamp":"2026-09-07T02:33:32.888267Z","level":"info","event":"Worker startup parse complete","bundle_name":"dags-folder","bundle_version":null,"dag_file":"healthcare_pipeline.py","dag_id":"healthcare_pipeline","bundle_prepare_ms":11,"dag_file_parse_ms":2132,"task_id":"load_embeddings_to_pgvector","try_number":1,"ti_id":"01a079b3-a32b-7d7f-842c-bf4bb74a493f","map_index":-1,"run_id":"manual__2026-09-07T02:30:10.914584+00:00","logger":"task","filename":"task_runner.py","lineno":1073}
{"timestamp":"2026-09-07T02:33:32.968544Z","level":"info","event":"::endgroup::","task_id":"load_embeddings_to_pgvector","try_number":1,"dag_id":"healthcare_pipeline","ti_id":"01a079b3-a32b-7d7f-842c-bf4bb74a493f","map_index":-1,"run_id":"manual__2026-09-07T02:30:10.914584+00:00","logger":"task","filename":"task_runner.py","lineno":2232}
{"timestamp":"2026-09-07T02:33:35.961249Z","level":"info","event":":: loading settings :: url = jar:file:/home/airflow/.local/lib/python3.11/site-packages/pyspark/jars/ivy-2.5.3.jar!/org/apache/ivy/core/settings/ivysettings.xml","logger":"task.stdout"}
{"timestamp":"2026-09-07T02:33:36.151280Z","level":"error","event":"Ivy Default Cache set to: /home/airflow/.ivy2/cache","logger":"task.stderr"}
{"timestamp":"2026-09-07T02:33:36.158002Z","level":"error","event":"The jars for the packages stored in: /home/airflow/.ivy2/jars","logger":"task.stderr"}
{"timestamp":"2026-09-07T02:33:36.162536Z","level":"error","event":"io.delta#delta-spark_2.12 added as a dependency","logger":"task.stderr"}
{"timestamp":"2026-09-07T02:33:36.166954Z","level":"error","event":":: resolving dependencies :: org.apache.spark#spark-submit-parent-18e67e35-1788-46fb-9aeb-297694b398f1;1.0","logger":"task.stderr"}
{"timestamp":"2026-09-07T02:33:36.172438Z","level":"error","event":"\tconfs: [default]","logger":"task.stderr"}
{"timestamp":"2026-09-07T02:33:36.450392Z","level":"error","event":"\tfound io.delta#delta-spark_2.12;3.3.2 in spark-list","logger":"task.stderr"}
{"timestamp":"2026-09-07T02:33:36.497251Z","level":"error","event":"\tfound io.delta#delta-storage;3.3.2 in central","logger":"task.stderr"}
{"timestamp":"2026-09-07T02:33:36.520485Z","level":"error","event":"\tfound org.antlr#antlr4-runtime;4.9.3 in central","logger":"task.stderr"}
{"timestamp":"2026-09-07T02:33:36.581158Z","level":"error","event":":: resolution report :: resolve 407ms :: artifacts dl 21ms","logger":"task.stderr"}
{"timestamp":"2026-09-07T02:33:36.585274Z","level":"error","event":"\t:: modules in use:","logger":"task.stderr"}
{"timestamp":"2026-09-07T02:33:36.591182Z","level":"error","event":"\tio.delta#delta-spark_2.12;3.3.2 from spark-list in [default]","logger":"task.stderr"}
{"timestamp":"2026-09-07T02:33:36.594128Z","level":"error","event":"\tio.delta#delta-storage;3.3.2 from central in [default]","logger":"task.stderr"}
{"timestamp":"2026-09-07T02:33:36.597153Z","level":"error","event":"\torg.antlr#antlr4-runtime;4.9.3 from central in [default]","logger":"task.stderr"}
{"timestamp":"2026-09-07T02:33:36.602239Z","level":"error","event":"\t---------------------------------------------------------------------","logger":"task.stderr"}
{"timestamp":"2026-09-07T02:33:36.607030Z","level":"error","event":"\t|                  |            modules            ||   artifacts   |","logger":"task.stderr"}
{"timestamp":"2026-09-07T02:33:36.610383Z","level":"error","event":"\t|       conf       | number| search|dwnlded|evicted|| number|dwnlded|","logger":"task.stderr"}
{"timestamp":"2026-09-07T02:33:36.611912Z","level":"error","event":"\t---------------------------------------------------------------------","logger":"task.stderr"}
{"timestamp":"2026-09-07T02:33:36.618279Z","level":"error","event":"\t|      default     |   3   |   0   |   0   |   0   ||   3   |   0   |","logger":"task.stderr"}
{"timestamp":"2026-09-07T02:33:36.620878Z","level":"error","event":"\t---------------------------------------------------------------------","logger":"task.stderr"}
{"timestamp":"2026-09-07T02:33:36.623455Z","level":"error","event":":: retrieving :: org.apache.spark#spark-submit-parent-18e67e35-1788-46fb-9aeb-297694b398f1","logger":"task.stderr"}
{"timestamp":"2026-09-07T02:33:36.630122Z","level":"error","event":"\tconfs: [default]","logger":"task.stderr"}
{"timestamp":"2026-09-07T02:33:36.633208Z","level":"error","event":"\t0 artifacts copied, 3 already retrieved (0kB/5ms)","logger":"task.stderr"}
{"timestamp":"2026-09-07T02:33:37.084476Z","level":"error","event":"26/09/07 02:33:37 WARN NativeCodeLoader: Unable to load native-hadoop library for your platform... using builtin-java classes where applicable","logger":"task.stderr"}
{"timestamp":"2026-09-07T02:33:37.602904Z","level":"error","event":"Setting default log level to \"WARN\".","logger":"task.stderr"}
{"timestamp":"2026-09-07T02:33:37.607030Z","level":"error","event":"To adjust logging level use sc.setLogLevel(newLevel). For SparkR, use setLogLevel(newLevel).","logger":"task.stderr"}
{"timestamp":"2026-09-07T02:34:00.745789Z","level":"info","event":"Last pgvector checkpoint: 2026-09-07 02:10:49.299266","logger":"task.stdout"}
{"timestamp":"2026-09-07T02:34:23.699639Z","level":"error","event":"26/09/07 02:34:23 WARN SparkStringUtils: Truncated the string representation of a plan since it was too large. This behavior can be adjusted by setting 'spark.sql.debug.maxToStringFields'.","logger":"task.stderr"}
{"timestamp":"2026-09-07T02:35:04.220348Z","level":"info","event":"New/changed embeddings: 0","logger":"task.stdout"}
{"timestamp":"2026-09-07T02:35:04.234630Z","level":"info","event":"No embeddings to load into pgvector.","logger":"task.stdout"}
{"timestamp":"2026-09-07T02:35:04.843118Z","level":"info","event":"Done. Returned value was: None","task_id":"load_embeddings_to_pgvector","try_number":1,"dag_id":"healthcare_pipeline","ti_id":"01a079b3-a32b-7d7f-842c-bf4bb74a493f","map_index":-1,"run_id":"manual__2026-09-07T02:30:10.914584+00:00","logger":"airflow.task.operators.airflow.providers.standard.decorators.python._PythonDecoratedOperator","filename":"python.py","lineno":233}
{"timestamp":"2026-09-07T02:35:04.848399Z","level":"info","event":"::group::Post Execute","task_id":"load_embeddings_to_pgvector","try_number":1,"dag_id":"healthcare_pipeline","ti_id":"01a079b3-a32b-7d7f-842c-bf4bb74a493f","map_index":-1,"run_id":"manual__2026-09-07T02:30:10.914584+00:00","logger":"task","filename":"task_runner.py","lineno":1580}
{"timestamp":"2026-09-07T02:35:04.917706Z","level":"info","event":"::endgroup::","task_id":"load_embeddings_to_pgvector","try_number":1,"dag_id":"healthcare_pipeline","ti_id":"01a079b3-a32b-7d7f-842c-bf4bb74a493f","map_index":-1,"run_id":"manual__2026-09-07T02:30:10.914584+00:00","logger":"task","filename":"task_runner.py","lineno":2379}
{"timestamp":"2026-09-07T02:35:07.253518Z","level":"error","event":"\r[Stage 0:>                                                          (0 + 0) / 3]\r\r[Stage 0:>                                                          (0 + 3) / 3]\r\r[Stage 0:=======================================>                   (2 + 1) / 3]\r\r[Stage 0:===========================================================(3 + 0) / 3]\r\r[Stage 2:>                                                         (0 + 8) / 50]\r\r[Stage 2:===>                                                      (3 + 9) / 50]\r\r[Stage 2:=========>                                                (8 + 8) / 50]\r\r[Stage 2:===========>                                             (10 + 8) / 50]\r\r[Stage 2:==================>                                      (16 + 8) / 50]\r\r[Stage 2:=======================>                                 (21 + 8) / 50]\r\r[Stage 2:==========================>                              (23 + 8) / 50]\r\r[Stage 2:=================================>                       (29 + 8) / 50]\r\r[Stage 2:==================================>                      (30 + 8) / 50]\r\r[Stage 2:===================================>                     (31 + 8) / 50]\r\r[Stage 2:=========================================>               (36 + 9) / 50]\r\r[Stage 2:==========================================>              (37 + 8) / 50]\r\r[Stage 2:===========================================>             (38 + 8) / 50]\r\r[Stage 2:==============================================>          (41 + 8) / 50]\r\r[Stage 2:==================================================>      (44 + 6) / 50]\r\r[Stage 2:======================================================>  (48 + 2) / 50]\r\r                                                                                \r\r[Stage 3:>                                                          (0 + 2) / 2]","logger":"task.stderr"}
