{"timestamp":"2026-08-29T00:43:36.783492Z","level":"info","event":"::group::Pre Execute","logger":"task","filename":"task_runner.py","lineno":2412}
{"timestamp":"2026-08-29T00:43:36.846953Z","level":"info","event":"DAG bundles loaded: dags-folder","ti_id":"01a04af8-85b2-7b38-b651-89422b72a9fb","map_index":-1,"dag_id":"healthcare_pipeline","try_number":1,"task_id":"process_condition_silver","run_id":"manual__2026-08-29T00:43:16.241480+00:00","logger":"airflow.dag_processing.bundles.manager.DagBundlesManager","filename":"manager.py","lineno":304}
{"timestamp":"2026-08-29T00:43:36.854439Z","level":"info","event":"Filling up the DagBag from /opt/airflow/dags/healthcare_pipeline.py","ti_id":"01a04af8-85b2-7b38-b651-89422b72a9fb","map_index":-1,"dag_id":"healthcare_pipeline","try_number":1,"task_id":"process_condition_silver","run_id":"manual__2026-08-29T00:43:16.241480+00:00","logger":"airflow.dag_processing.dagbag.BundleDagBag","filename":"dagbag.py","lineno":460}
{"timestamp":"2026-08-29T00:43:37.948963Z","level":"info","event":"Worker startup parse complete","bundle_name":"dags-folder","bundle_version":null,"dag_file":"healthcare_pipeline.py","dag_id":"healthcare_pipeline","bundle_prepare_ms":22,"dag_file_parse_ms":1095,"ti_id":"01a04af8-85b2-7b38-b651-89422b72a9fb","map_index":-1,"try_number":1,"task_id":"process_condition_silver","run_id":"manual__2026-08-29T00:43:16.241480+00:00","logger":"task","filename":"task_runner.py","lineno":1073}
{"timestamp":"2026-08-29T00:43:38.025623Z","level":"info","event":"::endgroup::","ti_id":"01a04af8-85b2-7b38-b651-89422b72a9fb","map_index":-1,"dag_id":"healthcare_pipeline","try_number":1,"task_id":"process_condition_silver","run_id":"manual__2026-08-29T00:43:16.241480+00:00","logger":"task","filename":"task_runner.py","lineno":2232}
{"timestamp":"2026-08-29T00:43:41.593323Z","level":"info","event":":: loading settings :: url = jar:file:/home/airflow/.local/lib/python3.11/site-packages/pyspark/jars/ivy-2.5.3.jar!/org/apache/ivy/core/settings/ivysettings.xml","logger":"task.stdout"}
{"timestamp":"2026-08-29T00:43:42.034258Z","level":"error","event":"Ivy Default Cache set to: /home/airflow/.ivy2/cache","logger":"task.stderr"}
{"timestamp":"2026-08-29T00:43:42.041745Z","level":"error","event":"The jars for the packages stored in: /home/airflow/.ivy2/jars","logger":"task.stderr"}
{"timestamp":"2026-08-29T00:43:42.096043Z","level":"error","event":"io.delta#delta-spark_2.12 added as a dependency","logger":"task.stderr"}
{"timestamp":"2026-08-29T00:43:42.101156Z","level":"error","event":":: resolving dependencies :: org.apache.spark#spark-submit-parent-ca9bc2ca-0d5a-4154-a882-6999bafe8332;1.0","logger":"task.stderr"}
{"timestamp":"2026-08-29T00:43:42.105262Z","level":"error","event":"\tconfs: [default]","logger":"task.stderr"}
{"timestamp":"2026-08-29T00:43:42.459920Z","level":"error","event":"\tfound io.delta#delta-spark_2.12;3.3.2 in spark-list","logger":"task.stderr"}
{"timestamp":"2026-08-29T00:43:42.507747Z","level":"error","event":"\tfound io.delta#delta-storage;3.3.2 in central","logger":"task.stderr"}
{"timestamp":"2026-08-29T00:43:42.619051Z","level":"error","event":"\tfound org.antlr#antlr4-runtime;4.9.3 in spark-list","logger":"task.stderr"}
{"timestamp":"2026-08-29T00:43:42.675707Z","level":"error","event":":: resolution report :: resolve 597ms :: artifacts dl 16ms","logger":"task.stderr"}
{"timestamp":"2026-08-29T00:43:42.678534Z","level":"error","event":"\t:: modules in use:","logger":"task.stderr"}
{"timestamp":"2026-08-29T00:43:42.684157Z","level":"error","event":"\tio.delta#delta-spark_2.12;3.3.2 from spark-list in [default]","logger":"task.stderr"}
{"timestamp":"2026-08-29T00:43:42.692741Z","level":"error","event":"\tio.delta#delta-storage;3.3.2 from central in [default]","logger":"task.stderr"}
{"timestamp":"2026-08-29T00:43:42.704078Z","level":"error","event":"\torg.antlr#antlr4-runtime;4.9.3 from spark-list in [default]","logger":"task.stderr"}
{"timestamp":"2026-08-29T00:43:42.708114Z","level":"error","event":"\t---------------------------------------------------------------------","logger":"task.stderr"}
{"timestamp":"2026-08-29T00:43:42.719262Z","level":"error","event":"\t|                  |            modules            ||   artifacts   |","logger":"task.stderr"}
{"timestamp":"2026-08-29T00:43:42.722253Z","level":"error","event":"\t|       conf       | number| search|dwnlded|evicted|| number|dwnlded|","logger":"task.stderr"}
{"timestamp":"2026-08-29T00:43:42.724762Z","level":"error","event":"\t---------------------------------------------------------------------","logger":"task.stderr"}
{"timestamp":"2026-08-29T00:43:42.733709Z","level":"error","event":"\t|      default     |   3   |   0   |   0   |   0   ||   3   |   0   |","logger":"task.stderr"}
{"timestamp":"2026-08-29T00:43:42.737159Z","level":"error","event":"\t---------------------------------------------------------------------","logger":"task.stderr"}
{"timestamp":"2026-08-29T00:43:42.742986Z","level":"error","event":":: retrieving :: org.apache.spark#spark-submit-parent-ca9bc2ca-0d5a-4154-a882-6999bafe8332","logger":"task.stderr"}
{"timestamp":"2026-08-29T00:43:42.744595Z","level":"error","event":"\tconfs: [default]","logger":"task.stderr"}
{"timestamp":"2026-08-29T00:43:42.748004Z","level":"error","event":"\t0 artifacts copied, 3 already retrieved (0kB/15ms)","logger":"task.stderr"}
{"timestamp":"2026-08-29T00:43:43.350090Z","level":"error","event":"26/08/29 00:43:43 WARN NativeCodeLoader: Unable to load native-hadoop library for your platform... using builtin-java classes where applicable","logger":"task.stderr"}
{"timestamp":"2026-08-29T00:43:44.009487Z","level":"error","event":"Setting default log level to \"WARN\".","logger":"task.stderr"}
{"timestamp":"2026-08-29T00:43:44.013774Z","level":"error","event":"To adjust logging level use sc.setLogLevel(newLevel). For SparkR, use setLogLevel(newLevel).","logger":"task.stderr"}
{"timestamp":"2026-08-29T00:43:46.520757Z","level":"error","event":"26/08/29 00:43:46 WARN Utils: Service 'SparkUI' could not bind on port 4040. Attempting port 4041.","logger":"task.stderr"}
{"timestamp":"2026-08-29T00:43:46.543403Z","level":"error","event":"26/08/29 00:43:46 WARN Utils: Service 'SparkUI' could not bind on port 4041. Attempting port 4042.","logger":"task.stderr"}
{"timestamp":"2026-08-29T00:43:46.553495Z","level":"error","event":"26/08/29 00:43:46 WARN Utils: Service 'SparkUI' could not bind on port 4042. Attempting port 4043.","logger":"task.stderr"}
{"timestamp":"2026-08-29T00:43:59.785411Z","level":"error","event":"26/08/29 00:43:59 WARN SparkStringUtils: Truncated the string representation of a plan since it was too large. This behavior can be adjusted by setting 'spark.sql.debug.maxToStringFields'.","logger":"task.stderr"}
{"timestamp":"2026-08-29T00:44:58.807640Z","level":"info","event":"","logger":"task.stdout"}
{"timestamp":"2026-08-29T00:44:58.823614Z","level":"info","event":"Condition Silver","logger":"task.stdout"}
{"timestamp":"2026-08-29T00:44:58.827648Z","level":"info","event":"----------------","logger":"task.stdout"}
{"timestamp":"2026-08-29T00:44:58.831213Z","level":"info","event":"New Bronze rows: 0","logger":"task.stdout"}
{"timestamp":"2026-08-29T00:44:58.833011Z","level":"info","event":"Rows to merge: 0","logger":"task.stdout"}
{"timestamp":"2026-08-29T00:44:58.835637Z","level":"info","event":"Status: NO NEW DATA","logger":"task.stdout"}
{"timestamp":"2026-08-29T00:44:59.499087Z","level":"info","event":"Done. Returned value was: None","ti_id":"01a04af8-85b2-7b38-b651-89422b72a9fb","map_index":-1,"dag_id":"healthcare_pipeline","try_number":1,"task_id":"process_condition_silver","run_id":"manual__2026-08-29T00:43:16.241480+00:00","logger":"airflow.task.operators.airflow.providers.standard.decorators.python._PythonDecoratedOperator","filename":"python.py","lineno":233}
{"timestamp":"2026-08-29T00:44:59.514528Z","level":"info","event":"::group::Post Execute","ti_id":"01a04af8-85b2-7b38-b651-89422b72a9fb","map_index":-1,"dag_id":"healthcare_pipeline","try_number":1,"task_id":"process_condition_silver","run_id":"manual__2026-08-29T00:43:16.241480+00:00","logger":"task","filename":"task_runner.py","lineno":1580}
{"timestamp":"2026-08-29T00:44:59.626086Z","level":"info","event":"::endgroup::","ti_id":"01a04af8-85b2-7b38-b651-89422b72a9fb","map_index":-1,"dag_id":"healthcare_pipeline","try_number":1,"task_id":"process_condition_silver","run_id":"manual__2026-08-29T00:43:16.241480+00:00","logger":"task","filename":"task_runner.py","lineno":2379}
{"timestamp":"2026-08-29T00:45:03.620983Z","level":"error","event":"\r[Stage 0:>                                                          (0 + 5) / 5]\r\r[Stage 2:>                                                         (0 + 8) / 50]\r\r[Stage 2:=========>                                                (8 + 8) / 50]\r\r[Stage 2:=========>                                                (8 + 9) / 50]\r\r[Stage 2:============>                                            (11 + 8) / 50]\r\r[Stage 2:===============>                                         (14 + 9) / 50]\r\r[Stage 2:===================>                                     (17 + 8) / 50]\r\r[Stage 2:====================>                                    (18 + 8) / 50]\r\r[Stage 2:===========================>                             (24 + 8) / 50]\r\r[Stage 2:============================>                            (25 + 8) / 50]\r\r[Stage 2:==================================>                      (30 + 8) / 50]\r\r[Stage 2:====================================>                    (32 + 8) / 50]\r\r[Stage 2:=======================================>                 (35 + 8) / 50]\r\r[Stage 2:=========================================>               (36 + 8) / 50]\r\r[Stage 2:==========================================>              (37 + 8) / 50]\r\r[Stage 2:============================================>            (39 + 8) / 50]\r\r[Stage 2:=============================================>           (40 + 8) / 50]\r\r[Stage 2:===============================================>         (42 + 8) / 50]\r\r[Stage 2:=================================================>       (43 + 7) / 50]\r\r[Stage 2:====================================================>    (46 + 4) / 50]\r\r[Stage 5:>                                                          (0 + 1) / 1]\r\r                                                                                \r\r[Stage 7:>                                                         (0 + 8) / 50]\r\r[Stage 7:==============>                                          (13 + 8) / 50]\r\r[Stage 7:==========================>                              (23 + 8) / 50]\r\r[Stage 7:=======================================>                (35 + 10) / 50]\r\r                                                                                \r\r[Stage 8:>                                                          (0 + 2) / 2]\r\r                                                                                \r\r[Stage 11:===========================================>              (3 + 1) / 4]\r\r[Stage 13:>                                                        (0 + 8) / 50]\r\r[Stage 13:>                                                        (0 + 9) / 50]\r\r[Stage 13:=======>                                                 (7 + 8) / 50]\r\r[Stage 13:=========>                                               (8 + 8) / 50]\r\r[Stage 13:==========>                                              (9 + 8) / 50]\r\r[Stage 13:===========>                                            (10 + 9) / 50]\r\r[Stage 13:==============>                                         (13 + 8) / 50]\r\r[Stage 13:================>                                       (15 + 8) / 50]\r\r[Stage 13:====================>                                   (18 + 8) / 50]\r\r[Stage 13:=====================>                                  (19 + 8) / 50]\r\r[Stage 13:========================>                               (22 + 8) / 50]\r\r[Stage 13:=========================>                              (23 + 8) / 50]\r\r[Stage 13:============================>                           (25 + 8) / 50]\r\r[Stage 13:=============================>                          (26 + 8) / 50]\r\r[Stage 13:=============================>                          (26 + 9) / 50]\r\r[Stage 13:===============================>                        (28 + 8) / 50]\r\r[Stage 13:==================================>                     (31 + 8) / 50]\r\r[Stage 13:====================================>                   (33 + 8) / 50]\r\r[Stage 13:========================================>               (36 + 8) / 50]\r\r[Stage 13:=========================================>              (37 + 8) / 50]\r\r[Stage 13:===============================================>        (42 + 8) / 50]\r\r[Stage 13:==================================================>     (45 + 5) / 50]","logger":"task.stderr"}
