{"timestamp":"2026-08-28T21:09:02.818145Z","level":"info","event":"::group::Pre Execute","logger":"task","filename":"task_runner.py","lineno":2412}
{"timestamp":"2026-08-28T21:09:02.828483Z","level":"info","event":"DAG bundles loaded: dags-folder","ti_id":"01a04a34-56dd-7350-9ae3-8b6acbb7562b","try_number":1,"task_id":"process_bronze_to_delta","run_id":"manual__2026-08-28T21:08:59.158994+00:00","map_index":-1,"dag_id":"healthcare_pipeline","logger":"airflow.dag_processing.bundles.manager.DagBundlesManager","filename":"manager.py","lineno":304}
{"timestamp":"2026-08-28T21:09:02.829047Z","level":"info","event":"Filling up the DagBag from /opt/airflow/dags/healthcare_pipeline.py","ti_id":"01a04a34-56dd-7350-9ae3-8b6acbb7562b","try_number":1,"task_id":"process_bronze_to_delta","run_id":"manual__2026-08-28T21:08:59.158994+00:00","map_index":-1,"dag_id":"healthcare_pipeline","logger":"airflow.dag_processing.dagbag.BundleDagBag","filename":"dagbag.py","lineno":460}
{"timestamp":"2026-08-28T21:09:03.657261Z","level":"info","event":"Worker startup parse complete","bundle_name":"dags-folder","bundle_version":null,"dag_file":"healthcare_pipeline.py","dag_id":"healthcare_pipeline","bundle_prepare_ms":2,"dag_file_parse_ms":827,"ti_id":"01a04a34-56dd-7350-9ae3-8b6acbb7562b","try_number":1,"task_id":"process_bronze_to_delta","run_id":"manual__2026-08-28T21:08:59.158994+00:00","map_index":-1,"logger":"task","filename":"task_runner.py","lineno":1073}
{"timestamp":"2026-08-28T21:09:03.723835Z","level":"info","event":"::endgroup::","ti_id":"01a04a34-56dd-7350-9ae3-8b6acbb7562b","try_number":1,"task_id":"process_bronze_to_delta","run_id":"manual__2026-08-28T21:08:59.158994+00:00","map_index":-1,"dag_id":"healthcare_pipeline","logger":"task","filename":"task_runner.py","lineno":2232}
{"timestamp":"2026-08-28T21:09:05.951563Z","level":"info","event":":: loading settings :: url = jar:file:/home/airflow/.local/lib/python3.11/site-packages/pyspark/jars/ivy-2.5.3.jar!/org/apache/ivy/core/settings/ivysettings.xml","logger":"task.stdout"}
{"timestamp":"2026-08-28T21:09:06.037668Z","level":"error","event":"Ivy Default Cache set to: /home/airflow/.ivy2/cache","logger":"task.stderr"}
{"timestamp":"2026-08-28T21:09:06.040057Z","level":"error","event":"The jars for the packages stored in: /home/airflow/.ivy2/jars","logger":"task.stderr"}
{"timestamp":"2026-08-28T21:09:06.044113Z","level":"error","event":"io.delta#delta-spark_2.12 added as a dependency","logger":"task.stderr"}
{"timestamp":"2026-08-28T21:09:06.048254Z","level":"error","event":":: resolving dependencies :: org.apache.spark#spark-submit-parent-0385cf3a-0f09-4d3d-93ab-72f26dd3daa8;1.0","logger":"task.stderr"}
{"timestamp":"2026-08-28T21:09:06.050115Z","level":"error","event":"\tconfs: [default]","logger":"task.stderr"}
{"timestamp":"2026-08-28T21:09:06.168679Z","level":"error","event":"\tfound io.delta#delta-spark_2.12;3.3.2 in central","logger":"task.stderr"}
{"timestamp":"2026-08-28T21:09:06.188794Z","level":"error","event":"\tfound io.delta#delta-storage;3.3.2 in central","logger":"task.stderr"}
{"timestamp":"2026-08-28T21:09:06.209235Z","level":"error","event":"\tfound org.antlr#antlr4-runtime;4.9.3 in central","logger":"task.stderr"}
{"timestamp":"2026-08-28T21:09:06.225884Z","level":"error","event":":: resolution report :: resolve 173ms :: artifacts dl 6ms","logger":"task.stderr"}
{"timestamp":"2026-08-28T21:09:06.229016Z","level":"error","event":"\t:: modules in use:","logger":"task.stderr"}
{"timestamp":"2026-08-28T21:09:06.230949Z","level":"error","event":"\tio.delta#delta-spark_2.12;3.3.2 from central in [default]","logger":"task.stderr"}
{"timestamp":"2026-08-28T21:09:06.232893Z","level":"error","event":"\tio.delta#delta-storage;3.3.2 from central in [default]","logger":"task.stderr"}
{"timestamp":"2026-08-28T21:09:06.235922Z","level":"error","event":"\torg.antlr#antlr4-runtime;4.9.3 from central in [default]","logger":"task.stderr"}
{"timestamp":"2026-08-28T21:09:06.238253Z","level":"error","event":"\t---------------------------------------------------------------------","logger":"task.stderr"}
{"timestamp":"2026-08-28T21:09:06.242255Z","level":"error","event":"\t|                  |            modules            ||   artifacts   |","logger":"task.stderr"}
{"timestamp":"2026-08-28T21:09:06.244805Z","level":"error","event":"\t|       conf       | number| search|dwnlded|evicted|| number|dwnlded|","logger":"task.stderr"}
{"timestamp":"2026-08-28T21:09:06.246846Z","level":"error","event":"\t---------------------------------------------------------------------","logger":"task.stderr"}
{"timestamp":"2026-08-28T21:09:06.248669Z","level":"error","event":"\t|      default     |   3   |   0   |   0   |   0   ||   3   |   0   |","logger":"task.stderr"}
{"timestamp":"2026-08-28T21:09:06.250987Z","level":"error","event":"\t---------------------------------------------------------------------","logger":"task.stderr"}
{"timestamp":"2026-08-28T21:09:06.252906Z","level":"error","event":":: retrieving :: org.apache.spark#spark-submit-parent-0385cf3a-0f09-4d3d-93ab-72f26dd3daa8","logger":"task.stderr"}
{"timestamp":"2026-08-28T21:09:06.254732Z","level":"error","event":"\tconfs: [default]","logger":"task.stderr"}
{"timestamp":"2026-08-28T21:09:06.256781Z","level":"error","event":"\t0 artifacts copied, 3 already retrieved (0kB/8ms)","logger":"task.stderr"}
{"timestamp":"2026-08-28T21:09:06.397095Z","level":"error","event":"26/08/28 21:09:06 WARN NativeCodeLoader: Unable to load native-hadoop library for your platform... using builtin-java classes where applicable","logger":"task.stderr"}
{"timestamp":"2026-08-28T21:09:06.578240Z","level":"error","event":"Setting default log level to \"WARN\".","logger":"task.stderr"}
{"timestamp":"2026-08-28T21:09:06.580956Z","level":"error","event":"To adjust logging level use sc.setLogLevel(newLevel). For SparkR, use setLogLevel(newLevel).","logger":"task.stderr"}
{"timestamp":"2026-08-28T21:09:08.270680Z","level":"info","event":"Processing Patient...","logger":"task.stdout"}
{"timestamp":"2026-08-28T21:09:11.746589Z","level":"error","event":"26/08/28 21:09:11 WARN SparkStringUtils: Truncated the string representation of a plan since it was too large. This behavior can be adjusted by setting 'spark.sql.debug.maxToStringFields'.","logger":"task.stderr"}
{"timestamp":"2026-08-28T21:09:16.524964Z","level":"info","event":"Patient: No new Bronze files to process.","logger":"task.stdout"}
{"timestamp":"2026-08-28T21:09:16.538493Z","level":"info","event":"Processing Encounter...","logger":"task.stdout"}
{"timestamp":"2026-08-28T21:09:18.370530Z","level":"info","event":"Encounter: No new Bronze files to process.","logger":"task.stdout"}
{"timestamp":"2026-08-28T21:09:18.373615Z","level":"info","event":"Processing Condition...","logger":"task.stdout"}
{"timestamp":"2026-08-28T21:09:20.137700Z","level":"info","event":"Condition: No new Bronze files to process.","logger":"task.stdout"}
{"timestamp":"2026-08-28T21:09:20.146051Z","level":"info","event":"Processing Observation...","logger":"task.stdout"}
{"timestamp":"2026-08-28T21:09:21.570357Z","level":"info","event":"Observation: No new Bronze files to process.","logger":"task.stdout"}
{"timestamp":"2026-08-28T21:09:21.572771Z","level":"info","event":"Processing MedicationRequest...","logger":"task.stdout"}
{"timestamp":"2026-08-28T21:09:22.611772Z","level":"info","event":"MedicationRequest: No new Bronze files to process.","logger":"task.stdout"}
{"timestamp":"2026-08-28T21:09:23.141955Z","level":"info","event":"Done. Returned value was: None","ti_id":"01a04a34-56dd-7350-9ae3-8b6acbb7562b","try_number":1,"task_id":"process_bronze_to_delta","run_id":"manual__2026-08-28T21:08:59.158994+00:00","map_index":-1,"dag_id":"healthcare_pipeline","logger":"airflow.task.operators.airflow.providers.standard.decorators.python._PythonDecoratedOperator","filename":"python.py","lineno":233}
{"timestamp":"2026-08-28T21:09:23.145889Z","level":"info","event":"::group::Post Execute","ti_id":"01a04a34-56dd-7350-9ae3-8b6acbb7562b","try_number":1,"task_id":"process_bronze_to_delta","run_id":"manual__2026-08-28T21:08:59.158994+00:00","map_index":-1,"dag_id":"healthcare_pipeline","logger":"task","filename":"task_runner.py","lineno":1580}
{"timestamp":"2026-08-28T21:09:23.218110Z","level":"info","event":"::endgroup::","ti_id":"01a04a34-56dd-7350-9ae3-8b6acbb7562b","try_number":1,"task_id":"process_bronze_to_delta","run_id":"manual__2026-08-28T21:08:59.158994+00:00","map_index":-1,"dag_id":"healthcare_pipeline","logger":"task","filename":"task_runner.py","lineno":2379}
{"timestamp":"2026-08-28T21:09:24.746039Z","level":"error","event":"\r[Stage 2:>                                                         (0 + 8) / 50]\r\r[Stage 2:===========>                                             (10 + 8) / 50]\r\r[Stage 2:====================>                                    (18 + 8) / 50]\r\r[Stage 2:=============================>                           (26 + 8) / 50]\r\r[Stage 2:==================================================>      (44 + 6) / 50]\r\r                                                                                \r\r[Stage 8:========>                                                  (1 + 6) / 7]\r\r                                                                                \r\r[Stage 13:========================================>               (36 + 8) / 50]","logger":"task.stderr"}
