{"timestamp":"2026-09-07T02:32:36.586574Z","level":"info","event":"::group::Pre Execute","logger":"task","filename":"task_runner.py","lineno":2412}
{"timestamp":"2026-09-07T02:32:36.679237Z","level":"info","event":"DAG bundles loaded: dags-folder","dag_id":"healthcare_pipeline","map_index":-1,"try_number":1,"run_id":"manual__2026-09-07T02:30:10.914584+00:00","ti_id":"01a079b3-a329-7c65-b17f-81e3c0e5535a","task_id":"chunk_clinical_notes","logger":"airflow.dag_processing.bundles.manager.DagBundlesManager","filename":"manager.py","lineno":304}
{"timestamp":"2026-09-07T02:32:36.683111Z","level":"info","event":"Filling up the DagBag from /opt/airflow/dags/healthcare_pipeline.py","dag_id":"healthcare_pipeline","map_index":-1,"try_number":1,"run_id":"manual__2026-09-07T02:30:10.914584+00:00","ti_id":"01a079b3-a329-7c65-b17f-81e3c0e5535a","task_id":"chunk_clinical_notes","logger":"airflow.dag_processing.dagbag.BundleDagBag","filename":"dagbag.py","lineno":460}
{"timestamp":"2026-09-07T02:32:40.901483Z","level":"info","event":"Worker startup parse complete","bundle_name":"dags-folder","bundle_version":null,"dag_file":"healthcare_pipeline.py","dag_id":"healthcare_pipeline","bundle_prepare_ms":33,"dag_file_parse_ms":4218,"map_index":-1,"try_number":1,"run_id":"manual__2026-09-07T02:30:10.914584+00:00","ti_id":"01a079b3-a329-7c65-b17f-81e3c0e5535a","task_id":"chunk_clinical_notes","logger":"task","filename":"task_runner.py","lineno":1073}
{"timestamp":"2026-09-07T02:32:40.984921Z","level":"info","event":"::endgroup::","dag_id":"healthcare_pipeline","map_index":-1,"try_number":1,"run_id":"manual__2026-09-07T02:30:10.914584+00:00","ti_id":"01a079b3-a329-7c65-b17f-81e3c0e5535a","task_id":"chunk_clinical_notes","logger":"task","filename":"task_runner.py","lineno":2232}
{"timestamp":"2026-09-07T02:32:42.454246Z","level":"info","event":":: loading settings :: url = jar:file:/home/airflow/.local/lib/python3.11/site-packages/pyspark/jars/ivy-2.5.3.jar!/org/apache/ivy/core/settings/ivysettings.xml","logger":"task.stdout"}
{"timestamp":"2026-09-07T02:32:42.573190Z","level":"error","event":"Ivy Default Cache set to: /home/airflow/.ivy2/cache","logger":"task.stderr"}
{"timestamp":"2026-09-07T02:32:42.575052Z","level":"error","event":"The jars for the packages stored in: /home/airflow/.ivy2/jars","logger":"task.stderr"}
{"timestamp":"2026-09-07T02:32:42.580939Z","level":"error","event":"io.delta#delta-spark_2.12 added as a dependency","logger":"task.stderr"}
{"timestamp":"2026-09-07T02:32:42.583152Z","level":"error","event":":: resolving dependencies :: org.apache.spark#spark-submit-parent-d39a292c-c08a-49c2-9222-4cf99472961c;1.0","logger":"task.stderr"}
{"timestamp":"2026-09-07T02:32:42.585817Z","level":"error","event":"\tconfs: [default]","logger":"task.stderr"}
{"timestamp":"2026-09-07T02:32:42.682636Z","level":"error","event":"\tfound io.delta#delta-spark_2.12;3.3.2 in spark-list","logger":"task.stderr"}
{"timestamp":"2026-09-07T02:32:42.702436Z","level":"error","event":"\tfound io.delta#delta-storage;3.3.2 in central","logger":"task.stderr"}
{"timestamp":"2026-09-07T02:32:42.717682Z","level":"error","event":"\tfound org.antlr#antlr4-runtime;4.9.3 in central","logger":"task.stderr"}
{"timestamp":"2026-09-07T02:32:42.732629Z","level":"error","event":":: resolution report :: resolve 145ms :: artifacts dl 5ms","logger":"task.stderr"}
{"timestamp":"2026-09-07T02:32:42.737071Z","level":"error","event":"\t:: modules in use:","logger":"task.stderr"}
{"timestamp":"2026-09-07T02:32:42.739243Z","level":"error","event":"\tio.delta#delta-spark_2.12;3.3.2 from spark-list in [default]","logger":"task.stderr"}
{"timestamp":"2026-09-07T02:32:42.742162Z","level":"error","event":"\tio.delta#delta-storage;3.3.2 from central in [default]","logger":"task.stderr"}
{"timestamp":"2026-09-07T02:32:42.746251Z","level":"error","event":"\torg.antlr#antlr4-runtime;4.9.3 from central in [default]","logger":"task.stderr"}
{"timestamp":"2026-09-07T02:32:42.748569Z","level":"error","event":"\t---------------------------------------------------------------------","logger":"task.stderr"}
{"timestamp":"2026-09-07T02:32:42.755749Z","level":"error","event":"\t|                  |            modules            ||   artifacts   |","logger":"task.stderr"}
{"timestamp":"2026-09-07T02:32:42.758099Z","level":"error","event":"\t|       conf       | number| search|dwnlded|evicted|| number|dwnlded|","logger":"task.stderr"}
{"timestamp":"2026-09-07T02:32:42.759507Z","level":"error","event":"\t---------------------------------------------------------------------","logger":"task.stderr"}
{"timestamp":"2026-09-07T02:32:42.762112Z","level":"error","event":"\t|      default     |   3   |   0   |   0   |   0   ||   3   |   0   |","logger":"task.stderr"}
{"timestamp":"2026-09-07T02:32:42.765158Z","level":"error","event":"\t---------------------------------------------------------------------","logger":"task.stderr"}
{"timestamp":"2026-09-07T02:32:42.767457Z","level":"error","event":":: retrieving :: org.apache.spark#spark-submit-parent-d39a292c-c08a-49c2-9222-4cf99472961c","logger":"task.stderr"}
{"timestamp":"2026-09-07T02:32:42.769982Z","level":"error","event":"\tconfs: [default]","logger":"task.stderr"}
{"timestamp":"2026-09-07T02:32:42.772169Z","level":"error","event":"\t0 artifacts copied, 3 already retrieved (0kB/7ms)","logger":"task.stderr"}
{"timestamp":"2026-09-07T02:32:42.930820Z","level":"error","event":"26/09/07 02:32:42 WARN NativeCodeLoader: Unable to load native-hadoop library for your platform... using builtin-java classes where applicable","logger":"task.stderr"}
{"timestamp":"2026-09-07T02:32:43.137720Z","level":"error","event":"Setting default log level to \"WARN\".","logger":"task.stderr"}
{"timestamp":"2026-09-07T02:32:43.141405Z","level":"error","event":"To adjust logging level use sc.setLogLevel(newLevel). For SparkR, use setLogLevel(newLevel).","logger":"task.stderr"}
{"timestamp":"2026-09-07T02:32:48.962894Z","level":"error","event":"26/09/07 02:32:48 WARN SparkStringUtils: Truncated the string representation of a plan since it was too large. This behavior can be adjusted by setting 'spark.sql.debug.maxToStringFields'.","logger":"task.stderr"}
{"timestamp":"2026-09-07T02:32:55.975888Z","level":"info","event":"Last processed Silver timestamp: 2026-09-07 02:10:01.682109","logger":"task.stdout"}
{"timestamp":"2026-09-07T02:32:59.115015Z","level":"info","event":"New/changed documents: 0","logger":"task.stdout"}
{"timestamp":"2026-09-07T02:32:59.121451Z","level":"info","event":"No new clinical notes to chunk.","logger":"task.stdout"}
{"timestamp":"2026-09-07T02:32:59.592424Z","level":"info","event":"Done. Returned value was: None","dag_id":"healthcare_pipeline","map_index":-1,"try_number":1,"run_id":"manual__2026-09-07T02:30:10.914584+00:00","ti_id":"01a079b3-a329-7c65-b17f-81e3c0e5535a","task_id":"chunk_clinical_notes","logger":"airflow.task.operators.airflow.providers.standard.decorators.python._PythonDecoratedOperator","filename":"python.py","lineno":233}
{"timestamp":"2026-09-07T02:32:59.593415Z","level":"info","event":"::group::Post Execute","dag_id":"healthcare_pipeline","map_index":-1,"try_number":1,"run_id":"manual__2026-09-07T02:30:10.914584+00:00","ti_id":"01a079b3-a329-7c65-b17f-81e3c0e5535a","task_id":"chunk_clinical_notes","logger":"task","filename":"task_runner.py","lineno":1580}
{"timestamp":"2026-09-07T02:32:59.627402Z","level":"info","event":"::endgroup::","dag_id":"healthcare_pipeline","map_index":-1,"try_number":1,"run_id":"manual__2026-09-07T02:30:10.914584+00:00","ti_id":"01a079b3-a329-7c65-b17f-81e3c0e5535a","task_id":"chunk_clinical_notes","logger":"task","filename":"task_runner.py","lineno":2379}
{"timestamp":"2026-09-07T02:33:00.376355Z","level":"error","event":"\r[Stage 0:>                                                          (0 + 3) / 3]\r\r[Stage 2:>                                                         (0 + 8) / 50]\r\r[Stage 2:=========>                                                (8 + 8) / 50]\r\r[Stage 2:==================>                                      (16 + 8) / 50]\r\r[Stage 2:===========================>                             (24 + 8) / 50]\r\r[Stage 2:====================================>                    (32 + 8) / 50]\r\r[Stage 2:==================================================>      (44 + 6) / 50]\r\r                                                                                \r\r[Stage 8:>                                                          (0 + 5) / 5]\r\r                                                                                \r\r[Stage 13:===================>                                    (17 + 8) / 50]\r\r[Stage 13:=========================>                              (23 + 8) / 50]\r\r[Stage 13:==========================================>             (38 + 8) / 50]","logger":"task.stderr"}
