{"timestamp":"2026-08-28T21:23:33.349162Z","level":"info","event":"::group::Pre Execute","logger":"task","filename":"task_runner.py","lineno":2412}
{"timestamp":"2026-08-28T21:23:33.406774Z","level":"info","event":"DAG bundles loaded: dags-folder","ti_id":"01a04a41-6647-7638-bc0a-85aea3c01be2","try_number":1,"task_id":"process_patient_silver","map_index":-1,"run_id":"manual__2026-08-28T21:23:15.102320+00:00","dag_id":"healthcare_pipeline","logger":"airflow.dag_processing.bundles.manager.DagBundlesManager","filename":"manager.py","lineno":304}
{"timestamp":"2026-08-28T21:23:33.407784Z","level":"info","event":"Filling up the DagBag from /opt/airflow/dags/healthcare_pipeline.py","ti_id":"01a04a41-6647-7638-bc0a-85aea3c01be2","try_number":1,"task_id":"process_patient_silver","map_index":-1,"run_id":"manual__2026-08-28T21:23:15.102320+00:00","dag_id":"healthcare_pipeline","logger":"airflow.dag_processing.dagbag.BundleDagBag","filename":"dagbag.py","lineno":460}
{"timestamp":"2026-08-28T21:23:33.867675Z","level":"info","event":"Worker startup parse complete","bundle_name":"dags-folder","bundle_version":null,"dag_file":"healthcare_pipeline.py","dag_id":"healthcare_pipeline","bundle_prepare_ms":1,"dag_file_parse_ms":459,"ti_id":"01a04a41-6647-7638-bc0a-85aea3c01be2","try_number":1,"task_id":"process_patient_silver","map_index":-1,"run_id":"manual__2026-08-28T21:23:15.102320+00:00","logger":"task","filename":"task_runner.py","lineno":1073}
{"timestamp":"2026-08-28T21:23:33.907779Z","level":"info","event":"::endgroup::","ti_id":"01a04a41-6647-7638-bc0a-85aea3c01be2","try_number":1,"task_id":"process_patient_silver","map_index":-1,"run_id":"manual__2026-08-28T21:23:15.102320+00:00","dag_id":"healthcare_pipeline","logger":"task","filename":"task_runner.py","lineno":2232}
{"timestamp":"2026-08-28T21:23:36.325361Z","level":"info","event":":: loading settings :: url = jar:file:/home/airflow/.local/lib/python3.11/site-packages/pyspark/jars/ivy-2.5.3.jar!/org/apache/ivy/core/settings/ivysettings.xml","logger":"task.stdout"}
{"timestamp":"2026-08-28T21:23:36.504206Z","level":"error","event":"Ivy Default Cache set to: /home/airflow/.ivy2/cache","logger":"task.stderr"}
{"timestamp":"2026-08-28T21:23:36.508657Z","level":"error","event":"The jars for the packages stored in: /home/airflow/.ivy2/jars","logger":"task.stderr"}
{"timestamp":"2026-08-28T21:23:36.518587Z","level":"error","event":"io.delta#delta-spark_2.12 added as a dependency","logger":"task.stderr"}
{"timestamp":"2026-08-28T21:23:36.523579Z","level":"error","event":":: resolving dependencies :: org.apache.spark#spark-submit-parent-a4e2b5ac-62fc-4a32-a43e-a9fd8645a096;1.0","logger":"task.stderr"}
{"timestamp":"2026-08-28T21:23:36.527781Z","level":"error","event":"\tconfs: [default]","logger":"task.stderr"}
{"timestamp":"2026-08-28T21:23:36.830718Z","level":"error","event":"\tfound io.delta#delta-spark_2.12;3.3.2 in spark-list","logger":"task.stderr"}
{"timestamp":"2026-08-28T21:23:36.915898Z","level":"error","event":"\tfound io.delta#delta-storage;3.3.2 in central","logger":"task.stderr"}
{"timestamp":"2026-08-28T21:23:36.946581Z","level":"error","event":"\tfound org.antlr#antlr4-runtime;4.9.3 in central","logger":"task.stderr"}
{"timestamp":"2026-08-28T21:23:36.965033Z","level":"error","event":":: resolution report :: resolve 439ms :: artifacts dl 6ms","logger":"task.stderr"}
{"timestamp":"2026-08-28T21:23:36.967511Z","level":"error","event":"\t:: modules in use:","logger":"task.stderr"}
{"timestamp":"2026-08-28T21:23:36.972736Z","level":"error","event":"\tio.delta#delta-spark_2.12;3.3.2 from spark-list in [default]","logger":"task.stderr"}
{"timestamp":"2026-08-28T21:23:36.977630Z","level":"error","event":"\tio.delta#delta-storage;3.3.2 from central in [default]","logger":"task.stderr"}
{"timestamp":"2026-08-28T21:23:36.981404Z","level":"error","event":"\torg.antlr#antlr4-runtime;4.9.3 from central in [default]","logger":"task.stderr"}
{"timestamp":"2026-08-28T21:23:36.984220Z","level":"error","event":"\t---------------------------------------------------------------------","logger":"task.stderr"}
{"timestamp":"2026-08-28T21:23:36.988145Z","level":"error","event":"\t|                  |            modules            ||   artifacts   |","logger":"task.stderr"}
{"timestamp":"2026-08-28T21:23:36.990314Z","level":"error","event":"\t|       conf       | number| search|dwnlded|evicted|| number|dwnlded|","logger":"task.stderr"}
{"timestamp":"2026-08-28T21:23:36.994197Z","level":"error","event":"\t---------------------------------------------------------------------","logger":"task.stderr"}
{"timestamp":"2026-08-28T21:23:36.997456Z","level":"error","event":"\t|      default     |   3   |   0   |   0   |   0   ||   3   |   0   |","logger":"task.stderr"}
{"timestamp":"2026-08-28T21:23:37.002768Z","level":"error","event":"\t---------------------------------------------------------------------","logger":"task.stderr"}
{"timestamp":"2026-08-28T21:23:37.006136Z","level":"error","event":":: retrieving :: org.apache.spark#spark-submit-parent-a4e2b5ac-62fc-4a32-a43e-a9fd8645a096","logger":"task.stderr"}
{"timestamp":"2026-08-28T21:23:37.008558Z","level":"error","event":"\tconfs: [default]","logger":"task.stderr"}
{"timestamp":"2026-08-28T21:23:37.014478Z","level":"error","event":"\t0 artifacts copied, 3 already retrieved (0kB/39ms)","logger":"task.stderr"}
{"timestamp":"2026-08-28T21:23:37.444340Z","level":"error","event":"26/08/28 21:23:37 WARN NativeCodeLoader: Unable to load native-hadoop library for your platform... using builtin-java classes where applicable","logger":"task.stderr"}
{"timestamp":"2026-08-28T21:23:37.672120Z","level":"error","event":"Setting default log level to \"WARN\".","logger":"task.stderr"}
{"timestamp":"2026-08-28T21:23:37.675425Z","level":"error","event":"To adjust logging level use sc.setLogLevel(newLevel). For SparkR, use setLogLevel(newLevel).","logger":"task.stderr"}
{"timestamp":"2026-08-28T21:23:39.095760Z","level":"error","event":"26/08/28 21:23:39 WARN Utils: Service 'SparkUI' could not bind on port 4040. Attempting port 4041.","logger":"task.stderr"}
{"timestamp":"2026-08-28T21:23:39.100486Z","level":"error","event":"26/08/28 21:23:39 WARN Utils: Service 'SparkUI' could not bind on port 4041. Attempting port 4042.","logger":"task.stderr"}
{"timestamp":"2026-08-28T21:23:49.663913Z","level":"error","event":"26/08/28 21:23:49 WARN SparkStringUtils: Truncated the string representation of a plan since it was too large. This behavior can be adjusted by setting 'spark.sql.debug.maxToStringFields'.","logger":"task.stderr"}
{"timestamp":"2026-08-28T21:24:34.172494Z","level":"info","event":"","logger":"task.stdout"}
{"timestamp":"2026-08-28T21:24:34.214473Z","level":"info","event":"Patient Silver","logger":"task.stdout"}
{"timestamp":"2026-08-28T21:24:34.224748Z","level":"info","event":"--------------","logger":"task.stdout"}
{"timestamp":"2026-08-28T21:24:34.233150Z","level":"info","event":"New Bronze rows: 0","logger":"task.stdout"}
{"timestamp":"2026-08-28T21:24:34.241652Z","level":"info","event":"Rows to merge: 0","logger":"task.stdout"}
{"timestamp":"2026-08-28T21:24:34.261189Z","level":"info","event":"Status: NO NEW DATA","logger":"task.stdout"}
{"timestamp":"2026-08-28T21:24:35.179740Z","level":"info","event":"Done. Returned value was: None","ti_id":"01a04a41-6647-7638-bc0a-85aea3c01be2","try_number":1,"task_id":"process_patient_silver","map_index":-1,"run_id":"manual__2026-08-28T21:23:15.102320+00:00","dag_id":"healthcare_pipeline","logger":"airflow.task.operators.airflow.providers.standard.decorators.python._PythonDecoratedOperator","filename":"python.py","lineno":233}
{"timestamp":"2026-08-28T21:24:35.188437Z","level":"info","event":"::group::Post Execute","ti_id":"01a04a41-6647-7638-bc0a-85aea3c01be2","try_number":1,"task_id":"process_patient_silver","map_index":-1,"run_id":"manual__2026-08-28T21:23:15.102320+00:00","dag_id":"healthcare_pipeline","logger":"task","filename":"task_runner.py","lineno":1580}
{"timestamp":"2026-08-28T21:24:35.261271Z","level":"info","event":"::endgroup::","ti_id":"01a04a41-6647-7638-bc0a-85aea3c01be2","try_number":1,"task_id":"process_patient_silver","map_index":-1,"run_id":"manual__2026-08-28T21:23:15.102320+00:00","dag_id":"healthcare_pipeline","logger":"task","filename":"task_runner.py","lineno":2379}
{"timestamp":"2026-08-28T21:24:37.768733Z","level":"error","event":"\r[Stage 0:>                                                          (0 + 5) / 5]\r\r[Stage 2:>                                                         (0 + 8) / 50]\r\r[Stage 2:=========>                                                (8 + 8) / 50]\r\r[Stage 2:=========>                                                (8 + 9) / 50]\r\r[Stage 2:=================>                                       (15 + 8) / 50]\r\r[Stage 2:==================>                                      (16 + 8) / 50]\r\r[Stage 2:=====================>                                   (19 + 8) / 50]\r\r[Stage 2:============================>                            (25 + 8) / 50]\r\r[Stage 2:=============================>                           (26 + 8) / 50]\r\r[Stage 2:=================================>                       (29 + 8) / 50]\r\r[Stage 2:=====================================>                   (33 + 8) / 50]\r\r[Stage 2:======================================>                  (34 + 8) / 50]\r\r[Stage 2:=========================================>               (36 + 8) / 50]\r\r[Stage 2:==========================================>              (37 + 8) / 50]\r\r[Stage 2:============================================>            (39 + 8) / 50]\r\r[Stage 2:==============================================>          (41 + 8) / 50]\r\r[Stage 2:=================================================>       (43 + 7) / 50]\r\r[Stage 2:=====================================================>   (47 + 3) / 50]\r\r                                                                                \r\r[Stage 7:>                                                         (0 + 8) / 50]\r\r[Stage 7:>                                                         (0 + 9) / 50]\r\r[Stage 7:=============>                                           (12 + 8) / 50]\r\r[Stage 7:====================>                                    (18 + 8) / 50]\r\r[Stage 7:=====================>                                   (19 + 8) / 50]\r\r[Stage 7:====================================>                    (32 + 8) / 50]\r\r[Stage 7:===============================================>         (42 + 8) / 50]\r\r                                                                                \r\r[Stage 8:>                                                          (0 + 1) / 1]\r\r                                                                                \r\r[Stage 13:>                                                        (0 + 8) / 50]\r\r[Stage 13:=========>                                               (8 + 8) / 50]\r\r[Stage 13:=============>                                          (12 + 8) / 50]\r\r[Stage 13:=================>                                      (16 + 8) / 50]\r\r[Stage 13:=========================>                              (23 + 8) / 50]\r\r[Stage 13:==========================>                             (24 + 8) / 50]\r\r[Stage 13:=============================>                          (26 + 8) / 50]\r\r[Stage 13:================================>                       (29 + 8) / 50]\r\r[Stage 13:==================================>                     (31 + 8) / 50]\r\r[Stage 13:===========================================>            (39 + 8) / 50]\r\r[Stage 13:=============================================>          (41 + 8) / 50]\r\r[Stage 13:=================================================>      (44 + 6) / 50]\r\r[Stage 13:==================================================>     (45 + 5) / 50]\r\r[Stage 13:======================================================> (49 + 1) / 50]","logger":"task.stderr"}
