{"timestamp":"2026-08-28T21:09:23.745453Z","level":"info","event":"::group::Pre Execute","logger":"task","filename":"task_runner.py","lineno":2412}
{"timestamp":"2026-08-28T21:09:23.944944Z","level":"info","event":"DAG bundles loaded: dags-folder","try_number":1,"map_index":-1,"task_id":"process_medication_silver","ti_id":"01a04a34-56e2-7f1f-858b-e779d71b70f7","run_id":"manual__2026-08-28T21:08:59.158994+00:00","dag_id":"healthcare_pipeline","logger":"airflow.dag_processing.bundles.manager.DagBundlesManager","filename":"manager.py","lineno":304}
{"timestamp":"2026-08-28T21:09:23.947742Z","level":"info","event":"Filling up the DagBag from /opt/airflow/dags/healthcare_pipeline.py","try_number":1,"map_index":-1,"task_id":"process_medication_silver","ti_id":"01a04a34-56e2-7f1f-858b-e779d71b70f7","run_id":"manual__2026-08-28T21:08:59.158994+00:00","dag_id":"healthcare_pipeline","logger":"airflow.dag_processing.dagbag.BundleDagBag","filename":"dagbag.py","lineno":460}
{"timestamp":"2026-08-28T21:09:24.670963Z","level":"info","event":"Worker startup parse complete","bundle_name":"dags-folder","bundle_version":null,"dag_file":"healthcare_pipeline.py","dag_id":"healthcare_pipeline","bundle_prepare_ms":2,"dag_file_parse_ms":725,"try_number":1,"map_index":-1,"task_id":"process_medication_silver","ti_id":"01a04a34-56e2-7f1f-858b-e779d71b70f7","run_id":"manual__2026-08-28T21:08:59.158994+00:00","logger":"task","filename":"task_runner.py","lineno":1073}
{"timestamp":"2026-08-28T21:09:24.732164Z","level":"info","event":"::endgroup::","try_number":1,"map_index":-1,"task_id":"process_medication_silver","ti_id":"01a04a34-56e2-7f1f-858b-e779d71b70f7","run_id":"manual__2026-08-28T21:08:59.158994+00:00","dag_id":"healthcare_pipeline","logger":"task","filename":"task_runner.py","lineno":2232}
{"timestamp":"2026-08-28T21:09:27.244056Z","level":"info","event":":: loading settings :: url = jar:file:/home/airflow/.local/lib/python3.11/site-packages/pyspark/jars/ivy-2.5.3.jar!/org/apache/ivy/core/settings/ivysettings.xml","logger":"task.stdout"}
{"timestamp":"2026-08-28T21:09:27.371891Z","level":"error","event":"Ivy Default Cache set to: /home/airflow/.ivy2/cache","logger":"task.stderr"}
{"timestamp":"2026-08-28T21:09:27.376749Z","level":"error","event":"The jars for the packages stored in: /home/airflow/.ivy2/jars","logger":"task.stderr"}
{"timestamp":"2026-08-28T21:09:27.396018Z","level":"error","event":"io.delta#delta-spark_2.12 added as a dependency","logger":"task.stderr"}
{"timestamp":"2026-08-28T21:09:27.401718Z","level":"error","event":":: resolving dependencies :: org.apache.spark#spark-submit-parent-16f3de7d-39cc-4cb5-ae6c-3e13c35029ed;1.0","logger":"task.stderr"}
{"timestamp":"2026-08-28T21:09:27.408469Z","level":"error","event":"\tconfs: [default]","logger":"task.stderr"}
{"timestamp":"2026-08-28T21:09:27.603169Z","level":"error","event":"\tfound io.delta#delta-spark_2.12;3.3.2 in central","logger":"task.stderr"}
{"timestamp":"2026-08-28T21:09:27.637731Z","level":"error","event":"\tfound io.delta#delta-storage;3.3.2 in central","logger":"task.stderr"}
{"timestamp":"2026-08-28T21:09:27.665702Z","level":"error","event":"\tfound org.antlr#antlr4-runtime;4.9.3 in central","logger":"task.stderr"}
{"timestamp":"2026-08-28T21:09:27.690202Z","level":"error","event":":: resolution report :: resolve 284ms :: artifacts dl 7ms","logger":"task.stderr"}
{"timestamp":"2026-08-28T21:09:27.693188Z","level":"error","event":"\t:: modules in use:","logger":"task.stderr"}
{"timestamp":"2026-08-28T21:09:27.696969Z","level":"error","event":"\tio.delta#delta-spark_2.12;3.3.2 from central in [default]","logger":"task.stderr"}
{"timestamp":"2026-08-28T21:09:27.698450Z","level":"error","event":"\tio.delta#delta-storage;3.3.2 from central in [default]","logger":"task.stderr"}
{"timestamp":"2026-08-28T21:09:27.700450Z","level":"error","event":"\torg.antlr#antlr4-runtime;4.9.3 from central in [default]","logger":"task.stderr"}
{"timestamp":"2026-08-28T21:09:27.703898Z","level":"error","event":"\t---------------------------------------------------------------------","logger":"task.stderr"}
{"timestamp":"2026-08-28T21:09:27.708644Z","level":"error","event":"\t|                  |            modules            ||   artifacts   |","logger":"task.stderr"}
{"timestamp":"2026-08-28T21:09:27.711058Z","level":"error","event":"\t|       conf       | number| search|dwnlded|evicted|| number|dwnlded|","logger":"task.stderr"}
{"timestamp":"2026-08-28T21:09:27.716757Z","level":"error","event":"\t---------------------------------------------------------------------","logger":"task.stderr"}
{"timestamp":"2026-08-28T21:09:27.719686Z","level":"error","event":"\t|      default     |   3   |   0   |   0   |   0   ||   3   |   0   |","logger":"task.stderr"}
{"timestamp":"2026-08-28T21:09:27.722764Z","level":"error","event":"\t---------------------------------------------------------------------","logger":"task.stderr"}
{"timestamp":"2026-08-28T21:09:27.724205Z","level":"error","event":":: retrieving :: org.apache.spark#spark-submit-parent-16f3de7d-39cc-4cb5-ae6c-3e13c35029ed","logger":"task.stderr"}
{"timestamp":"2026-08-28T21:09:27.726965Z","level":"error","event":"\tconfs: [default]","logger":"task.stderr"}
{"timestamp":"2026-08-28T21:09:27.739809Z","level":"error","event":"\t0 artifacts copied, 3 already retrieved (0kB/35ms)","logger":"task.stderr"}
{"timestamp":"2026-08-28T21:09:28.168052Z","level":"error","event":"26/08/28 21:09:28 WARN NativeCodeLoader: Unable to load native-hadoop library for your platform... using builtin-java classes where applicable","logger":"task.stderr"}
{"timestamp":"2026-08-28T21:09:28.535967Z","level":"error","event":"Setting default log level to \"WARN\".","logger":"task.stderr"}
{"timestamp":"2026-08-28T21:09:28.541660Z","level":"error","event":"To adjust logging level use sc.setLogLevel(newLevel). For SparkR, use setLogLevel(newLevel).","logger":"task.stderr"}
{"timestamp":"2026-08-28T21:09:30.150624Z","level":"error","event":"26/08/28 21:09:30 WARN Utils: Service 'SparkUI' could not bind on port 4040. Attempting port 4041.","logger":"task.stderr"}
{"timestamp":"2026-08-28T21:09:43.416373Z","level":"error","event":"26/08/28 21:09:43 WARN SparkStringUtils: Truncated the string representation of a plan since it was too large. This behavior can be adjusted by setting 'spark.sql.debug.maxToStringFields'.","logger":"task.stderr"}
{"timestamp":"2026-08-28T21:10:39.545625Z","level":"info","event":"","logger":"task.stdout"}
{"timestamp":"2026-08-28T21:10:39.563627Z","level":"info","event":"MedicationRequest Silver","logger":"task.stdout"}
{"timestamp":"2026-08-28T21:10:39.573778Z","level":"info","event":"------------------------","logger":"task.stdout"}
{"timestamp":"2026-08-28T21:10:39.586984Z","level":"info","event":"New Bronze rows: 0","logger":"task.stdout"}
{"timestamp":"2026-08-28T21:10:39.593150Z","level":"info","event":"Rows to merge: 0","logger":"task.stdout"}
{"timestamp":"2026-08-28T21:10:39.599645Z","level":"info","event":"Status: NO NEW DATA","logger":"task.stdout"}
{"timestamp":"2026-08-28T21:10:40.665147Z","level":"info","event":"Done. Returned value was: None","try_number":1,"map_index":-1,"task_id":"process_medication_silver","ti_id":"01a04a34-56e2-7f1f-858b-e779d71b70f7","run_id":"manual__2026-08-28T21:08:59.158994+00:00","dag_id":"healthcare_pipeline","logger":"airflow.task.operators.airflow.providers.standard.decorators.python._PythonDecoratedOperator","filename":"python.py","lineno":233}
{"timestamp":"2026-08-28T21:10:40.676809Z","level":"info","event":"::group::Post Execute","try_number":1,"map_index":-1,"task_id":"process_medication_silver","ti_id":"01a04a34-56e2-7f1f-858b-e779d71b70f7","run_id":"manual__2026-08-28T21:08:59.158994+00:00","dag_id":"healthcare_pipeline","logger":"task","filename":"task_runner.py","lineno":1580}
{"timestamp":"2026-08-28T21:10:40.806789Z","level":"info","event":"::endgroup::","try_number":1,"map_index":-1,"task_id":"process_medication_silver","ti_id":"01a04a34-56e2-7f1f-858b-e779d71b70f7","run_id":"manual__2026-08-28T21:08:59.158994+00:00","dag_id":"healthcare_pipeline","logger":"task","filename":"task_runner.py","lineno":2379}
{"timestamp":"2026-08-28T21:10:42.501859Z","level":"error","event":"\r[Stage 0:>                                                          (0 + 0) / 4]\r\r[Stage 0:>                                                          (0 + 1) / 4]\r\r[Stage 0:>                                                          (0 + 4) / 4]\r\r[Stage 0:==============>                                            (1 + 3) / 4]\r\r[Stage 2:>                                                         (0 + 8) / 50]\r\r[Stage 2:=>                                                        (1 + 8) / 50]\r\r[Stage 2:=====>                                                   (5 + 10) / 50]\r\r[Stage 2:=========>                                                (8 + 8) / 50]\r\r[Stage 2:=============>                                          (12 + 11) / 50]\r\r[Stage 2:=================>                                       (15 + 8) / 50]\r\r[Stage 2:==================>                                      (16 + 8) / 50]\r\r[Stage 2:====================>                                    (18 + 8) / 50]\r\r[Stage 2:======================>                                  (20 + 9) / 50]\r\r[Stage 2:==========================>                              (23 + 8) / 50]\r\r[Stage 2:===========================>                             (24 + 8) / 50]\r\r[Stage 2:=============================>                           (26 + 8) / 50]\r\r[Stage 2:===================================>                     (31 + 8) / 50]\r\r[Stage 2:=====================================>                   (33 + 8) / 50]\r\r[Stage 2:===========================================>             (38 + 8) / 50]\r\r[Stage 2:============================================>            (39 + 8) / 50]\r\r[Stage 2:=============================================>           (40 + 8) / 50]\r\r[Stage 2:=================================================>       (43 + 7) / 50]\r\r[Stage 2:===================================================>     (45 + 5) / 50]\r\r[Stage 2:======================================================>  (48 + 2) / 50]\r\r[Stage 2:=======================================================> (49 + 1) / 50]\r\r[Stage 5:>                                                          (0 + 1) / 1]\r\r                                                                                \r\r[Stage 7:>                                                         (0 + 8) / 50]\r\r[Stage 7:===============>                                         (14 + 8) / 50]\r\r[Stage 7:==================================>                      (30 + 8) / 50]\r\r                                                                                \r\r[Stage 8:>                                                          (0 + 1) / 1]\r\r                                                                                \r\r[Stage 13:>                                                        (0 + 8) / 50]\r\r[Stage 13:=======>                                                 (7 + 8) / 50]\r\r[Stage 13:=========>                                               (8 + 8) / 50]\r\r[Stage 13:===============>                                        (14 + 8) / 50]\r\r[Stage 13:======================>                                 (20 + 8) / 50]\r\r[Stage 13:==============================>                         (27 + 8) / 50]\r\r[Stage 13:=================================>                      (30 + 9) / 50]\r\r[Stage 13:========================================>               (36 + 9) / 50]\r\r[Stage 13:=================================================>      (44 + 6) / 50]\r\r[Stage 13:===================================================>    (46 + 4) / 50]","logger":"task.stderr"}
