{"timestamp":"2026-08-25T02:59:21.303061Z","level":"info","event":"::group::Pre Execute","logger":"task","filename":"task_runner.py","lineno":2412}
{"timestamp":"2026-08-25T02:59:21.331102Z","level":"info","event":"DAG bundles loaded: dags-folder","run_id":"manual__2026-08-25T02:59:20.019805+00:00","dag_id":"healthcare_pipeline","task_id":"extract_fhir_resources","ti_id":"01a036db-a77d-7e3c-9090-6f00cdab61b7","try_number":1,"map_index":-1,"logger":"airflow.dag_processing.bundles.manager.DagBundlesManager","filename":"manager.py","lineno":304}
{"timestamp":"2026-08-25T02:59:21.332035Z","level":"info","event":"Filling up the DagBag from /opt/airflow/dags/healthcare_pipeline.py","run_id":"manual__2026-08-25T02:59:20.019805+00:00","dag_id":"healthcare_pipeline","task_id":"extract_fhir_resources","ti_id":"01a036db-a77d-7e3c-9090-6f00cdab61b7","try_number":1,"map_index":-1,"logger":"airflow.dag_processing.dagbag.BundleDagBag","filename":"dagbag.py","lineno":460}
{"timestamp":"2026-08-25T02:59:21.612292Z","level":"info","event":"Worker startup parse complete","bundle_name":"dags-folder","bundle_version":null,"dag_file":"healthcare_pipeline.py","dag_id":"healthcare_pipeline","bundle_prepare_ms":3,"dag_file_parse_ms":280,"run_id":"manual__2026-08-25T02:59:20.019805+00:00","task_id":"extract_fhir_resources","ti_id":"01a036db-a77d-7e3c-9090-6f00cdab61b7","try_number":1,"map_index":-1,"logger":"task","filename":"task_runner.py","lineno":1073}
{"timestamp":"2026-08-25T02:59:21.632392Z","level":"info","event":"::endgroup::","run_id":"manual__2026-08-25T02:59:20.019805+00:00","dag_id":"healthcare_pipeline","task_id":"extract_fhir_resources","ti_id":"01a036db-a77d-7e3c-9090-6f00cdab61b7","try_number":1,"map_index":-1,"logger":"task","filename":"task_runner.py","lineno":2232}
{"timestamp":"2026-08-25T02:59:21.635257Z","level":"info","event":"Extracting Patient...","logger":"task.stdout"}
{"timestamp":"2026-08-25T02:59:21.641586Z","level":"info","event":"Extracting Patient with params: {'_count': 100, '_lastUpdated': 'gt2026-08-25T02:45:49Z'}","logger":"task.stdout"}
{"timestamp":"2026-08-25T02:59:21.755432Z","level":"info","event":"No new or updated Patient resources.","logger":"task.stdout"}
{"timestamp":"2026-08-25T02:59:21.772021Z","level":"info","event":"Extracting Encounter...","logger":"task.stdout"}
{"timestamp":"2026-08-25T02:59:21.778422Z","level":"info","event":"Extracting Encounter with params: {'_count': 100, '_lastUpdated': 'gt2026-08-25T02:45:49Z'}","logger":"task.stdout"}
{"timestamp":"2026-08-25T02:59:21.792105Z","level":"info","event":"No new or updated Encounter resources.","logger":"task.stdout"}
{"timestamp":"2026-08-25T02:59:21.801515Z","level":"info","event":"Extracting Condition...","logger":"task.stdout"}
{"timestamp":"2026-08-25T02:59:21.809369Z","level":"info","event":"Extracting Condition with params: {'_count': 100, '_lastUpdated': 'gt2026-08-25T02:45:49Z'}","logger":"task.stdout"}
{"timestamp":"2026-08-25T02:59:21.827605Z","level":"info","event":"No new or updated Condition resources.","logger":"task.stdout"}
{"timestamp":"2026-08-25T02:59:21.844618Z","level":"info","event":"Extracting Observation...","logger":"task.stdout"}
{"timestamp":"2026-08-25T02:59:21.851399Z","level":"info","event":"Extracting Observation with params: {'_count': 100, '_lastUpdated': 'gt2026-08-25T02:45:49Z'}","logger":"task.stdout"}
{"timestamp":"2026-08-25T02:59:21.867113Z","level":"info","event":"No new or updated Observation resources.","logger":"task.stdout"}
{"timestamp":"2026-08-25T02:59:21.876674Z","level":"info","event":"Extracting MedicationRequest...","logger":"task.stdout"}
{"timestamp":"2026-08-25T02:59:21.882021Z","level":"info","event":"Extracting MedicationRequest with params: {'_count': 100, '_lastUpdated': 'gt2026-08-25T02:45:49Z'}","logger":"task.stdout"}
{"timestamp":"2026-08-25T02:59:21.894891Z","level":"info","event":"No new or updated MedicationRequest resources.","logger":"task.stdout"}
{"timestamp":"2026-08-25T02:59:21.904008Z","level":"info","event":"Done. Returned value was: None","run_id":"manual__2026-08-25T02:59:20.019805+00:00","dag_id":"healthcare_pipeline","task_id":"extract_fhir_resources","ti_id":"01a036db-a77d-7e3c-9090-6f00cdab61b7","try_number":1,"map_index":-1,"logger":"airflow.task.operators.airflow.providers.standard.decorators.python._PythonDecoratedOperator","filename":"python.py","lineno":233}
{"timestamp":"2026-08-25T02:59:21.904609Z","level":"info","event":"::group::Post Execute","run_id":"manual__2026-08-25T02:59:20.019805+00:00","dag_id":"healthcare_pipeline","task_id":"extract_fhir_resources","ti_id":"01a036db-a77d-7e3c-9090-6f00cdab61b7","try_number":1,"map_index":-1,"logger":"task","filename":"task_runner.py","lineno":1580}
{"timestamp":"2026-08-25T02:59:21.922176Z","level":"info","event":"::endgroup::","run_id":"manual__2026-08-25T02:59:20.019805+00:00","dag_id":"healthcare_pipeline","task_id":"extract_fhir_resources","ti_id":"01a036db-a77d-7e3c-9090-6f00cdab61b7","try_number":1,"map_index":-1,"logger":"task","filename":"task_runner.py","lineno":2379}
