{"timestamp":"2026-09-07T01:54:45.123040Z","level":"info","event":"::group::Pre Execute","logger":"task","filename":"task_runner.py","lineno":2412}
{"timestamp":"2026-09-07T01:54:45.341402Z","level":"info","event":"DAG bundles loaded: dags-folder","ti_id":"01a07992-bef4-7fa5-a392-49357e5f7a19","run_id":"manual__2026-09-07T01:54:15.317556+00:00","dag_id":"healthcare_pipeline","map_index":-1,"try_number":1,"task_id":"process_encounter_silver","logger":"airflow.dag_processing.bundles.manager.DagBundlesManager","filename":"manager.py","lineno":304}
{"timestamp":"2026-09-07T01:54:45.343327Z","level":"info","event":"Filling up the DagBag from /opt/airflow/dags/healthcare_pipeline.py","ti_id":"01a07992-bef4-7fa5-a392-49357e5f7a19","run_id":"manual__2026-09-07T01:54:15.317556+00:00","dag_id":"healthcare_pipeline","map_index":-1,"try_number":1,"task_id":"process_encounter_silver","logger":"airflow.dag_processing.dagbag.BundleDagBag","filename":"dagbag.py","lineno":460}
{"timestamp":"2026-09-07T01:54:47.311445Z","level":"info","event":"Worker startup parse complete","bundle_name":"dags-folder","bundle_version":null,"dag_file":"healthcare_pipeline.py","dag_id":"healthcare_pipeline","bundle_prepare_ms":9,"dag_file_parse_ms":1969,"ti_id":"01a07992-bef4-7fa5-a392-49357e5f7a19","run_id":"manual__2026-09-07T01:54:15.317556+00:00","map_index":-1,"try_number":1,"task_id":"process_encounter_silver","logger":"task","filename":"task_runner.py","lineno":1073}
{"timestamp":"2026-09-07T01:54:47.406777Z","level":"info","event":"::endgroup::","ti_id":"01a07992-bef4-7fa5-a392-49357e5f7a19","run_id":"manual__2026-09-07T01:54:15.317556+00:00","dag_id":"healthcare_pipeline","map_index":-1,"try_number":1,"task_id":"process_encounter_silver","logger":"task","filename":"task_runner.py","lineno":2232}
{"timestamp":"2026-09-07T01:54:50.957383Z","level":"info","event":":: loading settings :: url = jar:file:/home/airflow/.local/lib/python3.11/site-packages/pyspark/jars/ivy-2.5.3.jar!/org/apache/ivy/core/settings/ivysettings.xml","logger":"task.stdout"}
{"timestamp":"2026-09-07T01:54:51.259355Z","level":"error","event":"Ivy Default Cache set to: /home/airflow/.ivy2/cache","logger":"task.stderr"}
{"timestamp":"2026-09-07T01:54:51.264189Z","level":"error","event":"The jars for the packages stored in: /home/airflow/.ivy2/jars","logger":"task.stderr"}
{"timestamp":"2026-09-07T01:54:51.270421Z","level":"error","event":"io.delta#delta-spark_2.12 added as a dependency","logger":"task.stderr"}
{"timestamp":"2026-09-07T01:54:51.280183Z","level":"error","event":":: resolving dependencies :: org.apache.spark#spark-submit-parent-5760ab0d-2d98-4059-9236-a340238fa035;1.0","logger":"task.stderr"}
{"timestamp":"2026-09-07T01:54:51.292232Z","level":"error","event":"\tconfs: [default]","logger":"task.stderr"}
{"timestamp":"2026-09-07T01:54:51.700574Z","level":"error","event":"\tfound io.delta#delta-spark_2.12;3.3.2 in spark-list","logger":"task.stderr"}
{"timestamp":"2026-09-07T01:54:51.815001Z","level":"error","event":"\tfound io.delta#delta-storage;3.3.2 in central","logger":"task.stderr"}
{"timestamp":"2026-09-07T01:54:51.920105Z","level":"error","event":"\tfound org.antlr#antlr4-runtime;4.9.3 in central","logger":"task.stderr"}
{"timestamp":"2026-09-07T01:54:51.984944Z","level":"error","event":":: resolution report :: resolve 685ms :: artifacts dl 22ms","logger":"task.stderr"}
{"timestamp":"2026-09-07T01:54:51.989487Z","level":"error","event":"\t:: modules in use:","logger":"task.stderr"}
{"timestamp":"2026-09-07T01:54:51.996867Z","level":"error","event":"\tio.delta#delta-spark_2.12;3.3.2 from spark-list in [default]","logger":"task.stderr"}
{"timestamp":"2026-09-07T01:54:52.002228Z","level":"error","event":"\tio.delta#delta-storage;3.3.2 from central in [default]","logger":"task.stderr"}
{"timestamp":"2026-09-07T01:54:52.006788Z","level":"error","event":"\torg.antlr#antlr4-runtime;4.9.3 from central in [default]","logger":"task.stderr"}
{"timestamp":"2026-09-07T01:54:52.009856Z","level":"error","event":"\t---------------------------------------------------------------------","logger":"task.stderr"}
{"timestamp":"2026-09-07T01:54:52.015989Z","level":"error","event":"\t|                  |            modules            ||   artifacts   |","logger":"task.stderr"}
{"timestamp":"2026-09-07T01:54:52.021116Z","level":"error","event":"\t|       conf       | number| search|dwnlded|evicted|| number|dwnlded|","logger":"task.stderr"}
{"timestamp":"2026-09-07T01:54:52.028538Z","level":"error","event":"\t---------------------------------------------------------------------","logger":"task.stderr"}
{"timestamp":"2026-09-07T01:54:52.033820Z","level":"error","event":"\t|      default     |   3   |   0   |   0   |   0   ||   3   |   0   |","logger":"task.stderr"}
{"timestamp":"2026-09-07T01:54:52.036529Z","level":"error","event":"\t---------------------------------------------------------------------","logger":"task.stderr"}
{"timestamp":"2026-09-07T01:54:52.039343Z","level":"error","event":":: retrieving :: org.apache.spark#spark-submit-parent-5760ab0d-2d98-4059-9236-a340238fa035","logger":"task.stderr"}
{"timestamp":"2026-09-07T01:54:52.041842Z","level":"error","event":"\tconfs: [default]","logger":"task.stderr"}
{"timestamp":"2026-09-07T01:54:52.044444Z","level":"error","event":"\t0 artifacts copied, 3 already retrieved (0kB/54ms)","logger":"task.stderr"}
{"timestamp":"2026-09-07T01:54:52.698149Z","level":"error","event":"26/09/07 01:54:52 WARN NativeCodeLoader: Unable to load native-hadoop library for your platform... using builtin-java classes where applicable","logger":"task.stderr"}
{"timestamp":"2026-09-07T01:54:53.089273Z","level":"error","event":"Setting default log level to \"WARN\".","logger":"task.stderr"}
{"timestamp":"2026-09-07T01:54:53.094218Z","level":"error","event":"To adjust logging level use sc.setLogLevel(newLevel). For SparkR, use setLogLevel(newLevel).","logger":"task.stderr"}
{"timestamp":"2026-09-07T01:54:55.116268Z","level":"error","event":"26/09/07 01:54:55 WARN Utils: Service 'SparkUI' could not bind on port 4040. Attempting port 4041.","logger":"task.stderr"}
{"timestamp":"2026-09-07T01:54:55.122033Z","level":"error","event":"26/09/07 01:54:55 WARN Utils: Service 'SparkUI' could not bind on port 4041. Attempting port 4042.","logger":"task.stderr"}
{"timestamp":"2026-09-07T01:54:55.132885Z","level":"error","event":"26/09/07 01:54:55 WARN Utils: Service 'SparkUI' could not bind on port 4042. Attempting port 4043.","logger":"task.stderr"}
{"timestamp":"2026-09-07T01:54:55.137347Z","level":"error","event":"26/09/07 01:54:55 WARN Utils: Service 'SparkUI' could not bind on port 4043. Attempting port 4044.","logger":"task.stderr"}
{"timestamp":"2026-09-07T01:54:55.144788Z","level":"error","event":"26/09/07 01:54:55 WARN Utils: Service 'SparkUI' could not bind on port 4044. Attempting port 4045.","logger":"task.stderr"}
{"timestamp":"2026-09-07T01:55:12.963057Z","level":"error","event":"26/09/07 01:55:12 WARN SparkStringUtils: Truncated the string representation of a plan since it was too large. This behavior can be adjusted by setting 'spark.sql.debug.maxToStringFields'.","logger":"task.stderr"}
{"timestamp":"2026-09-07T01:56:22.391060Z","level":"info","event":"","logger":"task.stdout"}
{"timestamp":"2026-09-07T01:56:22.415706Z","level":"info","event":"Encounter Silver","logger":"task.stdout"}
{"timestamp":"2026-09-07T01:56:22.423895Z","level":"info","event":"----------------","logger":"task.stdout"}
{"timestamp":"2026-09-07T01:56:22.428735Z","level":"info","event":"New Bronze rows: 0","logger":"task.stdout"}
{"timestamp":"2026-09-07T01:56:22.438389Z","level":"info","event":"Rows to merge: 0","logger":"task.stdout"}
{"timestamp":"2026-09-07T01:56:22.451511Z","level":"info","event":"Status: NO NEW DATA","logger":"task.stdout"}
{"timestamp":"2026-09-07T01:56:23.047619Z","level":"info","event":"Done. Returned value was: None","ti_id":"01a07992-bef4-7fa5-a392-49357e5f7a19","run_id":"manual__2026-09-07T01:54:15.317556+00:00","dag_id":"healthcare_pipeline","map_index":-1,"try_number":1,"task_id":"process_encounter_silver","logger":"airflow.task.operators.airflow.providers.standard.decorators.python._PythonDecoratedOperator","filename":"python.py","lineno":233}
{"timestamp":"2026-09-07T01:56:23.070508Z","level":"info","event":"::group::Post Execute","ti_id":"01a07992-bef4-7fa5-a392-49357e5f7a19","run_id":"manual__2026-09-07T01:54:15.317556+00:00","dag_id":"healthcare_pipeline","map_index":-1,"try_number":1,"task_id":"process_encounter_silver","logger":"task","filename":"task_runner.py","lineno":1580}
{"timestamp":"2026-09-07T01:56:23.221405Z","level":"info","event":"::endgroup::","ti_id":"01a07992-bef4-7fa5-a392-49357e5f7a19","run_id":"manual__2026-09-07T01:54:15.317556+00:00","dag_id":"healthcare_pipeline","map_index":-1,"try_number":1,"task_id":"process_encounter_silver","logger":"task","filename":"task_runner.py","lineno":2379}
{"timestamp":"2026-09-07T01:56:28.145066Z","level":"error","event":"\r[Stage 0:>                                                          (0 + 3) / 6]\r\r[Stage 0:>                                                          (0 + 6) / 6]\r\r[Stage 0:=========>                                                 (1 + 5) / 6]\r\r[Stage 2:>                                                         (0 + 8) / 50]\r\r[Stage 2:=========>                                                (8 + 8) / 50]\r\r[Stage 2:==========>                                               (9 + 8) / 50]\r\r[Stage 2:==============>                                          (13 + 8) / 50]\r\r[Stage 2:==================>                                      (16 + 8) / 50]\r\r[Stage 2:=====================>                                   (19 + 8) / 50]\r\r[Stage 2:==========================>                              (23 + 8) / 50]\r\r[Stage 2:===========================>                             (24 + 8) / 50]\r\r[Stage 2:=============================>                           (26 + 8) / 50]\r\r[Stage 2:====================================>                    (32 + 8) / 50]\r\r[Stage 2:=======================================>                 (35 + 8) / 50]\r\r[Stage 2:=========================================>               (36 + 8) / 50]\r\r[Stage 2:===========================================>             (38 + 8) / 50]\r\r[Stage 2:============================================>            (39 + 8) / 50]\r\r[Stage 2:=============================================>           (40 + 8) / 50]\r\r[Stage 2:===============================================>         (42 + 8) / 50]\r\r[Stage 2:======================================================>  (48 + 2) / 50]\r\r[Stage 5:>                                                          (0 + 1) / 1]\r\r                                                                                \r\r[Stage 7:>                                                         (0 + 8) / 50]\r\r[Stage 7:========>                                                 (7 + 8) / 50]\r\r[Stage 7:==========>                                               (9 + 8) / 50]\r\r[Stage 7:==============>                                          (13 + 8) / 50]\r\r[Stage 7:=================================>                       (29 + 9) / 50]\r\r[Stage 7:==============================================>          (41 + 9) / 50]\r\r                                                                                \r\r[Stage 8:>                                                          (0 + 1) / 1]\r\r                                                                                \r\r[Stage 11:==================================>                       (3 + 2) / 5]\r\r[Stage 13:>                                                        (0 + 0) / 50]\r\r[Stage 13:>                                                        (0 + 8) / 50]\r\r[Stage 13:=====>                                                   (5 + 8) / 50]\r\r[Stage 13:=========>                                               (8 + 8) / 50]\r\r[Stage 13:================>                                       (15 + 8) / 50]\r\r[Stage 13:=================>                                      (16 + 8) / 50]\r\r[Stage 13:======================>                                 (20 + 9) / 50]\r\r[Stage 13:========================>                               (22 + 8) / 50]\r\r[Stage 13:==========================>                             (24 + 8) / 50]\r\r[Stage 13:============================>                           (25 + 8) / 50]\r\r[Stage 13:=================================>                      (30 + 8) / 50]\r\r[Stage 13:=======================================>                (35 + 8) / 50]\r\r[Stage 13:================================================>       (43 + 7) / 50]\r\r                                                                                \r\r[Stage 14:>                                                         (0 + 2) / 2]","logger":"task.stderr"}
