{"timestamp":"2026-08-29T00:33:23.136993Z","level":"info","event":"::group::Pre Execute","logger":"task","filename":"task_runner.py","lineno":2412}
{"timestamp":"2026-08-29T00:33:23.221910Z","level":"info","event":"DAG bundles loaded: dags-folder","try_number":1,"run_id":"manual__2026-08-29T00:33:01.251470+00:00","ti_id":"01a04aef-236c-70d6-bdb4-cbc6e484478b","task_id":"process_condition_silver","map_index":-1,"dag_id":"healthcare_pipeline","logger":"airflow.dag_processing.bundles.manager.DagBundlesManager","filename":"manager.py","lineno":304}
{"timestamp":"2026-08-29T00:33:23.223610Z","level":"info","event":"Filling up the DagBag from /opt/airflow/dags/healthcare_pipeline.py","try_number":1,"run_id":"manual__2026-08-29T00:33:01.251470+00:00","ti_id":"01a04aef-236c-70d6-bdb4-cbc6e484478b","task_id":"process_condition_silver","map_index":-1,"dag_id":"healthcare_pipeline","logger":"airflow.dag_processing.dagbag.BundleDagBag","filename":"dagbag.py","lineno":460}
{"timestamp":"2026-08-29T00:33:23.990544Z","level":"info","event":"Worker startup parse complete","bundle_name":"dags-folder","bundle_version":null,"dag_file":"healthcare_pipeline.py","dag_id":"healthcare_pipeline","bundle_prepare_ms":9,"dag_file_parse_ms":767,"try_number":1,"run_id":"manual__2026-08-29T00:33:01.251470+00:00","ti_id":"01a04aef-236c-70d6-bdb4-cbc6e484478b","task_id":"process_condition_silver","map_index":-1,"logger":"task","filename":"task_runner.py","lineno":1073}
{"timestamp":"2026-08-29T00:33:24.094035Z","level":"info","event":"::endgroup::","try_number":1,"run_id":"manual__2026-08-29T00:33:01.251470+00:00","ti_id":"01a04aef-236c-70d6-bdb4-cbc6e484478b","task_id":"process_condition_silver","map_index":-1,"dag_id":"healthcare_pipeline","logger":"task","filename":"task_runner.py","lineno":2232}
{"timestamp":"2026-08-29T00:33:26.462997Z","level":"info","event":":: loading settings :: url = jar:file:/home/airflow/.local/lib/python3.11/site-packages/pyspark/jars/ivy-2.5.3.jar!/org/apache/ivy/core/settings/ivysettings.xml","logger":"task.stdout"}
{"timestamp":"2026-08-29T00:33:26.609446Z","level":"error","event":"Ivy Default Cache set to: /home/airflow/.ivy2/cache","logger":"task.stderr"}
{"timestamp":"2026-08-29T00:33:26.613691Z","level":"error","event":"The jars for the packages stored in: /home/airflow/.ivy2/jars","logger":"task.stderr"}
{"timestamp":"2026-08-29T00:33:26.619415Z","level":"error","event":"io.delta#delta-spark_2.12 added as a dependency","logger":"task.stderr"}
{"timestamp":"2026-08-29T00:33:26.622510Z","level":"error","event":":: resolving dependencies :: org.apache.spark#spark-submit-parent-0a299d00-7d6e-449b-83de-10aca282771a;1.0","logger":"task.stderr"}
{"timestamp":"2026-08-29T00:33:26.625748Z","level":"error","event":"\tconfs: [default]","logger":"task.stderr"}
{"timestamp":"2026-08-29T00:33:26.835748Z","level":"error","event":"\tfound io.delta#delta-spark_2.12;3.3.2 in spark-list","logger":"task.stderr"}
{"timestamp":"2026-08-29T00:33:26.878519Z","level":"error","event":"\tfound io.delta#delta-storage;3.3.2 in central","logger":"task.stderr"}
{"timestamp":"2026-08-29T00:33:26.923572Z","level":"error","event":"\tfound org.antlr#antlr4-runtime;4.9.3 in spark-list","logger":"task.stderr"}
{"timestamp":"2026-08-29T00:33:26.971297Z","level":"error","event":":: resolution report :: resolve 340ms :: artifacts dl 16ms","logger":"task.stderr"}
{"timestamp":"2026-08-29T00:33:26.977359Z","level":"error","event":"\t:: modules in use:","logger":"task.stderr"}
{"timestamp":"2026-08-29T00:33:26.982733Z","level":"error","event":"\tio.delta#delta-spark_2.12;3.3.2 from spark-list in [default]","logger":"task.stderr"}
{"timestamp":"2026-08-29T00:33:26.987598Z","level":"error","event":"\tio.delta#delta-storage;3.3.2 from central in [default]","logger":"task.stderr"}
{"timestamp":"2026-08-29T00:33:26.991108Z","level":"error","event":"\torg.antlr#antlr4-runtime;4.9.3 from spark-list in [default]","logger":"task.stderr"}
{"timestamp":"2026-08-29T00:33:26.993559Z","level":"error","event":"\t---------------------------------------------------------------------","logger":"task.stderr"}
{"timestamp":"2026-08-29T00:33:26.999297Z","level":"error","event":"\t|                  |            modules            ||   artifacts   |","logger":"task.stderr"}
{"timestamp":"2026-08-29T00:33:27.002672Z","level":"error","event":"\t|       conf       | number| search|dwnlded|evicted|| number|dwnlded|","logger":"task.stderr"}
{"timestamp":"2026-08-29T00:33:27.005023Z","level":"error","event":"\t---------------------------------------------------------------------","logger":"task.stderr"}
{"timestamp":"2026-08-29T00:33:27.007702Z","level":"error","event":"\t|      default     |   3   |   0   |   0   |   0   ||   3   |   0   |","logger":"task.stderr"}
{"timestamp":"2026-08-29T00:33:27.012195Z","level":"error","event":"\t---------------------------------------------------------------------","logger":"task.stderr"}
{"timestamp":"2026-08-29T00:33:27.016387Z","level":"error","event":":: retrieving :: org.apache.spark#spark-submit-parent-0a299d00-7d6e-449b-83de-10aca282771a","logger":"task.stderr"}
{"timestamp":"2026-08-29T00:33:27.019161Z","level":"error","event":"\tconfs: [default]","logger":"task.stderr"}
{"timestamp":"2026-08-29T00:33:27.022393Z","level":"error","event":"\t0 artifacts copied, 3 already retrieved (0kB/15ms)","logger":"task.stderr"}
{"timestamp":"2026-08-29T00:33:27.419479Z","level":"error","event":"26/08/29 00:33:27 WARN NativeCodeLoader: Unable to load native-hadoop library for your platform... using builtin-java classes where applicable","logger":"task.stderr"}
{"timestamp":"2026-08-29T00:33:27.794949Z","level":"error","event":"Setting default log level to \"WARN\".","logger":"task.stderr"}
{"timestamp":"2026-08-29T00:33:27.801546Z","level":"error","event":"To adjust logging level use sc.setLogLevel(newLevel). For SparkR, use setLogLevel(newLevel).","logger":"task.stderr"}
{"timestamp":"2026-08-29T00:33:40.601511Z","level":"error","event":"26/08/29 00:33:40 WARN SparkStringUtils: Truncated the string representation of a plan since it was too large. This behavior can be adjusted by setting 'spark.sql.debug.maxToStringFields'.","logger":"task.stderr"}
{"timestamp":"2026-08-29T00:34:28.611630Z","level":"info","event":"","logger":"task.stdout"}
{"timestamp":"2026-08-29T00:34:28.875193Z","level":"info","event":"Condition Silver","logger":"task.stdout"}
{"timestamp":"2026-08-29T00:34:28.890269Z","level":"info","event":"----------------","logger":"task.stdout"}
{"timestamp":"2026-08-29T00:34:28.909444Z","level":"info","event":"New Bronze rows: 0","logger":"task.stdout"}
{"timestamp":"2026-08-29T00:34:28.914945Z","level":"info","event":"Rows to merge: 0","logger":"task.stdout"}
{"timestamp":"2026-08-29T00:34:28.924232Z","level":"info","event":"Status: NO NEW DATA","logger":"task.stdout"}
{"timestamp":"2026-08-29T00:34:30.520148Z","level":"info","event":"Done. Returned value was: None","try_number":1,"run_id":"manual__2026-08-29T00:33:01.251470+00:00","ti_id":"01a04aef-236c-70d6-bdb4-cbc6e484478b","task_id":"process_condition_silver","map_index":-1,"dag_id":"healthcare_pipeline","logger":"airflow.task.operators.airflow.providers.standard.decorators.python._PythonDecoratedOperator","filename":"python.py","lineno":233}
{"timestamp":"2026-08-29T00:34:30.535280Z","level":"info","event":"::group::Post Execute","try_number":1,"run_id":"manual__2026-08-29T00:33:01.251470+00:00","ti_id":"01a04aef-236c-70d6-bdb4-cbc6e484478b","task_id":"process_condition_silver","map_index":-1,"dag_id":"healthcare_pipeline","logger":"task","filename":"task_runner.py","lineno":1580}
{"timestamp":"2026-08-29T00:34:30.807922Z","level":"info","event":"::endgroup::","try_number":1,"run_id":"manual__2026-08-29T00:33:01.251470+00:00","ti_id":"01a04aef-236c-70d6-bdb4-cbc6e484478b","task_id":"process_condition_silver","map_index":-1,"dag_id":"healthcare_pipeline","logger":"task","filename":"task_runner.py","lineno":2379}
{"timestamp":"2026-08-29T00:34:35.071386Z","level":"error","event":"\r[Stage 0:>                                                          (0 + 0) / 5]\r\r[Stage 0:>                                                          (0 + 1) / 5]\r\r[Stage 0:>                                                          (0 + 5) / 5]\r\r[Stage 0:===========>                                               (1 + 4) / 5]\r\r[Stage 2:>                                                         (0 + 8) / 50]\r\r[Stage 2:========>                                                 (7 + 9) / 50]\r\r[Stage 2:=========>                                                (8 + 8) / 50]\r\r[Stage 2:=========>                                                (8 + 9) / 50]\r\r[Stage 2:=================>                                       (15 + 8) / 50]\r\r[Stage 2:==================>                                      (16 + 8) / 50]\r\r[Stage 2:=======================>                                 (21 + 8) / 50]\r\r[Stage 2:===========================>                             (24 + 8) / 50]\r\r[Stage 2:============================>                            (25 + 8) / 50]\r\r[Stage 2:==================================>                      (30 + 8) / 50]\r\r[Stage 2:===================================>                     (31 + 8) / 50]\r\r[Stage 2:======================================>                  (34 + 8) / 50]\r\r[Stage 2:=========================================>               (36 + 9) / 50]\r\r[Stage 2:==============================================>          (41 + 8) / 50]\r\r[Stage 2:===================================================>     (45 + 5) / 50]\r\r[Stage 2:=======================================================> (49 + 1) / 50]\r\r[Stage 5:>                                                          (0 + 1) / 1]\r\r                                                                                \r\r[Stage 7:>                                                         (0 + 8) / 50]\r\r[Stage 7:==========>                                               (9 + 8) / 50]\r\r[Stage 7:===================================>                     (31 + 8) / 50]\r\r                                                                                \r\r[Stage 8:>                                                          (0 + 2) / 2]\r\r                                                                                \r\r[Stage 13:>                                                        (0 + 8) / 50]\r\r[Stage 13:=======>                                                 (7 + 8) / 50]\r\r[Stage 13:=========>                                               (8 + 8) / 50]\r\r[Stage 13:=================>                                      (16 + 8) / 50]\r\r[Stage 13:======================>                                 (20 + 8) / 50]\r\r[Stage 13:==========================>                             (24 + 8) / 50]\r\r[Stage 13:===============================>                        (28 + 8) / 50]\r\r[Stage 13:================================>                       (29 + 8) / 50]\r\r[Stage 13:===================================>                    (32 + 8) / 50]\r\r[Stage 13:====================================>                   (33 + 8) / 50]\r\r[Stage 13:========================================>               (36 + 8) / 50]\r\r[Stage 13:==========================================>             (38 + 8) / 50]\r\r[Stage 13:===============================================>        (42 + 8) / 50]\r\r[Stage 13:=================================================>      (44 + 6) / 50]\r\r[Stage 13:===================================================>    (46 + 4) / 50]","logger":"task.stderr"}
