{"timestamp":"2026-08-28T21:23:33.377173Z","level":"info","event":"::group::Pre Execute","logger":"task","filename":"task_runner.py","lineno":2412}
{"timestamp":"2026-08-28T21:23:33.478734Z","level":"info","event":"DAG bundles loaded: dags-folder","task_id":"process_condition_silver","ti_id":"01a04a41-6649-75cf-8408-4d6846e79919","try_number":1,"dag_id":"healthcare_pipeline","map_index":-1,"run_id":"manual__2026-08-28T21:23:15.102320+00:00","logger":"airflow.dag_processing.bundles.manager.DagBundlesManager","filename":"manager.py","lineno":304}
{"timestamp":"2026-08-28T21:23:33.479336Z","level":"info","event":"Filling up the DagBag from /opt/airflow/dags/healthcare_pipeline.py","task_id":"process_condition_silver","ti_id":"01a04a41-6649-75cf-8408-4d6846e79919","try_number":1,"dag_id":"healthcare_pipeline","map_index":-1,"run_id":"manual__2026-08-28T21:23:15.102320+00:00","logger":"airflow.dag_processing.dagbag.BundleDagBag","filename":"dagbag.py","lineno":460}
{"timestamp":"2026-08-28T21:23:33.953229Z","level":"info","event":"Worker startup parse complete","bundle_name":"dags-folder","bundle_version":null,"dag_file":"healthcare_pipeline.py","dag_id":"healthcare_pipeline","bundle_prepare_ms":1,"dag_file_parse_ms":473,"task_id":"process_condition_silver","ti_id":"01a04a41-6649-75cf-8408-4d6846e79919","try_number":1,"map_index":-1,"run_id":"manual__2026-08-28T21:23:15.102320+00:00","logger":"task","filename":"task_runner.py","lineno":1073}
{"timestamp":"2026-08-28T21:23:33.985180Z","level":"info","event":"::endgroup::","task_id":"process_condition_silver","ti_id":"01a04a41-6649-75cf-8408-4d6846e79919","try_number":1,"dag_id":"healthcare_pipeline","map_index":-1,"run_id":"manual__2026-08-28T21:23:15.102320+00:00","logger":"task","filename":"task_runner.py","lineno":2232}
{"timestamp":"2026-08-28T21:23:36.264395Z","level":"info","event":":: loading settings :: url = jar:file:/home/airflow/.local/lib/python3.11/site-packages/pyspark/jars/ivy-2.5.3.jar!/org/apache/ivy/core/settings/ivysettings.xml","logger":"task.stdout"}
{"timestamp":"2026-08-28T21:23:36.382158Z","level":"error","event":"Ivy Default Cache set to: /home/airflow/.ivy2/cache","logger":"task.stderr"}
{"timestamp":"2026-08-28T21:23:36.385808Z","level":"error","event":"The jars for the packages stored in: /home/airflow/.ivy2/jars","logger":"task.stderr"}
{"timestamp":"2026-08-28T21:23:36.390326Z","level":"error","event":"io.delta#delta-spark_2.12 added as a dependency","logger":"task.stderr"}
{"timestamp":"2026-08-28T21:23:36.392688Z","level":"error","event":":: resolving dependencies :: org.apache.spark#spark-submit-parent-89b746fc-01f2-4844-a653-dd20a1e848fa;1.0","logger":"task.stderr"}
{"timestamp":"2026-08-28T21:23:36.395641Z","level":"error","event":"\tconfs: [default]","logger":"task.stderr"}
{"timestamp":"2026-08-28T21:23:36.639458Z","level":"error","event":"\tfound io.delta#delta-spark_2.12;3.3.2 in spark-list","logger":"task.stderr"}
{"timestamp":"2026-08-28T21:23:36.677233Z","level":"error","event":"\tfound io.delta#delta-storage;3.3.2 in central","logger":"task.stderr"}
{"timestamp":"2026-08-28T21:23:36.719431Z","level":"error","event":"\tfound org.antlr#antlr4-runtime;4.9.3 in central","logger":"task.stderr"}
{"timestamp":"2026-08-28T21:23:36.740514Z","level":"error","event":":: resolution report :: resolve 346ms :: artifacts dl 5ms","logger":"task.stderr"}
{"timestamp":"2026-08-28T21:23:36.745111Z","level":"error","event":"\t:: modules in use:","logger":"task.stderr"}
{"timestamp":"2026-08-28T21:23:36.749458Z","level":"error","event":"\tio.delta#delta-spark_2.12;3.3.2 from spark-list in [default]","logger":"task.stderr"}
{"timestamp":"2026-08-28T21:23:36.751726Z","level":"error","event":"\tio.delta#delta-storage;3.3.2 from central in [default]","logger":"task.stderr"}
{"timestamp":"2026-08-28T21:23:36.755528Z","level":"error","event":"\torg.antlr#antlr4-runtime;4.9.3 from central in [default]","logger":"task.stderr"}
{"timestamp":"2026-08-28T21:23:36.759427Z","level":"error","event":"\t---------------------------------------------------------------------","logger":"task.stderr"}
{"timestamp":"2026-08-28T21:23:36.765669Z","level":"error","event":"\t|                  |            modules            ||   artifacts   |","logger":"task.stderr"}
{"timestamp":"2026-08-28T21:23:36.768549Z","level":"error","event":"\t|       conf       | number| search|dwnlded|evicted|| number|dwnlded|","logger":"task.stderr"}
{"timestamp":"2026-08-28T21:23:36.773359Z","level":"error","event":"\t---------------------------------------------------------------------","logger":"task.stderr"}
{"timestamp":"2026-08-28T21:23:36.779524Z","level":"error","event":"\t|      default     |   3   |   0   |   0   |   0   ||   3   |   0   |","logger":"task.stderr"}
{"timestamp":"2026-08-28T21:23:36.781709Z","level":"error","event":"\t---------------------------------------------------------------------","logger":"task.stderr"}
{"timestamp":"2026-08-28T21:23:36.786095Z","level":"error","event":":: retrieving :: org.apache.spark#spark-submit-parent-89b746fc-01f2-4844-a653-dd20a1e848fa","logger":"task.stderr"}
{"timestamp":"2026-08-28T21:23:36.788078Z","level":"error","event":"\tconfs: [default]","logger":"task.stderr"}
{"timestamp":"2026-08-28T21:23:36.792447Z","level":"error","event":"\t0 artifacts copied, 3 already retrieved (0kB/20ms)","logger":"task.stderr"}
{"timestamp":"2026-08-28T21:23:37.118703Z","level":"error","event":"26/08/28 21:23:37 WARN NativeCodeLoader: Unable to load native-hadoop library for your platform... using builtin-java classes where applicable","logger":"task.stderr"}
{"timestamp":"2026-08-28T21:23:37.487273Z","level":"error","event":"Setting default log level to \"WARN\".","logger":"task.stderr"}
{"timestamp":"2026-08-28T21:23:37.490169Z","level":"error","event":"To adjust logging level use sc.setLogLevel(newLevel). For SparkR, use setLogLevel(newLevel).","logger":"task.stderr"}
{"timestamp":"2026-08-28T21:23:38.972247Z","level":"error","event":"26/08/28 21:23:38 WARN Utils: Service 'SparkUI' could not bind on port 4040. Attempting port 4041.","logger":"task.stderr"}
{"timestamp":"2026-08-28T21:23:49.338111Z","level":"error","event":"26/08/28 21:23:49 WARN SparkStringUtils: Truncated the string representation of a plan since it was too large. This behavior can be adjusted by setting 'spark.sql.debug.maxToStringFields'.","logger":"task.stderr"}
{"timestamp":"2026-08-28T21:24:34.396693Z","level":"info","event":"","logger":"task.stdout"}
{"timestamp":"2026-08-28T21:24:34.417841Z","level":"info","event":"Condition Silver","logger":"task.stdout"}
{"timestamp":"2026-08-28T21:24:34.422792Z","level":"info","event":"----------------","logger":"task.stdout"}
{"timestamp":"2026-08-28T21:24:34.425675Z","level":"info","event":"New Bronze rows: 0","logger":"task.stdout"}
{"timestamp":"2026-08-28T21:24:34.429439Z","level":"info","event":"Rows to merge: 0","logger":"task.stdout"}
{"timestamp":"2026-08-28T21:24:34.445106Z","level":"info","event":"Status: NO NEW DATA","logger":"task.stdout"}
{"timestamp":"2026-08-28T21:24:35.200519Z","level":"info","event":"Done. Returned value was: None","task_id":"process_condition_silver","ti_id":"01a04a41-6649-75cf-8408-4d6846e79919","try_number":1,"dag_id":"healthcare_pipeline","map_index":-1,"run_id":"manual__2026-08-28T21:23:15.102320+00:00","logger":"airflow.task.operators.airflow.providers.standard.decorators.python._PythonDecoratedOperator","filename":"python.py","lineno":233}
{"timestamp":"2026-08-28T21:24:35.210169Z","level":"info","event":"::group::Post Execute","task_id":"process_condition_silver","ti_id":"01a04a41-6649-75cf-8408-4d6846e79919","try_number":1,"dag_id":"healthcare_pipeline","map_index":-1,"run_id":"manual__2026-08-28T21:23:15.102320+00:00","logger":"task","filename":"task_runner.py","lineno":1580}
{"timestamp":"2026-08-28T21:24:35.272507Z","level":"info","event":"::endgroup::","task_id":"process_condition_silver","ti_id":"01a04a41-6649-75cf-8408-4d6846e79919","try_number":1,"dag_id":"healthcare_pipeline","map_index":-1,"run_id":"manual__2026-08-28T21:23:15.102320+00:00","logger":"task","filename":"task_runner.py","lineno":2379}
{"timestamp":"2026-08-28T21:24:37.849135Z","level":"error","event":"\r[Stage 0:>                                                          (0 + 4) / 4]\r\r[Stage 2:>                                                         (0 + 8) / 50]\r\r[Stage 2:>                                                         (0 + 9) / 50]\r\r[Stage 2:========>                                                 (7 + 8) / 50]\r\r[Stage 2:=========>                                                (8 + 8) / 50]\r\r[Stage 2:==============>                                          (13 + 9) / 50]\r\r[Stage 2:==================>                                      (16 + 8) / 50]\r\r[Stage 2:=======================>                                 (21 + 8) / 50]\r\r[Stage 2:==========================>                              (23 + 9) / 50]\r\r[Stage 2:===========================>                             (24 + 8) / 50]\r\r[Stage 2:============================>                            (25 + 8) / 50]\r\r[Stage 2:==============================>                          (27 + 9) / 50]\r\r[Stage 2:=====================================>                   (33 + 8) / 50]\r\r[Stage 2:=======================================>                 (35 + 8) / 50]\r\r[Stage 2:=========================================>               (36 + 8) / 50]\r\r[Stage 2:=============================================>           (40 + 8) / 50]\r\r[Stage 2:==============================================>          (41 + 8) / 50]\r\r[Stage 2:======================================================>  (48 + 2) / 50]\r\r[Stage 2:=======================================================> (49 + 1) / 50]\r\r[Stage 5:>                                                          (0 + 1) / 1]\r\r                                                                                \r\r[Stage 7:>                                                         (0 + 8) / 50]\r\r[Stage 7:====>                                                     (4 + 9) / 50]\r\r[Stage 7:===============>                                         (14 + 8) / 50]\r\r[Stage 7:=====================================>                   (33 + 8) / 50]\r\r                                                                                \r\r[Stage 8:>                                                          (0 + 1) / 1]\r\r                                                                                \r\r[Stage 13:>                                                        (0 + 8) / 50]\r\r[Stage 13:==>                                                      (2 + 8) / 50]\r\r[Stage 13:=========>                                               (8 + 8) / 50]\r\r[Stage 13:==========>                                              (9 + 8) / 50]\r\r[Stage 13:==============>                                         (13 + 8) / 50]\r\r[Stage 13:===============>                                        (14 + 8) / 50]\r\r[Stage 13:=================>                                      (16 + 8) / 50]\r\r[Stage 13:=======================>                                (21 + 8) / 50]\r\r[Stage 13:============================>                           (25 + 9) / 50]\r\r[Stage 13:===============================>                        (28 + 8) / 50]\r\r[Stage 13:===================================>                    (32 + 8) / 50]\r\r[Stage 13:======================================>                 (34 + 9) / 50]\r\r[Stage 13:==========================================>             (38 + 8) / 50]\r\r[Stage 13:==================================================>     (45 + 5) / 50]","logger":"task.stderr"}
