{"timestamp":"2026-09-07T02:10:54.799700Z","level":"info","event":"::group::Pre Execute","logger":"task","filename":"task_runner.py","lineno":2412}
{"timestamp":"2026-09-07T02:10:54.822117Z","level":"info","event":"DAG bundles loaded: dags-folder","task_id":"load_embeddings_to_pgvector","try_number":1,"ti_id":"01a0799e-642e-79ee-ab57-ac3a07398289","dag_id":"healthcare_pipeline","run_id":"manual__2026-09-07T02:06:58.538323+00:00","map_index":-1,"logger":"airflow.dag_processing.bundles.manager.DagBundlesManager","filename":"manager.py","lineno":304}
{"timestamp":"2026-09-07T02:10:54.823044Z","level":"info","event":"Filling up the DagBag from /opt/airflow/dags/healthcare_pipeline.py","task_id":"load_embeddings_to_pgvector","try_number":1,"ti_id":"01a0799e-642e-79ee-ab57-ac3a07398289","dag_id":"healthcare_pipeline","run_id":"manual__2026-09-07T02:06:58.538323+00:00","map_index":-1,"logger":"airflow.dag_processing.dagbag.BundleDagBag","filename":"dagbag.py","lineno":460}
{"timestamp":"2026-09-07T02:10:55.628589Z","level":"info","event":"Worker startup parse complete","bundle_name":"dags-folder","bundle_version":null,"dag_file":"healthcare_pipeline.py","dag_id":"healthcare_pipeline","bundle_prepare_ms":4,"dag_file_parse_ms":805,"task_id":"load_embeddings_to_pgvector","try_number":1,"ti_id":"01a0799e-642e-79ee-ab57-ac3a07398289","run_id":"manual__2026-09-07T02:06:58.538323+00:00","map_index":-1,"logger":"task","filename":"task_runner.py","lineno":1073}
{"timestamp":"2026-09-07T02:10:55.647661Z","level":"info","event":"::endgroup::","task_id":"load_embeddings_to_pgvector","try_number":1,"ti_id":"01a0799e-642e-79ee-ab57-ac3a07398289","dag_id":"healthcare_pipeline","run_id":"manual__2026-09-07T02:06:58.538323+00:00","map_index":-1,"logger":"task","filename":"task_runner.py","lineno":2232}
{"timestamp":"2026-09-07T02:10:56.570607Z","level":"info","event":":: loading settings :: url = jar:file:/home/airflow/.local/lib/python3.11/site-packages/pyspark/jars/ivy-2.5.3.jar!/org/apache/ivy/core/settings/ivysettings.xml","logger":"task.stdout"}
{"timestamp":"2026-09-07T02:10:56.622745Z","level":"error","event":"Ivy Default Cache set to: /home/airflow/.ivy2/cache","logger":"task.stderr"}
{"timestamp":"2026-09-07T02:10:56.625047Z","level":"error","event":"The jars for the packages stored in: /home/airflow/.ivy2/jars","logger":"task.stderr"}
{"timestamp":"2026-09-07T02:10:56.628386Z","level":"error","event":"io.delta#delta-spark_2.12 added as a dependency","logger":"task.stderr"}
{"timestamp":"2026-09-07T02:10:56.630673Z","level":"error","event":":: resolving dependencies :: org.apache.spark#spark-submit-parent-2ba2a12a-c0ef-4bd2-99ff-f4118957b19a;1.0","logger":"task.stderr"}
{"timestamp":"2026-09-07T02:10:56.633770Z","level":"error","event":"\tconfs: [default]","logger":"task.stderr"}
{"timestamp":"2026-09-07T02:10:56.723824Z","level":"error","event":"\tfound io.delta#delta-spark_2.12;3.3.2 in spark-list","logger":"task.stderr"}
{"timestamp":"2026-09-07T02:10:56.745884Z","level":"error","event":"\tfound io.delta#delta-storage;3.3.2 in central","logger":"task.stderr"}
{"timestamp":"2026-09-07T02:10:56.765083Z","level":"error","event":"\tfound org.antlr#antlr4-runtime;4.9.3 in central","logger":"task.stderr"}
{"timestamp":"2026-09-07T02:10:56.780306Z","level":"error","event":":: resolution report :: resolve 147ms :: artifacts dl 5ms","logger":"task.stderr"}
{"timestamp":"2026-09-07T02:10:56.782584Z","level":"error","event":"\t:: modules in use:","logger":"task.stderr"}
{"timestamp":"2026-09-07T02:10:56.785852Z","level":"error","event":"\tio.delta#delta-spark_2.12;3.3.2 from spark-list in [default]","logger":"task.stderr"}
{"timestamp":"2026-09-07T02:10:56.788429Z","level":"error","event":"\tio.delta#delta-storage;3.3.2 from central in [default]","logger":"task.stderr"}
{"timestamp":"2026-09-07T02:10:56.791611Z","level":"error","event":"\torg.antlr#antlr4-runtime;4.9.3 from central in [default]","logger":"task.stderr"}
{"timestamp":"2026-09-07T02:10:56.794769Z","level":"error","event":"\t---------------------------------------------------------------------","logger":"task.stderr"}
{"timestamp":"2026-09-07T02:10:56.800513Z","level":"error","event":"\t|                  |            modules            ||   artifacts   |","logger":"task.stderr"}
{"timestamp":"2026-09-07T02:10:56.802724Z","level":"error","event":"\t|       conf       | number| search|dwnlded|evicted|| number|dwnlded|","logger":"task.stderr"}
{"timestamp":"2026-09-07T02:10:56.804762Z","level":"error","event":"\t---------------------------------------------------------------------","logger":"task.stderr"}
{"timestamp":"2026-09-07T02:10:56.806726Z","level":"error","event":"\t|      default     |   3   |   0   |   0   |   0   ||   3   |   0   |","logger":"task.stderr"}
{"timestamp":"2026-09-07T02:10:56.808336Z","level":"error","event":"\t---------------------------------------------------------------------","logger":"task.stderr"}
{"timestamp":"2026-09-07T02:10:56.810024Z","level":"error","event":":: retrieving :: org.apache.spark#spark-submit-parent-2ba2a12a-c0ef-4bd2-99ff-f4118957b19a","logger":"task.stderr"}
{"timestamp":"2026-09-07T02:10:56.812601Z","level":"error","event":"\tconfs: [default]","logger":"task.stderr"}
{"timestamp":"2026-09-07T02:10:56.814993Z","level":"error","event":"\t0 artifacts copied, 3 already retrieved (0kB/7ms)","logger":"task.stderr"}
{"timestamp":"2026-09-07T02:10:56.913900Z","level":"error","event":"26/09/07 02:10:56 WARN NativeCodeLoader: Unable to load native-hadoop library for your platform... using builtin-java classes where applicable","logger":"task.stderr"}
{"timestamp":"2026-09-07T02:10:57.051351Z","level":"error","event":"Setting default log level to \"WARN\".","logger":"task.stderr"}
{"timestamp":"2026-09-07T02:10:57.054864Z","level":"error","event":"To adjust logging level use sc.setLogLevel(newLevel). For SparkR, use setLogLevel(newLevel).","logger":"task.stderr"}
{"timestamp":"2026-09-07T02:11:00.158393Z","level":"info","event":"Last pgvector checkpoint: 2026-09-06 02:26:43.622614","logger":"task.stdout"}
{"timestamp":"2026-09-07T02:11:02.298464Z","level":"error","event":"26/09/07 02:11:02 WARN SparkStringUtils: Truncated the string representation of a plan since it was too large. This behavior can be adjusted by setting 'spark.sql.debug.maxToStringFields'.","logger":"task.stderr"}
{"timestamp":"2026-09-07T02:11:06.868501Z","level":"info","event":"New/changed embeddings: 2","logger":"task.stdout"}
{"timestamp":"2026-09-07T02:11:09.236527Z","level":"info","event":"Loaded 2 embeddings into pgvector.","logger":"task.stdout"}
{"timestamp":"2026-09-07T02:11:09.239317Z","level":"info","event":"pgvector load complete.","logger":"task.stdout"}
{"timestamp":"2026-09-07T02:11:09.240913Z","level":"info","event":"Embeddings loaded: 2","logger":"task.stdout"}
{"timestamp":"2026-09-07T02:11:09.243891Z","level":"info","event":"Checkpoint advanced to: 2026-09-07 02:10:49.299266","logger":"task.stdout"}
{"timestamp":"2026-09-07T02:11:09.684956Z","level":"info","event":"Done. Returned value was: None","task_id":"load_embeddings_to_pgvector","try_number":1,"ti_id":"01a0799e-642e-79ee-ab57-ac3a07398289","dag_id":"healthcare_pipeline","run_id":"manual__2026-09-07T02:06:58.538323+00:00","map_index":-1,"logger":"airflow.task.operators.airflow.providers.standard.decorators.python._PythonDecoratedOperator","filename":"python.py","lineno":233}
{"timestamp":"2026-09-07T02:11:09.685543Z","level":"info","event":"::group::Post Execute","task_id":"load_embeddings_to_pgvector","try_number":1,"ti_id":"01a0799e-642e-79ee-ab57-ac3a07398289","dag_id":"healthcare_pipeline","run_id":"manual__2026-09-07T02:06:58.538323+00:00","map_index":-1,"logger":"task","filename":"task_runner.py","lineno":1580}
{"timestamp":"2026-09-07T02:11:09.705067Z","level":"info","event":"::endgroup::","task_id":"load_embeddings_to_pgvector","try_number":1,"ti_id":"01a0799e-642e-79ee-ab57-ac3a07398289","dag_id":"healthcare_pipeline","run_id":"manual__2026-09-07T02:06:58.538323+00:00","map_index":-1,"logger":"task","filename":"task_runner.py","lineno":2379}
{"timestamp":"2026-09-07T02:11:10.313628Z","level":"error","event":"\r[Stage 0:>                                                          (0 + 3) / 3]\r\r[Stage 0:=======================================>                   (2 + 1) / 3]\r\r[Stage 2:>                                                         (0 + 8) / 50]\r\r[Stage 2:=============>                                           (12 + 8) / 50]\r\r[Stage 2:=========================>                               (22 + 8) / 50]\r\r[Stage 2:=========================================>               (36 + 8) / 50]","logger":"task.stderr"}
