{"timestamp":"2026-08-28T21:09:23.748200Z","level":"info","event":"::group::Pre Execute","logger":"task","filename":"task_runner.py","lineno":2412}
{"timestamp":"2026-08-28T21:09:23.941114Z","level":"info","event":"DAG bundles loaded: dags-folder","run_id":"manual__2026-08-28T21:08:59.158994+00:00","try_number":1,"map_index":-1,"dag_id":"healthcare_pipeline","task_id":"process_patient_silver","ti_id":"01a04a34-56de-7176-87c0-9fe11130564e","logger":"airflow.dag_processing.bundles.manager.DagBundlesManager","filename":"manager.py","lineno":304}
{"timestamp":"2026-08-28T21:09:23.942031Z","level":"info","event":"Filling up the DagBag from /opt/airflow/dags/healthcare_pipeline.py","run_id":"manual__2026-08-28T21:08:59.158994+00:00","try_number":1,"map_index":-1,"dag_id":"healthcare_pipeline","task_id":"process_patient_silver","ti_id":"01a04a34-56de-7176-87c0-9fe11130564e","logger":"airflow.dag_processing.dagbag.BundleDagBag","filename":"dagbag.py","lineno":460}
{"timestamp":"2026-08-28T21:09:24.657087Z","level":"info","event":"Worker startup parse complete","bundle_name":"dags-folder","bundle_version":null,"dag_file":"healthcare_pipeline.py","dag_id":"healthcare_pipeline","bundle_prepare_ms":4,"dag_file_parse_ms":714,"run_id":"manual__2026-08-28T21:08:59.158994+00:00","try_number":1,"map_index":-1,"task_id":"process_patient_silver","ti_id":"01a04a34-56de-7176-87c0-9fe11130564e","logger":"task","filename":"task_runner.py","lineno":1073}
{"timestamp":"2026-08-28T21:09:24.727699Z","level":"info","event":"::endgroup::","run_id":"manual__2026-08-28T21:08:59.158994+00:00","try_number":1,"map_index":-1,"dag_id":"healthcare_pipeline","task_id":"process_patient_silver","ti_id":"01a04a34-56de-7176-87c0-9fe11130564e","logger":"task","filename":"task_runner.py","lineno":2232}
{"timestamp":"2026-08-28T21:09:27.197151Z","level":"info","event":":: loading settings :: url = jar:file:/home/airflow/.local/lib/python3.11/site-packages/pyspark/jars/ivy-2.5.3.jar!/org/apache/ivy/core/settings/ivysettings.xml","logger":"task.stdout"}
{"timestamp":"2026-08-28T21:09:27.287442Z","level":"error","event":"Ivy Default Cache set to: /home/airflow/.ivy2/cache","logger":"task.stderr"}
{"timestamp":"2026-08-28T21:09:27.292614Z","level":"error","event":"The jars for the packages stored in: /home/airflow/.ivy2/jars","logger":"task.stderr"}
{"timestamp":"2026-08-28T21:09:27.296065Z","level":"error","event":"io.delta#delta-spark_2.12 added as a dependency","logger":"task.stderr"}
{"timestamp":"2026-08-28T21:09:27.298192Z","level":"error","event":":: resolving dependencies :: org.apache.spark#spark-submit-parent-d57c9e9f-33fe-456f-bbcb-6299e90d2fa4;1.0","logger":"task.stderr"}
{"timestamp":"2026-08-28T21:09:27.301965Z","level":"error","event":"\tconfs: [default]","logger":"task.stderr"}
{"timestamp":"2026-08-28T21:09:27.522035Z","level":"error","event":"\tfound io.delta#delta-spark_2.12;3.3.2 in central","logger":"task.stderr"}
{"timestamp":"2026-08-28T21:09:27.548542Z","level":"error","event":"\tfound io.delta#delta-storage;3.3.2 in central","logger":"task.stderr"}
{"timestamp":"2026-08-28T21:09:27.606536Z","level":"error","event":"\tfound org.antlr#antlr4-runtime;4.9.3 in central","logger":"task.stderr"}
{"timestamp":"2026-08-28T21:09:27.645027Z","level":"error","event":":: resolution report :: resolve 338ms :: artifacts dl 15ms","logger":"task.stderr"}
{"timestamp":"2026-08-28T21:09:27.648996Z","level":"error","event":"\t:: modules in use:","logger":"task.stderr"}
{"timestamp":"2026-08-28T21:09:27.652034Z","level":"error","event":"\tio.delta#delta-spark_2.12;3.3.2 from central in [default]","logger":"task.stderr"}
{"timestamp":"2026-08-28T21:09:27.655080Z","level":"error","event":"\tio.delta#delta-storage;3.3.2 from central in [default]","logger":"task.stderr"}
{"timestamp":"2026-08-28T21:09:27.658703Z","level":"error","event":"\torg.antlr#antlr4-runtime;4.9.3 from central in [default]","logger":"task.stderr"}
{"timestamp":"2026-08-28T21:09:27.662015Z","level":"error","event":"\t---------------------------------------------------------------------","logger":"task.stderr"}
{"timestamp":"2026-08-28T21:09:27.668520Z","level":"error","event":"\t|                  |            modules            ||   artifacts   |","logger":"task.stderr"}
{"timestamp":"2026-08-28T21:09:27.671931Z","level":"error","event":"\t|       conf       | number| search|dwnlded|evicted|| number|dwnlded|","logger":"task.stderr"}
{"timestamp":"2026-08-28T21:09:27.674013Z","level":"error","event":"\t---------------------------------------------------------------------","logger":"task.stderr"}
{"timestamp":"2026-08-28T21:09:27.676896Z","level":"error","event":"\t|      default     |   3   |   0   |   0   |   0   ||   3   |   0   |","logger":"task.stderr"}
{"timestamp":"2026-08-28T21:09:27.678841Z","level":"error","event":"\t---------------------------------------------------------------------","logger":"task.stderr"}
{"timestamp":"2026-08-28T21:09:27.682805Z","level":"error","event":":: retrieving :: org.apache.spark#spark-submit-parent-d57c9e9f-33fe-456f-bbcb-6299e90d2fa4","logger":"task.stderr"}
{"timestamp":"2026-08-28T21:09:27.684843Z","level":"error","event":"\tconfs: [default]","logger":"task.stderr"}
{"timestamp":"2026-08-28T21:09:27.688922Z","level":"error","event":"\t0 artifacts copied, 3 already retrieved (0kB/21ms)","logger":"task.stderr"}
{"timestamp":"2026-08-28T21:09:28.147073Z","level":"error","event":"26/08/28 21:09:28 WARN NativeCodeLoader: Unable to load native-hadoop library for your platform... using builtin-java classes where applicable","logger":"task.stderr"}
{"timestamp":"2026-08-28T21:09:28.626576Z","level":"error","event":"Setting default log level to \"WARN\".","logger":"task.stderr"}
{"timestamp":"2026-08-28T21:09:28.628990Z","level":"error","event":"To adjust logging level use sc.setLogLevel(newLevel). For SparkR, use setLogLevel(newLevel).","logger":"task.stderr"}
{"timestamp":"2026-08-28T21:09:30.261620Z","level":"error","event":"26/08/28 21:09:30 WARN Utils: Service 'SparkUI' could not bind on port 4040. Attempting port 4041.","logger":"task.stderr"}
{"timestamp":"2026-08-28T21:09:30.328420Z","level":"error","event":"26/08/28 21:09:30 WARN Utils: Service 'SparkUI' could not bind on port 4041. Attempting port 4042.","logger":"task.stderr"}
{"timestamp":"2026-08-28T21:09:42.755563Z","level":"error","event":"26/08/28 21:09:42 WARN SparkStringUtils: Truncated the string representation of a plan since it was too large. This behavior can be adjusted by setting 'spark.sql.debug.maxToStringFields'.","logger":"task.stderr"}
{"timestamp":"2026-08-28T21:10:36.335990Z","level":"info","event":"","logger":"task.stdout"}
{"timestamp":"2026-08-28T21:10:36.364592Z","level":"info","event":"Patient Silver","logger":"task.stdout"}
{"timestamp":"2026-08-28T21:10:36.376323Z","level":"info","event":"--------------","logger":"task.stdout"}
{"timestamp":"2026-08-28T21:10:36.382681Z","level":"info","event":"New Bronze rows: 0","logger":"task.stdout"}
{"timestamp":"2026-08-28T21:10:36.389891Z","level":"info","event":"Rows to merge: 0","logger":"task.stdout"}
{"timestamp":"2026-08-28T21:10:36.402931Z","level":"info","event":"Status: NO NEW DATA","logger":"task.stdout"}
{"timestamp":"2026-08-28T21:10:37.716761Z","level":"info","event":"Done. Returned value was: None","run_id":"manual__2026-08-28T21:08:59.158994+00:00","try_number":1,"map_index":-1,"dag_id":"healthcare_pipeline","task_id":"process_patient_silver","ti_id":"01a04a34-56de-7176-87c0-9fe11130564e","logger":"airflow.task.operators.airflow.providers.standard.decorators.python._PythonDecoratedOperator","filename":"python.py","lineno":233}
{"timestamp":"2026-08-28T21:10:37.725115Z","level":"info","event":"::group::Post Execute","run_id":"manual__2026-08-28T21:08:59.158994+00:00","try_number":1,"map_index":-1,"dag_id":"healthcare_pipeline","task_id":"process_patient_silver","ti_id":"01a04a34-56de-7176-87c0-9fe11130564e","logger":"task","filename":"task_runner.py","lineno":1580}
{"timestamp":"2026-08-28T21:10:37.871149Z","level":"info","event":"::endgroup::","run_id":"manual__2026-08-28T21:08:59.158994+00:00","try_number":1,"map_index":-1,"dag_id":"healthcare_pipeline","task_id":"process_patient_silver","ti_id":"01a04a34-56de-7176-87c0-9fe11130564e","logger":"task","filename":"task_runner.py","lineno":2379}
{"timestamp":"2026-08-28T21:10:40.818159Z","level":"error","event":"\r[Stage 0:>                                                          (0 + 0) / 5]\r\r[Stage 0:>                                                          (0 + 5) / 5]\r\r[Stage 0:===========>                                               (1 + 4) / 5]\r\r[Stage 2:>                                                         (0 + 8) / 50]\r\r[Stage 2:========>                                                 (7 + 9) / 50]\r\r[Stage 2:=========>                                                (8 + 8) / 50]\r\r[Stage 2:==================>                                      (16 + 8) / 50]\r\r[Stage 2:==========================>                              (23 + 8) / 50]\r\r[Stage 2:===========================>                             (24 + 8) / 50]\r\r[Stage 2:====================================>                    (32 + 8) / 50]\r\r[Stage 2:=====================================>                   (33 + 8) / 50]\r\r[Stage 2:======================================>                  (34 + 8) / 50]\r\r[Stage 2:=======================================>                 (35 + 8) / 50]\r\r[Stage 2:==============================================>          (41 + 8) / 50]\r\r[Stage 2:===============================================>         (42 + 8) / 50]\r\r[Stage 2:=====================================================>   (47 + 3) / 50]\r\r[Stage 2:======================================================>  (48 + 2) / 50]\r\r[Stage 5:>                                                          (0 + 1) / 1]\r\r                                                                                \r\r[Stage 7:>                                                         (0 + 8) / 50]\r\r[Stage 7:=============>                                           (12 + 8) / 50]\r\r[Stage 7:====================================>                    (32 + 8) / 50]\r\r[Stage 7:====================================================>    (46 + 4) / 50]\r\r                                                                                \r\r[Stage 8:>                                                          (0 + 1) / 1]\r\r                                                                                \r\r[Stage 13:>                                                        (0 + 8) / 50]\r\r[Stage 13:===>                                                     (3 + 8) / 50]\r\r[Stage 13:=========>                                               (8 + 8) / 50]\r\r[Stage 13:==========>                                              (9 + 8) / 50]\r\r[Stage 13:===============>                                        (14 + 8) / 50]\r\r[Stage 13:===================>                                    (17 + 8) / 50]\r\r[Stage 13:=========================>                              (23 + 8) / 50]\r\r[Stage 13:=================================>                      (30 + 8) / 50]\r\r[Stage 13:======================================>                 (34 + 8) / 50]\r\r[Stage 13:=======================================>                (35 + 8) / 50]\r\r[Stage 13:==========================================>             (38 + 8) / 50]\r\r[Stage 13:============================================>           (40 + 8) / 50]\r\r[Stage 13:=================================================>      (44 + 6) / 50]\r\r[Stage 13:==================================================>     (45 + 5) / 50]\r\r[Stage 13:======================================================> (49 + 1) / 50]","logger":"task.stderr"}
