{"timestamp":"2026-08-29T00:37:26.387494Z","level":"info","event":"::group::Pre Execute","logger":"task","filename":"task_runner.py","lineno":2412}
{"timestamp":"2026-08-29T00:37:26.535261Z","level":"info","event":"DAG bundles loaded: dags-folder","dag_id":"healthcare_pipeline","map_index":-1,"task_id":"process_observation_silver","run_id":"manual__2026-08-29T00:37:05.426965+00:00","try_number":1,"ti_id":"01a04af2-dd3a-7a7b-aa26-850f5d5b3541","logger":"airflow.dag_processing.bundles.manager.DagBundlesManager","filename":"manager.py","lineno":304}
{"timestamp":"2026-08-29T00:37:26.541820Z","level":"info","event":"Filling up the DagBag from /opt/airflow/dags/healthcare_pipeline.py","dag_id":"healthcare_pipeline","map_index":-1,"task_id":"process_observation_silver","run_id":"manual__2026-08-29T00:37:05.426965+00:00","try_number":1,"ti_id":"01a04af2-dd3a-7a7b-aa26-850f5d5b3541","logger":"airflow.dag_processing.dagbag.BundleDagBag","filename":"dagbag.py","lineno":460}
{"timestamp":"2026-08-29T00:37:27.623435Z","level":"info","event":"Worker startup parse complete","bundle_name":"dags-folder","bundle_version":null,"dag_file":"healthcare_pipeline.py","dag_id":"healthcare_pipeline","bundle_prepare_ms":14,"dag_file_parse_ms":1083,"map_index":-1,"task_id":"process_observation_silver","run_id":"manual__2026-08-29T00:37:05.426965+00:00","try_number":1,"ti_id":"01a04af2-dd3a-7a7b-aa26-850f5d5b3541","logger":"task","filename":"task_runner.py","lineno":1073}
{"timestamp":"2026-08-29T00:37:27.786617Z","level":"info","event":"::endgroup::","dag_id":"healthcare_pipeline","map_index":-1,"task_id":"process_observation_silver","run_id":"manual__2026-08-29T00:37:05.426965+00:00","try_number":1,"ti_id":"01a04af2-dd3a-7a7b-aa26-850f5d5b3541","logger":"task","filename":"task_runner.py","lineno":2232}
{"timestamp":"2026-08-29T00:37:30.945316Z","level":"info","event":":: loading settings :: url = jar:file:/home/airflow/.local/lib/python3.11/site-packages/pyspark/jars/ivy-2.5.3.jar!/org/apache/ivy/core/settings/ivysettings.xml","logger":"task.stdout"}
{"timestamp":"2026-08-29T00:37:31.097452Z","level":"error","event":"Ivy Default Cache set to: /home/airflow/.ivy2/cache","logger":"task.stderr"}
{"timestamp":"2026-08-29T00:37:31.100818Z","level":"error","event":"The jars for the packages stored in: /home/airflow/.ivy2/jars","logger":"task.stderr"}
{"timestamp":"2026-08-29T00:37:31.108558Z","level":"error","event":"io.delta#delta-spark_2.12 added as a dependency","logger":"task.stderr"}
{"timestamp":"2026-08-29T00:37:31.113158Z","level":"error","event":":: resolving dependencies :: org.apache.spark#spark-submit-parent-00cd86f2-9b3f-42fe-ab22-07064e4e8e17;1.0","logger":"task.stderr"}
{"timestamp":"2026-08-29T00:37:31.116004Z","level":"error","event":"\tconfs: [default]","logger":"task.stderr"}
{"timestamp":"2026-08-29T00:37:31.429368Z","level":"error","event":"\tfound io.delta#delta-spark_2.12;3.3.2 in spark-list","logger":"task.stderr"}
{"timestamp":"2026-08-29T00:37:31.556852Z","level":"error","event":"\tfound io.delta#delta-storage;3.3.2 in central","logger":"task.stderr"}
{"timestamp":"2026-08-29T00:37:31.660717Z","level":"error","event":"\tfound org.antlr#antlr4-runtime;4.9.3 in spark-list","logger":"task.stderr"}
{"timestamp":"2026-08-29T00:37:31.689261Z","level":"error","event":":: resolution report :: resolve 576ms :: artifacts dl 7ms","logger":"task.stderr"}
{"timestamp":"2026-08-29T00:37:31.694746Z","level":"error","event":"\t:: modules in use:","logger":"task.stderr"}
{"timestamp":"2026-08-29T00:37:31.698150Z","level":"error","event":"\tio.delta#delta-spark_2.12;3.3.2 from spark-list in [default]","logger":"task.stderr"}
{"timestamp":"2026-08-29T00:37:31.700461Z","level":"error","event":"\tio.delta#delta-storage;3.3.2 from central in [default]","logger":"task.stderr"}
{"timestamp":"2026-08-29T00:37:31.703455Z","level":"error","event":"\torg.antlr#antlr4-runtime;4.9.3 from spark-list in [default]","logger":"task.stderr"}
{"timestamp":"2026-08-29T00:37:31.706413Z","level":"error","event":"\t---------------------------------------------------------------------","logger":"task.stderr"}
{"timestamp":"2026-08-29T00:37:31.715803Z","level":"error","event":"\t|                  |            modules            ||   artifacts   |","logger":"task.stderr"}
{"timestamp":"2026-08-29T00:37:31.722420Z","level":"error","event":"\t|       conf       | number| search|dwnlded|evicted|| number|dwnlded|","logger":"task.stderr"}
{"timestamp":"2026-08-29T00:37:31.728731Z","level":"error","event":"\t---------------------------------------------------------------------","logger":"task.stderr"}
{"timestamp":"2026-08-29T00:37:31.731229Z","level":"error","event":"\t|      default     |   3   |   0   |   0   |   0   ||   3   |   0   |","logger":"task.stderr"}
{"timestamp":"2026-08-29T00:37:31.734492Z","level":"error","event":"\t---------------------------------------------------------------------","logger":"task.stderr"}
{"timestamp":"2026-08-29T00:37:31.738388Z","level":"error","event":"","logger":"task.stderr"}
{"timestamp":"2026-08-29T00:37:31.741355Z","level":"error","event":":: problems summary ::","logger":"task.stderr"}
{"timestamp":"2026-08-29T00:37:31.743707Z","level":"error","event":":::: ERRORS","logger":"task.stderr"}
{"timestamp":"2026-08-29T00:37:31.748720Z","level":"error","event":"\tunknown resolver null","logger":"task.stderr"}
{"timestamp":"2026-08-29T00:37:31.749771Z","level":"error","event":"","logger":"task.stderr"}
{"timestamp":"2026-08-29T00:37:31.752470Z","level":"error","event":"\tunknown resolver null","logger":"task.stderr"}
{"timestamp":"2026-08-29T00:37:31.755717Z","level":"error","event":"","logger":"task.stderr"}
{"timestamp":"2026-08-29T00:37:31.757705Z","level":"error","event":"","logger":"task.stderr"}
{"timestamp":"2026-08-29T00:37:31.760627Z","level":"error","event":":: USE VERBOSE OR DEBUG MESSAGE LEVEL FOR MORE DETAILS","logger":"task.stderr"}
{"timestamp":"2026-08-29T00:37:31.763467Z","level":"error","event":":: retrieving :: org.apache.spark#spark-submit-parent-00cd86f2-9b3f-42fe-ab22-07064e4e8e17","logger":"task.stderr"}
{"timestamp":"2026-08-29T00:37:31.767299Z","level":"error","event":"\tconfs: [default]","logger":"task.stderr"}
{"timestamp":"2026-08-29T00:37:31.775187Z","level":"error","event":"\t0 artifacts copied, 3 already retrieved (0kB/26ms)","logger":"task.stderr"}
{"timestamp":"2026-08-29T00:37:32.352426Z","level":"error","event":"26/08/29 00:37:32 WARN NativeCodeLoader: Unable to load native-hadoop library for your platform... using builtin-java classes where applicable","logger":"task.stderr"}
{"timestamp":"2026-08-29T00:37:32.686248Z","level":"error","event":"Setting default log level to \"WARN\".","logger":"task.stderr"}
{"timestamp":"2026-08-29T00:37:32.691382Z","level":"error","event":"To adjust logging level use sc.setLogLevel(newLevel). For SparkR, use setLogLevel(newLevel).","logger":"task.stderr"}
{"timestamp":"2026-08-29T00:37:34.790675Z","level":"error","event":"26/08/29 00:37:34 WARN Utils: Service 'SparkUI' could not bind on port 4040. Attempting port 4041.","logger":"task.stderr"}
{"timestamp":"2026-08-29T00:37:34.798622Z","level":"error","event":"26/08/29 00:37:34 WARN Utils: Service 'SparkUI' could not bind on port 4041. Attempting port 4042.","logger":"task.stderr"}
{"timestamp":"2026-08-29T00:37:34.809311Z","level":"error","event":"26/08/29 00:37:34 WARN Utils: Service 'SparkUI' could not bind on port 4042. Attempting port 4043.","logger":"task.stderr"}
{"timestamp":"2026-08-29T00:37:34.813815Z","level":"error","event":"26/08/29 00:37:34 WARN Utils: Service 'SparkUI' could not bind on port 4043. Attempting port 4044.","logger":"task.stderr"}
{"timestamp":"2026-08-29T00:37:52.336190Z","level":"error","event":"26/08/29 00:37:52 WARN SparkStringUtils: Truncated the string representation of a plan since it was too large. This behavior can be adjusted by setting 'spark.sql.debug.maxToStringFields'.","logger":"task.stderr"}
{"timestamp":"2026-08-29T00:38:56.032392Z","level":"info","event":"","logger":"task.stdout"}
{"timestamp":"2026-08-29T00:38:56.046040Z","level":"info","event":"Observation Silver","logger":"task.stdout"}
{"timestamp":"2026-08-29T00:38:56.050391Z","level":"info","event":"------------------","logger":"task.stdout"}
{"timestamp":"2026-08-29T00:38:56.053686Z","level":"info","event":"New Bronze rows: 0","logger":"task.stdout"}
{"timestamp":"2026-08-29T00:38:56.057171Z","level":"info","event":"Rows to merge: 0","logger":"task.stdout"}
{"timestamp":"2026-08-29T00:38:56.060036Z","level":"info","event":"Status: NO NEW DATA","logger":"task.stdout"}
{"timestamp":"2026-08-29T00:38:57.342326Z","level":"info","event":"Done. Returned value was: None","dag_id":"healthcare_pipeline","map_index":-1,"task_id":"process_observation_silver","run_id":"manual__2026-08-29T00:37:05.426965+00:00","try_number":1,"ti_id":"01a04af2-dd3a-7a7b-aa26-850f5d5b3541","logger":"airflow.task.operators.airflow.providers.standard.decorators.python._PythonDecoratedOperator","filename":"python.py","lineno":233}
{"timestamp":"2026-08-29T00:38:57.384604Z","level":"info","event":"::group::Post Execute","dag_id":"healthcare_pipeline","map_index":-1,"task_id":"process_observation_silver","run_id":"manual__2026-08-29T00:37:05.426965+00:00","try_number":1,"ti_id":"01a04af2-dd3a-7a7b-aa26-850f5d5b3541","logger":"task","filename":"task_runner.py","lineno":1580}
{"timestamp":"2026-08-29T00:38:57.527152Z","level":"info","event":"::endgroup::","dag_id":"healthcare_pipeline","map_index":-1,"task_id":"process_observation_silver","run_id":"manual__2026-08-29T00:37:05.426965+00:00","try_number":1,"ti_id":"01a04af2-dd3a-7a7b-aa26-850f5d5b3541","logger":"task","filename":"task_runner.py","lineno":2379}
{"timestamp":"2026-08-29T00:39:00.918563Z","level":"error","event":"\r[Stage 0:>                                                          (0 + 0) / 5]\r\r[Stage 0:>                                                          (0 + 5) / 5]\r\r[Stage 0:===========>                                               (1 + 4) / 5]\r\r[Stage 2:>                                                         (0 + 8) / 50]\r\r[Stage 2:========>                                                 (7 + 8) / 50]\r\r[Stage 2:=========>                                                (8 + 8) / 50]\r\r[Stage 2:===========>                                             (10 + 8) / 50]\r\r[Stage 2:=================>                                       (15 + 9) / 50]\r\r[Stage 2:==================>                                      (16 + 8) / 50]\r\r[Stage 2:===================>                                     (17 + 9) / 50]\r\r[Stage 2:======================>                                  (20 + 8) / 50]\r\r[Stage 2:==========================>                              (23 + 8) / 50]\r\r[Stage 2:==========================>                              (23 + 9) / 50]\r\r[Stage 2:===========================>                             (24 + 8) / 50]\r\r[Stage 2:============================>                            (25 + 8) / 50]\r\r[Stage 2:==============================>                          (27 + 8) / 50]\r\r[Stage 2:=================================>                       (29 + 8) / 50]\r\r[Stage 2:==================================>                      (30 + 8) / 50]\r\r[Stage 2:====================================>                    (32 + 8) / 50]\r\r[Stage 2:=======================================>                 (35 + 8) / 50]\r\r[Stage 2:=========================================>               (36 + 8) / 50]\r\r[Stage 2:===========================================>             (38 + 8) / 50]\r\r[Stage 2:============================================>            (39 + 8) / 50]\r\r[Stage 2:=============================================>           (40 + 8) / 50]\r\r[Stage 2:==================================================>      (44 + 6) / 50]\r\r[Stage 2:====================================================>    (46 + 4) / 50]\r\r[Stage 2:======================================================>  (48 + 2) / 50]\r\r[Stage 2:=======================================================> (49 + 1) / 50]\r\r[Stage 5:>                                                          (0 + 1) / 1]\r\r                                                                                \r\r[Stage 7:>                                                         (0 + 8) / 50]\r\r[Stage 7:>                                                         (0 + 9) / 50]\r\r[Stage 7:=====================>                                   (19 + 8) / 50]\r\r[Stage 7:===============================>                         (28 + 8) / 50]\r\r[Stage 7:==============================================>          (41 + 8) / 50]\r\r                                                                                \r\r[Stage 8:>                                                          (0 + 0) / 4]\r\r[Stage 8:>                                                          (0 + 4) / 4]\r\r                                                                                \r\r[Stage 13:>                                                        (0 + 8) / 50]\r\r[Stage 13:=>                                                       (1 + 8) / 50]\r\r[Stage 13:=======>                                                 (7 + 8) / 50]\r\r[Stage 13:=========>                                               (8 + 8) / 50]\r\r[Stage 13:===========>                                            (10 + 8) / 50]\r\r[Stage 13:===============>                                        (14 + 8) / 50]\r\r[Stage 13:=================>                                      (16 + 8) / 50]\r\r[Stage 13:======================>                                 (20 + 8) / 50]\r\r[Stage 13:=============================>                          (26 + 8) / 50]\r\r[Stage 13:=================================>                      (30 + 8) / 50]\r\r[Stage 13:====================================>                   (33 + 8) / 50]\r\r[Stage 13:==========================================>             (38 + 8) / 50]\r\r[Stage 13:=============================================>          (41 + 9) / 50]\r\r[Stage 13:==================================================>     (45 + 5) / 50]\r\r[Stage 13:=====================================================>  (48 + 2) / 50]","logger":"task.stderr"}
