{"timestamp":"2026-08-29T00:43:36.785444Z","level":"info","event":"::group::Pre Execute","logger":"task","filename":"task_runner.py","lineno":2412}
{"timestamp":"2026-08-29T00:43:36.891707Z","level":"info","event":"DAG bundles loaded: dags-folder","try_number":1,"map_index":-1,"run_id":"manual__2026-08-29T00:43:16.241480+00:00","ti_id":"01a04af8-85b0-7182-b615-dfac5d0cbbaa","dag_id":"healthcare_pipeline","task_id":"process_patient_silver","logger":"airflow.dag_processing.bundles.manager.DagBundlesManager","filename":"manager.py","lineno":304}
{"timestamp":"2026-08-29T00:43:36.893855Z","level":"info","event":"Filling up the DagBag from /opt/airflow/dags/healthcare_pipeline.py","try_number":1,"map_index":-1,"run_id":"manual__2026-08-29T00:43:16.241480+00:00","ti_id":"01a04af8-85b0-7182-b615-dfac5d0cbbaa","dag_id":"healthcare_pipeline","task_id":"process_patient_silver","logger":"airflow.dag_processing.dagbag.BundleDagBag","filename":"dagbag.py","lineno":460}
{"timestamp":"2026-08-29T00:43:37.955258Z","level":"info","event":"Worker startup parse complete","bundle_name":"dags-folder","bundle_version":null,"dag_file":"healthcare_pipeline.py","dag_id":"healthcare_pipeline","bundle_prepare_ms":10,"dag_file_parse_ms":1062,"try_number":1,"map_index":-1,"run_id":"manual__2026-08-29T00:43:16.241480+00:00","ti_id":"01a04af8-85b0-7182-b615-dfac5d0cbbaa","task_id":"process_patient_silver","logger":"task","filename":"task_runner.py","lineno":1073}
{"timestamp":"2026-08-29T00:43:38.040569Z","level":"info","event":"::endgroup::","try_number":1,"map_index":-1,"run_id":"manual__2026-08-29T00:43:16.241480+00:00","ti_id":"01a04af8-85b0-7182-b615-dfac5d0cbbaa","dag_id":"healthcare_pipeline","task_id":"process_patient_silver","logger":"task","filename":"task_runner.py","lineno":2232}
{"timestamp":"2026-08-29T00:43:41.927266Z","level":"info","event":":: loading settings :: url = jar:file:/home/airflow/.local/lib/python3.11/site-packages/pyspark/jars/ivy-2.5.3.jar!/org/apache/ivy/core/settings/ivysettings.xml","logger":"task.stdout"}
{"timestamp":"2026-08-29T00:43:42.099771Z","level":"error","event":"Ivy Default Cache set to: /home/airflow/.ivy2/cache","logger":"task.stderr"}
{"timestamp":"2026-08-29T00:43:42.103033Z","level":"error","event":"The jars for the packages stored in: /home/airflow/.ivy2/jars","logger":"task.stderr"}
{"timestamp":"2026-08-29T00:43:42.118678Z","level":"error","event":"io.delta#delta-spark_2.12 added as a dependency","logger":"task.stderr"}
{"timestamp":"2026-08-29T00:43:42.122469Z","level":"error","event":":: resolving dependencies :: org.apache.spark#spark-submit-parent-92d17ef1-3c25-4152-aa7c-284abfeacd07;1.0","logger":"task.stderr"}
{"timestamp":"2026-08-29T00:43:42.124705Z","level":"error","event":"\tconfs: [default]","logger":"task.stderr"}
{"timestamp":"2026-08-29T00:43:42.334919Z","level":"error","event":"\tfound io.delta#delta-spark_2.12;3.3.2 in spark-list","logger":"task.stderr"}
{"timestamp":"2026-08-29T00:43:42.396128Z","level":"error","event":"\tfound io.delta#delta-storage;3.3.2 in central","logger":"task.stderr"}
{"timestamp":"2026-08-29T00:43:42.468227Z","level":"error","event":"\tfound org.antlr#antlr4-runtime;4.9.3 in spark-list","logger":"task.stderr"}
{"timestamp":"2026-08-29T00:43:42.516945Z","level":"error","event":":: resolution report :: resolve 377ms :: artifacts dl 18ms","logger":"task.stderr"}
{"timestamp":"2026-08-29T00:43:42.523544Z","level":"error","event":"\t:: modules in use:","logger":"task.stderr"}
{"timestamp":"2026-08-29T00:43:42.528623Z","level":"error","event":"\tio.delta#delta-spark_2.12;3.3.2 from spark-list in [default]","logger":"task.stderr"}
{"timestamp":"2026-08-29T00:43:42.532113Z","level":"error","event":"\tio.delta#delta-storage;3.3.2 from central in [default]","logger":"task.stderr"}
{"timestamp":"2026-08-29T00:43:42.537908Z","level":"error","event":"\torg.antlr#antlr4-runtime;4.9.3 from spark-list in [default]","logger":"task.stderr"}
{"timestamp":"2026-08-29T00:43:42.540710Z","level":"error","event":"\t---------------------------------------------------------------------","logger":"task.stderr"}
{"timestamp":"2026-08-29T00:43:42.547701Z","level":"error","event":"\t|                  |            modules            ||   artifacts   |","logger":"task.stderr"}
{"timestamp":"2026-08-29T00:43:42.550171Z","level":"error","event":"\t|       conf       | number| search|dwnlded|evicted|| number|dwnlded|","logger":"task.stderr"}
{"timestamp":"2026-08-29T00:43:42.554762Z","level":"error","event":"\t---------------------------------------------------------------------","logger":"task.stderr"}
{"timestamp":"2026-08-29T00:43:42.557002Z","level":"error","event":"\t|      default     |   3   |   0   |   0   |   0   ||   3   |   0   |","logger":"task.stderr"}
{"timestamp":"2026-08-29T00:43:42.559010Z","level":"error","event":"\t---------------------------------------------------------------------","logger":"task.stderr"}
{"timestamp":"2026-08-29T00:43:42.564774Z","level":"error","event":":: retrieving :: org.apache.spark#spark-submit-parent-92d17ef1-3c25-4152-aa7c-284abfeacd07","logger":"task.stderr"}
{"timestamp":"2026-08-29T00:43:42.569665Z","level":"error","event":"\tconfs: [default]","logger":"task.stderr"}
{"timestamp":"2026-08-29T00:43:42.623126Z","level":"error","event":"\t0 artifacts copied, 3 already retrieved (0kB/69ms)","logger":"task.stderr"}
{"timestamp":"2026-08-29T00:43:43.117333Z","level":"error","event":"26/08/29 00:43:43 WARN NativeCodeLoader: Unable to load native-hadoop library for your platform... using builtin-java classes where applicable","logger":"task.stderr"}
{"timestamp":"2026-08-29T00:43:43.860710Z","level":"error","event":"Setting default log level to \"WARN\".","logger":"task.stderr"}
{"timestamp":"2026-08-29T00:43:43.866009Z","level":"error","event":"To adjust logging level use sc.setLogLevel(newLevel). For SparkR, use setLogLevel(newLevel).","logger":"task.stderr"}
{"timestamp":"2026-08-29T00:43:46.500622Z","level":"error","event":"26/08/29 00:43:46 WARN Utils: Service 'SparkUI' could not bind on port 4040. Attempting port 4041.","logger":"task.stderr"}
{"timestamp":"2026-08-29T00:43:46.519445Z","level":"error","event":"26/08/29 00:43:46 WARN Utils: Service 'SparkUI' could not bind on port 4041. Attempting port 4042.","logger":"task.stderr"}
{"timestamp":"2026-08-29T00:43:59.624123Z","level":"error","event":"26/08/29 00:43:59 WARN SparkStringUtils: Truncated the string representation of a plan since it was too large. This behavior can be adjusted by setting 'spark.sql.debug.maxToStringFields'.","logger":"task.stderr"}
{"timestamp":"2026-08-29T00:44:58.968233Z","level":"info","event":"","logger":"task.stdout"}
{"timestamp":"2026-08-29T00:44:58.981873Z","level":"info","event":"Patient Silver","logger":"task.stdout"}
{"timestamp":"2026-08-29T00:44:58.985249Z","level":"info","event":"--------------","logger":"task.stdout"}
{"timestamp":"2026-08-29T00:44:58.988000Z","level":"info","event":"New Bronze rows: 0","logger":"task.stdout"}
{"timestamp":"2026-08-29T00:44:58.991876Z","level":"info","event":"Rows to merge: 0","logger":"task.stdout"}
{"timestamp":"2026-08-29T00:44:58.994053Z","level":"info","event":"Status: NO NEW DATA","logger":"task.stdout"}
{"timestamp":"2026-08-29T00:44:59.949244Z","level":"info","event":"Done. Returned value was: None","try_number":1,"map_index":-1,"run_id":"manual__2026-08-29T00:43:16.241480+00:00","ti_id":"01a04af8-85b0-7182-b615-dfac5d0cbbaa","dag_id":"healthcare_pipeline","task_id":"process_patient_silver","logger":"airflow.task.operators.airflow.providers.standard.decorators.python._PythonDecoratedOperator","filename":"python.py","lineno":233}
{"timestamp":"2026-08-29T00:45:00.005791Z","level":"info","event":"::group::Post Execute","try_number":1,"map_index":-1,"run_id":"manual__2026-08-29T00:43:16.241480+00:00","ti_id":"01a04af8-85b0-7182-b615-dfac5d0cbbaa","dag_id":"healthcare_pipeline","task_id":"process_patient_silver","logger":"task","filename":"task_runner.py","lineno":1580}
{"timestamp":"2026-08-29T00:45:00.192187Z","level":"info","event":"::endgroup::","try_number":1,"map_index":-1,"run_id":"manual__2026-08-29T00:43:16.241480+00:00","ti_id":"01a04af8-85b0-7182-b615-dfac5d0cbbaa","dag_id":"healthcare_pipeline","task_id":"process_patient_silver","logger":"task","filename":"task_runner.py","lineno":2379}
{"timestamp":"2026-08-29T00:45:03.687046Z","level":"error","event":"\r[Stage 0:>                                                          (0 + 6) / 6]\r\r[Stage 0:=========>                                                 (1 + 5) / 6]\r\r[Stage 2:>                                                         (0 + 0) / 50]\r\r[Stage 2:>                                                         (0 + 8) / 50]\r\r[Stage 2:===>                                                      (3 + 8) / 50]\r\r[Stage 2:=========>                                                (8 + 8) / 50]\r\r[Stage 2:=============>                                           (12 + 9) / 50]\r\r[Stage 2:===============>                                         (14 + 8) / 50]\r\r[Stage 2:=================>                                       (15 + 9) / 50]\r\r[Stage 2:=====================>                                   (19 + 8) / 50]\r\r[Stage 2:======================>                                  (20 + 8) / 50]\r\r[Stage 2:==========================>                              (23 + 8) / 50]\r\r[Stage 2:==============================>                          (27 + 8) / 50]\r\r[Stage 2:=================================>                       (29 + 8) / 50]\r\r[Stage 2:=======================================>                 (35 + 8) / 50]\r\r[Stage 2:==========================================>              (37 + 8) / 50]\r\r[Stage 2:=============================================>           (40 + 8) / 50]\r\r[Stage 2:=====================================================>   (47 + 3) / 50]\r\r[Stage 5:>                                                          (0 + 1) / 1]\r\r                                                                                \r\r[Stage 7:=====>                                                    (5 + 8) / 50]\r\r[Stage 7:=============>                                           (12 + 8) / 50]\r\r[Stage 7:=====================================>                   (33 + 8) / 50]\r\r[Stage 7:=====================================================>   (47 + 3) / 50]\r\r                                                                                \r\r[Stage 8:>                                                          (0 + 2) / 2]\r\r                                                                                \r\r[Stage 11:===========================================>              (3 + 1) / 4]\r\r[Stage 13:>                                                        (0 + 8) / 50]\r\r[Stage 13:=>                                                       (1 + 8) / 50]\r\r[Stage 13:=========>                                               (8 + 8) / 50]\r\r[Stage 13:==========>                                              (9 + 9) / 50]\r\r[Stage 13:==============>                                         (13 + 8) / 50]\r\r[Stage 13:================>                                       (15 + 8) / 50]\r\r[Stage 13:=================>                                      (16 + 8) / 50]\r\r[Stage 13:====================>                                   (18 + 8) / 50]\r\r[Stage 13:=========================>                              (23 + 8) / 50]\r\r[Stage 13:================================>                       (29 + 8) / 50]\r\r[Stage 13:========================================>               (36 + 8) / 50]\r\r[Stage 13:===========================================>            (39 + 8) / 50]","logger":"task.stderr"}
