{"timestamp":"2026-08-28T21:36:01.463259Z","level":"info","event":"::group::Pre Execute","logger":"task","filename":"task_runner.py","lineno":2412}
{"timestamp":"2026-08-28T21:36:01.508621Z","level":"info","event":"DAG bundles loaded: dags-folder","ti_id":"01a04a4a-07c6-79c5-b333-bbe672d845a3","try_number":1,"task_id":"process_gold_patient_util","map_index":-1,"dag_id":"healthcare_pipeline","run_id":"manual__2026-08-28T21:32:40.719316+00:00","logger":"airflow.dag_processing.bundles.manager.DagBundlesManager","filename":"manager.py","lineno":304}
{"timestamp":"2026-08-28T21:36:01.510761Z","level":"info","event":"Filling up the DagBag from /opt/airflow/dags/healthcare_pipeline.py","ti_id":"01a04a4a-07c6-79c5-b333-bbe672d845a3","try_number":1,"task_id":"process_gold_patient_util","map_index":-1,"dag_id":"healthcare_pipeline","run_id":"manual__2026-08-28T21:32:40.719316+00:00","logger":"airflow.dag_processing.dagbag.BundleDagBag","filename":"dagbag.py","lineno":460}
{"timestamp":"2026-08-28T21:36:02.119832Z","level":"info","event":"Worker startup parse complete","bundle_name":"dags-folder","bundle_version":null,"dag_file":"healthcare_pipeline.py","dag_id":"healthcare_pipeline","bundle_prepare_ms":8,"dag_file_parse_ms":609,"ti_id":"01a04a4a-07c6-79c5-b333-bbe672d845a3","try_number":1,"task_id":"process_gold_patient_util","map_index":-1,"run_id":"manual__2026-08-28T21:32:40.719316+00:00","logger":"task","filename":"task_runner.py","lineno":1073}
{"timestamp":"2026-08-28T21:36:02.155394Z","level":"info","event":"::endgroup::","ti_id":"01a04a4a-07c6-79c5-b333-bbe672d845a3","try_number":1,"task_id":"process_gold_patient_util","map_index":-1,"dag_id":"healthcare_pipeline","run_id":"manual__2026-08-28T21:32:40.719316+00:00","logger":"task","filename":"task_runner.py","lineno":2232}
{"timestamp":"2026-08-28T21:36:04.645651Z","level":"info","event":":: loading settings :: url = jar:file:/home/airflow/.local/lib/python3.11/site-packages/pyspark/jars/ivy-2.5.3.jar!/org/apache/ivy/core/settings/ivysettings.xml","logger":"task.stdout"}
{"timestamp":"2026-08-28T21:36:04.855223Z","level":"error","event":"Ivy Default Cache set to: /home/airflow/.ivy2/cache","logger":"task.stderr"}
{"timestamp":"2026-08-28T21:36:04.858257Z","level":"error","event":"The jars for the packages stored in: /home/airflow/.ivy2/jars","logger":"task.stderr"}
{"timestamp":"2026-08-28T21:36:04.862544Z","level":"error","event":"io.delta#delta-spark_2.12 added as a dependency","logger":"task.stderr"}
{"timestamp":"2026-08-28T21:36:04.879450Z","level":"error","event":":: resolving dependencies :: org.apache.spark#spark-submit-parent-adbc11f3-214c-44c7-8dc8-c520bd2545a0;1.0","logger":"task.stderr"}
{"timestamp":"2026-08-28T21:36:04.882232Z","level":"error","event":"\tconfs: [default]","logger":"task.stderr"}
{"timestamp":"2026-08-28T21:36:05.027716Z","level":"error","event":"\tfound io.delta#delta-spark_2.12;3.3.2 in spark-list","logger":"task.stderr"}
{"timestamp":"2026-08-28T21:36:05.083881Z","level":"error","event":"\tfound io.delta#delta-storage;3.3.2 in central","logger":"task.stderr"}
{"timestamp":"2026-08-28T21:36:05.121800Z","level":"error","event":"\tfound org.antlr#antlr4-runtime;4.9.3 in spark-list","logger":"task.stderr"}
{"timestamp":"2026-08-28T21:36:05.191583Z","level":"error","event":":: resolution report :: resolve 260ms :: artifacts dl 47ms","logger":"task.stderr"}
{"timestamp":"2026-08-28T21:36:05.203256Z","level":"error","event":"\t:: modules in use:","logger":"task.stderr"}
{"timestamp":"2026-08-28T21:36:05.211233Z","level":"error","event":"\tio.delta#delta-spark_2.12;3.3.2 from spark-list in [default]","logger":"task.stderr"}
{"timestamp":"2026-08-28T21:36:05.220664Z","level":"error","event":"\tio.delta#delta-storage;3.3.2 from central in [default]","logger":"task.stderr"}
{"timestamp":"2026-08-28T21:36:05.225642Z","level":"error","event":"\torg.antlr#antlr4-runtime;4.9.3 from spark-list in [default]","logger":"task.stderr"}
{"timestamp":"2026-08-28T21:36:05.233334Z","level":"error","event":"\t---------------------------------------------------------------------","logger":"task.stderr"}
{"timestamp":"2026-08-28T21:36:05.244715Z","level":"error","event":"\t|                  |            modules            ||   artifacts   |","logger":"task.stderr"}
{"timestamp":"2026-08-28T21:36:05.247822Z","level":"error","event":"\t|       conf       | number| search|dwnlded|evicted|| number|dwnlded|","logger":"task.stderr"}
{"timestamp":"2026-08-28T21:36:05.255200Z","level":"error","event":"\t---------------------------------------------------------------------","logger":"task.stderr"}
{"timestamp":"2026-08-28T21:36:05.259413Z","level":"error","event":"\t|      default     |   3   |   0   |   0   |   0   ||   3   |   0   |","logger":"task.stderr"}
{"timestamp":"2026-08-28T21:36:05.262617Z","level":"error","event":"\t---------------------------------------------------------------------","logger":"task.stderr"}
{"timestamp":"2026-08-28T21:36:05.269511Z","level":"error","event":":: retrieving :: org.apache.spark#spark-submit-parent-adbc11f3-214c-44c7-8dc8-c520bd2545a0","logger":"task.stderr"}
{"timestamp":"2026-08-28T21:36:05.271906Z","level":"error","event":"\tconfs: [default]","logger":"task.stderr"}
{"timestamp":"2026-08-28T21:36:05.276354Z","level":"error","event":"\t0 artifacts copied, 3 already retrieved (0kB/23ms)","logger":"task.stderr"}
{"timestamp":"2026-08-28T21:36:05.563698Z","level":"error","event":"26/08/28 21:36:05 WARN NativeCodeLoader: Unable to load native-hadoop library for your platform... using builtin-java classes where applicable","logger":"task.stderr"}
{"timestamp":"2026-08-28T21:36:05.905382Z","level":"error","event":"Setting default log level to \"WARN\".","logger":"task.stderr"}
{"timestamp":"2026-08-28T21:36:05.915917Z","level":"error","event":"To adjust logging level use sc.setLogLevel(newLevel). For SparkR, use setLogLevel(newLevel).","logger":"task.stderr"}
{"timestamp":"2026-08-28T21:36:15.950369Z","level":"error","event":"26/08/28 21:36:15 WARN SparkStringUtils: Truncated the string representation of a plan since it was too large. This behavior can be adjusted by setting 'spark.sql.debug.maxToStringFields'.","logger":"task.stderr"}
{"timestamp":"2026-08-28T21:36:41.035051Z","level":"info","event":"+----------+----------+------+---------------+-------------------+-------------------+----------------------------------+","logger":"task.stdout"}
{"timestamp":"2026-08-28T21:36:41.044302Z","level":"info","event":"|patient_id|birth_date|gender|encounter_count|first_encounter_at |latest_encounter_at|average_encounter_duration_minutes|","logger":"task.stdout"}
{"timestamp":"2026-08-28T21:36:41.051472Z","level":"info","event":"+----------+----------+------+---------------+-------------------+-------------------+----------------------------------+","logger":"task.stdout"}
{"timestamp":"2026-08-28T21:36:41.059297Z","level":"info","event":"|10627     |1978-10-20|female|19             |1996-12-20 21:31:36|2024-11-22 21:31:36|134.8236842105263                 |","logger":"task.stdout"}
{"timestamp":"2026-08-28T21:36:41.065401Z","level":"info","event":"|10940     |1951-08-28|female|44             |1969-10-21 21:08:36|2026-01-27 21:08:36|2762.5371212121213                |","logger":"task.stdout"}
{"timestamp":"2026-08-28T21:36:41.069243Z","level":"info","event":"|12069     |2019-12-30|female|24             |2019-12-30 09:52:39|2025-12-22 09:52:39|34.98125                          |","logger":"task.stdout"}
{"timestamp":"2026-08-28T21:36:41.075570Z","level":"info","event":"|12497     |1993-08-01|male  |26             |2009-09-14 04:16:50|2026-04-27 04:16:50|69.56602564102563                 |","logger":"task.stdout"}
{"timestamp":"2026-08-28T21:36:41.080629Z","level":"info","event":"|186568    |2015-11-01|female|24             |2016-06-27 13:55:02|2025-11-16 09:55:02|38.84236111111111                 |","logger":"task.stdout"}
{"timestamp":"2026-08-28T21:36:41.085637Z","level":"info","event":"|186886    |2015-11-01|female|24             |2016-06-27 13:55:02|2025-11-16 09:55:02|38.84236111111111                 |","logger":"task.stdout"}
{"timestamp":"2026-08-28T21:36:41.092710Z","level":"info","event":"|186935    |2012-07-02|male  |18             |2016-06-06 15:18:19|2026-08-03 15:18:19|53.61388888888889                 |","logger":"task.stdout"}
{"timestamp":"2026-08-28T21:36:41.103968Z","level":"info","event":"|187253    |2012-07-02|male  |20             |2016-06-06 15:18:19|2026-08-03 15:18:19|61.0625                           |","logger":"task.stdout"}
{"timestamp":"2026-08-28T21:36:41.109250Z","level":"info","event":"|187279    |1944-05-21|female|63             |1962-07-15 12:20:23|2026-06-26 12:51:52|606.5719576719576                 |","logger":"task.stdout"}
{"timestamp":"2026-08-28T21:36:41.112847Z","level":"info","event":"|187597    |1944-05-21|female|66             |1962-07-15 12:20:23|2026-06-26 12:51:52|584.0219696969697                 |","logger":"task.stdout"}
{"timestamp":"2026-08-28T21:36:41.117900Z","level":"info","event":"|189026    |1996-08-27|male  |33             |1997-06-10 00:25:36|2026-03-17 15:25:36|62.389898989898995                |","logger":"task.stdout"}
{"timestamp":"2026-08-28T21:36:41.124497Z","level":"info","event":"|189344    |1996-08-27|male  |34             |1997-06-10 00:25:36|2026-03-17 15:25:36|62.19950980392158                 |","logger":"task.stdout"}
{"timestamp":"2026-08-28T21:36:41.129692Z","level":"info","event":"|189697    |2016-12-30|male  |28             |2016-12-30 16:12:20|2026-01-02 16:12:20|36.864285714285714                |","logger":"task.stdout"}
{"timestamp":"2026-08-28T21:36:41.132402Z","level":"info","event":"|190015    |2016-12-30|male  |28             |2016-12-30 16:12:20|2026-01-02 16:12:20|36.864285714285714                |","logger":"task.stdout"}
{"timestamp":"2026-08-28T21:36:41.137965Z","level":"info","event":"|190188    |1979-10-13|male  |30             |1982-11-25 14:42:43|2025-11-01 14:42:43|47.809444444444445                |","logger":"task.stdout"}
{"timestamp":"2026-08-28T21:36:41.141746Z","level":"info","event":"|190506    |1979-10-13|male  |31             |1982-11-25 14:42:43|2025-11-01 14:42:43|46.7510752688172                  |","logger":"task.stdout"}
{"timestamp":"2026-08-28T21:36:41.145172Z","level":"info","event":"|190589    |1963-07-28|male  |27             |1981-09-20 07:18:40|2002-05-12 07:18:40|1666.733950617284                 |","logger":"task.stdout"}
{"timestamp":"2026-08-28T21:36:41.148933Z","level":"info","event":"|190907    |1963-07-28|male  |27             |1981-09-20 07:18:40|2002-05-12 07:18:40|1666.733950617284                 |","logger":"task.stdout"}
{"timestamp":"2026-08-28T21:36:41.154503Z","level":"info","event":"|191334    |1929-08-20|female|74             |1947-10-15 04:04:46|2022-04-06 04:04:46|2389.5036036036036                |","logger":"task.stdout"}
{"timestamp":"2026-08-28T21:36:41.159448Z","level":"info","event":"|191652    |1929-08-20|female|76             |1947-10-15 04:04:46|2022-04-06 04:04:46|2327.8342105263155                |","logger":"task.stdout"}
{"timestamp":"2026-08-28T21:36:41.163859Z","level":"info","event":"+----------+----------+------+---------------+-------------------+-------------------+----------------------------------+","logger":"task.stdout"}
{"timestamp":"2026-08-28T21:36:41.168860Z","level":"info","event":"only showing top 20 rows","logger":"task.stdout"}
{"timestamp":"2026-08-28T21:36:41.172373Z","level":"info","event":"","logger":"task.stdout"}
{"timestamp":"2026-08-28T21:36:42.309610Z","level":"info","event":"Patient utilization rows: 75","logger":"task.stdout"}
{"timestamp":"2026-08-28T21:36:58.970998Z","level":"info","event":"Done. Returned value was: None","ti_id":"01a04a4a-07c6-79c5-b333-bbe672d845a3","try_number":1,"task_id":"process_gold_patient_util","map_index":-1,"dag_id":"healthcare_pipeline","run_id":"manual__2026-08-28T21:32:40.719316+00:00","logger":"airflow.task.operators.airflow.providers.standard.decorators.python._PythonDecoratedOperator","filename":"python.py","lineno":233}
{"timestamp":"2026-08-28T21:36:58.986391Z","level":"info","event":"::group::Post Execute","ti_id":"01a04a4a-07c6-79c5-b333-bbe672d845a3","try_number":1,"task_id":"process_gold_patient_util","map_index":-1,"dag_id":"healthcare_pipeline","run_id":"manual__2026-08-28T21:32:40.719316+00:00","logger":"task","filename":"task_runner.py","lineno":1580}
{"timestamp":"2026-08-28T21:36:59.315836Z","level":"info","event":"::endgroup::","ti_id":"01a04a4a-07c6-79c5-b333-bbe672d845a3","try_number":1,"task_id":"process_gold_patient_util","map_index":-1,"dag_id":"healthcare_pipeline","run_id":"manual__2026-08-28T21:32:40.719316+00:00","logger":"task","filename":"task_runner.py","lineno":2379}
{"timestamp":"2026-08-28T21:37:04.511084Z","level":"error","event":"\r[Stage 0:>                                                          (0 + 6) / 6]\r\r[Stage 2:>                                                         (0 + 8) / 50]\r\r[Stage 2:=>                                                        (1 + 8) / 50]\r\r[Stage 2:=========>                                                (8 + 8) / 50]\r\r[Stage 2:==============>                                          (13 + 8) / 50]\r\r[Stage 2:==================>                                      (16 + 8) / 50]\r\r[Stage 2:=======================>                                 (21 + 8) / 50]\r\r[Stage 2:===========================>                             (24 + 8) / 50]\r\r[Stage 2:==================================>                      (30 + 8) / 50]\r\r[Stage 2:=========================================>               (36 + 8) / 50]\r\r[Stage 2:============================================>            (39 + 8) / 50]\r\r[Stage 2:=====================================================>   (47 + 3) / 50]\r\r                                                                                \r\r[Stage 4:==>                                                       (2 + 8) / 50]\r\r[Stage 4:===========>                                             (10 + 8) / 50]\r\r[Stage 4:=========================>                               (22 + 9) / 50]\r\r[Stage 4:=========================================>               (36 + 8) / 50]\r\r[Stage 4:====================================================>    (46 + 4) / 50]\r\r                                                                                \r\r[Stage 10:============>                                           (11 + 8) / 50]\r\r[Stage 10:=====================>                                  (19 + 8) / 50]\r\r[Stage 10:========================>                               (22 + 8) / 50]\r\r[Stage 10:==================================>                     (31 + 8) / 50]\r\r[Stage 10:=========================================>              (37 + 8) / 50]\r\r[Stage 10:==================================================>     (45 + 5) / 50]\r\r                                                                                \r\r[Stage 11:>                                                         (0 + 2) / 2]\r\r                                                                                \r\r[Stage 22:=========>                                               (8 + 8) / 50]\r\r[Stage 22:================>                                       (15 + 8) / 50]\r\r[Stage 22:=======================>                                (21 + 8) / 50]\r\r[Stage 22:==============================>                         (27 + 8) / 50]\r\r[Stage 22:========================================>               (36 + 8) / 50]\r\r[Stage 22:==================================================>     (45 + 5) / 50]\r\r                                                                                \r\r[Stage 27:===========================================>            (39 + 8) / 50]\r\r                                                                                \r\r[Stage 29:=======================>                                (21 + 8) / 50]\r\r[Stage 29:===================================>                    (32 + 8) / 50]\r\r                                                                                \r\r[Stage 33:>                                                         (0 + 2) / 2]\r\r                                                                                \r\r[Stage 35:=============================>                          (26 + 8) / 50]\r\r[Stage 35:================================================>       (43 + 7) / 50]","logger":"task.stderr"}
