{"timestamp":"2026-09-07T02:10:08.577723Z","level":"info","event":"::group::Pre Execute","logger":"task","filename":"task_runner.py","lineno":2412}
{"timestamp":"2026-09-07T02:10:08.618408Z","level":"info","event":"DAG bundles loaded: dags-folder","task_id":"chunk_clinical_notes","try_number":1,"ti_id":"01a0799e-642c-7877-987d-75ac79393325","map_index":-1,"run_id":"manual__2026-09-07T02:06:58.538323+00:00","dag_id":"healthcare_pipeline","logger":"airflow.dag_processing.bundles.manager.DagBundlesManager","filename":"manager.py","lineno":304}
{"timestamp":"2026-09-07T02:10:08.625050Z","level":"info","event":"Filling up the DagBag from /opt/airflow/dags/healthcare_pipeline.py","task_id":"chunk_clinical_notes","try_number":1,"ti_id":"01a0799e-642c-7877-987d-75ac79393325","map_index":-1,"run_id":"manual__2026-09-07T02:06:58.538323+00:00","dag_id":"healthcare_pipeline","logger":"airflow.dag_processing.dagbag.BundleDagBag","filename":"dagbag.py","lineno":460}
{"timestamp":"2026-09-07T02:10:10.122062Z","level":"info","event":"Worker startup parse complete","bundle_name":"dags-folder","bundle_version":null,"dag_file":"healthcare_pipeline.py","dag_id":"healthcare_pipeline","bundle_prepare_ms":10,"dag_file_parse_ms":1501,"task_id":"chunk_clinical_notes","try_number":1,"ti_id":"01a0799e-642c-7877-987d-75ac79393325","map_index":-1,"run_id":"manual__2026-09-07T02:06:58.538323+00:00","logger":"task","filename":"task_runner.py","lineno":1073}
{"timestamp":"2026-09-07T02:10:10.147836Z","level":"info","event":"::endgroup::","task_id":"chunk_clinical_notes","try_number":1,"ti_id":"01a0799e-642c-7877-987d-75ac79393325","map_index":-1,"run_id":"manual__2026-09-07T02:06:58.538323+00:00","dag_id":"healthcare_pipeline","logger":"task","filename":"task_runner.py","lineno":2232}
{"timestamp":"2026-09-07T02:10:11.544999Z","level":"info","event":":: loading settings :: url = jar:file:/home/airflow/.local/lib/python3.11/site-packages/pyspark/jars/ivy-2.5.3.jar!/org/apache/ivy/core/settings/ivysettings.xml","logger":"task.stdout"}
{"timestamp":"2026-09-07T02:10:11.630003Z","level":"error","event":"Ivy Default Cache set to: /home/airflow/.ivy2/cache","logger":"task.stderr"}
{"timestamp":"2026-09-07T02:10:11.632503Z","level":"error","event":"The jars for the packages stored in: /home/airflow/.ivy2/jars","logger":"task.stderr"}
{"timestamp":"2026-09-07T02:10:11.636850Z","level":"error","event":"io.delta#delta-spark_2.12 added as a dependency","logger":"task.stderr"}
{"timestamp":"2026-09-07T02:10:11.638893Z","level":"error","event":":: resolving dependencies :: org.apache.spark#spark-submit-parent-82099172-d64d-4175-a549-9141c3b4c864;1.0","logger":"task.stderr"}
{"timestamp":"2026-09-07T02:10:11.641661Z","level":"error","event":"\tconfs: [default]","logger":"task.stderr"}
{"timestamp":"2026-09-07T02:10:11.760337Z","level":"error","event":"\tfound io.delta#delta-spark_2.12;3.3.2 in spark-list","logger":"task.stderr"}
{"timestamp":"2026-09-07T02:10:11.784148Z","level":"error","event":"\tfound io.delta#delta-storage;3.3.2 in central","logger":"task.stderr"}
{"timestamp":"2026-09-07T02:10:11.803695Z","level":"error","event":"\tfound org.antlr#antlr4-runtime;4.9.3 in central","logger":"task.stderr"}
{"timestamp":"2026-09-07T02:10:11.821125Z","level":"error","event":":: resolution report :: resolve 178ms :: artifacts dl 5ms","logger":"task.stderr"}
{"timestamp":"2026-09-07T02:10:11.823132Z","level":"error","event":"\t:: modules in use:","logger":"task.stderr"}
{"timestamp":"2026-09-07T02:10:11.825977Z","level":"error","event":"\tio.delta#delta-spark_2.12;3.3.2 from spark-list in [default]","logger":"task.stderr"}
{"timestamp":"2026-09-07T02:10:11.829053Z","level":"error","event":"\tio.delta#delta-storage;3.3.2 from central in [default]","logger":"task.stderr"}
{"timestamp":"2026-09-07T02:10:11.831656Z","level":"error","event":"\torg.antlr#antlr4-runtime;4.9.3 from central in [default]","logger":"task.stderr"}
{"timestamp":"2026-09-07T02:10:11.834338Z","level":"error","event":"\t---------------------------------------------------------------------","logger":"task.stderr"}
{"timestamp":"2026-09-07T02:10:11.837493Z","level":"error","event":"\t|                  |            modules            ||   artifacts   |","logger":"task.stderr"}
{"timestamp":"2026-09-07T02:10:11.839834Z","level":"error","event":"\t|       conf       | number| search|dwnlded|evicted|| number|dwnlded|","logger":"task.stderr"}
{"timestamp":"2026-09-07T02:10:11.842021Z","level":"error","event":"\t---------------------------------------------------------------------","logger":"task.stderr"}
{"timestamp":"2026-09-07T02:10:11.844378Z","level":"error","event":"\t|      default     |   3   |   0   |   0   |   0   ||   3   |   0   |","logger":"task.stderr"}
{"timestamp":"2026-09-07T02:10:11.846116Z","level":"error","event":"\t---------------------------------------------------------------------","logger":"task.stderr"}
{"timestamp":"2026-09-07T02:10:11.848960Z","level":"error","event":":: retrieving :: org.apache.spark#spark-submit-parent-82099172-d64d-4175-a549-9141c3b4c864","logger":"task.stderr"}
{"timestamp":"2026-09-07T02:10:11.850776Z","level":"error","event":"\tconfs: [default]","logger":"task.stderr"}
{"timestamp":"2026-09-07T02:10:11.852807Z","level":"error","event":"\t0 artifacts copied, 3 already retrieved (0kB/9ms)","logger":"task.stderr"}
{"timestamp":"2026-09-07T02:10:11.999703Z","level":"error","event":"26/09/07 02:10:11 WARN NativeCodeLoader: Unable to load native-hadoop library for your platform... using builtin-java classes where applicable","logger":"task.stderr"}
{"timestamp":"2026-09-07T02:10:12.147862Z","level":"error","event":"Setting default log level to \"WARN\".","logger":"task.stderr"}
{"timestamp":"2026-09-07T02:10:12.150542Z","level":"error","event":"To adjust logging level use sc.setLogLevel(newLevel). For SparkR, use setLogLevel(newLevel).","logger":"task.stderr"}
{"timestamp":"2026-09-07T02:10:17.863843Z","level":"error","event":"26/09/07 02:10:17 WARN SparkStringUtils: Truncated the string representation of a plan since it was too large. This behavior can be adjusted by setting 'spark.sql.debug.maxToStringFields'.","logger":"task.stderr"}
{"timestamp":"2026-09-07T02:10:22.771783Z","level":"info","event":"Last processed Silver timestamp: 2026-09-06 01:00:26.741637","logger":"task.stdout"}
{"timestamp":"2026-09-07T02:10:24.264790Z","level":"info","event":"New/changed documents: 1","logger":"task.stdout"}
{"timestamp":"2026-09-07T02:10:25.525608Z","level":"info","event":"Chunks generated: 2","logger":"task.stdout"}
{"timestamp":"2026-09-07T02:10:28.304588Z","level":"info","event":"Clinical note chunking complete.","logger":"task.stdout"}
{"timestamp":"2026-09-07T02:10:29.282757Z","level":"info","event":"Done. Returned value was: None","task_id":"chunk_clinical_notes","try_number":1,"ti_id":"01a0799e-642c-7877-987d-75ac79393325","map_index":-1,"run_id":"manual__2026-09-07T02:06:58.538323+00:00","dag_id":"healthcare_pipeline","logger":"airflow.task.operators.airflow.providers.standard.decorators.python._PythonDecoratedOperator","filename":"python.py","lineno":233}
{"timestamp":"2026-09-07T02:10:29.285156Z","level":"info","event":"::group::Post Execute","task_id":"chunk_clinical_notes","try_number":1,"ti_id":"01a0799e-642c-7877-987d-75ac79393325","map_index":-1,"run_id":"manual__2026-09-07T02:06:58.538323+00:00","dag_id":"healthcare_pipeline","logger":"task","filename":"task_runner.py","lineno":1580}
{"timestamp":"2026-09-07T02:10:29.327678Z","level":"info","event":"::endgroup::","task_id":"chunk_clinical_notes","try_number":1,"ti_id":"01a0799e-642c-7877-987d-75ac79393325","map_index":-1,"run_id":"manual__2026-09-07T02:06:58.538323+00:00","dag_id":"healthcare_pipeline","logger":"task","filename":"task_runner.py","lineno":2379}
{"timestamp":"2026-09-07T02:10:30.048393Z","level":"error","event":"\r[Stage 0:>                                                          (0 + 2) / 2]\r\r[Stage 2:>                                                         (0 + 8) / 50]\r\r[Stage 2:=================>                                       (15 + 8) / 50]\r\r[Stage 2:===============================>                         (28 + 8) / 50]\r\r[Stage 2:===========================================>             (38 + 8) / 50]\r\r[Stage 2:=======================================================> (49 + 1) / 50]\r\r                                                                                \r\r[Stage 19:>                                                         (0 + 3) / 3]","logger":"task.stderr"}
