{"timestamp":"2026-08-29T00:43:18.164421Z","level":"info","event":"::group::Pre Execute","logger":"task","filename":"task_runner.py","lineno":2412}
{"timestamp":"2026-08-29T00:43:18.185785Z","level":"info","event":"DAG bundles loaded: dags-folder","try_number":1,"dag_id":"healthcare_pipeline","map_index":-1,"run_id":"manual__2026-08-29T00:43:16.241480+00:00","ti_id":"01a04af8-85af-71c5-a9d3-0fbbd9b81d94","task_id":"process_bronze_to_delta","logger":"airflow.dag_processing.bundles.manager.DagBundlesManager","filename":"manager.py","lineno":304}
{"timestamp":"2026-08-29T00:43:18.189603Z","level":"info","event":"Filling up the DagBag from /opt/airflow/dags/healthcare_pipeline.py","try_number":1,"dag_id":"healthcare_pipeline","map_index":-1,"run_id":"manual__2026-08-29T00:43:16.241480+00:00","ti_id":"01a04af8-85af-71c5-a9d3-0fbbd9b81d94","task_id":"process_bronze_to_delta","logger":"airflow.dag_processing.dagbag.BundleDagBag","filename":"dagbag.py","lineno":460}
{"timestamp":"2026-08-29T00:43:18.617129Z","level":"info","event":"Worker startup parse complete","bundle_name":"dags-folder","bundle_version":null,"dag_file":"healthcare_pipeline.py","dag_id":"healthcare_pipeline","bundle_prepare_ms":6,"dag_file_parse_ms":430,"try_number":1,"map_index":-1,"run_id":"manual__2026-08-29T00:43:16.241480+00:00","ti_id":"01a04af8-85af-71c5-a9d3-0fbbd9b81d94","task_id":"process_bronze_to_delta","logger":"task","filename":"task_runner.py","lineno":1073}
{"timestamp":"2026-08-29T00:43:18.637483Z","level":"info","event":"::endgroup::","try_number":1,"dag_id":"healthcare_pipeline","map_index":-1,"run_id":"manual__2026-08-29T00:43:16.241480+00:00","ti_id":"01a04af8-85af-71c5-a9d3-0fbbd9b81d94","task_id":"process_bronze_to_delta","logger":"task","filename":"task_runner.py","lineno":2232}
{"timestamp":"2026-08-29T00:43:19.986521Z","level":"info","event":":: loading settings :: url = jar:file:/home/airflow/.local/lib/python3.11/site-packages/pyspark/jars/ivy-2.5.3.jar!/org/apache/ivy/core/settings/ivysettings.xml","logger":"task.stdout"}
{"timestamp":"2026-08-29T00:43:20.063192Z","level":"error","event":"Ivy Default Cache set to: /home/airflow/.ivy2/cache","logger":"task.stderr"}
{"timestamp":"2026-08-29T00:43:20.065544Z","level":"error","event":"The jars for the packages stored in: /home/airflow/.ivy2/jars","logger":"task.stderr"}
{"timestamp":"2026-08-29T00:43:20.068212Z","level":"error","event":"io.delta#delta-spark_2.12 added as a dependency","logger":"task.stderr"}
{"timestamp":"2026-08-29T00:43:20.070336Z","level":"error","event":":: resolving dependencies :: org.apache.spark#spark-submit-parent-8b105f79-6580-40cb-b2a0-16c3f3047f47;1.0","logger":"task.stderr"}
{"timestamp":"2026-08-29T00:43:20.072588Z","level":"error","event":"\tconfs: [default]","logger":"task.stderr"}
{"timestamp":"2026-08-29T00:43:20.160752Z","level":"error","event":"\tfound io.delta#delta-spark_2.12;3.3.2 in spark-list","logger":"task.stderr"}
{"timestamp":"2026-08-29T00:43:20.195469Z","level":"error","event":"\tfound io.delta#delta-storage;3.3.2 in central","logger":"task.stderr"}
{"timestamp":"2026-08-29T00:43:20.222333Z","level":"error","event":"\tfound org.antlr#antlr4-runtime;4.9.3 in spark-list","logger":"task.stderr"}
{"timestamp":"2026-08-29T00:43:20.241380Z","level":"error","event":":: resolution report :: resolve 166ms :: artifacts dl 6ms","logger":"task.stderr"}
{"timestamp":"2026-08-29T00:43:20.244757Z","level":"error","event":"\t:: modules in use:","logger":"task.stderr"}
{"timestamp":"2026-08-29T00:43:20.246759Z","level":"error","event":"\tio.delta#delta-spark_2.12;3.3.2 from spark-list in [default]","logger":"task.stderr"}
{"timestamp":"2026-08-29T00:43:20.250415Z","level":"error","event":"\tio.delta#delta-storage;3.3.2 from central in [default]","logger":"task.stderr"}
{"timestamp":"2026-08-29T00:43:20.253127Z","level":"error","event":"\torg.antlr#antlr4-runtime;4.9.3 from spark-list in [default]","logger":"task.stderr"}
{"timestamp":"2026-08-29T00:43:20.255383Z","level":"error","event":"\t---------------------------------------------------------------------","logger":"task.stderr"}
{"timestamp":"2026-08-29T00:43:20.259853Z","level":"error","event":"\t|                  |            modules            ||   artifacts   |","logger":"task.stderr"}
{"timestamp":"2026-08-29T00:43:20.263360Z","level":"error","event":"\t|       conf       | number| search|dwnlded|evicted|| number|dwnlded|","logger":"task.stderr"}
{"timestamp":"2026-08-29T00:43:20.264791Z","level":"error","event":"\t---------------------------------------------------------------------","logger":"task.stderr"}
{"timestamp":"2026-08-29T00:43:20.266818Z","level":"error","event":"\t|      default     |   3   |   0   |   0   |   0   ||   3   |   0   |","logger":"task.stderr"}
{"timestamp":"2026-08-29T00:43:20.269367Z","level":"error","event":"\t---------------------------------------------------------------------","logger":"task.stderr"}
{"timestamp":"2026-08-29T00:43:20.273317Z","level":"error","event":":: retrieving :: org.apache.spark#spark-submit-parent-8b105f79-6580-40cb-b2a0-16c3f3047f47","logger":"task.stderr"}
{"timestamp":"2026-08-29T00:43:20.275030Z","level":"error","event":"\tconfs: [default]","logger":"task.stderr"}
{"timestamp":"2026-08-29T00:43:20.276792Z","level":"error","event":"\t0 artifacts copied, 3 already retrieved (0kB/7ms)","logger":"task.stderr"}
{"timestamp":"2026-08-29T00:43:20.393025Z","level":"error","event":"26/08/29 00:43:20 WARN NativeCodeLoader: Unable to load native-hadoop library for your platform... using builtin-java classes where applicable","logger":"task.stderr"}
{"timestamp":"2026-08-29T00:43:20.566579Z","level":"error","event":"Setting default log level to \"WARN\".","logger":"task.stderr"}
{"timestamp":"2026-08-29T00:43:20.570315Z","level":"error","event":"To adjust logging level use sc.setLogLevel(newLevel). For SparkR, use setLogLevel(newLevel).","logger":"task.stderr"}
{"timestamp":"2026-08-29T00:43:21.344125Z","level":"error","event":"26/08/29 00:43:21 WARN Utils: Service 'SparkUI' could not bind on port 4040. Attempting port 4041.","logger":"task.stderr"}
{"timestamp":"2026-08-29T00:43:21.910414Z","level":"info","event":"Processing Patient...","logger":"task.stdout"}
{"timestamp":"2026-08-29T00:43:24.914878Z","level":"error","event":"26/08/29 00:43:24 WARN SparkStringUtils: Truncated the string representation of a plan since it was too large. This behavior can be adjusted by setting 'spark.sql.debug.maxToStringFields'.","logger":"task.stderr"}
{"timestamp":"2026-08-29T00:43:29.298659Z","level":"info","event":"Patient: No new Bronze files to process.","logger":"task.stdout"}
{"timestamp":"2026-08-29T00:43:29.301034Z","level":"info","event":"Processing Encounter...","logger":"task.stdout"}
{"timestamp":"2026-08-29T00:43:30.990477Z","level":"info","event":"Encounter: No new Bronze files to process.","logger":"task.stdout"}
{"timestamp":"2026-08-29T00:43:30.997270Z","level":"info","event":"Processing Condition...","logger":"task.stdout"}
{"timestamp":"2026-08-29T00:43:32.801106Z","level":"info","event":"Condition: No new Bronze files to process.","logger":"task.stdout"}
{"timestamp":"2026-08-29T00:43:32.804103Z","level":"info","event":"Processing Observation...","logger":"task.stdout"}
{"timestamp":"2026-08-29T00:43:34.200933Z","level":"info","event":"Observation: No new Bronze files to process.","logger":"task.stdout"}
{"timestamp":"2026-08-29T00:43:34.204126Z","level":"info","event":"Processing MedicationRequest...","logger":"task.stdout"}
{"timestamp":"2026-08-29T00:43:35.792555Z","level":"info","event":"MedicationRequest: No new Bronze files to process.","logger":"task.stdout"}
{"timestamp":"2026-08-29T00:43:36.261155Z","level":"info","event":"Done. Returned value was: None","try_number":1,"dag_id":"healthcare_pipeline","map_index":-1,"run_id":"manual__2026-08-29T00:43:16.241480+00:00","ti_id":"01a04af8-85af-71c5-a9d3-0fbbd9b81d94","task_id":"process_bronze_to_delta","logger":"airflow.task.operators.airflow.providers.standard.decorators.python._PythonDecoratedOperator","filename":"python.py","lineno":233}
{"timestamp":"2026-08-29T00:43:36.262484Z","level":"info","event":"::group::Post Execute","try_number":1,"dag_id":"healthcare_pipeline","map_index":-1,"run_id":"manual__2026-08-29T00:43:16.241480+00:00","ti_id":"01a04af8-85af-71c5-a9d3-0fbbd9b81d94","task_id":"process_bronze_to_delta","logger":"task","filename":"task_runner.py","lineno":1580}
{"timestamp":"2026-08-29T00:43:36.306816Z","level":"info","event":"::endgroup::","try_number":1,"dag_id":"healthcare_pipeline","map_index":-1,"run_id":"manual__2026-08-29T00:43:16.241480+00:00","ti_id":"01a04af8-85af-71c5-a9d3-0fbbd9b81d94","task_id":"process_bronze_to_delta","logger":"task","filename":"task_runner.py","lineno":2379}
{"timestamp":"2026-08-29T00:43:37.679202Z","level":"error","event":"\r[Stage 2:>                                                         (0 + 8) / 50]\r\r[Stage 2:=========>                                                (8 + 8) / 50]\r\r[Stage 2:====================>                                    (18 + 8) / 50]\r\r[Stage 2:==================================>                      (30 + 8) / 50]\r\r[Stage 2:====================================================>    (46 + 4) / 50]\r\r                                                                                \r\r[Stage 13:===================================================>    (46 + 4) / 50]\r\r                                                                                \r\r[Stage 24:=============================================>          (41 + 8) / 50]\r\r                                                                                \r\r[Stage 35:============================================>           (40 + 8) / 50]\r\r                                                                                \r\r[Stage 46:==================================>                     (31 + 8) / 50]","logger":"task.stderr"}
