{"timestamp":"2026-08-28T21:10:42.904673Z","level":"info","event":"::group::Pre Execute","logger":"task","filename":"task_runner.py","lineno":2412}
{"timestamp":"2026-08-28T21:10:42.972507Z","level":"info","event":"DAG bundles loaded: dags-folder","task_id":"process_gold_patient_latest_vitals","ti_id":"01a04a34-56e5-7449-a394-d47436659708","try_number":1,"dag_id":"healthcare_pipeline","map_index":-1,"run_id":"manual__2026-08-28T21:08:59.158994+00:00","logger":"airflow.dag_processing.bundles.manager.DagBundlesManager","filename":"manager.py","lineno":304}
{"timestamp":"2026-08-28T21:10:42.972985Z","level":"info","event":"Filling up the DagBag from /opt/airflow/dags/healthcare_pipeline.py","task_id":"process_gold_patient_latest_vitals","ti_id":"01a04a34-56e5-7449-a394-d47436659708","try_number":1,"dag_id":"healthcare_pipeline","map_index":-1,"run_id":"manual__2026-08-28T21:08:59.158994+00:00","logger":"airflow.dag_processing.dagbag.BundleDagBag","filename":"dagbag.py","lineno":460}
{"timestamp":"2026-08-28T21:10:43.522269Z","level":"info","event":"Worker startup parse complete","bundle_name":"dags-folder","bundle_version":null,"dag_file":"healthcare_pipeline.py","dag_id":"healthcare_pipeline","bundle_prepare_ms":1,"dag_file_parse_ms":549,"task_id":"process_gold_patient_latest_vitals","ti_id":"01a04a34-56e5-7449-a394-d47436659708","try_number":1,"map_index":-1,"run_id":"manual__2026-08-28T21:08:59.158994+00:00","logger":"task","filename":"task_runner.py","lineno":1073}
{"timestamp":"2026-08-28T21:10:43.565788Z","level":"info","event":"::endgroup::","task_id":"process_gold_patient_latest_vitals","ti_id":"01a04a34-56e5-7449-a394-d47436659708","try_number":1,"dag_id":"healthcare_pipeline","map_index":-1,"run_id":"manual__2026-08-28T21:08:59.158994+00:00","logger":"task","filename":"task_runner.py","lineno":2232}
{"timestamp":"2026-08-28T21:10:45.685762Z","level":"info","event":":: loading settings :: url = jar:file:/home/airflow/.local/lib/python3.11/site-packages/pyspark/jars/ivy-2.5.3.jar!/org/apache/ivy/core/settings/ivysettings.xml","logger":"task.stdout"}
{"timestamp":"2026-08-28T21:10:45.783626Z","level":"error","event":"Ivy Default Cache set to: /home/airflow/.ivy2/cache","logger":"task.stderr"}
{"timestamp":"2026-08-28T21:10:45.786720Z","level":"error","event":"The jars for the packages stored in: /home/airflow/.ivy2/jars","logger":"task.stderr"}
{"timestamp":"2026-08-28T21:10:45.789986Z","level":"error","event":"io.delta#delta-spark_2.12 added as a dependency","logger":"task.stderr"}
{"timestamp":"2026-08-28T21:10:45.793878Z","level":"error","event":":: resolving dependencies :: org.apache.spark#spark-submit-parent-4361589c-28fe-4514-99ea-2cbac7cd4098;1.0","logger":"task.stderr"}
{"timestamp":"2026-08-28T21:10:45.796740Z","level":"error","event":"\tconfs: [default]","logger":"task.stderr"}
{"timestamp":"2026-08-28T21:10:45.936562Z","level":"error","event":"\tfound io.delta#delta-spark_2.12;3.3.2 in spark-list","logger":"task.stderr"}
{"timestamp":"2026-08-28T21:10:45.963095Z","level":"error","event":"\tfound io.delta#delta-storage;3.3.2 in central","logger":"task.stderr"}
{"timestamp":"2026-08-28T21:10:46.005115Z","level":"error","event":"\tfound org.antlr#antlr4-runtime;4.9.3 in central","logger":"task.stderr"}
{"timestamp":"2026-08-28T21:10:46.044046Z","level":"error","event":":: resolution report :: resolve 237ms :: artifacts dl 16ms","logger":"task.stderr"}
{"timestamp":"2026-08-28T21:10:46.046911Z","level":"error","event":"\t:: modules in use:","logger":"task.stderr"}
{"timestamp":"2026-08-28T21:10:46.051467Z","level":"error","event":"\tio.delta#delta-spark_2.12;3.3.2 from spark-list in [default]","logger":"task.stderr"}
{"timestamp":"2026-08-28T21:10:46.055751Z","level":"error","event":"\tio.delta#delta-storage;3.3.2 from central in [default]","logger":"task.stderr"}
{"timestamp":"2026-08-28T21:10:46.057636Z","level":"error","event":"\torg.antlr#antlr4-runtime;4.9.3 from central in [default]","logger":"task.stderr"}
{"timestamp":"2026-08-28T21:10:46.059573Z","level":"error","event":"\t---------------------------------------------------------------------","logger":"task.stderr"}
{"timestamp":"2026-08-28T21:10:46.063552Z","level":"error","event":"\t|                  |            modules            ||   artifacts   |","logger":"task.stderr"}
{"timestamp":"2026-08-28T21:10:46.067833Z","level":"error","event":"\t|       conf       | number| search|dwnlded|evicted|| number|dwnlded|","logger":"task.stderr"}
{"timestamp":"2026-08-28T21:10:46.069988Z","level":"error","event":"\t---------------------------------------------------------------------","logger":"task.stderr"}
{"timestamp":"2026-08-28T21:10:46.071913Z","level":"error","event":"\t|      default     |   3   |   0   |   0   |   0   ||   3   |   0   |","logger":"task.stderr"}
{"timestamp":"2026-08-28T21:10:46.075779Z","level":"error","event":"\t---------------------------------------------------------------------","logger":"task.stderr"}
{"timestamp":"2026-08-28T21:10:46.077540Z","level":"error","event":"","logger":"task.stderr"}
{"timestamp":"2026-08-28T21:10:46.080343Z","level":"error","event":":: problems summary ::","logger":"task.stderr"}
{"timestamp":"2026-08-28T21:10:46.084326Z","level":"error","event":":::: ERRORS","logger":"task.stderr"}
{"timestamp":"2026-08-28T21:10:46.086076Z","level":"error","event":"\tunknown resolver null","logger":"task.stderr"}
{"timestamp":"2026-08-28T21:10:46.089504Z","level":"error","event":"","logger":"task.stderr"}
{"timestamp":"2026-08-28T21:10:46.092569Z","level":"error","event":"\tunknown resolver null","logger":"task.stderr"}
{"timestamp":"2026-08-28T21:10:46.094807Z","level":"error","event":"","logger":"task.stderr"}
{"timestamp":"2026-08-28T21:10:46.097523Z","level":"error","event":"","logger":"task.stderr"}
{"timestamp":"2026-08-28T21:10:46.100429Z","level":"error","event":":: USE VERBOSE OR DEBUG MESSAGE LEVEL FOR MORE DETAILS","logger":"task.stderr"}
{"timestamp":"2026-08-28T21:10:46.102761Z","level":"error","event":":: retrieving :: org.apache.spark#spark-submit-parent-4361589c-28fe-4514-99ea-2cbac7cd4098","logger":"task.stderr"}
{"timestamp":"2026-08-28T21:10:46.105757Z","level":"error","event":"\tconfs: [default]","logger":"task.stderr"}
{"timestamp":"2026-08-28T21:10:46.108531Z","level":"error","event":"\t0 artifacts copied, 3 already retrieved (0kB/23ms)","logger":"task.stderr"}
{"timestamp":"2026-08-28T21:10:46.514703Z","level":"error","event":"26/08/28 21:10:46 WARN NativeCodeLoader: Unable to load native-hadoop library for your platform... using builtin-java classes where applicable","logger":"task.stderr"}
{"timestamp":"2026-08-28T21:10:46.901914Z","level":"error","event":"Setting default log level to \"WARN\".","logger":"task.stderr"}
{"timestamp":"2026-08-28T21:10:46.904638Z","level":"error","event":"To adjust logging level use sc.setLogLevel(newLevel). For SparkR, use setLogLevel(newLevel).","logger":"task.stderr"}
{"timestamp":"2026-08-28T21:10:57.225746Z","level":"error","event":"26/08/28 21:10:57 WARN SparkStringUtils: Truncated the string representation of a plan since it was too large. This behavior can be adjusted by setting 'spark.sql.debug.maxToStringFields'.","logger":"task.stderr"}
{"timestamp":"2026-08-28T21:11:32.663477Z","level":"info","event":"+----------+----------+------+---------+---------+-----+----------+----------------+-----------+------------+","logger":"task.stdout"}
{"timestamp":"2026-08-28T21:11:32.678244Z","level":"info","event":"|patient_id|birth_date|gender|height_cm|weight_kg|bmi  |heart_rate|respiratory_rate|systolic_bp|diastolic_bp|","logger":"task.stdout"}
{"timestamp":"2026-08-28T21:11:32.689323Z","level":"info","event":"+----------+----------+------+---------+---------+-----+----------+----------------+-----------+------------+","logger":"task.stdout"}
{"timestamp":"2026-08-28T21:11:32.697855Z","level":"info","event":"|10627     |1978-10-20|female|148.2    |67.4     |30.69|97.0      |15.0            |122.0      |80.0        |","logger":"task.stdout"}
{"timestamp":"2026-08-28T21:11:32.703785Z","level":"info","event":"|10940     |1951-08-28|female|160.5    |70.3     |27.29|69.0      |16.0            |134.0      |64.0        |","logger":"task.stdout"}
{"timestamp":"2026-08-28T21:11:32.717816Z","level":"info","event":"|12069     |2019-12-30|female|113.9    |21.7     |16.72|93.0      |15.0            |133.0      |93.0        |","logger":"task.stdout"}
{"timestamp":"2026-08-28T21:11:32.722750Z","level":"info","event":"|12497     |1993-08-01|male  |166.8    |77.3     |27.77|73.0      |15.0            |130.0      |85.0        |","logger":"task.stdout"}
{"timestamp":"2026-08-28T21:11:32.726308Z","level":"info","event":"|186568    |2015-11-01|female|141.0    |43.5     |21.88|64.0      |15.0            |127.0      |90.0        |","logger":"task.stdout"}
{"timestamp":"2026-08-28T21:11:32.730209Z","level":"info","event":"|186886    |2015-11-01|female|141.0    |43.5     |21.88|64.0      |15.0            |127.0      |90.0        |","logger":"task.stdout"}
{"timestamp":"2026-08-28T21:11:32.734114Z","level":"info","event":"|186935    |2012-07-02|male  |164.7    |61.6     |22.72|84.0      |14.0            |126.0      |84.0        |","logger":"task.stdout"}
{"timestamp":"2026-08-28T21:11:32.738494Z","level":"info","event":"|187253    |2012-07-02|male  |164.7    |61.6     |22.72|84.0      |14.0            |126.0      |84.0        |","logger":"task.stdout"}
{"timestamp":"2026-08-28T21:11:32.741880Z","level":"info","event":"|187279    |1944-05-21|female|158.5    |69.6     |27.7 |95.0      |15.0            |77.0       |75.0        |","logger":"task.stdout"}
{"timestamp":"2026-08-28T21:11:32.747764Z","level":"info","event":"|187597    |1944-05-21|female|158.5    |69.6     |27.7 |95.0      |15.0            |77.0       |75.0        |","logger":"task.stdout"}
{"timestamp":"2026-08-28T21:11:32.756282Z","level":"info","event":"|189026    |1996-08-27|male  |178.8    |82.6     |25.82|82.0      |14.0            |129.0      |78.0        |","logger":"task.stdout"}
{"timestamp":"2026-08-28T21:11:32.760067Z","level":"info","event":"|189344    |1996-08-27|male  |178.8    |82.6     |25.82|82.0      |14.0            |129.0      |78.0        |","logger":"task.stdout"}
{"timestamp":"2026-08-28T21:11:32.764158Z","level":"info","event":"|189697    |2016-12-30|male  |140.0    |36.0     |18.4 |98.0      |15.0            |115.0      |87.0        |","logger":"task.stdout"}
{"timestamp":"2026-08-28T21:11:32.769102Z","level":"info","event":"|190015    |2016-12-30|male  |140.0    |36.0     |18.4 |98.0      |15.0            |115.0      |87.0        |","logger":"task.stdout"}
{"timestamp":"2026-08-28T21:11:32.773990Z","level":"info","event":"|190188    |1979-10-13|male  |165.7    |75.6     |27.54|70.0      |15.0            |99.0       |72.0        |","logger":"task.stdout"}
{"timestamp":"2026-08-28T21:11:32.777277Z","level":"info","event":"|190506    |1979-10-13|male  |165.7    |75.6     |27.54|70.0      |15.0            |99.0       |72.0        |","logger":"task.stdout"}
{"timestamp":"2026-08-28T21:11:32.781523Z","level":"info","event":"|190589    |1963-07-28|male  |170.0    |87.0     |30.1 |75.0      |14.0            |125.0      |81.0        |","logger":"task.stdout"}
{"timestamp":"2026-08-28T21:11:32.784813Z","level":"info","event":"|190907    |1963-07-28|male  |170.0    |87.0     |30.1 |75.0      |14.0            |125.0      |81.0        |","logger":"task.stdout"}
{"timestamp":"2026-08-28T21:11:32.790849Z","level":"info","event":"|191334    |1929-08-20|female|165.0    |75.6     |27.77|61.0      |14.0            |113.0      |82.0        |","logger":"task.stdout"}
{"timestamp":"2026-08-28T21:11:32.795245Z","level":"info","event":"|191652    |1929-08-20|female|165.0    |75.6     |27.77|61.0      |14.0            |113.0      |82.0        |","logger":"task.stdout"}
{"timestamp":"2026-08-28T21:11:32.801151Z","level":"info","event":"+----------+----------+------+---------+---------+-----+----------+----------------+-----------+------------+","logger":"task.stdout"}
{"timestamp":"2026-08-28T21:11:32.806955Z","level":"info","event":"only showing top 20 rows","logger":"task.stdout"}
{"timestamp":"2026-08-28T21:11:32.813073Z","level":"info","event":"","logger":"task.stdout"}
{"timestamp":"2026-08-28T21:11:57.111068Z","level":"info","event":"Gold patient vital rows: 50","logger":"task.stdout"}
{"timestamp":"2026-08-28T21:11:57.698488Z","level":"info","event":"Done. Returned value was: None","task_id":"process_gold_patient_latest_vitals","ti_id":"01a04a34-56e5-7449-a394-d47436659708","try_number":1,"dag_id":"healthcare_pipeline","map_index":-1,"run_id":"manual__2026-08-28T21:08:59.158994+00:00","logger":"airflow.task.operators.airflow.providers.standard.decorators.python._PythonDecoratedOperator","filename":"python.py","lineno":233}
{"timestamp":"2026-08-28T21:11:57.705417Z","level":"info","event":"::group::Post Execute","task_id":"process_gold_patient_latest_vitals","ti_id":"01a04a34-56e5-7449-a394-d47436659708","try_number":1,"dag_id":"healthcare_pipeline","map_index":-1,"run_id":"manual__2026-08-28T21:08:59.158994+00:00","logger":"task","filename":"task_runner.py","lineno":1580}
{"timestamp":"2026-08-28T21:11:57.816521Z","level":"info","event":"::endgroup::","task_id":"process_gold_patient_latest_vitals","ti_id":"01a04a34-56e5-7449-a394-d47436659708","try_number":1,"dag_id":"healthcare_pipeline","map_index":-1,"run_id":"manual__2026-08-28T21:08:59.158994+00:00","logger":"task","filename":"task_runner.py","lineno":2379}
{"timestamp":"2026-08-28T21:11:59.553812Z","level":"error","event":"\r[Stage 0:>                                                          (0 + 5) / 5]\r\r[Stage 2:>                                                         (0 + 8) / 50]\r\r[Stage 2:===>                                                      (3 + 7) / 50]\r\r[Stage 2:========>                                                 (7 + 8) / 50]\r\r[Stage 2:==========>                                               (9 + 8) / 50]\r\r[Stage 2:=============>                                           (12 + 8) / 50]\r\r[Stage 2:===============>                                         (14 + 8) / 50]\r\r[Stage 2:=================>                                       (15 + 8) / 50]\r\r[Stage 2:====================>                                    (18 + 8) / 50]\r\r[Stage 2:=======================>                                 (21 + 8) / 50]\r\r[Stage 2:===========================>                             (24 + 8) / 50]\r\r[Stage 2:===================================>                     (31 + 9) / 50]\r\r[Stage 2:==========================================>              (37 + 8) / 50]\r\r[Stage 2:============================================>            (39 + 8) / 50]\r\r[Stage 2:====================================================>    (46 + 4) / 50]\r\r                                                                                \r\r[Stage 4:>                                                         (0 + 8) / 50]\r\r[Stage 4:=========>                                                (8 + 8) / 50]\r\r[Stage 4:===========>                                             (10 + 8) / 50]\r\r[Stage 4:==================>                                      (16 + 8) / 50]\r\r[Stage 4:=========================>                               (22 + 8) / 50]\r\r[Stage 4:============================>                            (25 + 8) / 50]\r\r[Stage 4:===================================>                     (31 + 9) / 50]\r\r[Stage 4:=====================================>                   (33 + 8) / 50]\r\r[Stage 4:=========================================>               (36 + 8) / 50]\r\r[Stage 4:===========================================>             (38 + 9) / 50]\r\r[Stage 4:====================================================>    (46 + 4) / 50]\r\r                                                                                \r\r[Stage 10:==============>                                         (13 + 8) / 50]\r\r[Stage 10:=======================>                                (21 + 8) / 50]\r\r[Stage 10:==================================>                     (31 + 8) / 50]\r\r[Stage 10:===========================================>            (39 + 8) / 50]\r\r[Stage 10:====================================================>   (47 + 3) / 50]\r\r                                                                                \r\r[Stage 11:>                                                         (0 + 3) / 3]\r\r[Stage 13:>                                                         (0 + 1) / 1]\r\r[Stage 16:>                                                         (0 + 1) / 1]\r\r[Stage 20:>                                                         (0 + 1) / 1]\r\r                                                                                \r\r[Stage 24:=================>                                      (16 + 8) / 50]\r\r[Stage 24:========================>                               (22 + 9) / 50]\r\r[Stage 24:=================================>                      (30 + 8) / 50]\r\r[Stage 24:========================================>               (36 + 8) / 50]\r\r                                                                                \r\r[Stage 29:=================================>                      (30 + 9) / 50]\r\r                                                                                \r\r[Stage 32:>                                                         (0 + 3) / 3]\r\r[Stage 34:>                                                         (0 + 1) / 1]\r\r                                                                                \r\r[Stage 42:>                                                         (0 + 1) / 1]\r\r                                                                                \r\r[Stage 44:=======================================>                (35 + 8) / 50]","logger":"task.stderr"}
