{"timestamp":"2026-08-29T00:37:26.495394Z","level":"info","event":"::group::Pre Execute","logger":"task","filename":"task_runner.py","lineno":2412}
{"timestamp":"2026-08-29T00:37:26.675413Z","level":"info","event":"DAG bundles loaded: dags-folder","ti_id":"01a04af2-dd39-757a-a07c-8fda3242b265","task_id":"process_condition_silver","try_number":1,"run_id":"manual__2026-08-29T00:37:05.426965+00:00","map_index":-1,"dag_id":"healthcare_pipeline","logger":"airflow.dag_processing.bundles.manager.DagBundlesManager","filename":"manager.py","lineno":304}
{"timestamp":"2026-08-29T00:37:26.683194Z","level":"info","event":"Filling up the DagBag from /opt/airflow/dags/healthcare_pipeline.py","ti_id":"01a04af2-dd39-757a-a07c-8fda3242b265","task_id":"process_condition_silver","try_number":1,"run_id":"manual__2026-08-29T00:37:05.426965+00:00","map_index":-1,"dag_id":"healthcare_pipeline","logger":"airflow.dag_processing.dagbag.BundleDagBag","filename":"dagbag.py","lineno":460}
{"timestamp":"2026-08-29T00:37:27.592181Z","level":"info","event":"Worker startup parse complete","bundle_name":"dags-folder","bundle_version":null,"dag_file":"healthcare_pipeline.py","dag_id":"healthcare_pipeline","bundle_prepare_ms":15,"dag_file_parse_ms":914,"ti_id":"01a04af2-dd39-757a-a07c-8fda3242b265","task_id":"process_condition_silver","try_number":1,"run_id":"manual__2026-08-29T00:37:05.426965+00:00","map_index":-1,"logger":"task","filename":"task_runner.py","lineno":1073}
{"timestamp":"2026-08-29T00:37:27.751756Z","level":"info","event":"::endgroup::","ti_id":"01a04af2-dd39-757a-a07c-8fda3242b265","task_id":"process_condition_silver","try_number":1,"run_id":"manual__2026-08-29T00:37:05.426965+00:00","map_index":-1,"dag_id":"healthcare_pipeline","logger":"task","filename":"task_runner.py","lineno":2232}
{"timestamp":"2026-08-29T00:37:30.936186Z","level":"info","event":":: loading settings :: url = jar:file:/home/airflow/.local/lib/python3.11/site-packages/pyspark/jars/ivy-2.5.3.jar!/org/apache/ivy/core/settings/ivysettings.xml","logger":"task.stdout"}
{"timestamp":"2026-08-29T00:37:31.133642Z","level":"error","event":"Ivy Default Cache set to: /home/airflow/.ivy2/cache","logger":"task.stderr"}
{"timestamp":"2026-08-29T00:37:31.139216Z","level":"error","event":"The jars for the packages stored in: /home/airflow/.ivy2/jars","logger":"task.stderr"}
{"timestamp":"2026-08-29T00:37:31.149725Z","level":"error","event":"io.delta#delta-spark_2.12 added as a dependency","logger":"task.stderr"}
{"timestamp":"2026-08-29T00:37:31.154495Z","level":"error","event":":: resolving dependencies :: org.apache.spark#spark-submit-parent-6abea9a5-160b-4db8-9574-311e17c43eb4;1.0","logger":"task.stderr"}
{"timestamp":"2026-08-29T00:37:31.158574Z","level":"error","event":"\tconfs: [default]","logger":"task.stderr"}
{"timestamp":"2026-08-29T00:37:31.366656Z","level":"error","event":"\tfound io.delta#delta-spark_2.12;3.3.2 in spark-list","logger":"task.stderr"}
{"timestamp":"2026-08-29T00:37:31.499826Z","level":"error","event":"\tfound io.delta#delta-storage;3.3.2 in central","logger":"task.stderr"}
{"timestamp":"2026-08-29T00:37:31.541517Z","level":"error","event":"\tfound org.antlr#antlr4-runtime;4.9.3 in spark-list","logger":"task.stderr"}
{"timestamp":"2026-08-29T00:37:31.567542Z","level":"error","event":":: resolution report :: resolve 404ms :: artifacts dl 12ms","logger":"task.stderr"}
{"timestamp":"2026-08-29T00:37:31.574277Z","level":"error","event":"\t:: modules in use:","logger":"task.stderr"}
{"timestamp":"2026-08-29T00:37:31.581191Z","level":"error","event":"\tio.delta#delta-spark_2.12;3.3.2 from spark-list in [default]","logger":"task.stderr"}
{"timestamp":"2026-08-29T00:37:31.587743Z","level":"error","event":"\tio.delta#delta-storage;3.3.2 from central in [default]","logger":"task.stderr"}
{"timestamp":"2026-08-29T00:37:31.590499Z","level":"error","event":"\torg.antlr#antlr4-runtime;4.9.3 from spark-list in [default]","logger":"task.stderr"}
{"timestamp":"2026-08-29T00:37:31.594231Z","level":"error","event":"\t---------------------------------------------------------------------","logger":"task.stderr"}
{"timestamp":"2026-08-29T00:37:31.600396Z","level":"error","event":"\t|                  |            modules            ||   artifacts   |","logger":"task.stderr"}
{"timestamp":"2026-08-29T00:37:31.603606Z","level":"error","event":"\t|       conf       | number| search|dwnlded|evicted|| number|dwnlded|","logger":"task.stderr"}
{"timestamp":"2026-08-29T00:37:31.608293Z","level":"error","event":"\t---------------------------------------------------------------------","logger":"task.stderr"}
{"timestamp":"2026-08-29T00:37:31.614413Z","level":"error","event":"\t|      default     |   3   |   0   |   0   |   0   ||   3   |   0   |","logger":"task.stderr"}
{"timestamp":"2026-08-29T00:37:31.617477Z","level":"error","event":"\t---------------------------------------------------------------------","logger":"task.stderr"}
{"timestamp":"2026-08-29T00:37:31.621499Z","level":"error","event":":: retrieving :: org.apache.spark#spark-submit-parent-6abea9a5-160b-4db8-9574-311e17c43eb4","logger":"task.stderr"}
{"timestamp":"2026-08-29T00:37:31.623815Z","level":"error","event":"\tconfs: [default]","logger":"task.stderr"}
{"timestamp":"2026-08-29T00:37:31.626676Z","level":"error","event":"\t0 artifacts copied, 3 already retrieved (0kB/9ms)","logger":"task.stderr"}
{"timestamp":"2026-08-29T00:37:32.122302Z","level":"error","event":"26/08/29 00:37:32 WARN NativeCodeLoader: Unable to load native-hadoop library for your platform... using builtin-java classes where applicable","logger":"task.stderr"}
{"timestamp":"2026-08-29T00:37:32.609445Z","level":"error","event":"Setting default log level to \"WARN\".","logger":"task.stderr"}
{"timestamp":"2026-08-29T00:37:32.612818Z","level":"error","event":"To adjust logging level use sc.setLogLevel(newLevel). For SparkR, use setLogLevel(newLevel).","logger":"task.stderr"}
{"timestamp":"2026-08-29T00:37:34.614534Z","level":"error","event":"26/08/29 00:37:34 WARN Utils: Service 'SparkUI' could not bind on port 4040. Attempting port 4041.","logger":"task.stderr"}
{"timestamp":"2026-08-29T00:37:34.621351Z","level":"error","event":"26/08/29 00:37:34 WARN Utils: Service 'SparkUI' could not bind on port 4041. Attempting port 4042.","logger":"task.stderr"}
{"timestamp":"2026-08-29T00:37:34.626684Z","level":"error","event":"26/08/29 00:37:34 WARN Utils: Service 'SparkUI' could not bind on port 4042. Attempting port 4043.","logger":"task.stderr"}
{"timestamp":"2026-08-29T00:37:52.119215Z","level":"error","event":"26/08/29 00:37:52 WARN SparkStringUtils: Truncated the string representation of a plan since it was too large. This behavior can be adjusted by setting 'spark.sql.debug.maxToStringFields'.","logger":"task.stderr"}
{"timestamp":"2026-08-29T00:38:55.224666Z","level":"info","event":"","logger":"task.stdout"}
{"timestamp":"2026-08-29T00:38:55.313110Z","level":"info","event":"Condition Silver","logger":"task.stdout"}
{"timestamp":"2026-08-29T00:38:55.318593Z","level":"info","event":"----------------","logger":"task.stdout"}
{"timestamp":"2026-08-29T00:38:55.324223Z","level":"info","event":"New Bronze rows: 0","logger":"task.stdout"}
{"timestamp":"2026-08-29T00:38:55.328696Z","level":"info","event":"Rows to merge: 0","logger":"task.stdout"}
{"timestamp":"2026-08-29T00:38:55.336665Z","level":"info","event":"Status: NO NEW DATA","logger":"task.stdout"}
{"timestamp":"2026-08-29T00:38:56.349454Z","level":"info","event":"Done. Returned value was: None","ti_id":"01a04af2-dd39-757a-a07c-8fda3242b265","task_id":"process_condition_silver","try_number":1,"run_id":"manual__2026-08-29T00:37:05.426965+00:00","map_index":-1,"dag_id":"healthcare_pipeline","logger":"airflow.task.operators.airflow.providers.standard.decorators.python._PythonDecoratedOperator","filename":"python.py","lineno":233}
{"timestamp":"2026-08-29T00:38:56.414813Z","level":"info","event":"::group::Post Execute","ti_id":"01a04af2-dd39-757a-a07c-8fda3242b265","task_id":"process_condition_silver","try_number":1,"run_id":"manual__2026-08-29T00:37:05.426965+00:00","map_index":-1,"dag_id":"healthcare_pipeline","logger":"task","filename":"task_runner.py","lineno":1580}
{"timestamp":"2026-08-29T00:38:56.776259Z","level":"info","event":"::endgroup::","ti_id":"01a04af2-dd39-757a-a07c-8fda3242b265","task_id":"process_condition_silver","try_number":1,"run_id":"manual__2026-08-29T00:37:05.426965+00:00","map_index":-1,"dag_id":"healthcare_pipeline","logger":"task","filename":"task_runner.py","lineno":2379}
{"timestamp":"2026-08-29T00:39:01.020427Z","level":"error","event":"\r[Stage 0:>                                                          (0 + 0) / 5]\r\r[Stage 0:>                                                          (0 + 5) / 5]\r\r[Stage 0:===========>                                               (1 + 4) / 5]\r\r[Stage 2:>                                                         (0 + 0) / 50]\r\r[Stage 2:>                                                         (0 + 8) / 50]\r\r[Stage 2:=========>                                                (8 + 8) / 50]\r\r[Stage 2:===========>                                            (10 + 10) / 50]\r\r[Stage 2:==============>                                          (13 + 8) / 50]\r\r[Stage 2:=================>                                       (15 + 9) / 50]\r\r[Stage 2:==================>                                      (16 + 8) / 50]\r\r[Stage 2:===================>                                     (17 + 8) / 50]\r\r[Stage 2:====================>                                    (18 + 8) / 50]\r\r[Stage 2:=====================>                                   (19 + 8) / 50]\r\r[Stage 2:=======================>                                 (21 + 8) / 50]\r\r[Stage 2:=========================>                               (22 + 8) / 50]\r\r[Stage 2:==========================>                              (23 + 8) / 50]\r\r[Stage 2:==============================>                          (27 + 8) / 50]\r\r[Stage 2:==================================>                      (30 + 8) / 50]\r\r[Stage 2:====================================>                    (32 + 8) / 50]\r\r[Stage 2:==========================================>              (37 + 8) / 50]\r\r[Stage 2:=============================================>           (40 + 8) / 50]\r\r[Stage 2:===================================================>     (45 + 5) / 50]\r\r[Stage 2:=======================================================> (49 + 1) / 50]\r\r[Stage 5:>                                                          (0 + 1) / 1]\r\r                                                                                \r\r[Stage 7:>                                                         (0 + 8) / 50]\r\r[Stage 7:===========>                                             (10 + 8) / 50]\r\r[Stage 7:===================>                                     (17 + 9) / 50]\r\r[Stage 7:=============================>                           (26 + 8) / 50]\r\r[Stage 7:=======================================>                 (35 + 9) / 50]\r\r                                                                                \r\r[Stage 8:>                                                          (0 + 2) / 2]\r\r                                                                                \r\r[Stage 11:>                                                         (0 + 4) / 4]\r\r[Stage 11:===========================================>              (3 + 1) / 4]\r\r[Stage 13:>                                                        (0 + 8) / 50]\r\r[Stage 13:=======>                                                 (7 + 8) / 50]\r\r[Stage 13:=========>                                               (8 + 8) / 50]\r\r[Stage 13:===========>                                            (10 + 8) / 50]\r\r[Stage 13:=============>                                          (12 + 9) / 50]\r\r[Stage 13:================>                                       (15 + 8) / 50]\r\r[Stage 13:=================>                                      (16 + 8) / 50]\r\r[Stage 13:======================>                                 (20 + 8) / 50]\r\r[Stage 13:=============================>                          (26 + 8) / 50]\r\r[Stage 13:=================================>                      (30 + 8) / 50]\r\r[Stage 13:===================================>                    (32 + 8) / 50]\r\r[Stage 13:====================================>                   (33 + 8) / 50]\r\r[Stage 13:========================================>               (36 + 8) / 50]\r\r[Stage 13:==========================================>             (38 + 8) / 50]\r\r[Stage 13:============================================>           (40 + 8) / 50]\r\r[Stage 13:===============================================>        (42 + 8) / 50]\r\r[Stage 13:=================================================>      (44 + 6) / 50]\r\r[Stage 13:====================================================>   (47 + 3) / 50]\r\r[Stage 13:======================================================> (49 + 1) / 50]\r\r                                                                                \r\r[Stage 14:>                                                         (0 + 1) / 1]","logger":"task.stderr"}
