{"timestamp":"2026-08-25T02:59:22.341537Z","level":"info","event":"::group::Pre Execute","logger":"task","filename":"task_runner.py","lineno":2412}
{"timestamp":"2026-08-25T02:59:22.361130Z","level":"info","event":"DAG bundles loaded: dags-folder","map_index":-1,"ti_id":"01a036db-a77e-7e66-87d8-8ae5b236a0a9","run_id":"manual__2026-08-25T02:59:20.019805+00:00","task_id":"process_bronze_to_delta","try_number":1,"dag_id":"healthcare_pipeline","logger":"airflow.dag_processing.bundles.manager.DagBundlesManager","filename":"manager.py","lineno":304}
{"timestamp":"2026-08-25T02:59:22.361620Z","level":"info","event":"Filling up the DagBag from /opt/airflow/dags/healthcare_pipeline.py","map_index":-1,"ti_id":"01a036db-a77e-7e66-87d8-8ae5b236a0a9","run_id":"manual__2026-08-25T02:59:20.019805+00:00","task_id":"process_bronze_to_delta","try_number":1,"dag_id":"healthcare_pipeline","logger":"airflow.dag_processing.dagbag.BundleDagBag","filename":"dagbag.py","lineno":460}
{"timestamp":"2026-08-25T02:59:22.590164Z","level":"info","event":"Worker startup parse complete","bundle_name":"dags-folder","bundle_version":null,"dag_file":"healthcare_pipeline.py","dag_id":"healthcare_pipeline","bundle_prepare_ms":1,"dag_file_parse_ms":228,"map_index":-1,"ti_id":"01a036db-a77e-7e66-87d8-8ae5b236a0a9","run_id":"manual__2026-08-25T02:59:20.019805+00:00","task_id":"process_bronze_to_delta","try_number":1,"logger":"task","filename":"task_runner.py","lineno":1073}
{"timestamp":"2026-08-25T02:59:22.606824Z","level":"info","event":"::endgroup::","map_index":-1,"ti_id":"01a036db-a77e-7e66-87d8-8ae5b236a0a9","run_id":"manual__2026-08-25T02:59:20.019805+00:00","task_id":"process_bronze_to_delta","try_number":1,"dag_id":"healthcare_pipeline","logger":"task","filename":"task_runner.py","lineno":2232}
{"timestamp":"2026-08-25T02:59:23.566026Z","level":"info","event":":: loading settings :: url = jar:file:/home/airflow/.local/lib/python3.11/site-packages/pyspark/jars/ivy-2.5.3.jar!/org/apache/ivy/core/settings/ivysettings.xml","logger":"task.stdout"}
{"timestamp":"2026-08-25T02:59:23.621148Z","level":"error","event":"Ivy Default Cache set to: /home/airflow/.ivy2/cache","logger":"task.stderr"}
{"timestamp":"2026-08-25T02:59:23.623288Z","level":"error","event":"The jars for the packages stored in: /home/airflow/.ivy2/jars","logger":"task.stderr"}
{"timestamp":"2026-08-25T02:59:23.627522Z","level":"error","event":"io.delta#delta-spark_2.12 added as a dependency","logger":"task.stderr"}
{"timestamp":"2026-08-25T02:59:23.629427Z","level":"error","event":":: resolving dependencies :: org.apache.spark#spark-submit-parent-483ecfe9-fcbf-483b-ac3e-ef9f3dab0df8;1.0","logger":"task.stderr"}
{"timestamp":"2026-08-25T02:59:23.631961Z","level":"error","event":"\tconfs: [default]","logger":"task.stderr"}
{"timestamp":"2026-08-25T02:59:23.723089Z","level":"error","event":"\tfound io.delta#delta-spark_2.12;3.3.2 in central","logger":"task.stderr"}
{"timestamp":"2026-08-25T02:59:23.743991Z","level":"error","event":"\tfound io.delta#delta-storage;3.3.2 in central","logger":"task.stderr"}
{"timestamp":"2026-08-25T02:59:23.759387Z","level":"error","event":"\tfound org.antlr#antlr4-runtime;4.9.3 in central","logger":"task.stderr"}
{"timestamp":"2026-08-25T02:59:23.775566Z","level":"error","event":":: resolution report :: resolve 143ms :: artifacts dl 5ms","logger":"task.stderr"}
{"timestamp":"2026-08-25T02:59:23.778355Z","level":"error","event":"\t:: modules in use:","logger":"task.stderr"}
{"timestamp":"2026-08-25T02:59:23.781001Z","level":"error","event":"\tio.delta#delta-spark_2.12;3.3.2 from central in [default]","logger":"task.stderr"}
{"timestamp":"2026-08-25T02:59:23.783708Z","level":"error","event":"\tio.delta#delta-storage;3.3.2 from central in [default]","logger":"task.stderr"}
{"timestamp":"2026-08-25T02:59:23.787075Z","level":"error","event":"\torg.antlr#antlr4-runtime;4.9.3 from central in [default]","logger":"task.stderr"}
{"timestamp":"2026-08-25T02:59:23.789137Z","level":"error","event":"\t---------------------------------------------------------------------","logger":"task.stderr"}
{"timestamp":"2026-08-25T02:59:23.792351Z","level":"error","event":"\t|                  |            modules            ||   artifacts   |","logger":"task.stderr"}
{"timestamp":"2026-08-25T02:59:23.793544Z","level":"error","event":"\t|       conf       | number| search|dwnlded|evicted|| number|dwnlded|","logger":"task.stderr"}
{"timestamp":"2026-08-25T02:59:23.795463Z","level":"error","event":"\t---------------------------------------------------------------------","logger":"task.stderr"}
{"timestamp":"2026-08-25T02:59:23.797642Z","level":"error","event":"\t|      default     |   3   |   0   |   0   |   0   ||   3   |   0   |","logger":"task.stderr"}
{"timestamp":"2026-08-25T02:59:23.799505Z","level":"error","event":"\t---------------------------------------------------------------------","logger":"task.stderr"}
{"timestamp":"2026-08-25T02:59:23.802021Z","level":"error","event":":: retrieving :: org.apache.spark#spark-submit-parent-483ecfe9-fcbf-483b-ac3e-ef9f3dab0df8","logger":"task.stderr"}
{"timestamp":"2026-08-25T02:59:23.803563Z","level":"error","event":"\tconfs: [default]","logger":"task.stderr"}
{"timestamp":"2026-08-25T02:59:23.804993Z","level":"error","event":"\t0 artifacts copied, 3 already retrieved (0kB/7ms)","logger":"task.stderr"}
{"timestamp":"2026-08-25T02:59:23.907807Z","level":"error","event":"26/08/25 02:59:23 WARN NativeCodeLoader: Unable to load native-hadoop library for your platform... using builtin-java classes where applicable","logger":"task.stderr"}
{"timestamp":"2026-08-25T02:59:24.027605Z","level":"error","event":"Setting default log level to \"WARN\".","logger":"task.stderr"}
{"timestamp":"2026-08-25T02:59:24.030351Z","level":"error","event":"To adjust logging level use sc.setLogLevel(newLevel). For SparkR, use setLogLevel(newLevel).","logger":"task.stderr"}
{"timestamp":"2026-08-25T02:59:25.037142Z","level":"info","event":"Processing Patient...","logger":"task.stdout"}
{"timestamp":"2026-08-25T02:59:27.994947Z","level":"error","event":"26/08/25 02:59:27 WARN SparkStringUtils: Truncated the string representation of a plan since it was too large. This behavior can be adjusted by setting 'spark.sql.debug.maxToStringFields'.","logger":"task.stderr"}
{"timestamp":"2026-08-25T02:59:32.290223Z","level":"info","event":"Patient: No new Bronze files to process.","logger":"task.stdout"}
{"timestamp":"2026-08-25T02:59:32.294355Z","level":"info","event":"Processing Encounter...","logger":"task.stdout"}
{"timestamp":"2026-08-25T02:59:33.770448Z","level":"info","event":"Encounter: No new Bronze files to process.","logger":"task.stdout"}
{"timestamp":"2026-08-25T02:59:33.774225Z","level":"info","event":"Processing Condition...","logger":"task.stdout"}
{"timestamp":"2026-08-25T02:59:35.146878Z","level":"info","event":"Condition: No new Bronze files to process.","logger":"task.stdout"}
{"timestamp":"2026-08-25T02:59:35.150813Z","level":"info","event":"Processing Observation...","logger":"task.stdout"}
{"timestamp":"2026-08-25T02:59:36.264984Z","level":"info","event":"Observation: No new Bronze files to process.","logger":"task.stdout"}
{"timestamp":"2026-08-25T02:59:36.268988Z","level":"info","event":"Processing MedicationRequest...","logger":"task.stdout"}
{"timestamp":"2026-08-25T02:59:37.275315Z","level":"info","event":"MedicationRequest: No new Bronze files to process.","logger":"task.stdout"}
{"timestamp":"2026-08-25T02:59:37.431551Z","level":"info","event":"Done. Returned value was: None","map_index":-1,"ti_id":"01a036db-a77e-7e66-87d8-8ae5b236a0a9","run_id":"manual__2026-08-25T02:59:20.019805+00:00","task_id":"process_bronze_to_delta","try_number":1,"dag_id":"healthcare_pipeline","logger":"airflow.task.operators.airflow.providers.standard.decorators.python._PythonDecoratedOperator","filename":"python.py","lineno":233}
{"timestamp":"2026-08-25T02:59:37.432980Z","level":"info","event":"::group::Post Execute","map_index":-1,"ti_id":"01a036db-a77e-7e66-87d8-8ae5b236a0a9","run_id":"manual__2026-08-25T02:59:20.019805+00:00","task_id":"process_bronze_to_delta","try_number":1,"dag_id":"healthcare_pipeline","logger":"task","filename":"task_runner.py","lineno":1580}
{"timestamp":"2026-08-25T02:59:37.468725Z","level":"info","event":"::endgroup::","map_index":-1,"ti_id":"01a036db-a77e-7e66-87d8-8ae5b236a0a9","run_id":"manual__2026-08-25T02:59:20.019805+00:00","task_id":"process_bronze_to_delta","try_number":1,"dag_id":"healthcare_pipeline","logger":"task","filename":"task_runner.py","lineno":2379}
{"timestamp":"2026-08-25T02:59:38.140090Z","level":"error","event":"\r[Stage 2:>                                                         (0 + 8) / 50]\r\r[Stage 2:=========>                                                (8 + 8) / 50]\r\r[Stage 2:===================>                                     (17 + 8) / 50]\r\r[Stage 2:===============================>                         (28 + 8) / 50]\r\r[Stage 2:======================================================>  (48 + 2) / 50]\r\r                                                                                \r\r[Stage 13:===============================================>        (42 + 8) / 50]","logger":"task.stderr"}
