{"timestamp":"2026-09-07T01:54:45.101548Z","level":"info","event":"::group::Pre Execute","logger":"task","filename":"task_runner.py","lineno":2412}
{"timestamp":"2026-09-07T01:54:45.336147Z","level":"info","event":"DAG bundles loaded: dags-folder","dag_id":"healthcare_pipeline","ti_id":"01a07992-bef5-7ae6-b99d-841e49bd419b","try_number":1,"task_id":"process_condition_silver","map_index":-1,"run_id":"manual__2026-09-07T01:54:15.317556+00:00","logger":"airflow.dag_processing.bundles.manager.DagBundlesManager","filename":"manager.py","lineno":304}
{"timestamp":"2026-09-07T01:54:45.337560Z","level":"info","event":"Filling up the DagBag from /opt/airflow/dags/healthcare_pipeline.py","dag_id":"healthcare_pipeline","ti_id":"01a07992-bef5-7ae6-b99d-841e49bd419b","try_number":1,"task_id":"process_condition_silver","map_index":-1,"run_id":"manual__2026-09-07T01:54:15.317556+00:00","logger":"airflow.dag_processing.dagbag.BundleDagBag","filename":"dagbag.py","lineno":460}
{"timestamp":"2026-09-07T01:54:47.328214Z","level":"info","event":"Worker startup parse complete","bundle_name":"dags-folder","bundle_version":null,"dag_file":"healthcare_pipeline.py","dag_id":"healthcare_pipeline","bundle_prepare_ms":3,"dag_file_parse_ms":1990,"ti_id":"01a07992-bef5-7ae6-b99d-841e49bd419b","try_number":1,"task_id":"process_condition_silver","map_index":-1,"run_id":"manual__2026-09-07T01:54:15.317556+00:00","logger":"task","filename":"task_runner.py","lineno":1073}
{"timestamp":"2026-09-07T01:54:47.388875Z","level":"info","event":"::endgroup::","dag_id":"healthcare_pipeline","ti_id":"01a07992-bef5-7ae6-b99d-841e49bd419b","try_number":1,"task_id":"process_condition_silver","map_index":-1,"run_id":"manual__2026-09-07T01:54:15.317556+00:00","logger":"task","filename":"task_runner.py","lineno":2232}
{"timestamp":"2026-09-07T01:54:50.710807Z","level":"info","event":":: loading settings :: url = jar:file:/home/airflow/.local/lib/python3.11/site-packages/pyspark/jars/ivy-2.5.3.jar!/org/apache/ivy/core/settings/ivysettings.xml","logger":"task.stdout"}
{"timestamp":"2026-09-07T01:54:50.859526Z","level":"error","event":"Ivy Default Cache set to: /home/airflow/.ivy2/cache","logger":"task.stderr"}
{"timestamp":"2026-09-07T01:54:50.866116Z","level":"error","event":"The jars for the packages stored in: /home/airflow/.ivy2/jars","logger":"task.stderr"}
{"timestamp":"2026-09-07T01:54:50.890697Z","level":"error","event":"io.delta#delta-spark_2.12 added as a dependency","logger":"task.stderr"}
{"timestamp":"2026-09-07T01:54:50.899435Z","level":"error","event":":: resolving dependencies :: org.apache.spark#spark-submit-parent-3baabee8-d242-475d-bc31-959757c20d49;1.0","logger":"task.stderr"}
{"timestamp":"2026-09-07T01:54:50.903179Z","level":"error","event":"\tconfs: [default]","logger":"task.stderr"}
{"timestamp":"2026-09-07T01:54:51.317555Z","level":"error","event":"\tfound io.delta#delta-spark_2.12;3.3.2 in central","logger":"task.stderr"}
{"timestamp":"2026-09-07T01:54:51.373011Z","level":"error","event":"\tfound io.delta#delta-storage;3.3.2 in central","logger":"task.stderr"}
{"timestamp":"2026-09-07T01:54:51.519996Z","level":"error","event":"\tfound org.antlr#antlr4-runtime;4.9.3 in central","logger":"task.stderr"}
{"timestamp":"2026-09-07T01:54:51.636860Z","level":"error","event":":: resolution report :: resolve 680ms :: artifacts dl 57ms","logger":"task.stderr"}
{"timestamp":"2026-09-07T01:54:51.643571Z","level":"error","event":"\t:: modules in use:","logger":"task.stderr"}
{"timestamp":"2026-09-07T01:54:51.646002Z","level":"error","event":"\tio.delta#delta-spark_2.12;3.3.2 from central in [default]","logger":"task.stderr"}
{"timestamp":"2026-09-07T01:54:51.649978Z","level":"error","event":"\tio.delta#delta-storage;3.3.2 from central in [default]","logger":"task.stderr"}
{"timestamp":"2026-09-07T01:54:51.653132Z","level":"error","event":"\torg.antlr#antlr4-runtime;4.9.3 from central in [default]","logger":"task.stderr"}
{"timestamp":"2026-09-07T01:54:51.657537Z","level":"error","event":"\t---------------------------------------------------------------------","logger":"task.stderr"}
{"timestamp":"2026-09-07T01:54:51.664509Z","level":"error","event":"\t|                  |            modules            ||   artifacts   |","logger":"task.stderr"}
{"timestamp":"2026-09-07T01:54:51.666951Z","level":"error","event":"\t|       conf       | number| search|dwnlded|evicted|| number|dwnlded|","logger":"task.stderr"}
{"timestamp":"2026-09-07T01:54:51.669137Z","level":"error","event":"\t---------------------------------------------------------------------","logger":"task.stderr"}
{"timestamp":"2026-09-07T01:54:51.672471Z","level":"error","event":"\t|      default     |   3   |   0   |   0   |   0   ||   3   |   0   |","logger":"task.stderr"}
{"timestamp":"2026-09-07T01:54:51.676884Z","level":"error","event":"\t---------------------------------------------------------------------","logger":"task.stderr"}
{"timestamp":"2026-09-07T01:54:51.681210Z","level":"error","event":":: retrieving :: org.apache.spark#spark-submit-parent-3baabee8-d242-475d-bc31-959757c20d49","logger":"task.stderr"}
{"timestamp":"2026-09-07T01:54:51.684118Z","level":"error","event":"\tconfs: [default]","logger":"task.stderr"}
{"timestamp":"2026-09-07T01:54:51.686873Z","level":"error","event":"\t0 artifacts copied, 3 already retrieved (0kB/21ms)","logger":"task.stderr"}
{"timestamp":"2026-09-07T01:54:52.081436Z","level":"error","event":"26/09/07 01:54:52 WARN NativeCodeLoader: Unable to load native-hadoop library for your platform... using builtin-java classes where applicable","logger":"task.stderr"}
{"timestamp":"2026-09-07T01:54:52.742125Z","level":"error","event":"Setting default log level to \"WARN\".","logger":"task.stderr"}
{"timestamp":"2026-09-07T01:54:52.747172Z","level":"error","event":"To adjust logging level use sc.setLogLevel(newLevel). For SparkR, use setLogLevel(newLevel).","logger":"task.stderr"}
{"timestamp":"2026-09-07T01:54:54.849359Z","level":"error","event":"26/09/07 01:54:54 WARN Utils: Service 'SparkUI' could not bind on port 4040. Attempting port 4041.","logger":"task.stderr"}
{"timestamp":"2026-09-07T01:54:54.857814Z","level":"error","event":"26/09/07 01:54:54 WARN Utils: Service 'SparkUI' could not bind on port 4041. Attempting port 4042.","logger":"task.stderr"}
{"timestamp":"2026-09-07T01:55:12.790454Z","level":"error","event":"26/09/07 01:55:11 WARN SparkStringUtils: Truncated the string representation of a plan since it was too large. This behavior can be adjusted by setting 'spark.sql.debug.maxToStringFields'.","logger":"task.stderr"}
{"timestamp":"2026-09-07T01:56:19.176605Z","level":"info","event":"","logger":"task.stdout"}
{"timestamp":"2026-09-07T01:56:19.285597Z","level":"info","event":"DocumentReference Silver","logger":"task.stdout"}
{"timestamp":"2026-09-07T01:56:19.297154Z","level":"info","event":"------------------------","logger":"task.stdout"}
{"timestamp":"2026-09-07T01:56:19.302611Z","level":"info","event":"New Bronze rows: 0","logger":"task.stdout"}
{"timestamp":"2026-09-07T01:56:19.312706Z","level":"info","event":"Rows to merge: 0","logger":"task.stdout"}
{"timestamp":"2026-09-07T01:56:19.320524Z","level":"info","event":"Status: NO NEW DATA","logger":"task.stdout"}
{"timestamp":"2026-09-07T01:56:21.077082Z","level":"info","event":"Done. Returned value was: None","dag_id":"healthcare_pipeline","ti_id":"01a07992-bef5-7ae6-b99d-841e49bd419b","try_number":1,"task_id":"process_condition_silver","map_index":-1,"run_id":"manual__2026-09-07T01:54:15.317556+00:00","logger":"airflow.task.operators.airflow.providers.standard.decorators.python._PythonDecoratedOperator","filename":"python.py","lineno":233}
{"timestamp":"2026-09-07T01:56:21.098350Z","level":"info","event":"::group::Post Execute","dag_id":"healthcare_pipeline","ti_id":"01a07992-bef5-7ae6-b99d-841e49bd419b","try_number":1,"task_id":"process_condition_silver","map_index":-1,"run_id":"manual__2026-09-07T01:54:15.317556+00:00","logger":"task","filename":"task_runner.py","lineno":1580}
{"timestamp":"2026-09-07T01:56:21.314503Z","level":"info","event":"::endgroup::","dag_id":"healthcare_pipeline","ti_id":"01a07992-bef5-7ae6-b99d-841e49bd419b","try_number":1,"task_id":"process_condition_silver","map_index":-1,"run_id":"manual__2026-09-07T01:54:15.317556+00:00","logger":"task","filename":"task_runner.py","lineno":2379}
{"timestamp":"2026-09-07T01:56:27.556712Z","level":"error","event":"\r[Stage 0:>                                                          (0 + 0) / 2]\r\r[Stage 0:>                                                          (0 + 2) / 2]\r\r[Stage 2:>                                                         (0 + 8) / 50]\r\r[Stage 2:>                                                         (0 + 9) / 50]\r\r[Stage 2:=========>                                                (8 + 8) / 50]\r\r[Stage 2:=============>                                           (12 + 8) / 50]\r\r[Stage 2:==================>                                      (16 + 8) / 50]\r\r[Stage 2:===================>                                     (17 + 8) / 50]\r\r[Stage 2:===========================>                             (24 + 8) / 50]\r\r[Stage 2:=============================>                           (26 + 8) / 50]\r\r[Stage 2:===============================>                         (28 + 8) / 50]\r\r[Stage 2:====================================>                    (32 + 8) / 50]\r\r[Stage 2:======================================>                  (34 + 8) / 50]\r\r[Stage 2:==========================================>              (37 + 8) / 50]\r\r[Stage 2:=============================================>           (40 + 8) / 50]\r\r[Stage 2:===================================================>     (45 + 5) / 50]\r\r[Stage 2:=====================================================>   (47 + 3) / 50]\r\r[Stage 2:=======================================================> (49 + 1) / 50]\r\r[Stage 5:>                                                          (0 + 1) / 1]\r\r                                                                                \r\r[Stage 7:>                                                         (0 + 8) / 50]\r\r[Stage 7:=========>                                                (8 + 8) / 50]\r\r[Stage 7:===================>                                     (17 + 9) / 50]\r\r[Stage 7:=============================>                           (26 + 8) / 50]\r\r[Stage 7:===================================>                     (31 + 8) / 50]\r\r[Stage 7:=============================================>           (40 + 8) / 50]\r\r                                                                                \r\r[Stage 8:>                                                          (0 + 0) / 2]\r\r[Stage 8:>                                                          (0 + 2) / 2]\r\r                                                                                \r\r[Stage 13:>                                                        (0 + 8) / 50]\r\r[Stage 13:======>                                                  (6 + 8) / 50]\r\r[Stage 13:===========>                                            (10 + 8) / 50]\r\r[Stage 13:=================>                                      (16 + 8) / 50]\r\r[Stage 13:====================>                                   (18 + 8) / 50]\r\r[Stage 13:=========================>                              (23 + 8) / 50]\r\r[Stage 13:=============================>                          (26 + 8) / 50]\r\r[Stage 13:================================>                       (29 + 8) / 50]\r\r[Stage 13:=======================================>                (35 + 8) / 50]\r\r[Stage 13:=========================================>              (37 + 8) / 50]\r\r[Stage 13:===========================================>            (39 + 8) / 50]\r\r[Stage 13:===============================================>        (42 + 8) / 50]\r\r[Stage 13:================================================>       (43 + 7) / 50]\r\r[Stage 13:===================================================>    (46 + 4) / 50]\r\r[Stage 13:====================================================>   (47 + 3) / 50]\r\r[Stage 13:=====================================================>  (48 + 2) / 50]\r\r                                                                                \r\r[Stage 14:>                                                         (0 + 1) / 1]\r\r[Stage 16:>                                                         (0 + 1) / 1]","logger":"task.stderr"}
