{"timestamp":"2026-08-28T21:36:01.398563Z","level":"info","event":"::group::Pre Execute","logger":"task","filename":"task_runner.py","lineno":2412}
{"timestamp":"2026-08-28T21:36:01.429791Z","level":"info","event":"DAG bundles loaded: dags-folder","ti_id":"01a04a4a-07c4-7205-852b-8a2dfd202b3d","try_number":1,"run_id":"manual__2026-08-28T21:32:40.719316+00:00","dag_id":"healthcare_pipeline","task_id":"process_gold_patient_latest_vitals","map_index":-1,"logger":"airflow.dag_processing.bundles.manager.DagBundlesManager","filename":"manager.py","lineno":304}
{"timestamp":"2026-08-28T21:36:01.430940Z","level":"info","event":"Filling up the DagBag from /opt/airflow/dags/healthcare_pipeline.py","ti_id":"01a04a4a-07c4-7205-852b-8a2dfd202b3d","try_number":1,"run_id":"manual__2026-08-28T21:32:40.719316+00:00","dag_id":"healthcare_pipeline","task_id":"process_gold_patient_latest_vitals","map_index":-1,"logger":"airflow.dag_processing.dagbag.BundleDagBag","filename":"dagbag.py","lineno":460}
{"timestamp":"2026-08-28T21:36:01.973419Z","level":"info","event":"Worker startup parse complete","bundle_name":"dags-folder","bundle_version":null,"dag_file":"healthcare_pipeline.py","dag_id":"healthcare_pipeline","bundle_prepare_ms":4,"dag_file_parse_ms":542,"ti_id":"01a04a4a-07c4-7205-852b-8a2dfd202b3d","try_number":1,"run_id":"manual__2026-08-28T21:32:40.719316+00:00","task_id":"process_gold_patient_latest_vitals","map_index":-1,"logger":"task","filename":"task_runner.py","lineno":1073}
{"timestamp":"2026-08-28T21:36:02.020936Z","level":"info","event":"::endgroup::","ti_id":"01a04a4a-07c4-7205-852b-8a2dfd202b3d","try_number":1,"run_id":"manual__2026-08-28T21:32:40.719316+00:00","dag_id":"healthcare_pipeline","task_id":"process_gold_patient_latest_vitals","map_index":-1,"logger":"task","filename":"task_runner.py","lineno":2232}
{"timestamp":"2026-08-28T21:36:04.649078Z","level":"info","event":":: loading settings :: url = jar:file:/home/airflow/.local/lib/python3.11/site-packages/pyspark/jars/ivy-2.5.3.jar!/org/apache/ivy/core/settings/ivysettings.xml","logger":"task.stdout"}
{"timestamp":"2026-08-28T21:36:04.798912Z","level":"error","event":"Ivy Default Cache set to: /home/airflow/.ivy2/cache","logger":"task.stderr"}
{"timestamp":"2026-08-28T21:36:04.809468Z","level":"error","event":"The jars for the packages stored in: /home/airflow/.ivy2/jars","logger":"task.stderr"}
{"timestamp":"2026-08-28T21:36:04.817718Z","level":"error","event":"io.delta#delta-spark_2.12 added as a dependency","logger":"task.stderr"}
{"timestamp":"2026-08-28T21:36:04.821526Z","level":"error","event":":: resolving dependencies :: org.apache.spark#spark-submit-parent-e5bf1125-c4b4-4010-beaf-5eb31010e452;1.0","logger":"task.stderr"}
{"timestamp":"2026-08-28T21:36:04.825781Z","level":"error","event":"\tconfs: [default]","logger":"task.stderr"}
{"timestamp":"2026-08-28T21:36:05.012722Z","level":"error","event":"\tfound io.delta#delta-spark_2.12;3.3.2 in spark-list","logger":"task.stderr"}
{"timestamp":"2026-08-28T21:36:05.064247Z","level":"error","event":"\tfound io.delta#delta-storage;3.3.2 in central","logger":"task.stderr"}
{"timestamp":"2026-08-28T21:36:05.102386Z","level":"error","event":"\tfound org.antlr#antlr4-runtime;4.9.3 in central","logger":"task.stderr"}
{"timestamp":"2026-08-28T21:36:05.179388Z","level":"error","event":":: resolution report :: resolve 325ms :: artifacts dl 33ms","logger":"task.stderr"}
{"timestamp":"2026-08-28T21:36:05.191872Z","level":"error","event":"\t:: modules in use:","logger":"task.stderr"}
{"timestamp":"2026-08-28T21:36:05.210677Z","level":"error","event":"\tio.delta#delta-spark_2.12;3.3.2 from spark-list in [default]","logger":"task.stderr"}
{"timestamp":"2026-08-28T21:36:05.220503Z","level":"error","event":"\tio.delta#delta-storage;3.3.2 from central in [default]","logger":"task.stderr"}
{"timestamp":"2026-08-28T21:36:05.224160Z","level":"error","event":"\torg.antlr#antlr4-runtime;4.9.3 from central in [default]","logger":"task.stderr"}
{"timestamp":"2026-08-28T21:36:05.228235Z","level":"error","event":"\t---------------------------------------------------------------------","logger":"task.stderr"}
{"timestamp":"2026-08-28T21:36:05.233760Z","level":"error","event":"\t|                  |            modules            ||   artifacts   |","logger":"task.stderr"}
{"timestamp":"2026-08-28T21:36:05.239924Z","level":"error","event":"\t|       conf       | number| search|dwnlded|evicted|| number|dwnlded|","logger":"task.stderr"}
{"timestamp":"2026-08-28T21:36:05.244768Z","level":"error","event":"\t---------------------------------------------------------------------","logger":"task.stderr"}
{"timestamp":"2026-08-28T21:36:05.250506Z","level":"error","event":"\t|      default     |   3   |   0   |   0   |   0   ||   3   |   0   |","logger":"task.stderr"}
{"timestamp":"2026-08-28T21:36:05.255422Z","level":"error","event":"\t---------------------------------------------------------------------","logger":"task.stderr"}
{"timestamp":"2026-08-28T21:36:05.262107Z","level":"error","event":"","logger":"task.stderr"}
{"timestamp":"2026-08-28T21:36:05.266601Z","level":"error","event":":: problems summary ::","logger":"task.stderr"}
{"timestamp":"2026-08-28T21:36:05.275928Z","level":"error","event":":::: ERRORS","logger":"task.stderr"}
{"timestamp":"2026-08-28T21:36:05.277750Z","level":"error","event":"\tunknown resolver null","logger":"task.stderr"}
{"timestamp":"2026-08-28T21:36:05.282276Z","level":"error","event":"","logger":"task.stderr"}
{"timestamp":"2026-08-28T21:36:05.283769Z","level":"error","event":"\tunknown resolver null","logger":"task.stderr"}
{"timestamp":"2026-08-28T21:36:05.286294Z","level":"error","event":"","logger":"task.stderr"}
{"timestamp":"2026-08-28T21:36:05.288444Z","level":"error","event":"","logger":"task.stderr"}
{"timestamp":"2026-08-28T21:36:05.291474Z","level":"error","event":":: USE VERBOSE OR DEBUG MESSAGE LEVEL FOR MORE DETAILS","logger":"task.stderr"}
{"timestamp":"2026-08-28T21:36:05.292821Z","level":"error","event":":: retrieving :: org.apache.spark#spark-submit-parent-e5bf1125-c4b4-4010-beaf-5eb31010e452","logger":"task.stderr"}
{"timestamp":"2026-08-28T21:36:05.295624Z","level":"error","event":"\tconfs: [default]","logger":"task.stderr"}
{"timestamp":"2026-08-28T21:36:05.298761Z","level":"error","event":"\t0 artifacts copied, 3 already retrieved (0kB/29ms)","logger":"task.stderr"}
{"timestamp":"2026-08-28T21:36:05.565150Z","level":"error","event":"26/08/28 21:36:05 WARN NativeCodeLoader: Unable to load native-hadoop library for your platform... using builtin-java classes where applicable","logger":"task.stderr"}
{"timestamp":"2026-08-28T21:36:05.900867Z","level":"error","event":"Setting default log level to \"WARN\".","logger":"task.stderr"}
{"timestamp":"2026-08-28T21:36:05.907928Z","level":"error","event":"To adjust logging level use sc.setLogLevel(newLevel). For SparkR, use setLogLevel(newLevel).","logger":"task.stderr"}
{"timestamp":"2026-08-28T21:36:07.089871Z","level":"error","event":"26/08/28 21:36:07 WARN Utils: Service 'SparkUI' could not bind on port 4040. Attempting port 4041.","logger":"task.stderr"}
{"timestamp":"2026-08-28T21:36:16.060633Z","level":"error","event":"26/08/28 21:36:16 WARN SparkStringUtils: Truncated the string representation of a plan since it was too large. This behavior can be adjusted by setting 'spark.sql.debug.maxToStringFields'.","logger":"task.stderr"}
{"timestamp":"2026-08-28T21:36:46.186877Z","level":"info","event":"+----------+----------+------+---------+---------+-----+----------+----------------+-----------+------------+","logger":"task.stdout"}
{"timestamp":"2026-08-28T21:36:46.209740Z","level":"info","event":"|patient_id|birth_date|gender|height_cm|weight_kg|bmi  |heart_rate|respiratory_rate|systolic_bp|diastolic_bp|","logger":"task.stdout"}
{"timestamp":"2026-08-28T21:36:46.214029Z","level":"info","event":"+----------+----------+------+---------+---------+-----+----------+----------------+-----------+------------+","logger":"task.stdout"}
{"timestamp":"2026-08-28T21:36:46.221090Z","level":"info","event":"|10627     |1978-10-20|female|148.2    |67.4     |30.69|97.0      |15.0            |122.0      |80.0        |","logger":"task.stdout"}
{"timestamp":"2026-08-28T21:36:46.228358Z","level":"info","event":"|10940     |1951-08-28|female|160.5    |70.3     |27.29|69.0      |16.0            |134.0      |64.0        |","logger":"task.stdout"}
{"timestamp":"2026-08-28T21:36:46.231258Z","level":"info","event":"|12069     |2019-12-30|female|113.9    |21.7     |16.72|93.0      |15.0            |133.0      |93.0        |","logger":"task.stdout"}
{"timestamp":"2026-08-28T21:36:46.233391Z","level":"info","event":"|12497     |1993-08-01|male  |166.8    |77.3     |27.77|73.0      |15.0            |130.0      |85.0        |","logger":"task.stdout"}
{"timestamp":"2026-08-28T21:36:46.239772Z","level":"info","event":"|186568    |2015-11-01|female|141.0    |43.5     |21.88|64.0      |15.0            |127.0      |90.0        |","logger":"task.stdout"}
{"timestamp":"2026-08-28T21:36:46.244105Z","level":"info","event":"|186886    |2015-11-01|female|141.0    |43.5     |21.88|64.0      |15.0            |127.0      |90.0        |","logger":"task.stdout"}
{"timestamp":"2026-08-28T21:36:46.247778Z","level":"info","event":"|186935    |2012-07-02|male  |164.7    |61.6     |22.72|84.0      |14.0            |126.0      |84.0        |","logger":"task.stdout"}
{"timestamp":"2026-08-28T21:36:46.252079Z","level":"info","event":"|187253    |2012-07-02|male  |164.7    |61.6     |22.72|84.0      |14.0            |126.0      |84.0        |","logger":"task.stdout"}
{"timestamp":"2026-08-28T21:36:46.254689Z","level":"info","event":"|187279    |1944-05-21|female|158.5    |69.6     |27.7 |95.0      |15.0            |77.0       |75.0        |","logger":"task.stdout"}
{"timestamp":"2026-08-28T21:36:46.257916Z","level":"info","event":"|187597    |1944-05-21|female|158.5    |69.6     |27.7 |95.0      |15.0            |77.0       |75.0        |","logger":"task.stdout"}
{"timestamp":"2026-08-28T21:36:46.264094Z","level":"info","event":"|189026    |1996-08-27|male  |178.8    |82.6     |25.82|82.0      |14.0            |129.0      |78.0        |","logger":"task.stdout"}
{"timestamp":"2026-08-28T21:36:46.266074Z","level":"info","event":"|189344    |1996-08-27|male  |178.8    |82.6     |25.82|82.0      |14.0            |129.0      |78.0        |","logger":"task.stdout"}
{"timestamp":"2026-08-28T21:36:46.274459Z","level":"info","event":"|189697    |2016-12-30|male  |140.0    |36.0     |18.4 |98.0      |15.0            |115.0      |87.0        |","logger":"task.stdout"}
{"timestamp":"2026-08-28T21:36:46.279952Z","level":"info","event":"|190015    |2016-12-30|male  |140.0    |36.0     |18.4 |98.0      |15.0            |115.0      |87.0        |","logger":"task.stdout"}
{"timestamp":"2026-08-28T21:36:46.285315Z","level":"info","event":"|190188    |1979-10-13|male  |165.7    |75.6     |27.54|70.0      |15.0            |99.0       |72.0        |","logger":"task.stdout"}
{"timestamp":"2026-08-28T21:36:46.289397Z","level":"info","event":"|190506    |1979-10-13|male  |165.7    |75.6     |27.54|70.0      |15.0            |99.0       |72.0        |","logger":"task.stdout"}
{"timestamp":"2026-08-28T21:36:46.296066Z","level":"info","event":"|190589    |1963-07-28|male  |170.0    |87.0     |30.1 |75.0      |14.0            |125.0      |81.0        |","logger":"task.stdout"}
{"timestamp":"2026-08-28T21:36:46.299233Z","level":"info","event":"|190907    |1963-07-28|male  |170.0    |87.0     |30.1 |75.0      |14.0            |125.0      |81.0        |","logger":"task.stdout"}
{"timestamp":"2026-08-28T21:36:46.302197Z","level":"info","event":"|191334    |1929-08-20|female|165.0    |75.6     |27.77|61.0      |14.0            |113.0      |82.0        |","logger":"task.stdout"}
{"timestamp":"2026-08-28T21:36:46.307407Z","level":"info","event":"|191652    |1929-08-20|female|165.0    |75.6     |27.77|61.0      |14.0            |113.0      |82.0        |","logger":"task.stdout"}
{"timestamp":"2026-08-28T21:36:46.312111Z","level":"info","event":"+----------+----------+------+---------+---------+-----+----------+----------------+-----------+------------+","logger":"task.stdout"}
{"timestamp":"2026-08-28T21:36:46.318993Z","level":"info","event":"only showing top 20 rows","logger":"task.stdout"}
{"timestamp":"2026-08-28T21:36:46.333898Z","level":"info","event":"","logger":"task.stdout"}
{"timestamp":"2026-08-28T21:37:06.961999Z","level":"info","event":"Gold patient vital rows: 75","logger":"task.stdout"}
{"timestamp":"2026-08-28T21:37:07.557259Z","level":"info","event":"Done. Returned value was: None","ti_id":"01a04a4a-07c4-7205-852b-8a2dfd202b3d","try_number":1,"run_id":"manual__2026-08-28T21:32:40.719316+00:00","dag_id":"healthcare_pipeline","task_id":"process_gold_patient_latest_vitals","map_index":-1,"logger":"airflow.task.operators.airflow.providers.standard.decorators.python._PythonDecoratedOperator","filename":"python.py","lineno":233}
{"timestamp":"2026-08-28T21:37:07.569155Z","level":"info","event":"::group::Post Execute","ti_id":"01a04a4a-07c4-7205-852b-8a2dfd202b3d","try_number":1,"run_id":"manual__2026-08-28T21:32:40.719316+00:00","dag_id":"healthcare_pipeline","task_id":"process_gold_patient_latest_vitals","map_index":-1,"logger":"task","filename":"task_runner.py","lineno":1580}
{"timestamp":"2026-08-28T21:37:07.701998Z","level":"info","event":"::endgroup::","ti_id":"01a04a4a-07c4-7205-852b-8a2dfd202b3d","try_number":1,"run_id":"manual__2026-08-28T21:32:40.719316+00:00","dag_id":"healthcare_pipeline","task_id":"process_gold_patient_latest_vitals","map_index":-1,"logger":"task","filename":"task_runner.py","lineno":2379}
{"timestamp":"2026-08-28T21:37:10.692417Z","level":"error","event":"\r[Stage 0:>                                                          (0 + 6) / 6]\r\r[Stage 2:>                                                         (0 + 8) / 50]\r\r[Stage 2:===>                                                     (3 + 11) / 50]\r\r[Stage 2:=========>                                                (8 + 8) / 50]\r\r[Stage 2:=============>                                           (12 + 8) / 50]\r\r[Stage 2:===================>                                     (17 + 8) / 50]\r\r[Stage 2:===========================>                             (24 + 8) / 50]\r\r[Stage 2:============================>                            (25 + 8) / 50]\r\r[Stage 2:====================================>                    (32 + 8) / 50]\r\r[Stage 2:==============================================>          (41 + 8) / 50]\r\r                                                                                \r\r[Stage 4:=====================>                                   (19 + 8) / 50]\r\r[Stage 4:====================================>                    (32 + 8) / 50]\r\r[Stage 4:=====================================================>   (47 + 3) / 50]\r\r                                                                                \r\r[Stage 10:=====>                                                   (5 + 9) / 50]\r\r[Stage 10:==========>                                              (9 + 8) / 50]\r\r[Stage 10:=================>                                      (16 + 8) / 50]\r\r[Stage 10:=======================>                                (21 + 8) / 50]\r\r[Stage 10:==============================>                         (27 + 8) / 50]\r\r[Stage 10:=======================================>                (35 + 8) / 50]\r\r[Stage 10:================================================>       (43 + 7) / 50]\r\r                                                                                \r\r[Stage 11:>                                                         (0 + 4) / 4]\r\r[Stage 13:>                                                         (0 + 1) / 1]\r\r                                                                                \r\r[Stage 24:=========>                                               (8 + 8) / 50]\r\r[Stage 24:===========>                                            (10 + 8) / 50]\r\r[Stage 24:===================>                                    (17 + 8) / 50]\r\r[Stage 24:=======================>                                (21 + 8) / 50]\r\r[Stage 24:============================>                           (25 + 8) / 50]\r\r[Stage 24:================================>                       (29 + 8) / 50]\r\r[Stage 24:=======================================>                (35 + 8) / 50]\r\r[Stage 24:================================================>       (43 + 7) / 50]\r\r                                                                                \r\r[Stage 29:====================>                                   (18 + 8) / 50]\r\r[Stage 29:======================================>                 (34 + 9) / 50]\r\r                                                                                \r\r[Stage 32:>                                                         (0 + 4) / 4]\r\r[Stage 32:==============>                                           (1 + 3) / 4]\r\r[Stage 32:===========================================>              (3 + 1) / 4]\r\r                                                                                \r\r[Stage 42:>                                                         (0 + 2) / 2]\r\r                                                                                \r\r[Stage 46:======================>                                 (20 + 8) / 50]\r\r[Stage 46:=========================================>              (37 + 8) / 50]","logger":"task.stderr"}
