{"timestamp":"2026-08-28T21:23:33.340407Z","level":"info","event":"::group::Pre Execute","logger":"task","filename":"task_runner.py","lineno":2412}
{"timestamp":"2026-08-28T21:23:33.398688Z","level":"info","event":"DAG bundles loaded: dags-folder","try_number":1,"ti_id":"01a04a41-6648-74ee-a7fd-133843382cec","run_id":"manual__2026-08-28T21:23:15.102320+00:00","dag_id":"healthcare_pipeline","task_id":"process_encounter_silver","map_index":-1,"logger":"airflow.dag_processing.bundles.manager.DagBundlesManager","filename":"manager.py","lineno":304}
{"timestamp":"2026-08-28T21:23:33.399496Z","level":"info","event":"Filling up the DagBag from /opt/airflow/dags/healthcare_pipeline.py","try_number":1,"ti_id":"01a04a41-6648-74ee-a7fd-133843382cec","run_id":"manual__2026-08-28T21:23:15.102320+00:00","dag_id":"healthcare_pipeline","task_id":"process_encounter_silver","map_index":-1,"logger":"airflow.dag_processing.dagbag.BundleDagBag","filename":"dagbag.py","lineno":460}
{"timestamp":"2026-08-28T21:23:33.982727Z","level":"info","event":"Worker startup parse complete","bundle_name":"dags-folder","bundle_version":null,"dag_file":"healthcare_pipeline.py","dag_id":"healthcare_pipeline","bundle_prepare_ms":1,"dag_file_parse_ms":583,"try_number":1,"ti_id":"01a04a41-6648-74ee-a7fd-133843382cec","run_id":"manual__2026-08-28T21:23:15.102320+00:00","task_id":"process_encounter_silver","map_index":-1,"logger":"task","filename":"task_runner.py","lineno":1073}
{"timestamp":"2026-08-28T21:23:34.030442Z","level":"info","event":"::endgroup::","try_number":1,"ti_id":"01a04a41-6648-74ee-a7fd-133843382cec","run_id":"manual__2026-08-28T21:23:15.102320+00:00","dag_id":"healthcare_pipeline","task_id":"process_encounter_silver","map_index":-1,"logger":"task","filename":"task_runner.py","lineno":2232}
{"timestamp":"2026-08-28T21:23:36.331322Z","level":"info","event":":: loading settings :: url = jar:file:/home/airflow/.local/lib/python3.11/site-packages/pyspark/jars/ivy-2.5.3.jar!/org/apache/ivy/core/settings/ivysettings.xml","logger":"task.stdout"}
{"timestamp":"2026-08-28T21:23:36.447314Z","level":"error","event":"Ivy Default Cache set to: /home/airflow/.ivy2/cache","logger":"task.stderr"}
{"timestamp":"2026-08-28T21:23:36.450685Z","level":"error","event":"The jars for the packages stored in: /home/airflow/.ivy2/jars","logger":"task.stderr"}
{"timestamp":"2026-08-28T21:23:36.453647Z","level":"error","event":"io.delta#delta-spark_2.12 added as a dependency","logger":"task.stderr"}
{"timestamp":"2026-08-28T21:23:36.468124Z","level":"error","event":":: resolving dependencies :: org.apache.spark#spark-submit-parent-2e141828-9a99-4b41-801d-2802bf93c84b;1.0","logger":"task.stderr"}
{"timestamp":"2026-08-28T21:23:36.471816Z","level":"error","event":"\tconfs: [default]","logger":"task.stderr"}
{"timestamp":"2026-08-28T21:23:36.723239Z","level":"error","event":"\tfound io.delta#delta-spark_2.12;3.3.2 in spark-list","logger":"task.stderr"}
{"timestamp":"2026-08-28T21:23:36.773576Z","level":"error","event":"\tfound io.delta#delta-storage;3.3.2 in central","logger":"task.stderr"}
{"timestamp":"2026-08-28T21:23:36.797670Z","level":"error","event":"\tfound org.antlr#antlr4-runtime;4.9.3 in central","logger":"task.stderr"}
{"timestamp":"2026-08-28T21:23:36.837659Z","level":"error","event":":: resolution report :: resolve 369ms :: artifacts dl 19ms","logger":"task.stderr"}
{"timestamp":"2026-08-28T21:23:36.843024Z","level":"error","event":"\t:: modules in use:","logger":"task.stderr"}
{"timestamp":"2026-08-28T21:23:36.845794Z","level":"error","event":"\tio.delta#delta-spark_2.12;3.3.2 from spark-list in [default]","logger":"task.stderr"}
{"timestamp":"2026-08-28T21:23:36.850230Z","level":"error","event":"\tio.delta#delta-storage;3.3.2 from central in [default]","logger":"task.stderr"}
{"timestamp":"2026-08-28T21:23:36.856381Z","level":"error","event":"\torg.antlr#antlr4-runtime;4.9.3 from central in [default]","logger":"task.stderr"}
{"timestamp":"2026-08-28T21:23:36.860716Z","level":"error","event":"\t---------------------------------------------------------------------","logger":"task.stderr"}
{"timestamp":"2026-08-28T21:23:36.867310Z","level":"error","event":"\t|                  |            modules            ||   artifacts   |","logger":"task.stderr"}
{"timestamp":"2026-08-28T21:23:36.870251Z","level":"error","event":"\t|       conf       | number| search|dwnlded|evicted|| number|dwnlded|","logger":"task.stderr"}
{"timestamp":"2026-08-28T21:23:36.874347Z","level":"error","event":"\t---------------------------------------------------------------------","logger":"task.stderr"}
{"timestamp":"2026-08-28T21:23:36.878587Z","level":"error","event":"\t|      default     |   3   |   0   |   0   |   0   ||   3   |   0   |","logger":"task.stderr"}
{"timestamp":"2026-08-28T21:23:36.882089Z","level":"error","event":"\t---------------------------------------------------------------------","logger":"task.stderr"}
{"timestamp":"2026-08-28T21:23:36.885269Z","level":"error","event":":: retrieving :: org.apache.spark#spark-submit-parent-2e141828-9a99-4b41-801d-2802bf93c84b","logger":"task.stderr"}
{"timestamp":"2026-08-28T21:23:36.887706Z","level":"error","event":"\tconfs: [default]","logger":"task.stderr"}
{"timestamp":"2026-08-28T21:23:36.891571Z","level":"error","event":"\t0 artifacts copied, 3 already retrieved (0kB/14ms)","logger":"task.stderr"}
{"timestamp":"2026-08-28T21:23:37.373587Z","level":"error","event":"26/08/28 21:23:37 WARN NativeCodeLoader: Unable to load native-hadoop library for your platform... using builtin-java classes where applicable","logger":"task.stderr"}
{"timestamp":"2026-08-28T21:23:37.777619Z","level":"error","event":"Setting default log level to \"WARN\".","logger":"task.stderr"}
{"timestamp":"2026-08-28T21:23:37.786676Z","level":"error","event":"To adjust logging level use sc.setLogLevel(newLevel). For SparkR, use setLogLevel(newLevel).","logger":"task.stderr"}
{"timestamp":"2026-08-28T21:23:39.301251Z","level":"error","event":"26/08/28 21:23:39 WARN Utils: Service 'SparkUI' could not bind on port 4040. Attempting port 4041.","logger":"task.stderr"}
{"timestamp":"2026-08-28T21:23:39.359296Z","level":"error","event":"26/08/28 21:23:39 WARN Utils: Service 'SparkUI' could not bind on port 4041. Attempting port 4042.","logger":"task.stderr"}
{"timestamp":"2026-08-28T21:23:39.362476Z","level":"error","event":"26/08/28 21:23:39 WARN Utils: Service 'SparkUI' could not bind on port 4042. Attempting port 4043.","logger":"task.stderr"}
{"timestamp":"2026-08-28T21:23:39.373606Z","level":"error","event":"26/08/28 21:23:39 WARN Utils: Service 'SparkUI' could not bind on port 4043. Attempting port 4044.","logger":"task.stderr"}
{"timestamp":"2026-08-28T21:23:50.550098Z","level":"error","event":"26/08/28 21:23:50 WARN SparkStringUtils: Truncated the string representation of a plan since it was too large. This behavior can be adjusted by setting 'spark.sql.debug.maxToStringFields'.","logger":"task.stderr"}
{"timestamp":"2026-08-28T21:24:35.684444Z","level":"info","event":"","logger":"task.stdout"}
{"timestamp":"2026-08-28T21:24:35.725377Z","level":"info","event":"Encounter Silver","logger":"task.stdout"}
{"timestamp":"2026-08-28T21:24:35.739955Z","level":"info","event":"----------------","logger":"task.stdout"}
{"timestamp":"2026-08-28T21:24:35.749835Z","level":"info","event":"New Bronze rows: 0","logger":"task.stdout"}
{"timestamp":"2026-08-28T21:24:35.757787Z","level":"info","event":"Rows to merge: 0","logger":"task.stdout"}
{"timestamp":"2026-08-28T21:24:35.761844Z","level":"info","event":"Status: NO NEW DATA","logger":"task.stdout"}
{"timestamp":"2026-08-28T21:24:36.357618Z","level":"info","event":"Done. Returned value was: None","try_number":1,"ti_id":"01a04a41-6648-74ee-a7fd-133843382cec","run_id":"manual__2026-08-28T21:23:15.102320+00:00","dag_id":"healthcare_pipeline","task_id":"process_encounter_silver","map_index":-1,"logger":"airflow.task.operators.airflow.providers.standard.decorators.python._PythonDecoratedOperator","filename":"python.py","lineno":233}
{"timestamp":"2026-08-28T21:24:36.370686Z","level":"info","event":"::group::Post Execute","try_number":1,"ti_id":"01a04a41-6648-74ee-a7fd-133843382cec","run_id":"manual__2026-08-28T21:23:15.102320+00:00","dag_id":"healthcare_pipeline","task_id":"process_encounter_silver","map_index":-1,"logger":"task","filename":"task_runner.py","lineno":1580}
{"timestamp":"2026-08-28T21:24:36.742624Z","level":"info","event":"::endgroup::","try_number":1,"ti_id":"01a04a41-6648-74ee-a7fd-133843382cec","run_id":"manual__2026-08-28T21:23:15.102320+00:00","dag_id":"healthcare_pipeline","task_id":"process_encounter_silver","map_index":-1,"logger":"task","filename":"task_runner.py","lineno":2379}
{"timestamp":"2026-08-28T21:24:38.562761Z","level":"error","event":"\r[Stage 0:>                                                          (0 + 4) / 4]\r\r[Stage 2:>                                                         (0 + 0) / 50]\r\r[Stage 2:>                                                         (0 + 8) / 50]\r\r[Stage 2:=========>                                                (8 + 8) / 50]\r\r[Stage 2:==================>                                      (16 + 8) / 50]\r\r[Stage 2:=========================>                               (22 + 8) / 50]\r\r[Stage 2:=================================>                       (29 + 8) / 50]\r\r[Stage 2:=====================================>                   (33 + 8) / 50]\r\r[Stage 2:==============================================>          (41 + 8) / 50]\r\r[Stage 2:======================================================>  (48 + 2) / 50]\r\r                                                                                \r\r[Stage 7:=======>                                                 (7 + 10) / 50]\r\r[Stage 7:=======================>                                 (21 + 9) / 50]\r\r[Stage 7:=======================================>                 (35 + 8) / 50]\r\r                                                                                \r\r[Stage 8:>                                                          (0 + 1) / 1]\r\r                                                                                \r\r[Stage 13:>                                                        (0 + 8) / 50]\r\r[Stage 13:====>                                                    (4 + 8) / 50]\r\r[Stage 13:=========>                                               (8 + 8) / 50]\r\r[Stage 13:===========>                                            (10 + 8) / 50]\r\r[Stage 13:========================>                               (22 + 8) / 50]\r\r[Stage 13:===============================>                        (28 + 8) / 50]\r\r[Stage 13:=============================================>          (41 + 8) / 50]","logger":"task.stderr"}
