{"timestamp":"2026-08-29T00:43:36.796033Z","level":"info","event":"::group::Pre Execute","logger":"task","filename":"task_runner.py","lineno":2412}
{"timestamp":"2026-08-29T00:43:36.907764Z","level":"info","event":"DAG bundles loaded: dags-folder","ti_id":"01a04af8-85b3-7323-905e-9b9a49bf2bce","try_number":1,"dag_id":"healthcare_pipeline","task_id":"process_observation_silver","map_index":-1,"run_id":"manual__2026-08-29T00:43:16.241480+00:00","logger":"airflow.dag_processing.bundles.manager.DagBundlesManager","filename":"manager.py","lineno":304}
{"timestamp":"2026-08-29T00:43:36.909647Z","level":"info","event":"Filling up the DagBag from /opt/airflow/dags/healthcare_pipeline.py","ti_id":"01a04af8-85b3-7323-905e-9b9a49bf2bce","try_number":1,"dag_id":"healthcare_pipeline","task_id":"process_observation_silver","map_index":-1,"run_id":"manual__2026-08-29T00:43:16.241480+00:00","logger":"airflow.dag_processing.dagbag.BundleDagBag","filename":"dagbag.py","lineno":460}
{"timestamp":"2026-08-29T00:43:37.928961Z","level":"info","event":"Worker startup parse complete","bundle_name":"dags-folder","bundle_version":null,"dag_file":"healthcare_pipeline.py","dag_id":"healthcare_pipeline","bundle_prepare_ms":8,"dag_file_parse_ms":1019,"ti_id":"01a04af8-85b3-7323-905e-9b9a49bf2bce","try_number":1,"task_id":"process_observation_silver","map_index":-1,"run_id":"manual__2026-08-29T00:43:16.241480+00:00","logger":"task","filename":"task_runner.py","lineno":1073}
{"timestamp":"2026-08-29T00:43:37.997642Z","level":"info","event":"::endgroup::","ti_id":"01a04af8-85b3-7323-905e-9b9a49bf2bce","try_number":1,"dag_id":"healthcare_pipeline","task_id":"process_observation_silver","map_index":-1,"run_id":"manual__2026-08-29T00:43:16.241480+00:00","logger":"task","filename":"task_runner.py","lineno":2232}
{"timestamp":"2026-08-29T00:43:41.986004Z","level":"info","event":":: loading settings :: url = jar:file:/home/airflow/.local/lib/python3.11/site-packages/pyspark/jars/ivy-2.5.3.jar!/org/apache/ivy/core/settings/ivysettings.xml","logger":"task.stdout"}
{"timestamp":"2026-08-29T00:43:42.106894Z","level":"error","event":"Ivy Default Cache set to: /home/airflow/.ivy2/cache","logger":"task.stderr"}
{"timestamp":"2026-08-29T00:43:42.111045Z","level":"error","event":"The jars for the packages stored in: /home/airflow/.ivy2/jars","logger":"task.stderr"}
{"timestamp":"2026-08-29T00:43:42.125243Z","level":"error","event":"io.delta#delta-spark_2.12 added as a dependency","logger":"task.stderr"}
{"timestamp":"2026-08-29T00:43:42.127784Z","level":"error","event":":: resolving dependencies :: org.apache.spark#spark-submit-parent-03eb3284-1ca5-4b8f-8a7a-477ff5a3861c;1.0","logger":"task.stderr"}
{"timestamp":"2026-08-29T00:43:42.132563Z","level":"error","event":"\tconfs: [default]","logger":"task.stderr"}
{"timestamp":"2026-08-29T00:43:42.431606Z","level":"error","event":"\tfound io.delta#delta-spark_2.12;3.3.2 in spark-list","logger":"task.stderr"}
{"timestamp":"2026-08-29T00:43:42.533592Z","level":"error","event":"\tfound io.delta#delta-storage;3.3.2 in central","logger":"task.stderr"}
{"timestamp":"2026-08-29T00:43:42.604639Z","level":"error","event":"\tfound org.antlr#antlr4-runtime;4.9.3 in spark-list","logger":"task.stderr"}
{"timestamp":"2026-08-29T00:43:42.668527Z","level":"error","event":":: resolution report :: resolve 533ms :: artifacts dl 10ms","logger":"task.stderr"}
{"timestamp":"2026-08-29T00:43:42.672181Z","level":"error","event":"\t:: modules in use:","logger":"task.stderr"}
{"timestamp":"2026-08-29T00:43:42.676803Z","level":"error","event":"\tio.delta#delta-spark_2.12;3.3.2 from spark-list in [default]","logger":"task.stderr"}
{"timestamp":"2026-08-29T00:43:42.679603Z","level":"error","event":"\tio.delta#delta-storage;3.3.2 from central in [default]","logger":"task.stderr"}
{"timestamp":"2026-08-29T00:43:42.686017Z","level":"error","event":"\torg.antlr#antlr4-runtime;4.9.3 from spark-list in [default]","logger":"task.stderr"}
{"timestamp":"2026-08-29T00:43:42.690793Z","level":"error","event":"\t---------------------------------------------------------------------","logger":"task.stderr"}
{"timestamp":"2026-08-29T00:43:42.702618Z","level":"error","event":"\t|                  |            modules            ||   artifacts   |","logger":"task.stderr"}
{"timestamp":"2026-08-29T00:43:42.707757Z","level":"error","event":"\t|       conf       | number| search|dwnlded|evicted|| number|dwnlded|","logger":"task.stderr"}
{"timestamp":"2026-08-29T00:43:42.712912Z","level":"error","event":"\t---------------------------------------------------------------------","logger":"task.stderr"}
{"timestamp":"2026-08-29T00:43:42.718889Z","level":"error","event":"\t|      default     |   3   |   0   |   0   |   0   ||   3   |   0   |","logger":"task.stderr"}
{"timestamp":"2026-08-29T00:43:42.721882Z","level":"error","event":"\t---------------------------------------------------------------------","logger":"task.stderr"}
{"timestamp":"2026-08-29T00:43:42.732951Z","level":"error","event":":: retrieving :: org.apache.spark#spark-submit-parent-03eb3284-1ca5-4b8f-8a7a-477ff5a3861c","logger":"task.stderr"}
{"timestamp":"2026-08-29T00:43:42.737871Z","level":"error","event":"\tconfs: [default]","logger":"task.stderr"}
{"timestamp":"2026-08-29T00:43:42.739453Z","level":"error","event":"\t0 artifacts copied, 3 already retrieved (0kB/9ms)","logger":"task.stderr"}
{"timestamp":"2026-08-29T00:43:43.117811Z","level":"error","event":"26/08/29 00:43:43 WARN NativeCodeLoader: Unable to load native-hadoop library for your platform... using builtin-java classes where applicable","logger":"task.stderr"}
{"timestamp":"2026-08-29T00:43:43.960199Z","level":"error","event":"Setting default log level to \"WARN\".","logger":"task.stderr"}
{"timestamp":"2026-08-29T00:43:43.965912Z","level":"error","event":"To adjust logging level use sc.setLogLevel(newLevel). For SparkR, use setLogLevel(newLevel).","logger":"task.stderr"}
{"timestamp":"2026-08-29T00:43:46.494897Z","level":"error","event":"26/08/29 00:43:46 WARN Utils: Service 'SparkUI' could not bind on port 4040. Attempting port 4041.","logger":"task.stderr"}
{"timestamp":"2026-08-29T00:44:00.447080Z","level":"error","event":"26/08/29 00:44:00 WARN SparkStringUtils: Truncated the string representation of a plan since it was too large. This behavior can be adjusted by setting 'spark.sql.debug.maxToStringFields'.","logger":"task.stderr"}
{"timestamp":"2026-08-29T00:44:58.853414Z","level":"info","event":"","logger":"task.stdout"}
{"timestamp":"2026-08-29T00:44:58.860595Z","level":"info","event":"Observation Silver","logger":"task.stdout"}
{"timestamp":"2026-08-29T00:44:58.862990Z","level":"info","event":"------------------","logger":"task.stdout"}
{"timestamp":"2026-08-29T00:44:58.865854Z","level":"info","event":"New Bronze rows: 0","logger":"task.stdout"}
{"timestamp":"2026-08-29T00:44:58.869013Z","level":"info","event":"Rows to merge: 0","logger":"task.stdout"}
{"timestamp":"2026-08-29T00:44:58.872768Z","level":"info","event":"Status: NO NEW DATA","logger":"task.stdout"}
{"timestamp":"2026-08-29T00:45:00.005081Z","level":"info","event":"Done. Returned value was: None","ti_id":"01a04af8-85b3-7323-905e-9b9a49bf2bce","try_number":1,"dag_id":"healthcare_pipeline","task_id":"process_observation_silver","map_index":-1,"run_id":"manual__2026-08-29T00:43:16.241480+00:00","logger":"airflow.task.operators.airflow.providers.standard.decorators.python._PythonDecoratedOperator","filename":"python.py","lineno":233}
{"timestamp":"2026-08-29T00:45:00.021229Z","level":"info","event":"::group::Post Execute","ti_id":"01a04af8-85b3-7323-905e-9b9a49bf2bce","try_number":1,"dag_id":"healthcare_pipeline","task_id":"process_observation_silver","map_index":-1,"run_id":"manual__2026-08-29T00:43:16.241480+00:00","logger":"task","filename":"task_runner.py","lineno":1580}
{"timestamp":"2026-08-29T00:45:00.202193Z","level":"info","event":"::endgroup::","ti_id":"01a04af8-85b3-7323-905e-9b9a49bf2bce","try_number":1,"dag_id":"healthcare_pipeline","task_id":"process_observation_silver","map_index":-1,"run_id":"manual__2026-08-29T00:43:16.241480+00:00","logger":"task","filename":"task_runner.py","lineno":2379}
{"timestamp":"2026-08-29T00:45:03.520096Z","level":"error","event":"\r[Stage 0:>                                                          (0 + 0) / 5]\r\r[Stage 0:>                                                          (0 + 5) / 5]\r\r[Stage 2:>                                                         (0 + 0) / 50]\r\r[Stage 2:>                                                         (0 + 8) / 50]\r\r[Stage 2:==>                                                       (2 + 8) / 50]\r\r[Stage 2:=========>                                                (8 + 8) / 50]\r\r[Stage 2:===========>                                             (10 + 8) / 50]\r\r[Stage 2:===============>                                         (14 + 8) / 50]\r\r[Stage 2:===================>                                     (17 + 8) / 50]\r\r[Stage 2:=======================>                                 (21 + 8) / 50]\r\r[Stage 2:=============================>                           (26 + 8) / 50]\r\r[Stage 2:=================================>                       (29 + 8) / 50]\r\r[Stage 2:======================================>                  (34 + 8) / 50]\r\r[Stage 2:===========================================>             (38 + 8) / 50]\r\r[Stage 2:==================================================>      (44 + 6) / 50]\r\r[Stage 5:>                                                          (0 + 1) / 1]\r\r                                                                                \r\r[Stage 7:>                                                         (0 + 8) / 50]\r\r[Stage 7:===============>                                         (14 + 8) / 50]\r\r[Stage 7:=================================>                       (29 + 8) / 50]\r\r[Stage 7:=================================================>       (43 + 7) / 50]\r\r                                                                                \r\r[Stage 8:>                                                          (0 + 4) / 4]\r\r                                                                                \r\r[Stage 13:>                                                        (0 + 8) / 50]\r\r[Stage 13:=========>                                               (8 + 8) / 50]\r\r[Stage 13:==========>                                              (9 + 8) / 50]\r\r[Stage 13:============>                                           (11 + 8) / 50]\r\r[Stage 13:=================>                                      (16 + 8) / 50]\r\r[Stage 13:=====================>                                  (19 + 8) / 50]\r\r[Stage 13:========================>                               (22 + 8) / 50]\r\r[Stage 13:==========================>                             (24 + 8) / 50]\r\r[Stage 13:===============================>                        (28 + 8) / 50]\r\r[Stage 13:==================================>                     (31 + 9) / 50]\r\r[Stage 13:===================================>                    (32 + 8) / 50]\r\r[Stage 13:=======================================>                (35 + 9) / 50]\r\r[Stage 13:============================================>           (40 + 9) / 50]\r\r[Stage 13:=====================================================>  (48 + 2) / 50]","logger":"task.stderr"}
