{"timestamp":"2026-08-29T00:43:16.776598Z","level":"info","event":"::group::Pre Execute","logger":"task","filename":"task_runner.py","lineno":2412}
{"timestamp":"2026-08-29T00:43:16.807956Z","level":"info","event":"DAG bundles loaded: dags-folder","map_index":-1,"try_number":1,"run_id":"manual__2026-08-29T00:43:16.241480+00:00","ti_id":"01a04af8-85ae-7ad5-9770-21cae3104e8a","task_id":"extract_fhir_resources","dag_id":"healthcare_pipeline","logger":"airflow.dag_processing.bundles.manager.DagBundlesManager","filename":"manager.py","lineno":304}
{"timestamp":"2026-08-29T00:43:16.810498Z","level":"info","event":"Filling up the DagBag from /opt/airflow/dags/healthcare_pipeline.py","map_index":-1,"try_number":1,"run_id":"manual__2026-08-29T00:43:16.241480+00:00","ti_id":"01a04af8-85ae-7ad5-9770-21cae3104e8a","task_id":"extract_fhir_resources","dag_id":"healthcare_pipeline","logger":"airflow.dag_processing.dagbag.BundleDagBag","filename":"dagbag.py","lineno":460}
{"timestamp":"2026-08-29T00:43:17.302101Z","level":"info","event":"Worker startup parse complete","bundle_name":"dags-folder","bundle_version":null,"dag_file":"healthcare_pipeline.py","dag_id":"healthcare_pipeline","bundle_prepare_ms":8,"dag_file_parse_ms":492,"map_index":-1,"try_number":1,"run_id":"manual__2026-08-29T00:43:16.241480+00:00","ti_id":"01a04af8-85ae-7ad5-9770-21cae3104e8a","task_id":"extract_fhir_resources","logger":"task","filename":"task_runner.py","lineno":1073}
{"timestamp":"2026-08-29T00:43:17.329812Z","level":"info","event":"::endgroup::","map_index":-1,"try_number":1,"run_id":"manual__2026-08-29T00:43:16.241480+00:00","ti_id":"01a04af8-85ae-7ad5-9770-21cae3104e8a","task_id":"extract_fhir_resources","dag_id":"healthcare_pipeline","logger":"task","filename":"task_runner.py","lineno":2232}
{"timestamp":"2026-08-29T00:43:17.332773Z","level":"info","event":"Extracting Patient...","logger":"task.stdout"}
{"timestamp":"2026-08-29T00:43:17.340767Z","level":"info","event":"Extracting Patient with params: {'_count': 100, '_lastUpdated': 'gt2026-08-29T00:37:06Z'}","logger":"task.stdout"}
{"timestamp":"2026-08-29T00:43:17.448404Z","level":"info","event":"No new or updated Patient resources.","logger":"task.stdout"}
{"timestamp":"2026-08-29T00:43:17.466640Z","level":"info","event":"Extracting Encounter...","logger":"task.stdout"}
{"timestamp":"2026-08-29T00:43:17.478726Z","level":"info","event":"Extracting Encounter with params: {'_count': 100, '_lastUpdated': 'gt2026-08-29T00:37:07Z'}","logger":"task.stdout"}
{"timestamp":"2026-08-29T00:43:17.508391Z","level":"info","event":"No new or updated Encounter resources.","logger":"task.stdout"}
{"timestamp":"2026-08-29T00:43:17.525450Z","level":"info","event":"Extracting Condition...","logger":"task.stdout"}
{"timestamp":"2026-08-29T00:43:17.536691Z","level":"info","event":"Extracting Condition with params: {'_count': 100, '_lastUpdated': 'gt2026-08-29T00:37:07Z'}","logger":"task.stdout"}
{"timestamp":"2026-08-29T00:43:17.592468Z","level":"info","event":"No new or updated Condition resources.","logger":"task.stdout"}
{"timestamp":"2026-08-29T00:43:17.619077Z","level":"info","event":"Extracting Observation...","logger":"task.stdout"}
{"timestamp":"2026-08-29T00:43:17.631398Z","level":"info","event":"Extracting Observation with params: {'_count': 100, '_lastUpdated': 'gt2026-08-29T00:37:07Z'}","logger":"task.stdout"}
{"timestamp":"2026-08-29T00:43:17.647383Z","level":"info","event":"No new or updated Observation resources.","logger":"task.stdout"}
{"timestamp":"2026-08-29T00:43:17.662082Z","level":"info","event":"Extracting MedicationRequest...","logger":"task.stdout"}
{"timestamp":"2026-08-29T00:43:17.673423Z","level":"info","event":"Extracting MedicationRequest with params: {'_count': 100, '_lastUpdated': 'gt2026-08-29T00:37:07Z'}","logger":"task.stdout"}
{"timestamp":"2026-08-29T00:43:17.689414Z","level":"info","event":"No new or updated MedicationRequest resources.","logger":"task.stdout"}
{"timestamp":"2026-08-29T00:43:17.704744Z","level":"info","event":"Done. Returned value was: None","map_index":-1,"try_number":1,"run_id":"manual__2026-08-29T00:43:16.241480+00:00","ti_id":"01a04af8-85ae-7ad5-9770-21cae3104e8a","task_id":"extract_fhir_resources","dag_id":"healthcare_pipeline","logger":"airflow.task.operators.airflow.providers.standard.decorators.python._PythonDecoratedOperator","filename":"python.py","lineno":233}
{"timestamp":"2026-08-29T00:43:17.705287Z","level":"info","event":"::group::Post Execute","map_index":-1,"try_number":1,"run_id":"manual__2026-08-29T00:43:16.241480+00:00","ti_id":"01a04af8-85ae-7ad5-9770-21cae3104e8a","task_id":"extract_fhir_resources","dag_id":"healthcare_pipeline","logger":"task","filename":"task_runner.py","lineno":1580}
{"timestamp":"2026-08-29T00:43:17.732870Z","level":"info","event":"::endgroup::","map_index":-1,"try_number":1,"run_id":"manual__2026-08-29T00:43:16.241480+00:00","ti_id":"01a04af8-85ae-7ad5-9770-21cae3104e8a","task_id":"extract_fhir_resources","dag_id":"healthcare_pipeline","logger":"task","filename":"task_runner.py","lineno":2379}
