{"timestamp":"2026-08-29T00:33:23.138086Z","level":"info","event":"::group::Pre Execute","logger":"task","filename":"task_runner.py","lineno":2412}
{"timestamp":"2026-08-29T00:33:23.280540Z","level":"info","event":"DAG bundles loaded: dags-folder","try_number":1,"run_id":"manual__2026-08-29T00:33:01.251470+00:00","dag_id":"healthcare_pipeline","ti_id":"01a04aef-236e-707c-9fe4-122e1a2b80d6","map_index":-1,"task_id":"process_medication_silver","logger":"airflow.dag_processing.bundles.manager.DagBundlesManager","filename":"manager.py","lineno":304}
{"timestamp":"2026-08-29T00:33:23.283032Z","level":"info","event":"Filling up the DagBag from /opt/airflow/dags/healthcare_pipeline.py","try_number":1,"run_id":"manual__2026-08-29T00:33:01.251470+00:00","dag_id":"healthcare_pipeline","ti_id":"01a04aef-236e-707c-9fe4-122e1a2b80d6","map_index":-1,"task_id":"process_medication_silver","logger":"airflow.dag_processing.dagbag.BundleDagBag","filename":"dagbag.py","lineno":460}
{"timestamp":"2026-08-29T00:33:23.983325Z","level":"info","event":"Worker startup parse complete","bundle_name":"dags-folder","bundle_version":null,"dag_file":"healthcare_pipeline.py","dag_id":"healthcare_pipeline","bundle_prepare_ms":7,"dag_file_parse_ms":700,"try_number":1,"run_id":"manual__2026-08-29T00:33:01.251470+00:00","ti_id":"01a04aef-236e-707c-9fe4-122e1a2b80d6","map_index":-1,"task_id":"process_medication_silver","logger":"task","filename":"task_runner.py","lineno":1073}
{"timestamp":"2026-08-29T00:33:24.078322Z","level":"info","event":"::endgroup::","try_number":1,"run_id":"manual__2026-08-29T00:33:01.251470+00:00","dag_id":"healthcare_pipeline","ti_id":"01a04aef-236e-707c-9fe4-122e1a2b80d6","map_index":-1,"task_id":"process_medication_silver","logger":"task","filename":"task_runner.py","lineno":2232}
{"timestamp":"2026-08-29T00:33:26.391303Z","level":"info","event":":: loading settings :: url = jar:file:/home/airflow/.local/lib/python3.11/site-packages/pyspark/jars/ivy-2.5.3.jar!/org/apache/ivy/core/settings/ivysettings.xml","logger":"task.stdout"}
{"timestamp":"2026-08-29T00:33:26.494940Z","level":"error","event":"Ivy Default Cache set to: /home/airflow/.ivy2/cache","logger":"task.stderr"}
{"timestamp":"2026-08-29T00:33:26.501389Z","level":"error","event":"The jars for the packages stored in: /home/airflow/.ivy2/jars","logger":"task.stderr"}
{"timestamp":"2026-08-29T00:33:26.505291Z","level":"error","event":"io.delta#delta-spark_2.12 added as a dependency","logger":"task.stderr"}
{"timestamp":"2026-08-29T00:33:26.508910Z","level":"error","event":":: resolving dependencies :: org.apache.spark#spark-submit-parent-a3c69993-39a2-423d-86e6-6270ad3a2b8a;1.0","logger":"task.stderr"}
{"timestamp":"2026-08-29T00:33:26.511751Z","level":"error","event":"\tconfs: [default]","logger":"task.stderr"}
{"timestamp":"2026-08-29T00:33:26.711661Z","level":"error","event":"\tfound io.delta#delta-spark_2.12;3.3.2 in spark-list","logger":"task.stderr"}
{"timestamp":"2026-08-29T00:33:26.783576Z","level":"error","event":"\tfound io.delta#delta-storage;3.3.2 in central","logger":"task.stderr"}
{"timestamp":"2026-08-29T00:33:26.845487Z","level":"error","event":"\tfound org.antlr#antlr4-runtime;4.9.3 in spark-list","logger":"task.stderr"}
{"timestamp":"2026-08-29T00:33:26.880207Z","level":"error","event":":: resolution report :: resolve 362ms :: artifacts dl 12ms","logger":"task.stderr"}
{"timestamp":"2026-08-29T00:33:26.882627Z","level":"error","event":"\t:: modules in use:","logger":"task.stderr"}
{"timestamp":"2026-08-29T00:33:26.886288Z","level":"error","event":"\tio.delta#delta-spark_2.12;3.3.2 from spark-list in [default]","logger":"task.stderr"}
{"timestamp":"2026-08-29T00:33:26.889285Z","level":"error","event":"\tio.delta#delta-storage;3.3.2 from central in [default]","logger":"task.stderr"}
{"timestamp":"2026-08-29T00:33:26.891747Z","level":"error","event":"\torg.antlr#antlr4-runtime;4.9.3 from spark-list in [default]","logger":"task.stderr"}
{"timestamp":"2026-08-29T00:33:26.895361Z","level":"error","event":"\t---------------------------------------------------------------------","logger":"task.stderr"}
{"timestamp":"2026-08-29T00:33:26.901221Z","level":"error","event":"\t|                  |            modules            ||   artifacts   |","logger":"task.stderr"}
{"timestamp":"2026-08-29T00:33:26.902911Z","level":"error","event":"\t|       conf       | number| search|dwnlded|evicted|| number|dwnlded|","logger":"task.stderr"}
{"timestamp":"2026-08-29T00:33:26.909139Z","level":"error","event":"\t---------------------------------------------------------------------","logger":"task.stderr"}
{"timestamp":"2026-08-29T00:33:26.913036Z","level":"error","event":"\t|      default     |   3   |   0   |   0   |   0   ||   3   |   0   |","logger":"task.stderr"}
{"timestamp":"2026-08-29T00:33:26.915609Z","level":"error","event":"\t---------------------------------------------------------------------","logger":"task.stderr"}
{"timestamp":"2026-08-29T00:33:26.919708Z","level":"error","event":":: retrieving :: org.apache.spark#spark-submit-parent-a3c69993-39a2-423d-86e6-6270ad3a2b8a","logger":"task.stderr"}
{"timestamp":"2026-08-29T00:33:26.922520Z","level":"error","event":"\tconfs: [default]","logger":"task.stderr"}
{"timestamp":"2026-08-29T00:33:26.934206Z","level":"error","event":"\t0 artifacts copied, 3 already retrieved (0kB/35ms)","logger":"task.stderr"}
{"timestamp":"2026-08-29T00:33:27.374998Z","level":"error","event":"26/08/29 00:33:27 WARN NativeCodeLoader: Unable to load native-hadoop library for your platform... using builtin-java classes where applicable","logger":"task.stderr"}
{"timestamp":"2026-08-29T00:33:27.715035Z","level":"error","event":"Setting default log level to \"WARN\".","logger":"task.stderr"}
{"timestamp":"2026-08-29T00:33:27.718400Z","level":"error","event":"To adjust logging level use sc.setLogLevel(newLevel). For SparkR, use setLogLevel(newLevel).","logger":"task.stderr"}
{"timestamp":"2026-08-29T00:33:29.241689Z","level":"error","event":"26/08/29 00:33:29 WARN Utils: Service 'SparkUI' could not bind on port 4040. Attempting port 4041.","logger":"task.stderr"}
{"timestamp":"2026-08-29T00:33:40.690141Z","level":"error","event":"26/08/29 00:33:40 WARN SparkStringUtils: Truncated the string representation of a plan since it was too large. This behavior can be adjusted by setting 'spark.sql.debug.maxToStringFields'.","logger":"task.stderr"}
{"timestamp":"2026-08-29T00:34:29.400565Z","level":"info","event":"","logger":"task.stdout"}
{"timestamp":"2026-08-29T00:34:29.454059Z","level":"info","event":"MedicationRequest Silver","logger":"task.stdout"}
{"timestamp":"2026-08-29T00:34:29.479652Z","level":"info","event":"------------------------","logger":"task.stdout"}
{"timestamp":"2026-08-29T00:34:29.512705Z","level":"info","event":"New Bronze rows: 0","logger":"task.stdout"}
{"timestamp":"2026-08-29T00:34:29.616065Z","level":"info","event":"Rows to merge: 0","logger":"task.stdout"}
{"timestamp":"2026-08-29T00:34:29.635625Z","level":"info","event":"Status: NO NEW DATA","logger":"task.stdout"}
{"timestamp":"2026-08-29T00:34:30.655963Z","level":"info","event":"Done. Returned value was: None","try_number":1,"run_id":"manual__2026-08-29T00:33:01.251470+00:00","dag_id":"healthcare_pipeline","ti_id":"01a04aef-236e-707c-9fe4-122e1a2b80d6","map_index":-1,"task_id":"process_medication_silver","logger":"airflow.task.operators.airflow.providers.standard.decorators.python._PythonDecoratedOperator","filename":"python.py","lineno":233}
{"timestamp":"2026-08-29T00:34:30.671066Z","level":"info","event":"::group::Post Execute","try_number":1,"run_id":"manual__2026-08-29T00:33:01.251470+00:00","dag_id":"healthcare_pipeline","ti_id":"01a04aef-236e-707c-9fe4-122e1a2b80d6","map_index":-1,"task_id":"process_medication_silver","logger":"task","filename":"task_runner.py","lineno":1580}
{"timestamp":"2026-08-29T00:34:30.854255Z","level":"info","event":"::endgroup::","try_number":1,"run_id":"manual__2026-08-29T00:33:01.251470+00:00","dag_id":"healthcare_pipeline","ti_id":"01a04aef-236e-707c-9fe4-122e1a2b80d6","map_index":-1,"task_id":"process_medication_silver","logger":"task","filename":"task_runner.py","lineno":2379}
{"timestamp":"2026-08-29T00:34:35.167855Z","level":"error","event":"\r[Stage 0:>                                                          (0 + 0) / 5]\r\r[Stage 0:>                                                          (0 + 5) / 5]\r\r[Stage 0:===========>                                               (1 + 4) / 5]\r\r[Stage 2:>                                                         (0 + 8) / 50]\r\r[Stage 2:===>                                                      (3 + 8) / 50]\r\r[Stage 2:=========>                                                (8 + 8) / 50]\r\r[Stage 2:==========>                                               (9 + 8) / 50]\r\r[Stage 2:===========>                                             (10 + 8) / 50]\r\r[Stage 2:==================>                                      (16 + 8) / 50]\r\r[Stage 2:=======================>                                 (21 + 8) / 50]\r\r[Stage 2:==========================>                              (23 + 8) / 50]\r\r[Stage 2:===========================>                             (24 + 8) / 50]\r\r[Stage 2:=================================>                       (29 + 8) / 50]\r\r[Stage 2:===================================>                     (31 + 8) / 50]\r\r[Stage 2:======================================>                  (34 + 8) / 50]\r\r[Stage 2:===========================================>             (38 + 8) / 50]\r\r[Stage 2:=============================================>           (40 + 8) / 50]\r\r[Stage 2:====================================================>    (46 + 4) / 50]\r\r[Stage 2:======================================================>  (48 + 2) / 50]\r\r[Stage 5:>                                                          (0 + 1) / 1]\r\r                                                                                \r\r[Stage 7:>                                                         (0 + 8) / 50]\r\r[Stage 7:============>                                            (11 + 8) / 50]\r\r[Stage 7:=========================>                               (22 + 8) / 50]\r\r[Stage 7:===============================================>         (42 + 8) / 50]\r\r                                                                                \r\r[Stage 8:>                                                          (0 + 2) / 2]\r\r                                                                                \r\r[Stage 13:>                                                        (0 + 8) / 50]\r\r[Stage 13:==>                                                     (2 + 11) / 50]\r\r[Stage 13:=========>                                               (8 + 8) / 50]\r\r[Stage 13:==========>                                              (9 + 8) / 50]\r\r[Stage 13:===============>                                        (14 + 8) / 50]\r\r[Stage 13:================>                                       (15 + 8) / 50]\r\r[Stage 13:=================>                                      (16 + 8) / 50]\r\r[Stage 13:===================>                                    (17 + 8) / 50]\r\r[Stage 13:====================>                                   (18 + 8) / 50]\r\r[Stage 13:=====================>                                  (19 + 8) / 50]\r\r[Stage 13:=========================>                              (23 + 8) / 50]\r\r[Stage 13:============================>                           (25 + 8) / 50]\r\r[Stage 13:================================>                       (29 + 8) / 50]\r\r[Stage 13:===================================>                    (32 + 8) / 50]\r\r[Stage 13:======================================>                 (34 + 8) / 50]\r\r[Stage 13:==========================================>             (38 + 8) / 50]\r\r[Stage 13:============================================>           (40 + 8) / 50]\r\r[Stage 13:=============================================>          (41 + 9) / 50]\r\r[Stage 13:================================================>       (43 + 7) / 50]\r\r[Stage 13:===================================================>    (46 + 4) / 50]\r\r[Stage 13:====================================================>   (47 + 3) / 50]\r\r                                                                                \r\r[Stage 14:>                                                         (0 + 1) / 1]","logger":"task.stderr"}
