{"timestamp":"2026-09-06T01:12:39.663237Z","level":"info","event":"::group::Pre Execute","logger":"task","filename":"task_runner.py","lineno":2412}
{"timestamp":"2026-09-06T01:12:39.690625Z","level":"info","event":"DAG bundles loaded: dags-folder","dag_id":"healthcare_pipeline","map_index":-1,"run_id":"manual__2026-09-06T00:55:46.069899+00:00","ti_id":"01a07446-4be9-79f3-a043-7b23ab14ce90","try_number":2,"task_id":"process_document_reference_silver","logger":"airflow.dag_processing.bundles.manager.DagBundlesManager","filename":"manager.py","lineno":304}
{"timestamp":"2026-09-06T01:12:39.691421Z","level":"info","event":"Filling up the DagBag from /opt/airflow/dags/healthcare_pipeline.py","dag_id":"healthcare_pipeline","map_index":-1,"run_id":"manual__2026-09-06T00:55:46.069899+00:00","ti_id":"01a07446-4be9-79f3-a043-7b23ab14ce90","try_number":2,"task_id":"process_document_reference_silver","logger":"airflow.dag_processing.dagbag.BundleDagBag","filename":"dagbag.py","lineno":460}
{"timestamp":"2026-09-06T01:12:40.467454Z","level":"info","event":"Worker startup parse complete","bundle_name":"dags-folder","bundle_version":null,"dag_file":"healthcare_pipeline.py","dag_id":"healthcare_pipeline","bundle_prepare_ms":2,"dag_file_parse_ms":776,"map_index":-1,"run_id":"manual__2026-09-06T00:55:46.069899+00:00","ti_id":"01a07446-4be9-79f3-a043-7b23ab14ce90","try_number":2,"task_id":"process_document_reference_silver","logger":"task","filename":"task_runner.py","lineno":1073}
{"timestamp":"2026-09-06T01:12:40.488943Z","level":"info","event":"::endgroup::","dag_id":"healthcare_pipeline","map_index":-1,"run_id":"manual__2026-09-06T00:55:46.069899+00:00","ti_id":"01a07446-4be9-79f3-a043-7b23ab14ce90","try_number":2,"task_id":"process_document_reference_silver","logger":"task","filename":"task_runner.py","lineno":2232}
{"timestamp":"2026-09-06T01:12:41.598407Z","level":"info","event":":: loading settings :: url = jar:file:/home/airflow/.local/lib/python3.11/site-packages/pyspark/jars/ivy-2.5.3.jar!/org/apache/ivy/core/settings/ivysettings.xml","logger":"task.stdout"}
{"timestamp":"2026-09-06T01:12:41.662535Z","level":"error","event":"Ivy Default Cache set to: /home/airflow/.ivy2/cache","logger":"task.stderr"}
{"timestamp":"2026-09-06T01:12:41.665826Z","level":"error","event":"The jars for the packages stored in: /home/airflow/.ivy2/jars","logger":"task.stderr"}
{"timestamp":"2026-09-06T01:12:41.668832Z","level":"error","event":"io.delta#delta-spark_2.12 added as a dependency","logger":"task.stderr"}
{"timestamp":"2026-09-06T01:12:41.670840Z","level":"error","event":":: resolving dependencies :: org.apache.spark#spark-submit-parent-9d528a47-5e70-455d-bec0-098c2d767018;1.0","logger":"task.stderr"}
{"timestamp":"2026-09-06T01:12:41.673801Z","level":"error","event":"\tconfs: [default]","logger":"task.stderr"}
{"timestamp":"2026-09-06T01:12:41.755154Z","level":"error","event":"\tfound io.delta#delta-spark_2.12;3.3.2 in central","logger":"task.stderr"}
{"timestamp":"2026-09-06T01:12:41.778201Z","level":"error","event":"\tfound io.delta#delta-storage;3.3.2 in central","logger":"task.stderr"}
{"timestamp":"2026-09-06T01:12:41.793168Z","level":"error","event":"\tfound org.antlr#antlr4-runtime;4.9.3 in central","logger":"task.stderr"}
{"timestamp":"2026-09-06T01:12:41.807169Z","level":"error","event":":: resolution report :: resolve 134ms :: artifacts dl 6ms","logger":"task.stderr"}
{"timestamp":"2026-09-06T01:12:41.809669Z","level":"error","event":"\t:: modules in use:","logger":"task.stderr"}
{"timestamp":"2026-09-06T01:12:41.811687Z","level":"error","event":"\tio.delta#delta-spark_2.12;3.3.2 from central in [default]","logger":"task.stderr"}
{"timestamp":"2026-09-06T01:12:41.814791Z","level":"error","event":"\tio.delta#delta-storage;3.3.2 from central in [default]","logger":"task.stderr"}
{"timestamp":"2026-09-06T01:12:41.817365Z","level":"error","event":"\torg.antlr#antlr4-runtime;4.9.3 from central in [default]","logger":"task.stderr"}
{"timestamp":"2026-09-06T01:12:41.819467Z","level":"error","event":"\t---------------------------------------------------------------------","logger":"task.stderr"}
{"timestamp":"2026-09-06T01:12:41.823360Z","level":"error","event":"\t|                  |            modules            ||   artifacts   |","logger":"task.stderr"}
{"timestamp":"2026-09-06T01:12:41.826117Z","level":"error","event":"\t|       conf       | number| search|dwnlded|evicted|| number|dwnlded|","logger":"task.stderr"}
{"timestamp":"2026-09-06T01:12:41.828394Z","level":"error","event":"\t---------------------------------------------------------------------","logger":"task.stderr"}
{"timestamp":"2026-09-06T01:12:41.830024Z","level":"error","event":"\t|      default     |   3   |   0   |   0   |   0   ||   3   |   0   |","logger":"task.stderr"}
{"timestamp":"2026-09-06T01:12:41.831958Z","level":"error","event":"\t---------------------------------------------------------------------","logger":"task.stderr"}
{"timestamp":"2026-09-06T01:12:41.834873Z","level":"error","event":":: retrieving :: org.apache.spark#spark-submit-parent-9d528a47-5e70-455d-bec0-098c2d767018","logger":"task.stderr"}
{"timestamp":"2026-09-06T01:12:41.836693Z","level":"error","event":"\tconfs: [default]","logger":"task.stderr"}
{"timestamp":"2026-09-06T01:12:41.839039Z","level":"error","event":"\t0 artifacts copied, 3 already retrieved (0kB/6ms)","logger":"task.stderr"}
{"timestamp":"2026-09-06T01:12:41.948738Z","level":"error","event":"26/09/06 01:12:41 WARN NativeCodeLoader: Unable to load native-hadoop library for your platform... using builtin-java classes where applicable","logger":"task.stderr"}
{"timestamp":"2026-09-06T01:12:42.093553Z","level":"error","event":"Setting default log level to \"WARN\".","logger":"task.stderr"}
{"timestamp":"2026-09-06T01:12:42.096806Z","level":"error","event":"To adjust logging level use sc.setLogLevel(newLevel). For SparkR, use setLogLevel(newLevel).","logger":"task.stderr"}
{"timestamp":"2026-09-06T01:12:46.443724Z","level":"error","event":"26/09/06 01:12:46 WARN SparkStringUtils: Truncated the string representation of a plan since it was too large. This behavior can be adjusted by setting 'spark.sql.debug.maxToStringFields'.","logger":"task.stderr"}
{"timestamp":"2026-09-06T01:12:52.210831Z","level":"info","event":"","logger":"task.stdout"}
{"timestamp":"2026-09-06T01:12:52.215945Z","level":"info","event":"DocumentReference Silver","logger":"task.stdout"}
{"timestamp":"2026-09-06T01:12:52.218744Z","level":"info","event":"------------------------","logger":"task.stdout"}
{"timestamp":"2026-09-06T01:12:52.221647Z","level":"info","event":"New Bronze rows: 0","logger":"task.stdout"}
{"timestamp":"2026-09-06T01:12:52.223284Z","level":"info","event":"Rows to merge: 0","logger":"task.stdout"}
{"timestamp":"2026-09-06T01:12:52.227649Z","level":"info","event":"Status: NO NEW DATA","logger":"task.stdout"}
{"timestamp":"2026-09-06T01:12:52.622809Z","level":"info","event":"Done. Returned value was: None","dag_id":"healthcare_pipeline","map_index":-1,"run_id":"manual__2026-09-06T00:55:46.069899+00:00","ti_id":"01a07446-4be9-79f3-a043-7b23ab14ce90","try_number":2,"task_id":"process_document_reference_silver","logger":"airflow.task.operators.airflow.providers.standard.decorators.python._PythonDecoratedOperator","filename":"python.py","lineno":233}
{"timestamp":"2026-09-06T01:12:52.624182Z","level":"info","event":"::group::Post Execute","dag_id":"healthcare_pipeline","map_index":-1,"run_id":"manual__2026-09-06T00:55:46.069899+00:00","ti_id":"01a07446-4be9-79f3-a043-7b23ab14ce90","try_number":2,"task_id":"process_document_reference_silver","logger":"task","filename":"task_runner.py","lineno":1580}
{"timestamp":"2026-09-06T01:12:52.654737Z","level":"info","event":"::endgroup::","dag_id":"healthcare_pipeline","map_index":-1,"run_id":"manual__2026-09-06T00:55:46.069899+00:00","ti_id":"01a07446-4be9-79f3-a043-7b23ab14ce90","try_number":2,"task_id":"process_document_reference_silver","logger":"task","filename":"task_runner.py","lineno":2379}
{"timestamp":"2026-09-06T01:12:53.294417Z","level":"error","event":"\r[Stage 2:>                                                         (0 + 8) / 50]\r\r[Stage 2:===========>                                             (10 + 8) / 50]\r\r[Stage 2:=======================>                                 (21 + 8) / 50]\r\r[Stage 2:==========================================>              (37 + 8) / 50]","logger":"task.stderr"}
