{"timestamp":"2026-08-29T00:33:23.111405Z","level":"info","event":"::group::Pre Execute","logger":"task","filename":"task_runner.py","lineno":2412}
{"timestamp":"2026-08-29T00:33:23.225396Z","level":"info","event":"DAG bundles loaded: dags-folder","dag_id":"healthcare_pipeline","ti_id":"01a04aef-236d-7e00-a67e-282bb6fc6d65","map_index":-1,"task_id":"process_observation_silver","run_id":"manual__2026-08-29T00:33:01.251470+00:00","try_number":1,"logger":"airflow.dag_processing.bundles.manager.DagBundlesManager","filename":"manager.py","lineno":304}
{"timestamp":"2026-08-29T00:33:23.228416Z","level":"info","event":"Filling up the DagBag from /opt/airflow/dags/healthcare_pipeline.py","dag_id":"healthcare_pipeline","ti_id":"01a04aef-236d-7e00-a67e-282bb6fc6d65","map_index":-1,"task_id":"process_observation_silver","run_id":"manual__2026-08-29T00:33:01.251470+00:00","try_number":1,"logger":"airflow.dag_processing.dagbag.BundleDagBag","filename":"dagbag.py","lineno":460}
{"timestamp":"2026-08-29T00:33:23.957917Z","level":"info","event":"Worker startup parse complete","bundle_name":"dags-folder","bundle_version":null,"dag_file":"healthcare_pipeline.py","dag_id":"healthcare_pipeline","bundle_prepare_ms":6,"dag_file_parse_ms":729,"ti_id":"01a04aef-236d-7e00-a67e-282bb6fc6d65","map_index":-1,"task_id":"process_observation_silver","run_id":"manual__2026-08-29T00:33:01.251470+00:00","try_number":1,"logger":"task","filename":"task_runner.py","lineno":1073}
{"timestamp":"2026-08-29T00:33:24.059104Z","level":"info","event":"::endgroup::","dag_id":"healthcare_pipeline","ti_id":"01a04aef-236d-7e00-a67e-282bb6fc6d65","map_index":-1,"task_id":"process_observation_silver","run_id":"manual__2026-08-29T00:33:01.251470+00:00","try_number":1,"logger":"task","filename":"task_runner.py","lineno":2232}
{"timestamp":"2026-08-29T00:33:26.562918Z","level":"info","event":":: loading settings :: url = jar:file:/home/airflow/.local/lib/python3.11/site-packages/pyspark/jars/ivy-2.5.3.jar!/org/apache/ivy/core/settings/ivysettings.xml","logger":"task.stdout"}
{"timestamp":"2026-08-29T00:33:26.754133Z","level":"error","event":"Ivy Default Cache set to: /home/airflow/.ivy2/cache","logger":"task.stderr"}
{"timestamp":"2026-08-29T00:33:26.758411Z","level":"error","event":"The jars for the packages stored in: /home/airflow/.ivy2/jars","logger":"task.stderr"}
{"timestamp":"2026-08-29T00:33:26.773203Z","level":"error","event":"io.delta#delta-spark_2.12 added as a dependency","logger":"task.stderr"}
{"timestamp":"2026-08-29T00:33:26.782363Z","level":"error","event":":: resolving dependencies :: org.apache.spark#spark-submit-parent-f8799f52-911d-4d3c-8cfd-5ed08efb8b75;1.0","logger":"task.stderr"}
{"timestamp":"2026-08-29T00:33:26.787122Z","level":"error","event":"\tconfs: [default]","logger":"task.stderr"}
{"timestamp":"2026-08-29T00:33:27.028607Z","level":"error","event":"\tfound io.delta#delta-spark_2.12;3.3.2 in spark-list","logger":"task.stderr"}
{"timestamp":"2026-08-29T00:33:27.062739Z","level":"error","event":"\tfound io.delta#delta-storage;3.3.2 in central","logger":"task.stderr"}
{"timestamp":"2026-08-29T00:33:27.112652Z","level":"error","event":"\tfound org.antlr#antlr4-runtime;4.9.3 in spark-list","logger":"task.stderr"}
{"timestamp":"2026-08-29T00:33:27.136121Z","level":"error","event":":: resolution report :: resolve 341ms :: artifacts dl 13ms","logger":"task.stderr"}
{"timestamp":"2026-08-29T00:33:27.139155Z","level":"error","event":"\t:: modules in use:","logger":"task.stderr"}
{"timestamp":"2026-08-29T00:33:27.141356Z","level":"error","event":"\tio.delta#delta-spark_2.12;3.3.2 from spark-list in [default]","logger":"task.stderr"}
{"timestamp":"2026-08-29T00:33:27.143586Z","level":"error","event":"\tio.delta#delta-storage;3.3.2 from central in [default]","logger":"task.stderr"}
{"timestamp":"2026-08-29T00:33:27.145712Z","level":"error","event":"\torg.antlr#antlr4-runtime;4.9.3 from spark-list in [default]","logger":"task.stderr"}
{"timestamp":"2026-08-29T00:33:27.147678Z","level":"error","event":"\t---------------------------------------------------------------------","logger":"task.stderr"}
{"timestamp":"2026-08-29T00:33:27.155914Z","level":"error","event":"\t|                  |            modules            ||   artifacts   |","logger":"task.stderr"}
{"timestamp":"2026-08-29T00:33:27.165056Z","level":"error","event":"\t|       conf       | number| search|dwnlded|evicted|| number|dwnlded|","logger":"task.stderr"}
{"timestamp":"2026-08-29T00:33:27.168376Z","level":"error","event":"\t---------------------------------------------------------------------","logger":"task.stderr"}
{"timestamp":"2026-08-29T00:33:27.170139Z","level":"error","event":"\t|      default     |   3   |   0   |   0   |   0   ||   3   |   0   |","logger":"task.stderr"}
{"timestamp":"2026-08-29T00:33:27.173335Z","level":"error","event":"\t---------------------------------------------------------------------","logger":"task.stderr"}
{"timestamp":"2026-08-29T00:33:27.176959Z","level":"error","event":":: retrieving :: org.apache.spark#spark-submit-parent-f8799f52-911d-4d3c-8cfd-5ed08efb8b75","logger":"task.stderr"}
{"timestamp":"2026-08-29T00:33:27.179892Z","level":"error","event":"\tconfs: [default]","logger":"task.stderr"}
{"timestamp":"2026-08-29T00:33:27.182000Z","level":"error","event":"\t0 artifacts copied, 3 already retrieved (0kB/30ms)","logger":"task.stderr"}
{"timestamp":"2026-08-29T00:33:27.660487Z","level":"error","event":"26/08/29 00:33:27 WARN NativeCodeLoader: Unable to load native-hadoop library for your platform... using builtin-java classes where applicable","logger":"task.stderr"}
{"timestamp":"2026-08-29T00:33:27.917724Z","level":"error","event":"Setting default log level to \"WARN\".","logger":"task.stderr"}
{"timestamp":"2026-08-29T00:33:27.921430Z","level":"error","event":"To adjust logging level use sc.setLogLevel(newLevel). For SparkR, use setLogLevel(newLevel).","logger":"task.stderr"}
{"timestamp":"2026-08-29T00:33:29.424591Z","level":"error","event":"26/08/29 00:33:29 WARN Utils: Service 'SparkUI' could not bind on port 4040. Attempting port 4041.","logger":"task.stderr"}
{"timestamp":"2026-08-29T00:33:29.470553Z","level":"error","event":"26/08/29 00:33:29 WARN Utils: Service 'SparkUI' could not bind on port 4041. Attempting port 4042.","logger":"task.stderr"}
{"timestamp":"2026-08-29T00:33:40.267435Z","level":"error","event":"26/08/29 00:33:40 WARN SparkStringUtils: Truncated the string representation of a plan since it was too large. This behavior can be adjusted by setting 'spark.sql.debug.maxToStringFields'.","logger":"task.stderr"}
{"timestamp":"2026-08-29T00:34:24.983437Z","level":"info","event":"","logger":"task.stdout"}
{"timestamp":"2026-08-29T00:34:24.991036Z","level":"info","event":"Observation Silver","logger":"task.stdout"}
{"timestamp":"2026-08-29T00:34:24.999377Z","level":"info","event":"------------------","logger":"task.stdout"}
{"timestamp":"2026-08-29T00:34:25.006094Z","level":"info","event":"New Bronze rows: 0","logger":"task.stdout"}
{"timestamp":"2026-08-29T00:34:25.009986Z","level":"info","event":"Rows to merge: 0","logger":"task.stdout"}
{"timestamp":"2026-08-29T00:34:25.015984Z","level":"info","event":"Status: NO NEW DATA","logger":"task.stdout"}
{"timestamp":"2026-08-29T00:34:27.663258Z","level":"info","event":"Done. Returned value was: None","dag_id":"healthcare_pipeline","ti_id":"01a04aef-236d-7e00-a67e-282bb6fc6d65","map_index":-1,"task_id":"process_observation_silver","run_id":"manual__2026-08-29T00:33:01.251470+00:00","try_number":1,"logger":"airflow.task.operators.airflow.providers.standard.decorators.python._PythonDecoratedOperator","filename":"python.py","lineno":233}
{"timestamp":"2026-08-29T00:34:27.702283Z","level":"info","event":"::group::Post Execute","dag_id":"healthcare_pipeline","ti_id":"01a04aef-236d-7e00-a67e-282bb6fc6d65","map_index":-1,"task_id":"process_observation_silver","run_id":"manual__2026-08-29T00:33:01.251470+00:00","try_number":1,"logger":"task","filename":"task_runner.py","lineno":1580}
{"timestamp":"2026-08-29T00:34:28.188383Z","level":"info","event":"::endgroup::","dag_id":"healthcare_pipeline","ti_id":"01a04aef-236d-7e00-a67e-282bb6fc6d65","map_index":-1,"task_id":"process_observation_silver","run_id":"manual__2026-08-29T00:33:01.251470+00:00","try_number":1,"logger":"task","filename":"task_runner.py","lineno":2379}
{"timestamp":"2026-08-29T00:34:34.540634Z","level":"error","event":"\r[Stage 0:>                                                          (0 + 0) / 5]\r\r[Stage 0:>                                                          (0 + 5) / 5]\r\r[Stage 2:>                                                         (0 + 8) / 50]\r\r[Stage 2:====>                                                    (4 + 10) / 50]\r\r[Stage 2:=========>                                                (8 + 8) / 50]\r\r[Stage 2:===========>                                             (10 + 8) / 50]\r\r[Stage 2:===============>                                         (14 + 8) / 50]\r\r[Stage 2:==================>                                      (16 + 8) / 50]\r\r[Stage 2:===================>                                     (17 + 8) / 50]\r\r[Stage 2:=====================>                                   (19 + 9) / 50]\r\r[Stage 2:==========================>                              (23 + 8) / 50]\r\r[Stage 2:============================>                            (25 + 8) / 50]\r\r[Stage 2:==============================>                          (27 + 8) / 50]\r\r[Stage 2:===================================>                     (31 + 8) / 50]\r\r[Stage 2:=======================================>                 (35 + 8) / 50]\r\r[Stage 2:=========================================>               (36 + 8) / 50]\r\r[Stage 2:=================================================>       (43 + 7) / 50]\r\r[Stage 2:======================================================>  (48 + 2) / 50]\r\r                                                                                \r\r[Stage 7:>                                                         (0 + 8) / 50]\r\r[Stage 7:>                                                        (0 + 13) / 50]\r\r[Stage 7:=================>                                       (15 + 8) / 50]\r\r[Stage 7:=====================>                                   (19 + 9) / 50]\r\r[Stage 7:===================================>                     (31 + 8) / 50]\r\r[Stage 7:====================================================>    (46 + 4) / 50]\r\r                                                                                \r\r[Stage 8:>                                                          (0 + 4) / 4]\r\r                                                                                \r\r[Stage 13:>                                                        (0 + 8) / 50]\r\r[Stage 13:=======>                                                 (7 + 8) / 50]\r\r[Stage 13:=========>                                               (8 + 8) / 50]\r\r[Stage 13:=================>                                      (16 + 8) / 50]\r\r[Stage 13:======================>                                 (20 + 8) / 50]\r\r[Stage 13:============================>                           (25 + 8) / 50]\r\r[Stage 13:==============================>                         (27 + 8) / 50]\r\r[Stage 13:================================>                       (29 + 8) / 50]\r\r[Stage 13:====================================>                   (33 + 9) / 50]\r\r[Stage 13:========================================>               (36 + 8) / 50]\r\r[Stage 13:=============================================>          (41 + 8) / 50]\r\r[Stage 13:=================================================>      (44 + 6) / 50]\r\r                                                                                \r\r[Stage 14:>                                                         (0 + 1) / 1]","logger":"task.stderr"}
