{"timestamp":"2026-08-24T03:04:16.129865Z","level":"info","event":"::group::Pre Execute","logger":"task","filename":"task_runner.py","lineno":2412}
{"timestamp":"2026-08-24T03:04:16.154805Z","level":"info","event":"DAG bundles loaded: dags-folder","try_number":1,"dag_id":"healthcare_pipeline","map_index":-1,"ti_id":"01a031b9-cd42-760e-b6f6-be7ea8b9ed28","run_id":"manual__2026-08-24T03:04:15.392669+00:00","task_id":"extract_fhir_resources","logger":"airflow.dag_processing.bundles.manager.DagBundlesManager","filename":"manager.py","lineno":304}
{"timestamp":"2026-08-24T03:04:16.155512Z","level":"info","event":"Filling up the DagBag from /opt/airflow/dags/healthcare_pipeline.py","try_number":1,"dag_id":"healthcare_pipeline","map_index":-1,"ti_id":"01a031b9-cd42-760e-b6f6-be7ea8b9ed28","run_id":"manual__2026-08-24T03:04:15.392669+00:00","task_id":"extract_fhir_resources","logger":"airflow.dag_processing.dagbag.BundleDagBag","filename":"dagbag.py","lineno":460}
{"timestamp":"2026-08-24T03:04:16.276151Z","level":"info","event":"Worker startup parse complete","bundle_name":"dags-folder","bundle_version":null,"dag_file":"healthcare_pipeline.py","dag_id":"healthcare_pipeline","bundle_prepare_ms":1,"dag_file_parse_ms":120,"try_number":1,"map_index":-1,"ti_id":"01a031b9-cd42-760e-b6f6-be7ea8b9ed28","run_id":"manual__2026-08-24T03:04:15.392669+00:00","task_id":"extract_fhir_resources","logger":"task","filename":"task_runner.py","lineno":1073}
{"timestamp":"2026-08-24T03:04:16.294487Z","level":"info","event":"::endgroup::","try_number":1,"dag_id":"healthcare_pipeline","map_index":-1,"ti_id":"01a031b9-cd42-760e-b6f6-be7ea8b9ed28","run_id":"manual__2026-08-24T03:04:15.392669+00:00","task_id":"extract_fhir_resources","logger":"task","filename":"task_runner.py","lineno":2232}
{"timestamp":"2026-08-24T03:04:16.297374Z","level":"info","event":"Extracting Patient...","logger":"task.stdout"}
{"timestamp":"2026-08-24T03:04:16.300847Z","level":"info","event":"Extracting Patient with params: {'_count': 100, '_lastUpdated': 'gt2026-08-22T20:08:47Z'}","logger":"task.stdout"}
{"timestamp":"2026-08-24T03:04:16.806611Z","level":"info","event":"Retrieved 20 Patient resources. Saved to /opt/airflow/project/data/bronze/patient/2026-08-24/20260824T030416Z/bundle.json","logger":"task.stdout"}
{"timestamp":"2026-08-24T03:04:16.816595Z","level":"info","event":"Extracting Encounter...","logger":"task.stdout"}
{"timestamp":"2026-08-24T03:04:16.822487Z","level":"info","event":"Extracting Encounter with params: {'_count': 100, '_lastUpdated': 'gt2026-08-22T20:08:47Z'}","logger":"task.stdout"}
{"timestamp":"2026-08-24T03:04:20.628362Z","level":"info","event":"Retrieved 1539 Encounter resources. Saved to /opt/airflow/project/data/bronze/encounter/2026-08-24/20260824T030419Z/bundle.json","logger":"task.stdout"}
{"timestamp":"2026-08-24T03:04:20.639810Z","level":"info","event":"Extracting Condition...","logger":"task.stdout"}
{"timestamp":"2026-08-24T03:04:20.651501Z","level":"info","event":"Extracting Condition with params: {'_count': 100, '_lastUpdated': 'gt2026-08-22T20:08:47Z'}","logger":"task.stdout"}
{"timestamp":"2026-08-24T03:04:22.572048Z","level":"info","event":"Retrieved 708 Condition resources. Saved to /opt/airflow/project/data/bronze/condition/2026-08-24/20260824T030422Z/bundle.json","logger":"task.stdout"}
{"timestamp":"2026-08-24T03:04:22.590717Z","level":"info","event":"Extracting Observation...","logger":"task.stdout"}
{"timestamp":"2026-08-24T03:04:22.595947Z","level":"info","event":"Extracting Observation with params: {'_count': 100, '_lastUpdated': 'gt2026-08-22T20:08:47Z'}","logger":"task.stdout"}
{"timestamp":"2026-08-24T03:04:33.136678Z","level":"info","event":"Retrieved 9439 Observation resources. Saved to /opt/airflow/project/data/bronze/observation/2026-08-24/20260824T030427Z/bundle.json","logger":"task.stdout"}
{"timestamp":"2026-08-24T03:04:33.147217Z","level":"info","event":"Extracting MedicationRequest...","logger":"task.stdout"}
{"timestamp":"2026-08-24T03:04:33.154509Z","level":"info","event":"Extracting MedicationRequest with params: {'_count': 100, '_lastUpdated': 'gt2026-08-22T20:08:47Z'}","logger":"task.stdout"}
{"timestamp":"2026-08-24T03:04:34.820608Z","level":"info","event":"Retrieved 516 MedicationRequest resources. Saved to /opt/airflow/project/data/bronze/medicationrequest/2026-08-24/20260824T030434Z/bundle.json","logger":"task.stdout"}
{"timestamp":"2026-08-24T03:04:34.831614Z","level":"info","event":"Done. Returned value was: None","try_number":1,"dag_id":"healthcare_pipeline","map_index":-1,"ti_id":"01a031b9-cd42-760e-b6f6-be7ea8b9ed28","run_id":"manual__2026-08-24T03:04:15.392669+00:00","task_id":"extract_fhir_resources","logger":"airflow.task.operators.airflow.providers.standard.decorators.python._PythonDecoratedOperator","filename":"python.py","lineno":233}
{"timestamp":"2026-08-24T03:04:34.831866Z","level":"info","event":"::group::Post Execute","try_number":1,"dag_id":"healthcare_pipeline","map_index":-1,"ti_id":"01a031b9-cd42-760e-b6f6-be7ea8b9ed28","run_id":"manual__2026-08-24T03:04:15.392669+00:00","task_id":"extract_fhir_resources","logger":"task","filename":"task_runner.py","lineno":1580}
{"timestamp":"2026-08-24T03:04:34.851457Z","level":"info","event":"::endgroup::","try_number":1,"dag_id":"healthcare_pipeline","map_index":-1,"ti_id":"01a031b9-cd42-760e-b6f6-be7ea8b9ed28","run_id":"manual__2026-08-24T03:04:15.392669+00:00","task_id":"extract_fhir_resources","logger":"task","filename":"task_runner.py","lineno":2379}
