{"timestamp":"2026-09-06T02:51:54.913143Z","level":"info","event":"::group::Pre Execute","logger":"task","filename":"task_runner.py","lineno":2412}
{"timestamp":"2026-09-06T02:51:54.936937Z","level":"info","event":"DAG bundles loaded: dags-folder","map_index":-1,"dag_id":"healthcare_pipeline","try_number":1,"task_id":"extract_fhir_resources","ti_id":"01a074a1-2afd-77b2-8e39-7901a51f3493","run_id":"manual__2026-09-06T02:51:54.418176+00:00","logger":"airflow.dag_processing.bundles.manager.DagBundlesManager","filename":"manager.py","lineno":304}
{"timestamp":"2026-09-06T02:51:54.937665Z","level":"info","event":"Filling up the DagBag from /opt/airflow/dags/healthcare_pipeline.py","map_index":-1,"dag_id":"healthcare_pipeline","try_number":1,"task_id":"extract_fhir_resources","ti_id":"01a074a1-2afd-77b2-8e39-7901a51f3493","run_id":"manual__2026-09-06T02:51:54.418176+00:00","logger":"airflow.dag_processing.dagbag.BundleDagBag","filename":"dagbag.py","lineno":460}
{"timestamp":"2026-09-06T02:51:55.665303Z","level":"info","event":"Worker startup parse complete","bundle_name":"dags-folder","bundle_version":null,"dag_file":"healthcare_pipeline.py","dag_id":"healthcare_pipeline","bundle_prepare_ms":1,"dag_file_parse_ms":727,"map_index":-1,"try_number":1,"task_id":"extract_fhir_resources","ti_id":"01a074a1-2afd-77b2-8e39-7901a51f3493","run_id":"manual__2026-09-06T02:51:54.418176+00:00","logger":"task","filename":"task_runner.py","lineno":1073}
{"timestamp":"2026-09-06T02:51:55.694461Z","level":"info","event":"::endgroup::","map_index":-1,"dag_id":"healthcare_pipeline","try_number":1,"task_id":"extract_fhir_resources","ti_id":"01a074a1-2afd-77b2-8e39-7901a51f3493","run_id":"manual__2026-09-06T02:51:54.418176+00:00","logger":"task","filename":"task_runner.py","lineno":2232}
{"timestamp":"2026-09-06T02:51:55.696496Z","level":"info","event":"Extracting Patient...","logger":"task.stdout"}
{"timestamp":"2026-09-06T02:51:55.706558Z","level":"info","event":"Extracting Patient with params: {'_count': 100, '_lastUpdated': 'gt2026-09-06T00:55:50Z'}","logger":"task.stdout"}
{"timestamp":"2026-09-06T02:51:57.812507Z","level":"info","event":"No new or updated Patient resources.","logger":"task.stdout"}
{"timestamp":"2026-09-06T02:51:57.832789Z","level":"info","event":"Extracting Encounter...","logger":"task.stdout"}
{"timestamp":"2026-09-06T02:51:57.843879Z","level":"info","event":"Extracting Encounter with params: {'_count': 100, '_lastUpdated': 'gt2026-09-06T00:55:50Z'}","logger":"task.stdout"}
{"timestamp":"2026-09-06T02:51:57.910933Z","level":"info","event":"No new or updated Encounter resources.","logger":"task.stdout"}
{"timestamp":"2026-09-06T02:51:57.930288Z","level":"info","event":"Extracting Condition...","logger":"task.stdout"}
{"timestamp":"2026-09-06T02:51:57.944468Z","level":"info","event":"Extracting Condition with params: {'_count': 100, '_lastUpdated': 'gt2026-09-06T00:55:50Z'}","logger":"task.stdout"}
{"timestamp":"2026-09-06T02:51:57.969312Z","level":"info","event":"No new or updated Condition resources.","logger":"task.stdout"}
{"timestamp":"2026-09-06T02:51:57.980363Z","level":"info","event":"Extracting Observation...","logger":"task.stdout"}
{"timestamp":"2026-09-06T02:51:57.988506Z","level":"info","event":"Extracting Observation with params: {'_count': 100, '_lastUpdated': 'gt2026-09-06T00:55:50Z'}","logger":"task.stdout"}
{"timestamp":"2026-09-06T02:51:58.010282Z","level":"info","event":"No new or updated Observation resources.","logger":"task.stdout"}
{"timestamp":"2026-09-06T02:51:58.021436Z","level":"info","event":"Extracting MedicationRequest...","logger":"task.stdout"}
{"timestamp":"2026-09-06T02:51:58.026603Z","level":"info","event":"Extracting MedicationRequest with params: {'_count': 100, '_lastUpdated': 'gt2026-09-06T00:55:50Z'}","logger":"task.stdout"}
{"timestamp":"2026-09-06T02:51:58.050543Z","level":"info","event":"No new or updated MedicationRequest resources.","logger":"task.stdout"}
{"timestamp":"2026-09-06T02:51:58.062099Z","level":"info","event":"Extracting DocumentReference...","logger":"task.stdout"}
{"timestamp":"2026-09-06T02:51:58.069261Z","level":"info","event":"Extracting DocumentReference with params: {'_count': 100, '_lastUpdated': 'gt2026-09-06T00:55:50Z'}","logger":"task.stdout"}
{"timestamp":"2026-09-06T02:51:58.107014Z","level":"info","event":"No new or updated DocumentReference resources.","logger":"task.stdout"}
{"timestamp":"2026-09-06T02:51:58.119045Z","level":"info","event":"Done. Returned value was: None","map_index":-1,"dag_id":"healthcare_pipeline","try_number":1,"task_id":"extract_fhir_resources","ti_id":"01a074a1-2afd-77b2-8e39-7901a51f3493","run_id":"manual__2026-09-06T02:51:54.418176+00:00","logger":"airflow.task.operators.airflow.providers.standard.decorators.python._PythonDecoratedOperator","filename":"python.py","lineno":233}
{"timestamp":"2026-09-06T02:51:58.120422Z","level":"info","event":"::group::Post Execute","map_index":-1,"dag_id":"healthcare_pipeline","try_number":1,"task_id":"extract_fhir_resources","ti_id":"01a074a1-2afd-77b2-8e39-7901a51f3493","run_id":"manual__2026-09-06T02:51:54.418176+00:00","logger":"task","filename":"task_runner.py","lineno":1580}
{"timestamp":"2026-09-06T02:51:58.159541Z","level":"info","event":"::endgroup::","map_index":-1,"dag_id":"healthcare_pipeline","try_number":1,"task_id":"extract_fhir_resources","ti_id":"01a074a1-2afd-77b2-8e39-7901a51f3493","run_id":"manual__2026-09-06T02:51:54.418176+00:00","logger":"task","filename":"task_runner.py","lineno":2379}
