{"timestamp":"2026-09-06T00:55:51.441428Z","level":"info","event":"::group::Pre Execute","logger":"task","filename":"task_runner.py","lineno":2412}
{"timestamp":"2026-09-06T00:55:51.458407Z","level":"info","event":"DAG bundles loaded: dags-folder","task_id":"process_bronze_to_delta","run_id":"manual__2026-09-06T00:55:46.069899+00:00","try_number":1,"dag_id":"healthcare_pipeline","map_index":-1,"ti_id":"01a07436-d6d3-7161-b7a9-c213ee209b54","logger":"airflow.dag_processing.bundles.manager.DagBundlesManager","filename":"manager.py","lineno":304}
{"timestamp":"2026-09-06T00:55:51.458839Z","level":"info","event":"Filling up the DagBag from /opt/airflow/dags/healthcare_pipeline.py","task_id":"process_bronze_to_delta","run_id":"manual__2026-09-06T00:55:46.069899+00:00","try_number":1,"dag_id":"healthcare_pipeline","map_index":-1,"ti_id":"01a07436-d6d3-7161-b7a9-c213ee209b54","logger":"airflow.dag_processing.dagbag.BundleDagBag","filename":"dagbag.py","lineno":460}
{"timestamp":"2026-09-06T00:55:52.108514Z","level":"info","event":"Worker startup parse complete","bundle_name":"dags-folder","bundle_version":null,"dag_file":"healthcare_pipeline.py","dag_id":"healthcare_pipeline","bundle_prepare_ms":1,"dag_file_parse_ms":649,"task_id":"process_bronze_to_delta","run_id":"manual__2026-09-06T00:55:46.069899+00:00","try_number":1,"map_index":-1,"ti_id":"01a07436-d6d3-7161-b7a9-c213ee209b54","logger":"task","filename":"task_runner.py","lineno":1073}
{"timestamp":"2026-09-06T00:55:52.130987Z","level":"info","event":"::endgroup::","task_id":"process_bronze_to_delta","run_id":"manual__2026-09-06T00:55:46.069899+00:00","try_number":1,"dag_id":"healthcare_pipeline","map_index":-1,"ti_id":"01a07436-d6d3-7161-b7a9-c213ee209b54","logger":"task","filename":"task_runner.py","lineno":2232}
{"timestamp":"2026-09-06T00:55:53.087550Z","level":"info","event":":: loading settings :: url = jar:file:/home/airflow/.local/lib/python3.11/site-packages/pyspark/jars/ivy-2.5.3.jar!/org/apache/ivy/core/settings/ivysettings.xml","logger":"task.stdout"}
{"timestamp":"2026-09-06T00:55:53.135242Z","level":"error","event":"Ivy Default Cache set to: /home/airflow/.ivy2/cache","logger":"task.stderr"}
{"timestamp":"2026-09-06T00:55:53.137618Z","level":"error","event":"The jars for the packages stored in: /home/airflow/.ivy2/jars","logger":"task.stderr"}
{"timestamp":"2026-09-06T00:55:53.140206Z","level":"error","event":"io.delta#delta-spark_2.12 added as a dependency","logger":"task.stderr"}
{"timestamp":"2026-09-06T00:55:53.143232Z","level":"error","event":":: resolving dependencies :: org.apache.spark#spark-submit-parent-29584a22-4060-480e-baf7-26d1eafd7e89;1.0","logger":"task.stderr"}
{"timestamp":"2026-09-06T00:55:53.145247Z","level":"error","event":"\tconfs: [default]","logger":"task.stderr"}
{"timestamp":"2026-09-06T00:55:53.622789Z","level":"error","event":"\tfound io.delta#delta-spark_2.12;3.3.2 in central","logger":"task.stderr"}
{"timestamp":"2026-09-06T00:55:53.726730Z","level":"error","event":"\tfound io.delta#delta-storage;3.3.2 in central","logger":"task.stderr"}
{"timestamp":"2026-09-06T00:55:54.682336Z","level":"error","event":"\tfound org.antlr#antlr4-runtime;4.9.3 in central","logger":"task.stderr"}
{"timestamp":"2026-09-06T00:55:54.753589Z","level":"error","event":"downloading https://repo1.maven.org/maven2/io/delta/delta-spark_2.12/3.3.2/delta-spark_2.12-3.3.2.jar ...","logger":"task.stderr"}
{"timestamp":"2026-09-06T00:55:55.616771Z","level":"error","event":"\t[SUCCESSFUL ] io.delta#delta-spark_2.12;3.3.2!delta-spark_2.12.jar (911ms)","logger":"task.stderr"}
{"timestamp":"2026-09-06T00:55:55.667453Z","level":"error","event":"downloading https://repo1.maven.org/maven2/io/delta/delta-storage/3.3.2/delta-storage-3.3.2.jar ...","logger":"task.stderr"}
{"timestamp":"2026-09-06T00:55:55.723107Z","level":"error","event":"\t[SUCCESSFUL ] io.delta#delta-storage;3.3.2!delta-storage.jar (103ms)","logger":"task.stderr"}
{"timestamp":"2026-09-06T00:55:55.765486Z","level":"error","event":"downloading https://repo1.maven.org/maven2/org/antlr/antlr4-runtime/4.9.3/antlr4-runtime-4.9.3.jar ...","logger":"task.stderr"}
{"timestamp":"2026-09-06T00:55:55.846762Z","level":"error","event":"\t[SUCCESSFUL ] org.antlr#antlr4-runtime;4.9.3!antlr4-runtime.jar (121ms)","logger":"task.stderr"}
{"timestamp":"2026-09-06T00:55:55.850172Z","level":"error","event":":: resolution report :: resolve 1563ms :: artifacts dl 1144ms","logger":"task.stderr"}
{"timestamp":"2026-09-06T00:55:55.852247Z","level":"error","event":"\t:: modules in use:","logger":"task.stderr"}
{"timestamp":"2026-09-06T00:55:55.854137Z","level":"error","event":"\tio.delta#delta-spark_2.12;3.3.2 from central in [default]","logger":"task.stderr"}
{"timestamp":"2026-09-06T00:55:55.857243Z","level":"error","event":"\tio.delta#delta-storage;3.3.2 from central in [default]","logger":"task.stderr"}
{"timestamp":"2026-09-06T00:55:55.860223Z","level":"error","event":"\torg.antlr#antlr4-runtime;4.9.3 from central in [default]","logger":"task.stderr"}
{"timestamp":"2026-09-06T00:55:55.862666Z","level":"error","event":"\t---------------------------------------------------------------------","logger":"task.stderr"}
{"timestamp":"2026-09-06T00:55:55.865109Z","level":"error","event":"\t|                  |            modules            ||   artifacts   |","logger":"task.stderr"}
{"timestamp":"2026-09-06T00:55:55.867876Z","level":"error","event":"\t|       conf       | number| search|dwnlded|evicted|| number|dwnlded|","logger":"task.stderr"}
{"timestamp":"2026-09-06T00:55:55.870604Z","level":"error","event":"\t---------------------------------------------------------------------","logger":"task.stderr"}
{"timestamp":"2026-09-06T00:55:55.872615Z","level":"error","event":"\t|      default     |   3   |   3   |   3   |   0   ||   3   |   3   |","logger":"task.stderr"}
{"timestamp":"2026-09-06T00:55:55.874891Z","level":"error","event":"\t---------------------------------------------------------------------","logger":"task.stderr"}
{"timestamp":"2026-09-06T00:55:55.877201Z","level":"error","event":":: retrieving :: org.apache.spark#spark-submit-parent-29584a22-4060-480e-baf7-26d1eafd7e89","logger":"task.stderr"}
{"timestamp":"2026-09-06T00:55:55.879220Z","level":"error","event":"\tconfs: [default]","logger":"task.stderr"}
{"timestamp":"2026-09-06T00:55:55.881140Z","level":"error","event":"\t3 artifacts copied, 0 already retrieved (7313kB/24ms)","logger":"task.stderr"}
{"timestamp":"2026-09-06T00:55:56.012363Z","level":"error","event":"26/09/06 00:55:56 WARN NativeCodeLoader: Unable to load native-hadoop library for your platform... using builtin-java classes where applicable","logger":"task.stderr"}
{"timestamp":"2026-09-06T00:55:56.150897Z","level":"error","event":"Setting default log level to \"WARN\".","logger":"task.stderr"}
{"timestamp":"2026-09-06T00:55:56.153280Z","level":"error","event":"To adjust logging level use sc.setLogLevel(newLevel). For SparkR, use setLogLevel(newLevel).","logger":"task.stderr"}
{"timestamp":"2026-09-06T00:55:57.574778Z","level":"info","event":"Processing Patient...","logger":"task.stdout"}
{"timestamp":"2026-09-06T00:56:01.218469Z","level":"error","event":"26/09/06 00:56:01 WARN SparkStringUtils: Truncated the string representation of a plan since it was too large. This behavior can be adjusted by setting 'spark.sql.debug.maxToStringFields'.","logger":"task.stderr"}
{"timestamp":"2026-09-06T00:56:06.792909Z","level":"info","event":"Patient: No new Bronze files to process.","logger":"task.stdout"}
{"timestamp":"2026-09-06T00:56:06.796674Z","level":"info","event":"Processing Encounter...","logger":"task.stdout"}
{"timestamp":"2026-09-06T00:56:08.833526Z","level":"info","event":"Encounter: No new Bronze files to process.","logger":"task.stdout"}
{"timestamp":"2026-09-06T00:56:08.835413Z","level":"info","event":"Processing Condition...","logger":"task.stdout"}
{"timestamp":"2026-09-06T00:56:10.935270Z","level":"info","event":"Condition: No new Bronze files to process.","logger":"task.stdout"}
{"timestamp":"2026-09-06T00:56:10.937817Z","level":"info","event":"Processing Observation...","logger":"task.stdout"}
{"timestamp":"2026-09-06T00:56:12.833619Z","level":"info","event":"Observation: No new Bronze files to process.","logger":"task.stdout"}
{"timestamp":"2026-09-06T00:56:12.838026Z","level":"info","event":"Processing MedicationRequest...","logger":"task.stdout"}
{"timestamp":"2026-09-06T00:56:14.356740Z","level":"info","event":"MedicationRequest: No new Bronze files to process.","logger":"task.stdout"}
{"timestamp":"2026-09-06T00:56:14.358356Z","level":"info","event":"Processing DocumentReference...","logger":"task.stdout"}
{"timestamp":"2026-09-06T00:56:15.348753Z","level":"info","event":"DocumentReference: 1 new Bronze files found.","logger":"task.stdout"}
{"timestamp":"2026-09-06T00:56:20.077670Z","level":"info","event":"DocumentReference: 3553 new rows appended. 7106 total rows in /opt/airflow/project/data/delta/bronze/documentreference","logger":"task.stdout"}
{"timestamp":"2026-09-06T00:56:20.451617Z","level":"info","event":"Done. Returned value was: None","task_id":"process_bronze_to_delta","run_id":"manual__2026-09-06T00:55:46.069899+00:00","try_number":1,"dag_id":"healthcare_pipeline","map_index":-1,"ti_id":"01a07436-d6d3-7161-b7a9-c213ee209b54","logger":"airflow.task.operators.airflow.providers.standard.decorators.python._PythonDecoratedOperator","filename":"python.py","lineno":233}
{"timestamp":"2026-09-06T00:56:20.453403Z","level":"info","event":"::group::Post Execute","task_id":"process_bronze_to_delta","run_id":"manual__2026-09-06T00:55:46.069899+00:00","try_number":1,"dag_id":"healthcare_pipeline","map_index":-1,"ti_id":"01a07436-d6d3-7161-b7a9-c213ee209b54","logger":"task","filename":"task_runner.py","lineno":1580}
{"timestamp":"2026-09-06T00:56:20.501449Z","level":"info","event":"::endgroup::","task_id":"process_bronze_to_delta","run_id":"manual__2026-09-06T00:55:46.069899+00:00","try_number":1,"dag_id":"healthcare_pipeline","map_index":-1,"ti_id":"01a07436-d6d3-7161-b7a9-c213ee209b54","logger":"task","filename":"task_runner.py","lineno":2379}
{"timestamp":"2026-09-06T00:56:21.317769Z","level":"error","event":"\r[Stage 0:>                                                          (0 + 5) / 5]\r\r[Stage 2:>                                                         (0 + 8) / 50]\r\r[Stage 2:=========>                                                (8 + 8) / 50]\r\r[Stage 2:==============>                                          (13 + 8) / 50]\r\r[Stage 2:=======================>                                 (21 + 8) / 50]\r\r[Stage 2:==================================>                      (30 + 8) / 50]\r\r[Stage 2:==============================================>          (41 + 8) / 50]\r\r                                                                                \r\r[Stage 8:>                                                          (0 + 8) / 8]\r\r                                                                                \r\r[Stage 13:======================================>                 (34 + 8) / 50]\r\r[Stage 13:================================================>       (43 + 7) / 50]\r\r                                                                                \r\r[Stage 24:===============================================>        (42 + 8) / 50]\r\r                                                                                \r\r[Stage 46:=============================================>          (41 + 8) / 50]\r\r                                                                                \r\r[Stage 66:>                                                         (0 + 1) / 1]\r\r                                                                                \r\r[Stage 67:>                                                         (0 + 1) / 1]","logger":"task.stderr"}
