{"timestamp":"2026-09-07T01:54:45.169314Z","level":"info","event":"::group::Pre Execute","logger":"task","filename":"task_runner.py","lineno":2412}
{"timestamp":"2026-09-07T01:54:45.484124Z","level":"info","event":"DAG bundles loaded: dags-folder","task_id":"process_medication_silver","map_index":-1,"run_id":"manual__2026-09-07T01:54:15.317556+00:00","dag_id":"healthcare_pipeline","try_number":1,"ti_id":"01a07992-bef7-726e-98fe-1f3ee7aaf413","logger":"airflow.dag_processing.bundles.manager.DagBundlesManager","filename":"manager.py","lineno":304}
{"timestamp":"2026-09-07T01:54:45.485374Z","level":"info","event":"Filling up the DagBag from /opt/airflow/dags/healthcare_pipeline.py","task_id":"process_medication_silver","map_index":-1,"run_id":"manual__2026-09-07T01:54:15.317556+00:00","dag_id":"healthcare_pipeline","try_number":1,"ti_id":"01a07992-bef7-726e-98fe-1f3ee7aaf413","logger":"airflow.dag_processing.dagbag.BundleDagBag","filename":"dagbag.py","lineno":460}
{"timestamp":"2026-09-07T01:54:47.375345Z","level":"info","event":"Worker startup parse complete","bundle_name":"dags-folder","bundle_version":null,"dag_file":"healthcare_pipeline.py","dag_id":"healthcare_pipeline","bundle_prepare_ms":3,"dag_file_parse_ms":1889,"task_id":"process_medication_silver","map_index":-1,"run_id":"manual__2026-09-07T01:54:15.317556+00:00","try_number":1,"ti_id":"01a07992-bef7-726e-98fe-1f3ee7aaf413","logger":"task","filename":"task_runner.py","lineno":1073}
{"timestamp":"2026-09-07T01:54:47.446299Z","level":"info","event":"::endgroup::","task_id":"process_medication_silver","map_index":-1,"run_id":"manual__2026-09-07T01:54:15.317556+00:00","dag_id":"healthcare_pipeline","try_number":1,"ti_id":"01a07992-bef7-726e-98fe-1f3ee7aaf413","logger":"task","filename":"task_runner.py","lineno":2232}
{"timestamp":"2026-09-07T01:54:50.615347Z","level":"info","event":":: loading settings :: url = jar:file:/home/airflow/.local/lib/python3.11/site-packages/pyspark/jars/ivy-2.5.3.jar!/org/apache/ivy/core/settings/ivysettings.xml","logger":"task.stdout"}
{"timestamp":"2026-09-07T01:54:50.788993Z","level":"error","event":"Ivy Default Cache set to: /home/airflow/.ivy2/cache","logger":"task.stderr"}
{"timestamp":"2026-09-07T01:54:50.792906Z","level":"error","event":"The jars for the packages stored in: /home/airflow/.ivy2/jars","logger":"task.stderr"}
{"timestamp":"2026-09-07T01:54:50.795071Z","level":"error","event":"io.delta#delta-spark_2.12 added as a dependency","logger":"task.stderr"}
{"timestamp":"2026-09-07T01:54:50.798366Z","level":"error","event":":: resolving dependencies :: org.apache.spark#spark-submit-parent-6b301745-23fd-434b-9a66-22383857a582;1.0","logger":"task.stderr"}
{"timestamp":"2026-09-07T01:54:50.801264Z","level":"error","event":"\tconfs: [default]","logger":"task.stderr"}
{"timestamp":"2026-09-07T01:54:51.101266Z","level":"error","event":"\tfound io.delta#delta-spark_2.12;3.3.2 in central","logger":"task.stderr"}
{"timestamp":"2026-09-07T01:54:51.222929Z","level":"error","event":"\tfound io.delta#delta-storage;3.3.2 in central","logger":"task.stderr"}
{"timestamp":"2026-09-07T01:54:51.483092Z","level":"error","event":"\tfound org.antlr#antlr4-runtime;4.9.3 in central","logger":"task.stderr"}
{"timestamp":"2026-09-07T01:54:51.558048Z","level":"error","event":":: resolution report :: resolve 734ms :: artifacts dl 28ms","logger":"task.stderr"}
{"timestamp":"2026-09-07T01:54:51.562320Z","level":"error","event":"\t:: modules in use:","logger":"task.stderr"}
{"timestamp":"2026-09-07T01:54:51.565547Z","level":"error","event":"\tio.delta#delta-spark_2.12;3.3.2 from central in [default]","logger":"task.stderr"}
{"timestamp":"2026-09-07T01:54:51.569295Z","level":"error","event":"\tio.delta#delta-storage;3.3.2 from central in [default]","logger":"task.stderr"}
{"timestamp":"2026-09-07T01:54:51.573852Z","level":"error","event":"\torg.antlr#antlr4-runtime;4.9.3 from central in [default]","logger":"task.stderr"}
{"timestamp":"2026-09-07T01:54:51.577565Z","level":"error","event":"\t---------------------------------------------------------------------","logger":"task.stderr"}
{"timestamp":"2026-09-07T01:54:51.583048Z","level":"error","event":"\t|                  |            modules            ||   artifacts   |","logger":"task.stderr"}
{"timestamp":"2026-09-07T01:54:51.585088Z","level":"error","event":"\t|       conf       | number| search|dwnlded|evicted|| number|dwnlded|","logger":"task.stderr"}
{"timestamp":"2026-09-07T01:54:51.589277Z","level":"error","event":"\t---------------------------------------------------------------------","logger":"task.stderr"}
{"timestamp":"2026-09-07T01:54:51.593110Z","level":"error","event":"\t|      default     |   3   |   0   |   0   |   0   ||   3   |   0   |","logger":"task.stderr"}
{"timestamp":"2026-09-07T01:54:51.598128Z","level":"error","event":"\t---------------------------------------------------------------------","logger":"task.stderr"}
{"timestamp":"2026-09-07T01:54:51.602221Z","level":"error","event":":: retrieving :: org.apache.spark#spark-submit-parent-6b301745-23fd-434b-9a66-22383857a582","logger":"task.stderr"}
{"timestamp":"2026-09-07T01:54:51.609372Z","level":"error","event":"\tconfs: [default]","logger":"task.stderr"}
{"timestamp":"2026-09-07T01:54:51.624297Z","level":"error","event":"\t0 artifacts copied, 3 already retrieved (0kB/32ms)","logger":"task.stderr"}
{"timestamp":"2026-09-07T01:54:52.223347Z","level":"error","event":"26/09/07 01:54:52 WARN NativeCodeLoader: Unable to load native-hadoop library for your platform... using builtin-java classes where applicable","logger":"task.stderr"}
{"timestamp":"2026-09-07T01:54:52.785244Z","level":"error","event":"Setting default log level to \"WARN\".","logger":"task.stderr"}
{"timestamp":"2026-09-07T01:54:52.788341Z","level":"error","event":"To adjust logging level use sc.setLogLevel(newLevel). For SparkR, use setLogLevel(newLevel).","logger":"task.stderr"}
{"timestamp":"2026-09-07T01:54:54.987227Z","level":"error","event":"26/09/07 01:54:54 WARN Utils: Service 'SparkUI' could not bind on port 4040. Attempting port 4041.","logger":"task.stderr"}
{"timestamp":"2026-09-07T01:54:54.996091Z","level":"error","event":"26/09/07 01:54:54 WARN Utils: Service 'SparkUI' could not bind on port 4041. Attempting port 4042.","logger":"task.stderr"}
{"timestamp":"2026-09-07T01:54:55.000942Z","level":"error","event":"26/09/07 01:54:54 WARN Utils: Service 'SparkUI' could not bind on port 4042. Attempting port 4043.","logger":"task.stderr"}
{"timestamp":"2026-09-07T01:54:55.005533Z","level":"error","event":"26/09/07 01:54:55 WARN Utils: Service 'SparkUI' could not bind on port 4043. Attempting port 4044.","logger":"task.stderr"}
{"timestamp":"2026-09-07T01:55:13.844415Z","level":"error","event":"26/09/07 01:55:13 WARN SparkStringUtils: Truncated the string representation of a plan since it was too large. This behavior can be adjusted by setting 'spark.sql.debug.maxToStringFields'.","logger":"task.stderr"}
{"timestamp":"2026-09-07T01:56:18.658213Z","level":"info","event":"","logger":"task.stdout"}
{"timestamp":"2026-09-07T01:56:18.697341Z","level":"info","event":"MedicationRequest Silver","logger":"task.stdout"}
{"timestamp":"2026-09-07T01:56:18.705372Z","level":"info","event":"------------------------","logger":"task.stdout"}
{"timestamp":"2026-09-07T01:56:18.712255Z","level":"info","event":"New Bronze rows: 0","logger":"task.stdout"}
{"timestamp":"2026-09-07T01:56:18.722713Z","level":"info","event":"Rows to merge: 0","logger":"task.stdout"}
{"timestamp":"2026-09-07T01:56:18.727189Z","level":"info","event":"Status: NO NEW DATA","logger":"task.stdout"}
{"timestamp":"2026-09-07T01:56:20.595295Z","level":"info","event":"Done. Returned value was: None","task_id":"process_medication_silver","map_index":-1,"run_id":"manual__2026-09-07T01:54:15.317556+00:00","dag_id":"healthcare_pipeline","try_number":1,"ti_id":"01a07992-bef7-726e-98fe-1f3ee7aaf413","logger":"airflow.task.operators.airflow.providers.standard.decorators.python._PythonDecoratedOperator","filename":"python.py","lineno":233}
{"timestamp":"2026-09-07T01:56:20.636366Z","level":"info","event":"::group::Post Execute","task_id":"process_medication_silver","map_index":-1,"run_id":"manual__2026-09-07T01:54:15.317556+00:00","dag_id":"healthcare_pipeline","try_number":1,"ti_id":"01a07992-bef7-726e-98fe-1f3ee7aaf413","logger":"task","filename":"task_runner.py","lineno":1580}
{"timestamp":"2026-09-07T01:56:21.011495Z","level":"info","event":"::endgroup::","task_id":"process_medication_silver","map_index":-1,"run_id":"manual__2026-09-07T01:54:15.317556+00:00","dag_id":"healthcare_pipeline","try_number":1,"ti_id":"01a07992-bef7-726e-98fe-1f3ee7aaf413","logger":"task","filename":"task_runner.py","lineno":2379}
{"timestamp":"2026-09-07T01:56:27.816381Z","level":"error","event":"\r[Stage 0:>                                                          (0 + 6) / 6]\r\r[Stage 0:=========>                                                 (1 + 5) / 6]\r\r[Stage 0:===========================================================(6 + 0) / 6]\r\r[Stage 2:>                                                         (0 + 8) / 50]\r\r[Stage 2:==>                                                       (2 + 9) / 50]\r\r[Stage 2:=========>                                                (8 + 8) / 50]\r\r[Stage 2:==============>                                          (13 + 8) / 50]\r\r[Stage 2:==================>                                      (16 + 8) / 50]\r\r[Stage 2:====================>                                    (18 + 8) / 50]\r\r[Stage 2:=======================>                                 (21 + 8) / 50]\r\r[Stage 2:===========================>                             (24 + 8) / 50]\r\r[Stage 2:============================>                            (25 + 8) / 50]\r\r[Stage 2:==============================>                          (27 + 8) / 50]\r\r[Stage 2:===================================>                     (31 + 8) / 50]\r\r[Stage 2:======================================>                  (34 + 8) / 50]\r\r[Stage 2:==========================================>              (37 + 8) / 50]\r\r[Stage 2:==========================================>              (37 + 9) / 50]\r\r[Stage 2:===========================================>             (38 + 8) / 50]\r\r[Stage 2:=============================================>           (40 + 8) / 50]\r\r[Stage 2:=================================================>       (43 + 7) / 50]\r\r[Stage 2:====================================================>    (46 + 4) / 50]\r\r[Stage 2:=======================================================> (49 + 1) / 50]\r\r[Stage 5:>                                                          (0 + 1) / 1]\r\r                                                                                \r\r[Stage 7:>                                                         (0 + 8) / 50]\r\r[Stage 7:========>                                                 (7 + 8) / 50]\r\r[Stage 7:===============>                                        (14 + 11) / 50]\r\r[Stage 7:====================================>                    (32 + 8) / 50]\r\r[Stage 7:=================================================>       (43 + 7) / 50]\r\r                                                                                \r\r[Stage 8:>                                                          (0 + 0) / 1]\r\r[Stage 8:>                                                          (0 + 1) / 1]\r\r                                                                                \r\r[Stage 13:>                                                        (0 + 8) / 50]\r\r[Stage 13:>                                                        (0 + 9) / 50]\r\r[Stage 13:=========>                                               (8 + 8) / 50]\r\r[Stage 13:=============>                                          (12 + 8) / 50]\r\r[Stage 13:===============>                                        (14 + 8) / 50]\r\r[Stage 13:=====================>                                  (19 + 8) / 50]\r\r[Stage 13:========================>                               (22 + 8) / 50]\r\r[Stage 13:=========================>                              (23 + 8) / 50]\r\r[Stage 13:==============================>                         (27 + 9) / 50]\r\r[Stage 13:=================================>                      (30 + 8) / 50]\r\r[Stage 13:==================================>                     (31 + 8) / 50]\r\r[Stage 13:=========================================>              (37 + 8) / 50]\r\r[Stage 13:==========================================>             (38 + 8) / 50]\r\r[Stage 13:============================================>           (40 + 8) / 50]\r\r[Stage 13:==================================================>     (45 + 5) / 50]\r\r[Stage 13:=====================================================>  (48 + 2) / 50]\r\r                                                                                \r\r[Stage 14:>                                                         (0 + 2) / 2]\r\r[Stage 16:>                                                         (0 + 1) / 1]","logger":"task.stderr"}
