{"timestamp":"2026-08-29T00:37:26.462861Z","level":"info","event":"::group::Pre Execute","logger":"task","filename":"task_runner.py","lineno":2412}
{"timestamp":"2026-08-29T00:37:26.627698Z","level":"info","event":"DAG bundles loaded: dags-folder","ti_id":"01a04af2-dd3b-7077-abaa-e9581e4d689a","dag_id":"healthcare_pipeline","map_index":-1,"try_number":1,"run_id":"manual__2026-08-29T00:37:05.426965+00:00","task_id":"process_medication_silver","logger":"airflow.dag_processing.bundles.manager.DagBundlesManager","filename":"manager.py","lineno":304}
{"timestamp":"2026-08-29T00:37:26.631491Z","level":"info","event":"Filling up the DagBag from /opt/airflow/dags/healthcare_pipeline.py","ti_id":"01a04af2-dd3b-7077-abaa-e9581e4d689a","dag_id":"healthcare_pipeline","map_index":-1,"try_number":1,"run_id":"manual__2026-08-29T00:37:05.426965+00:00","task_id":"process_medication_silver","logger":"airflow.dag_processing.dagbag.BundleDagBag","filename":"dagbag.py","lineno":460}
{"timestamp":"2026-08-29T00:37:27.736262Z","level":"info","event":"Worker startup parse complete","bundle_name":"dags-folder","bundle_version":null,"dag_file":"healthcare_pipeline.py","dag_id":"healthcare_pipeline","bundle_prepare_ms":18,"dag_file_parse_ms":1103,"ti_id":"01a04af2-dd3b-7077-abaa-e9581e4d689a","map_index":-1,"try_number":1,"run_id":"manual__2026-08-29T00:37:05.426965+00:00","task_id":"process_medication_silver","logger":"task","filename":"task_runner.py","lineno":1073}
{"timestamp":"2026-08-29T00:37:27.811508Z","level":"info","event":"::endgroup::","ti_id":"01a04af2-dd3b-7077-abaa-e9581e4d689a","dag_id":"healthcare_pipeline","map_index":-1,"try_number":1,"run_id":"manual__2026-08-29T00:37:05.426965+00:00","task_id":"process_medication_silver","logger":"task","filename":"task_runner.py","lineno":2232}
{"timestamp":"2026-08-29T00:37:30.783627Z","level":"info","event":":: loading settings :: url = jar:file:/home/airflow/.local/lib/python3.11/site-packages/pyspark/jars/ivy-2.5.3.jar!/org/apache/ivy/core/settings/ivysettings.xml","logger":"task.stdout"}
{"timestamp":"2026-08-29T00:37:30.993704Z","level":"error","event":"Ivy Default Cache set to: /home/airflow/.ivy2/cache","logger":"task.stderr"}
{"timestamp":"2026-08-29T00:37:31.000326Z","level":"error","event":"The jars for the packages stored in: /home/airflow/.ivy2/jars","logger":"task.stderr"}
{"timestamp":"2026-08-29T00:37:31.007347Z","level":"error","event":"io.delta#delta-spark_2.12 added as a dependency","logger":"task.stderr"}
{"timestamp":"2026-08-29T00:37:31.012568Z","level":"error","event":":: resolving dependencies :: org.apache.spark#spark-submit-parent-531bf934-ef48-4abc-99c8-00b41486ab9a;1.0","logger":"task.stderr"}
{"timestamp":"2026-08-29T00:37:31.016678Z","level":"error","event":"\tconfs: [default]","logger":"task.stderr"}
{"timestamp":"2026-08-29T00:37:31.262653Z","level":"error","event":"\tfound io.delta#delta-spark_2.12;3.3.2 in spark-list","logger":"task.stderr"}
{"timestamp":"2026-08-29T00:37:31.354331Z","level":"error","event":"\tfound io.delta#delta-storage;3.3.2 in central","logger":"task.stderr"}
{"timestamp":"2026-08-29T00:37:31.387987Z","level":"error","event":"\tfound org.antlr#antlr4-runtime;4.9.3 in spark-list","logger":"task.stderr"}
{"timestamp":"2026-08-29T00:37:31.425194Z","level":"error","event":":: resolution report :: resolve 395ms :: artifacts dl 21ms","logger":"task.stderr"}
{"timestamp":"2026-08-29T00:37:31.431052Z","level":"error","event":"\t:: modules in use:","logger":"task.stderr"}
{"timestamp":"2026-08-29T00:37:31.434387Z","level":"error","event":"\tio.delta#delta-spark_2.12;3.3.2 from spark-list in [default]","logger":"task.stderr"}
{"timestamp":"2026-08-29T00:37:31.437844Z","level":"error","event":"\tio.delta#delta-storage;3.3.2 from central in [default]","logger":"task.stderr"}
{"timestamp":"2026-08-29T00:37:31.442542Z","level":"error","event":"\torg.antlr#antlr4-runtime;4.9.3 from spark-list in [default]","logger":"task.stderr"}
{"timestamp":"2026-08-29T00:37:31.449309Z","level":"error","event":"\t---------------------------------------------------------------------","logger":"task.stderr"}
{"timestamp":"2026-08-29T00:37:31.456384Z","level":"error","event":"\t|                  |            modules            ||   artifacts   |","logger":"task.stderr"}
{"timestamp":"2026-08-29T00:37:31.460338Z","level":"error","event":"\t|       conf       | number| search|dwnlded|evicted|| number|dwnlded|","logger":"task.stderr"}
{"timestamp":"2026-08-29T00:37:31.465320Z","level":"error","event":"\t---------------------------------------------------------------------","logger":"task.stderr"}
{"timestamp":"2026-08-29T00:37:31.466711Z","level":"error","event":"\t|      default     |   3   |   0   |   0   |   0   ||   3   |   0   |","logger":"task.stderr"}
{"timestamp":"2026-08-29T00:37:31.470869Z","level":"error","event":"\t---------------------------------------------------------------------","logger":"task.stderr"}
{"timestamp":"2026-08-29T00:37:31.475543Z","level":"error","event":"","logger":"task.stderr"}
{"timestamp":"2026-08-29T00:37:31.479781Z","level":"error","event":":: problems summary ::","logger":"task.stderr"}
{"timestamp":"2026-08-29T00:37:31.482239Z","level":"error","event":":::: ERRORS","logger":"task.stderr"}
{"timestamp":"2026-08-29T00:37:31.484661Z","level":"error","event":"\tunknown resolver null","logger":"task.stderr"}
{"timestamp":"2026-08-29T00:37:31.489336Z","level":"error","event":"","logger":"task.stderr"}
{"timestamp":"2026-08-29T00:37:31.492141Z","level":"error","event":"\tunknown resolver null","logger":"task.stderr"}
{"timestamp":"2026-08-29T00:37:31.497309Z","level":"error","event":"","logger":"task.stderr"}
{"timestamp":"2026-08-29T00:37:31.500806Z","level":"error","event":"","logger":"task.stderr"}
{"timestamp":"2026-08-29T00:37:31.503187Z","level":"error","event":":: USE VERBOSE OR DEBUG MESSAGE LEVEL FOR MORE DETAILS","logger":"task.stderr"}
{"timestamp":"2026-08-29T00:37:31.505476Z","level":"error","event":":: retrieving :: org.apache.spark#spark-submit-parent-531bf934-ef48-4abc-99c8-00b41486ab9a","logger":"task.stderr"}
{"timestamp":"2026-08-29T00:37:31.511450Z","level":"error","event":"\tconfs: [default]","logger":"task.stderr"}
{"timestamp":"2026-08-29T00:37:31.514016Z","level":"error","event":"\t0 artifacts copied, 3 already retrieved (0kB/12ms)","logger":"task.stderr"}
{"timestamp":"2026-08-29T00:37:31.985213Z","level":"error","event":"26/08/29 00:37:31 WARN NativeCodeLoader: Unable to load native-hadoop library for your platform... using builtin-java classes where applicable","logger":"task.stderr"}
{"timestamp":"2026-08-29T00:37:32.463295Z","level":"error","event":"Setting default log level to \"WARN\".","logger":"task.stderr"}
{"timestamp":"2026-08-29T00:37:32.466571Z","level":"error","event":"To adjust logging level use sc.setLogLevel(newLevel). For SparkR, use setLogLevel(newLevel).","logger":"task.stderr"}
{"timestamp":"2026-08-29T00:37:34.606280Z","level":"error","event":"26/08/29 00:37:34 WARN Utils: Service 'SparkUI' could not bind on port 4040. Attempting port 4041.","logger":"task.stderr"}
{"timestamp":"2026-08-29T00:37:34.618814Z","level":"error","event":"26/08/29 00:37:34 WARN Utils: Service 'SparkUI' could not bind on port 4041. Attempting port 4042.","logger":"task.stderr"}
{"timestamp":"2026-08-29T00:37:52.363673Z","level":"error","event":"26/08/29 00:37:52 WARN SparkStringUtils: Truncated the string representation of a plan since it was too large. This behavior can be adjusted by setting 'spark.sql.debug.maxToStringFields'.","logger":"task.stderr"}
{"timestamp":"2026-08-29T00:38:58.381673Z","level":"info","event":"","logger":"task.stdout"}
{"timestamp":"2026-08-29T00:38:58.393314Z","level":"info","event":"MedicationRequest Silver","logger":"task.stdout"}
{"timestamp":"2026-08-29T00:38:58.395694Z","level":"info","event":"------------------------","logger":"task.stdout"}
{"timestamp":"2026-08-29T00:38:58.400010Z","level":"info","event":"New Bronze rows: 0","logger":"task.stdout"}
{"timestamp":"2026-08-29T00:38:58.402846Z","level":"info","event":"Rows to merge: 0","logger":"task.stdout"}
{"timestamp":"2026-08-29T00:38:58.406342Z","level":"info","event":"Status: NO NEW DATA","logger":"task.stdout"}
{"timestamp":"2026-08-29T00:38:58.933237Z","level":"info","event":"Done. Returned value was: None","ti_id":"01a04af2-dd3b-7077-abaa-e9581e4d689a","dag_id":"healthcare_pipeline","map_index":-1,"try_number":1,"run_id":"manual__2026-08-29T00:37:05.426965+00:00","task_id":"process_medication_silver","logger":"airflow.task.operators.airflow.providers.standard.decorators.python._PythonDecoratedOperator","filename":"python.py","lineno":233}
{"timestamp":"2026-08-29T00:38:58.943626Z","level":"info","event":"::group::Post Execute","ti_id":"01a04af2-dd3b-7077-abaa-e9581e4d689a","dag_id":"healthcare_pipeline","map_index":-1,"try_number":1,"run_id":"manual__2026-08-29T00:37:05.426965+00:00","task_id":"process_medication_silver","logger":"task","filename":"task_runner.py","lineno":1580}
{"timestamp":"2026-08-29T00:38:59.095257Z","level":"info","event":"::endgroup::","ti_id":"01a04af2-dd3b-7077-abaa-e9581e4d689a","dag_id":"healthcare_pipeline","map_index":-1,"try_number":1,"run_id":"manual__2026-08-29T00:37:05.426965+00:00","task_id":"process_medication_silver","logger":"task","filename":"task_runner.py","lineno":2379}
{"timestamp":"2026-08-29T00:39:01.772572Z","level":"error","event":"\r[Stage 0:>                                                          (0 + 5) / 5]\r\r[Stage 0:===========>                                               (1 + 4) / 5]\r\r[Stage 2:>                                                         (0 + 0) / 50]\r\r[Stage 2:>                                                         (0 + 5) / 50]\r\r[Stage 2:>                                                         (0 + 8) / 50]\r\r[Stage 2:=========>                                                (8 + 8) / 50]\r\r[Stage 2:===========>                                             (10 + 8) / 50]\r\r[Stage 2:==================>                                      (16 + 8) / 50]\r\r[Stage 2:===================>                                     (17 + 9) / 50]\r\r[Stage 2:==========================>                              (23 + 8) / 50]\r\r[Stage 2:===========================>                             (24 + 8) / 50]\r\r[Stage 2:==================================>                      (30 + 8) / 50]\r\r[Stage 2:====================================>                    (32 + 8) / 50]\r\r[Stage 2:======================================>                  (34 + 8) / 50]\r\r[Stage 2:============================================>            (39 + 9) / 50]\r\r[Stage 2:===================================================>     (45 + 5) / 50]\r\r[Stage 2:=======================================================> (49 + 1) / 50]\r\r[Stage 5:>                                                          (0 + 1) / 1]\r\r                                                                                \r\r[Stage 7:>                                                         (0 + 8) / 50]\r\r[Stage 7:>                                                         (0 + 9) / 50]\r\r[Stage 7:==========>                                              (9 + 10) / 50]\r\r[Stage 7:===================>                                     (17 + 8) / 50]\r\r[Stage 7:====================================>                    (32 + 8) / 50]\r\r                                                                                \r\r[Stage 8:>                                                          (0 + 2) / 2]\r\r                                                                                \r\r[Stage 13:>                                                        (0 + 8) / 50]\r\r[Stage 13:======>                                                  (6 + 8) / 50]\r\r[Stage 13:=========>                                               (8 + 8) / 50]\r\r[Stage 13:=================>                                      (16 + 8) / 50]\r\r[Stage 13:========================>                               (22 + 8) / 50]\r\r[Stage 13:===============================>                        (28 + 8) / 50]\r\r[Stage 13:======================================>                 (34 + 9) / 50]\r\r[Stage 13:=========================================>              (37 + 8) / 50]\r\r[Stage 13:===============================================>        (42 + 8) / 50]","logger":"task.stderr"}
