{"timestamp":"2026-09-07T02:30:13.694520Z","level":"info","event":"::group::Pre Execute","logger":"task","filename":"task_runner.py","lineno":2412}
{"timestamp":"2026-09-07T02:30:13.721777Z","level":"info","event":"DAG bundles loaded: dags-folder","map_index":-1,"try_number":1,"run_id":"manual__2026-09-07T02:30:10.914584+00:00","task_id":"process_bronze_to_delta","ti_id":"01a079b3-a31b-73a6-885c-1e050c4ac216","dag_id":"healthcare_pipeline","logger":"airflow.dag_processing.bundles.manager.DagBundlesManager","filename":"manager.py","lineno":304}
{"timestamp":"2026-09-07T02:30:13.722840Z","level":"info","event":"Filling up the DagBag from /opt/airflow/dags/healthcare_pipeline.py","map_index":-1,"try_number":1,"run_id":"manual__2026-09-07T02:30:10.914584+00:00","task_id":"process_bronze_to_delta","ti_id":"01a079b3-a31b-73a6-885c-1e050c4ac216","dag_id":"healthcare_pipeline","logger":"airflow.dag_processing.dagbag.BundleDagBag","filename":"dagbag.py","lineno":460}
{"timestamp":"2026-09-07T02:30:14.485401Z","level":"info","event":"Worker startup parse complete","bundle_name":"dags-folder","bundle_version":null,"dag_file":"healthcare_pipeline.py","dag_id":"healthcare_pipeline","bundle_prepare_ms":3,"dag_file_parse_ms":762,"map_index":-1,"try_number":1,"run_id":"manual__2026-09-07T02:30:10.914584+00:00","task_id":"process_bronze_to_delta","ti_id":"01a079b3-a31b-73a6-885c-1e050c4ac216","logger":"task","filename":"task_runner.py","lineno":1073}
{"timestamp":"2026-09-07T02:30:14.505049Z","level":"info","event":"::endgroup::","map_index":-1,"try_number":1,"run_id":"manual__2026-09-07T02:30:10.914584+00:00","task_id":"process_bronze_to_delta","ti_id":"01a079b3-a31b-73a6-885c-1e050c4ac216","dag_id":"healthcare_pipeline","logger":"task","filename":"task_runner.py","lineno":2232}
{"timestamp":"2026-09-07T02:30:15.795918Z","level":"info","event":":: loading settings :: url = jar:file:/home/airflow/.local/lib/python3.11/site-packages/pyspark/jars/ivy-2.5.3.jar!/org/apache/ivy/core/settings/ivysettings.xml","logger":"task.stdout"}
{"timestamp":"2026-09-07T02:30:15.912117Z","level":"error","event":"Ivy Default Cache set to: /home/airflow/.ivy2/cache","logger":"task.stderr"}
{"timestamp":"2026-09-07T02:30:15.915319Z","level":"error","event":"The jars for the packages stored in: /home/airflow/.ivy2/jars","logger":"task.stderr"}
{"timestamp":"2026-09-07T02:30:15.919253Z","level":"error","event":"io.delta#delta-spark_2.12 added as a dependency","logger":"task.stderr"}
{"timestamp":"2026-09-07T02:30:15.924658Z","level":"error","event":":: resolving dependencies :: org.apache.spark#spark-submit-parent-243c0ac4-be36-4a85-b5c2-3200a5fd8a53;1.0","logger":"task.stderr"}
{"timestamp":"2026-09-07T02:30:15.927273Z","level":"error","event":"\tconfs: [default]","logger":"task.stderr"}
{"timestamp":"2026-09-07T02:30:16.047779Z","level":"error","event":"\tfound io.delta#delta-spark_2.12;3.3.2 in spark-list","logger":"task.stderr"}
{"timestamp":"2026-09-07T02:30:16.071709Z","level":"error","event":"\tfound io.delta#delta-storage;3.3.2 in central","logger":"task.stderr"}
{"timestamp":"2026-09-07T02:30:16.091251Z","level":"error","event":"\tfound org.antlr#antlr4-runtime;4.9.3 in central","logger":"task.stderr"}
{"timestamp":"2026-09-07T02:30:16.107067Z","level":"error","event":":: resolution report :: resolve 183ms :: artifacts dl 6ms","logger":"task.stderr"}
{"timestamp":"2026-09-07T02:30:16.109397Z","level":"error","event":"\t:: modules in use:","logger":"task.stderr"}
{"timestamp":"2026-09-07T02:30:16.111768Z","level":"error","event":"\tio.delta#delta-spark_2.12;3.3.2 from spark-list in [default]","logger":"task.stderr"}
{"timestamp":"2026-09-07T02:30:16.115694Z","level":"error","event":"\tio.delta#delta-storage;3.3.2 from central in [default]","logger":"task.stderr"}
{"timestamp":"2026-09-07T02:30:16.118768Z","level":"error","event":"\torg.antlr#antlr4-runtime;4.9.3 from central in [default]","logger":"task.stderr"}
{"timestamp":"2026-09-07T02:30:16.121377Z","level":"error","event":"\t---------------------------------------------------------------------","logger":"task.stderr"}
{"timestamp":"2026-09-07T02:30:16.127473Z","level":"error","event":"\t|                  |            modules            ||   artifacts   |","logger":"task.stderr"}
{"timestamp":"2026-09-07T02:30:16.130204Z","level":"error","event":"\t|       conf       | number| search|dwnlded|evicted|| number|dwnlded|","logger":"task.stderr"}
{"timestamp":"2026-09-07T02:30:16.132351Z","level":"error","event":"\t---------------------------------------------------------------------","logger":"task.stderr"}
{"timestamp":"2026-09-07T02:30:16.140447Z","level":"error","event":"\t|      default     |   3   |   0   |   0   |   0   ||   3   |   0   |","logger":"task.stderr"}
{"timestamp":"2026-09-07T02:30:16.145042Z","level":"error","event":"\t---------------------------------------------------------------------","logger":"task.stderr"}
{"timestamp":"2026-09-07T02:30:16.147056Z","level":"error","event":":: retrieving :: org.apache.spark#spark-submit-parent-243c0ac4-be36-4a85-b5c2-3200a5fd8a53","logger":"task.stderr"}
{"timestamp":"2026-09-07T02:30:16.149545Z","level":"error","event":"\tconfs: [default]","logger":"task.stderr"}
{"timestamp":"2026-09-07T02:30:16.152178Z","level":"error","event":"\t0 artifacts copied, 3 already retrieved (0kB/9ms)","logger":"task.stderr"}
{"timestamp":"2026-09-07T02:30:16.287606Z","level":"error","event":"26/09/07 02:30:16 WARN NativeCodeLoader: Unable to load native-hadoop library for your platform... using builtin-java classes where applicable","logger":"task.stderr"}
{"timestamp":"2026-09-07T02:30:16.434751Z","level":"error","event":"Setting default log level to \"WARN\".","logger":"task.stderr"}
{"timestamp":"2026-09-07T02:30:16.437005Z","level":"error","event":"To adjust logging level use sc.setLogLevel(newLevel). For SparkR, use setLogLevel(newLevel).","logger":"task.stderr"}
{"timestamp":"2026-09-07T02:30:17.575986Z","level":"info","event":"Processing Patient...","logger":"task.stdout"}
{"timestamp":"2026-09-07T02:30:21.795545Z","level":"error","event":"26/09/07 02:30:21 WARN SparkStringUtils: Truncated the string representation of a plan since it was too large. This behavior can be adjusted by setting 'spark.sql.debug.maxToStringFields'.","logger":"task.stderr"}
{"timestamp":"2026-09-07T02:30:27.851346Z","level":"info","event":"Patient: No new Bronze files to process.","logger":"task.stdout"}
{"timestamp":"2026-09-07T02:30:27.856454Z","level":"info","event":"Processing Encounter...","logger":"task.stdout"}
{"timestamp":"2026-09-07T02:30:29.969703Z","level":"info","event":"Encounter: No new Bronze files to process.","logger":"task.stdout"}
{"timestamp":"2026-09-07T02:30:29.974691Z","level":"info","event":"Processing Condition...","logger":"task.stdout"}
{"timestamp":"2026-09-07T02:30:31.652904Z","level":"info","event":"Condition: No new Bronze files to process.","logger":"task.stdout"}
{"timestamp":"2026-09-07T02:30:31.655234Z","level":"info","event":"Processing Observation...","logger":"task.stdout"}
{"timestamp":"2026-09-07T02:30:33.137718Z","level":"info","event":"Observation: No new Bronze files to process.","logger":"task.stdout"}
{"timestamp":"2026-09-07T02:30:33.188038Z","level":"info","event":"Processing MedicationRequest...","logger":"task.stdout"}
{"timestamp":"2026-09-07T02:30:34.586963Z","level":"info","event":"MedicationRequest: No new Bronze files to process.","logger":"task.stdout"}
{"timestamp":"2026-09-07T02:30:34.589075Z","level":"info","event":"Processing DocumentReference...","logger":"task.stdout"}
{"timestamp":"2026-09-07T02:30:35.679617Z","level":"info","event":"DocumentReference: No new Bronze files to process.","logger":"task.stdout"}
{"timestamp":"2026-09-07T02:30:36.000140Z","level":"info","event":"Done. Returned value was: None","map_index":-1,"try_number":1,"run_id":"manual__2026-09-07T02:30:10.914584+00:00","task_id":"process_bronze_to_delta","ti_id":"01a079b3-a31b-73a6-885c-1e050c4ac216","dag_id":"healthcare_pipeline","logger":"airflow.task.operators.airflow.providers.standard.decorators.python._PythonDecoratedOperator","filename":"python.py","lineno":233}
{"timestamp":"2026-09-07T02:30:36.005161Z","level":"info","event":"::group::Post Execute","map_index":-1,"try_number":1,"run_id":"manual__2026-09-07T02:30:10.914584+00:00","task_id":"process_bronze_to_delta","ti_id":"01a079b3-a31b-73a6-885c-1e050c4ac216","dag_id":"healthcare_pipeline","logger":"task","filename":"task_runner.py","lineno":1580}
{"timestamp":"2026-09-07T02:30:36.047694Z","level":"info","event":"::endgroup::","map_index":-1,"try_number":1,"run_id":"manual__2026-09-07T02:30:10.914584+00:00","task_id":"process_bronze_to_delta","ti_id":"01a079b3-a31b-73a6-885c-1e050c4ac216","dag_id":"healthcare_pipeline","logger":"task","filename":"task_runner.py","lineno":2379}
{"timestamp":"2026-09-07T02:30:38.456101Z","level":"error","event":"\r[Stage 0:>                                                          (0 + 5) / 5]\r\r[Stage 2:>                                                         (0 + 8) / 50]\r\r[Stage 2:=========>                                                (8 + 8) / 50]\r\r[Stage 2:===============>                                         (14 + 8) / 50]\r\r[Stage 2:===================>                                     (17 + 8) / 50]\r\r[Stage 2:===========================>                             (24 + 8) / 50]\r\r[Stage 2:=========================================>               (36 + 8) / 50]\r\r                                                                                \r\r[Stage 8:>                                                          (0 + 8) / 8]\r\r                                                                                \r\r[Stage 24:=================================================>      (44 + 6) / 50]","logger":"task.stderr"}
