{"timestamp":"2026-09-07T02:07:25.926781Z","level":"info","event":"::group::Pre Execute","logger":"task","filename":"task_runner.py","lineno":2412}
{"timestamp":"2026-09-07T02:07:26.019106Z","level":"info","event":"DAG bundles loaded: dags-folder","ti_id":"01a0799e-6421-7584-90e6-12c9ed02b082","map_index":-1,"dag_id":"healthcare_pipeline","run_id":"manual__2026-09-07T02:06:58.538323+00:00","try_number":1,"task_id":"process_condition_silver","logger":"airflow.dag_processing.bundles.manager.DagBundlesManager","filename":"manager.py","lineno":304}
{"timestamp":"2026-09-07T02:07:26.020537Z","level":"info","event":"Filling up the DagBag from /opt/airflow/dags/healthcare_pipeline.py","ti_id":"01a0799e-6421-7584-90e6-12c9ed02b082","map_index":-1,"dag_id":"healthcare_pipeline","run_id":"manual__2026-09-07T02:06:58.538323+00:00","try_number":1,"task_id":"process_condition_silver","logger":"airflow.dag_processing.dagbag.BundleDagBag","filename":"dagbag.py","lineno":460}
{"timestamp":"2026-09-07T02:07:27.703114Z","level":"info","event":"Worker startup parse complete","bundle_name":"dags-folder","bundle_version":null,"dag_file":"healthcare_pipeline.py","dag_id":"healthcare_pipeline","bundle_prepare_ms":5,"dag_file_parse_ms":1682,"ti_id":"01a0799e-6421-7584-90e6-12c9ed02b082","map_index":-1,"run_id":"manual__2026-09-07T02:06:58.538323+00:00","try_number":1,"task_id":"process_condition_silver","logger":"task","filename":"task_runner.py","lineno":1073}
{"timestamp":"2026-09-07T02:07:27.800307Z","level":"info","event":"::endgroup::","ti_id":"01a0799e-6421-7584-90e6-12c9ed02b082","map_index":-1,"dag_id":"healthcare_pipeline","run_id":"manual__2026-09-07T02:06:58.538323+00:00","try_number":1,"task_id":"process_condition_silver","logger":"task","filename":"task_runner.py","lineno":2232}
{"timestamp":"2026-09-07T02:07:31.994748Z","level":"info","event":":: loading settings :: url = jar:file:/home/airflow/.local/lib/python3.11/site-packages/pyspark/jars/ivy-2.5.3.jar!/org/apache/ivy/core/settings/ivysettings.xml","logger":"task.stdout"}
{"timestamp":"2026-09-07T02:07:32.174143Z","level":"error","event":"Ivy Default Cache set to: /home/airflow/.ivy2/cache","logger":"task.stderr"}
{"timestamp":"2026-09-07T02:07:32.177581Z","level":"error","event":"The jars for the packages stored in: /home/airflow/.ivy2/jars","logger":"task.stderr"}
{"timestamp":"2026-09-07T02:07:32.205568Z","level":"error","event":"io.delta#delta-spark_2.12 added as a dependency","logger":"task.stderr"}
{"timestamp":"2026-09-07T02:07:32.213103Z","level":"error","event":":: resolving dependencies :: org.apache.spark#spark-submit-parent-23cf54df-bb50-46c5-b449-1e26ff878599;1.0","logger":"task.stderr"}
{"timestamp":"2026-09-07T02:07:32.215354Z","level":"error","event":"\tconfs: [default]","logger":"task.stderr"}
{"timestamp":"2026-09-07T02:07:32.621102Z","level":"error","event":"\tfound io.delta#delta-spark_2.12;3.3.2 in spark-list","logger":"task.stderr"}
{"timestamp":"2026-09-07T02:07:32.694839Z","level":"error","event":"\tfound io.delta#delta-storage;3.3.2 in central","logger":"task.stderr"}
{"timestamp":"2026-09-07T02:07:32.732324Z","level":"error","event":"\tfound org.antlr#antlr4-runtime;4.9.3 in central","logger":"task.stderr"}
{"timestamp":"2026-09-07T02:07:32.810380Z","level":"error","event":":: resolution report :: resolve 567ms :: artifacts dl 33ms","logger":"task.stderr"}
{"timestamp":"2026-09-07T02:07:32.815517Z","level":"error","event":"\t:: modules in use:","logger":"task.stderr"}
{"timestamp":"2026-09-07T02:07:32.820387Z","level":"error","event":"\tio.delta#delta-spark_2.12;3.3.2 from spark-list in [default]","logger":"task.stderr"}
{"timestamp":"2026-09-07T02:07:32.832999Z","level":"error","event":"\tio.delta#delta-storage;3.3.2 from central in [default]","logger":"task.stderr"}
{"timestamp":"2026-09-07T02:07:32.856306Z","level":"error","event":"\torg.antlr#antlr4-runtime;4.9.3 from central in [default]","logger":"task.stderr"}
{"timestamp":"2026-09-07T02:07:32.865284Z","level":"error","event":"\t---------------------------------------------------------------------","logger":"task.stderr"}
{"timestamp":"2026-09-07T02:07:32.878089Z","level":"error","event":"\t|                  |            modules            ||   artifacts   |","logger":"task.stderr"}
{"timestamp":"2026-09-07T02:07:32.879773Z","level":"error","event":"\t|       conf       | number| search|dwnlded|evicted|| number|dwnlded|","logger":"task.stderr"}
{"timestamp":"2026-09-07T02:07:32.884072Z","level":"error","event":"\t---------------------------------------------------------------------","logger":"task.stderr"}
{"timestamp":"2026-09-07T02:07:32.889349Z","level":"error","event":"\t|      default     |   3   |   0   |   0   |   0   ||   3   |   0   |","logger":"task.stderr"}
{"timestamp":"2026-09-07T02:07:32.894765Z","level":"error","event":"\t---------------------------------------------------------------------","logger":"task.stderr"}
{"timestamp":"2026-09-07T02:07:32.900208Z","level":"error","event":":: retrieving :: org.apache.spark#spark-submit-parent-23cf54df-bb50-46c5-b449-1e26ff878599","logger":"task.stderr"}
{"timestamp":"2026-09-07T02:07:32.905426Z","level":"error","event":"\tconfs: [default]","logger":"task.stderr"}
{"timestamp":"2026-09-07T02:07:32.911489Z","level":"error","event":"\t0 artifacts copied, 3 already retrieved (0kB/56ms)","logger":"task.stderr"}
{"timestamp":"2026-09-07T02:07:33.711383Z","level":"error","event":"26/09/07 02:07:33 WARN NativeCodeLoader: Unable to load native-hadoop library for your platform... using builtin-java classes where applicable","logger":"task.stderr"}
{"timestamp":"2026-09-07T02:07:34.241889Z","level":"error","event":"Setting default log level to \"WARN\".","logger":"task.stderr"}
{"timestamp":"2026-09-07T02:07:34.250183Z","level":"error","event":"To adjust logging level use sc.setLogLevel(newLevel). For SparkR, use setLogLevel(newLevel).","logger":"task.stderr"}
{"timestamp":"2026-09-07T02:07:36.390362Z","level":"error","event":"26/09/07 02:07:36 WARN Utils: Service 'SparkUI' could not bind on port 4040. Attempting port 4041.","logger":"task.stderr"}
{"timestamp":"2026-09-07T02:07:36.405435Z","level":"error","event":"26/09/07 02:07:36 WARN Utils: Service 'SparkUI' could not bind on port 4041. Attempting port 4042.","logger":"task.stderr"}
{"timestamp":"2026-09-07T02:07:36.411170Z","level":"error","event":"26/09/07 02:07:36 WARN Utils: Service 'SparkUI' could not bind on port 4042. Attempting port 4043.","logger":"task.stderr"}
{"timestamp":"2026-09-07T02:07:36.414389Z","level":"error","event":"26/09/07 02:07:36 WARN Utils: Service 'SparkUI' could not bind on port 4043. Attempting port 4044.","logger":"task.stderr"}
{"timestamp":"2026-09-07T02:07:54.026098Z","level":"error","event":"26/09/07 02:07:54 WARN SparkStringUtils: Truncated the string representation of a plan since it was too large. This behavior can be adjusted by setting 'spark.sql.debug.maxToStringFields'.","logger":"task.stderr"}
{"timestamp":"2026-09-07T02:09:49.041028Z","level":"info","event":"","logger":"task.stdout"}
{"timestamp":"2026-09-07T02:09:49.086115Z","level":"info","event":"DocumentReference Silver","logger":"task.stdout"}
{"timestamp":"2026-09-07T02:09:49.091664Z","level":"info","event":"------------------------","logger":"task.stdout"}
{"timestamp":"2026-09-07T02:09:49.094704Z","level":"info","event":"New Bronze rows: 1","logger":"task.stdout"}
{"timestamp":"2026-09-07T02:10:00.905913Z","level":"info","event":"Rows to merge: 1","logger":"task.stdout"}
{"timestamp":"2026-09-07T02:10:00.912016Z","level":"info","event":"","logger":"task.stdout"}
{"timestamp":"2026-09-07T02:10:00.916007Z","level":"info","event":"Silver DocumentReference sample:","logger":"task.stdout"}
{"timestamp":"2026-09-07T02:10:01.566522Z","level":"info","event":"+---------------------+----------+-------------------+------------+---------------------------------------------------------------------------------------------------------------------------------------------------------------------------------------------------------------------------------+","logger":"task.stdout"}
{"timestamp":"2026-09-07T02:10:01.569582Z","level":"info","event":"|document_reference_id|patient_id|document_date      |content_type|clinical_note_text                                                                                                                                                                                                               |","logger":"task.stdout"}
{"timestamp":"2026-09-07T02:10:01.575726Z","level":"info","event":"+---------------------+----------+-------------------+------------+---------------------------------------------------------------------------------------------------------------------------------------------------------------------------------------------------------------------------------+","logger":"task.stdout"}
{"timestamp":"2026-09-07T02:10:01.578452Z","level":"info","event":"|245801               |186886    |2026-09-06 21:00:00|text/plain  |## Chief Complaint\\nSeasonal allergy symptoms after yard work.\\n\\n## Assessment and Plan\\nMilestone 17 validation note. Patient reported seasonal allergy symptoms after yard work. Loratadine was documented for symptom relief.|","logger":"task.stdout"}
{"timestamp":"2026-09-07T02:10:01.581425Z","level":"info","event":"+---------------------+----------+-------------------+------------+---------------------------------------------------------------------------------------------------------------------------------------------------------------------------------------------------------------------------------+","logger":"task.stdout"}
{"timestamp":"2026-09-07T02:10:01.584911Z","level":"info","event":"","logger":"task.stdout"}
{"timestamp":"2026-09-07T02:10:05.286114Z","level":"error","event":"\r[Stage 0:>                                                          (0 + 2) / 2]\r\r[Stage 0:=============================>                             (1 + 1) / 2]\r\r[Stage 2:>                                                         (0 + 0) / 50]\r\r[Stage 2:>                                                         (0 + 8) / 50]\r\r[Stage 2:>                                                        (0 + 14) / 50]\r\r[Stage 2:=========>                                                (8 + 8) / 50]\r\r[Stage 2:==========>                                               (9 + 8) / 50]\r\r[Stage 2:===========>                                             (10 + 8) / 50]\r\r[Stage 2:==============>                                          (13 + 8) / 50]\r\r[Stage 2:===============>                                         (14 + 8) / 50]\r\r[Stage 2:==================>                                      (16 + 8) / 50]\r\r[Stage 2:===================>                                     (17 + 8) / 50]\r\r[Stage 2:=====================>                                   (19 + 8) / 50]\r\r[Stage 2:=========================>                               (22 + 8) / 50]\r\r[Stage 2:============================>                            (25 + 8) / 50]\r\r[Stage 2:==============================>                          (27 + 8) / 50]\r\r[Stage 2:===================================>                     (31 + 8) / 50]\r\r[Stage 2:======================================>                  (34 + 8) / 50]\r\r[Stage 2:=======================================>                 (35 + 8) / 50]\r\r[Stage 2:==========================================>              (37 + 8) / 50]\r\r[Stage 2:=============================================>           (40 + 8) / 50]\r\r[Stage 2:==============================================>          (41 + 8) / 50]\r\r[Stage 2:==================================================>      (44 + 6) / 50]\r\r[Stage 2:=====================================================>   (47 + 3) / 50]\r\r[Stage 2:=======================================================> (49 + 1) / 50]\r\r[Stage 5:>                                                          (0 + 1) / 1]\r\r                                                                                \r\r[Stage 7:>                                                         (0 + 8) / 50]\r\r[Stage 7:===>                                                      (3 + 8) / 50]\r\r[Stage 7:===========>                                             (10 + 8) / 50]\r\r[Stage 7:==========================>                              (23 + 8) / 50]\r\r[Stage 7:==================================>                      (30 + 9) / 50]\r\r[Stage 7:===========================================>             (38 + 8) / 50]\r\r                                                                                \r\r[Stage 8:>                                                          (0 + 2) / 2]\r\r                                                                                \r\r[Stage 11:>                                                         (0 + 3) / 3]\r\r[Stage 13:>                                                        (0 + 0) / 50]\r\r[Stage 13:>                                                        (0 + 1) / 50]\r\r[Stage 13:>                                                        (0 + 8) / 50]\r\r[Stage 13:>                                                        (0 + 9) / 50]\r\r[Stage 13:====>                                                    (4 + 7) / 50]\r\r[Stage 13:=====>                                                   (5 + 8) / 50]\r\r[Stage 13:=========>                                               (8 + 8) / 50]\r\r[Stage 13:===========>                                            (10 + 8) / 50]\r\r[Stage 13:============>                                           (11 + 8) / 50]\r\r[Stage 13:================>                                       (15 + 8) / 50]\r\r[Stage 13:=================>                                      (16 + 8) / 50]\r\r[Stage 13:=================>                                      (16 + 9) / 50]\r\r[Stage 13:===================>                                    (17 + 8) / 50]\r\r[Stage 13:======================>                                 (20 + 8) / 50]\r\r[Stage 13:=======================>                                (21 + 8) / 50]\r\r[Stage 13:=============================>                          (26 + 8) / 50]\r\r[Stage 13:==============================>                         (27 + 8) / 50]\r\r[Stage 13:===================================>                    (32 + 8) / 50]\r\r[Stage 13:====================================>                   (33 + 8) / 50]\r\r[Stage 13:========================================>               (36 + 8) / 50]\r\r[Stage 13:==========================================>             (38 + 8) / 50]\r\r[Stage 13:================================================>       (43 + 7) / 50]\r\r[Stage 13:=================================================>      (44 + 6) / 50]\r\r[Stage 13:======================================================> (49 + 1) / 50]\r\r[Stage 13:========================================================(50 + 0) / 50]\r\r                                                                                \r\r[Stage 14:>                                                         (0 + 2) / 2]\r\r                                                                                \r\r[Stage 18:==========================================>             (38 + 9) / 50]\r\r                                                                                \r\r[Stage 21:>                                                         (0 + 1) / 1]\r\r                                                                                \r\r[Stage 26:=======================================>                (35 + 9) / 50]\r\r                                                                                \r\r[Stage 46:>                                                         (0 + 1) / 1]\r\r                                                                                \r26/09/07 02:10:05 ERROR MergeIntoCommand: Fatal error in MERGE with materialized source in attempt 1","logger":"task.stderr"}
{"timestamp":"2026-09-07T02:10:05.292087Z","level":"error","event":"io.delta.exceptions.ConcurrentAppendException: [DELTA_CONCURRENT_APPEND] ConcurrentAppendException: Files were added to the root of the table by a concurrent update. Please try the operation again.","logger":"task.stderr"}
{"timestamp":"2026-09-07T02:10:05.296885Z","level":"error","event":"Conflicting commit: {\"timestamp\":1788747004758,\"operation\":\"MERGE\",\"operationParameters\":{\"predicate\":[\"(document_reference_id#2138 = document_reference_id#1334)\"],\"matchedPredicates\":[{\"actionType\":\"update\"}],\"notMatchedPredicates\":[{\"actionType\":\"insert\"}],\"notMatchedBySourcePredicates\":[]},\"readVersion\":1,\"isolationLevel\":\"Serializable\",\"isBlindAppend\":false,\"operationMetrics\":{\"numTargetRowsCopied\":\"0\",\"numTargetRowsDeleted\":\"0\",\"numTargetFilesAdded\":\"1\",\"numTargetBytesAdded\":\"6060\",\"numTargetBytesRemoved\":\"0\",\"numTargetDeletionVectorsAdded\":\"0\",\"numTargetRowsMatchedUpdated\":\"0\",\"executionTimeMs\":\"2992\",\"materializeSourceTimeMs\":\"795\",\"numTargetRowsInserted\":\"1\",\"numTargetRowsMatchedDeleted\":\"0\",\"numTargetDeletionVectorsUpdated\":\"0\",\"scanTimeMs\":\"1528\",\"numTargetRowsUpdated\":\"0\",\"numOutputRows\":\"1\",\"numTargetDeletionVectorsRemoved\":\"0\",\"numTargetRowsNotMatchedBySourceUpdated\":\"0\",\"numTargetChangeFilesAdded\":\"0\",\"numSourceRows\":\"1\",\"numTargetFilesRemoved\":\"0\",\"numTargetRowsNotMatchedBySourceDeleted\":\"0\",\"rewriteTimeMs\":\"634\"},\"engineInfo\":\"Apache-Spark/3.5.9 Delta-Lake/3.3.2\",\"txnId\":\"4036bbd8-be57-450b-9e4c-5ca79e6242bf\"}","logger":"task.stderr"}
{"timestamp":"2026-09-07T02:10:05.300564Z","level":"error","event":"Refer to https://docs.delta.io/latest/concurrency-control.html for more details.","logger":"task.stderr"}
{"timestamp":"2026-09-07T02:10:05.303628Z","level":"error","event":"\tat org.apache.spark.sql.delta.DeltaErrorsBase.concurrentAppendException(DeltaErrors.scala:2471)","logger":"task.stderr"}
{"timestamp":"2026-09-07T02:10:05.305755Z","level":"error","event":"\tat org.apache.spark.sql.delta.DeltaErrorsBase.concurrentAppendException$(DeltaErrors.scala:2464)","logger":"task.stderr"}
{"timestamp":"2026-09-07T02:10:05.308899Z","level":"error","event":"\tat org.apache.spark.sql.delta.DeltaErrors$.concurrentAppendException(DeltaErrors.scala:3598)","logger":"task.stderr"}
{"timestamp":"2026-09-07T02:10:05.312110Z","level":"error","event":"\tat org.apache.spark.sql.delta.ConflictChecker.$anonfun$checkForAddedFilesThatShouldHaveBeenReadByCurrentTxn$1(ConflictChecker.scala:613)","logger":"task.stderr"}
{"timestamp":"2026-09-07T02:10:05.315086Z","level":"error","event":"\tat scala.runtime.java8.JFunction0$mcV$sp.apply(JFunction0$mcV$sp.java:23)","logger":"task.stderr"}
{"timestamp":"2026-09-07T02:10:05.317329Z","level":"error","event":"\tat org.apache.spark.sql.delta.ConflictChecker.recordTime(ConflictChecker.scala:876)","logger":"task.stderr"}
{"timestamp":"2026-09-07T02:10:05.319582Z","level":"error","event":"\tat org.apache.spark.sql.delta.ConflictChecker.checkForAddedFilesThatShouldHaveBeenReadByCurrentTxn(ConflictChecker.scala:584)","logger":"task.stderr"}
{"timestamp":"2026-09-07T02:10:05.322224Z","level":"error","event":"\tat org.apache.spark.sql.delta.ConflictChecker.checkConflicts(ConflictChecker.scala:193)","logger":"task.stderr"}
{"timestamp":"2026-09-07T02:10:05.323746Z","level":"error","event":"\tat org.apache.spark.sql.delta.OptimisticTransactionImpl.checkForConflictsAgainstVersion(OptimisticTransaction.scala:2646)","logger":"task.stderr"}
{"timestamp":"2026-09-07T02:10:05.326366Z","level":"error","event":"\tat org.apache.spark.sql.delta.OptimisticTransactionImpl.checkForConflictsAgainstVersion$(OptimisticTransaction.scala:2636)","logger":"task.stderr"}
{"timestamp":"2026-09-07T02:10:05.327994Z","level":"error","event":"\tat org.apache.spark.sql.delta.OptimisticTransaction.checkForConflictsAgainstVersion(OptimisticTransaction.scala:165)","logger":"task.stderr"}
{"timestamp":"2026-09-07T02:10:05.329843Z","level":"error","event":"\tat org.apache.spark.sql.delta.OptimisticTransactionImpl.$anonfun$checkForConflicts$9(OptimisticTransaction.scala:2618)","logger":"task.stderr"}
{"timestamp":"2026-09-07T02:10:05.331665Z","level":"error","event":"\tat org.apache.spark.sql.delta.OptimisticTransactionImpl.$anonfun$checkForConflicts$9$adapted(OptimisticTransaction.scala:2614)","logger":"task.stderr"}
{"timestamp":"2026-09-07T02:10:05.335591Z","level":"error","event":"\tat scala.collection.Iterator.foreach(Iterator.scala:943)","logger":"task.stderr"}
{"timestamp":"2026-09-07T02:10:05.337808Z","level":"error","event":"\tat scala.collection.Iterator.foreach$(Iterator.scala:943)","logger":"task.stderr"}
{"timestamp":"2026-09-07T02:10:05.340489Z","level":"error","event":"\tat scala.collection.AbstractIterator.foreach(Iterator.scala:1431)","logger":"task.stderr"}
{"timestamp":"2026-09-07T02:10:05.342129Z","level":"error","event":"\tat scala.collection.IterableLike.foreach(IterableLike.scala:74)","logger":"task.stderr"}
{"timestamp":"2026-09-07T02:10:05.345063Z","level":"error","event":"\tat scala.collection.IterableLike.foreach$(IterableLike.scala:73)","logger":"task.stderr"}
{"timestamp":"2026-09-07T02:10:05.346812Z","level":"error","event":"\tat scala.collection.AbstractIterable.foreach(Iterable.scala:56)","logger":"task.stderr"}
{"timestamp":"2026-09-07T02:10:05.348316Z","level":"error","event":"\tat org.apache.spark.sql.delta.OptimisticTransactionImpl.$anonfun$checkForConflicts$2(OptimisticTransaction.scala:2614)","logger":"task.stderr"}
{"timestamp":"2026-09-07T02:10:05.349784Z","level":"error","event":"\tat org.apache.spark.sql.delta.catalog.DeltaTableV2$.withEnrichedUnsupportedTableException(DeltaTableV2.scala:407)","logger":"task.stderr"}
{"timestamp":"2026-09-07T02:10:05.351407Z","level":"error","event":"\tat org.apache.spark.sql.delta.OptimisticTransactionImpl.$anonfun$checkForConflicts$1(OptimisticTransaction.scala:2578)","logger":"task.stderr"}
{"timestamp":"2026-09-07T02:10:05.353105Z","level":"error","event":"\tat org.apache.spark.sql.delta.metering.DeltaLogging.recordFrameProfile(DeltaLogging.scala:171)","logger":"task.stderr"}
{"timestamp":"2026-09-07T02:10:05.354894Z","level":"error","event":"\tat org.apache.spark.sql.delta.metering.DeltaLogging.recordFrameProfile$(DeltaLogging.scala:169)","logger":"task.stderr"}
{"timestamp":"2026-09-07T02:10:05.356893Z","level":"error","event":"\tat org.apache.spark.sql.delta.OptimisticTransaction.recordFrameProfile(OptimisticTransaction.scala:165)","logger":"task.stderr"}
{"timestamp":"2026-09-07T02:10:05.358590Z","level":"error","event":"\tat org.apache.spark.sql.delta.metering.DeltaLogging.$anonfun$recordDeltaOperationInternal$1(DeltaLogging.scala:139)","logger":"task.stderr"}
{"timestamp":"2026-09-07T02:10:05.382761Z","level":"error","event":"\tat com.databricks.spark.util.DatabricksLogging.recordOperation(DatabricksLogging.scala:128)","logger":"task.stderr"}
{"timestamp":"2026-09-07T02:10:05.384777Z","level":"error","event":"\tat com.databricks.spark.util.DatabricksLogging.recordOperation$(DatabricksLogging.scala:117)","logger":"task.stderr"}
{"timestamp":"2026-09-07T02:10:05.387693Z","level":"error","event":"\tat org.apache.spark.sql.delta.OptimisticTransaction.recordOperation(OptimisticTransaction.scala:165)","logger":"task.stderr"}
{"timestamp":"2026-09-07T02:10:05.390573Z","level":"error","event":"\tat org.apache.spark.sql.delta.metering.DeltaLogging.recordDeltaOperationInternal(DeltaLogging.scala:138)","logger":"task.stderr"}
{"timestamp":"2026-09-07T02:10:05.394136Z","level":"error","event":"\tat org.apache.spark.sql.delta.metering.DeltaLogging.recordDeltaOperation(DeltaLogging.scala:128)","logger":"task.stderr"}
{"timestamp":"2026-09-07T02:10:05.397828Z","level":"error","event":"\tat org.apache.spark.sql.delta.metering.DeltaLogging.recordDeltaOperation$(DeltaLogging.scala:118)","logger":"task.stderr"}
{"timestamp":"2026-09-07T02:10:05.409744Z","level":"error","event":"\tat org.apache.spark.sql.delta.OptimisticTransaction.recordDeltaOperation(OptimisticTransaction.scala:165)","logger":"task.stderr"}
{"timestamp":"2026-09-07T02:10:05.412852Z","level":"error","event":"\tat org.apache.spark.sql.delta.OptimisticTransactionImpl.checkForConflicts(OptimisticTransaction.scala:2578)","logger":"task.stderr"}
{"timestamp":"2026-09-07T02:10:05.416382Z","level":"error","event":"\tat org.apache.spark.sql.delta.OptimisticTransactionImpl.checkForConflicts$(OptimisticTransaction.scala:2568)","logger":"task.stderr"}
{"timestamp":"2026-09-07T02:10:05.423479Z","level":"error","event":"\tat org.apache.spark.sql.delta.OptimisticTransaction.checkForConflicts(OptimisticTransaction.scala:165)","logger":"task.stderr"}
{"timestamp":"2026-09-07T02:10:05.426362Z","level":"error","event":"\tat org.apache.spark.sql.delta.OptimisticTransactionImpl.$anonfun$doCommitRetryIteratively$4(OptimisticTransaction.scala:2229)","logger":"task.stderr"}
{"timestamp":"2026-09-07T02:10:05.431372Z","level":"error","event":"\tat org.apache.spark.sql.delta.metering.DeltaLogging.recordFrameProfile(DeltaLogging.scala:171)","logger":"task.stderr"}
{"timestamp":"2026-09-07T02:10:05.434768Z","level":"error","event":"\tat org.apache.spark.sql.delta.metering.DeltaLogging.recordFrameProfile$(DeltaLogging.scala:169)","logger":"task.stderr"}
{"timestamp":"2026-09-07T02:10:05.437655Z","level":"error","event":"\tat org.apache.spark.sql.delta.OptimisticTransaction.recordFrameProfile(OptimisticTransaction.scala:165)","logger":"task.stderr"}
{"timestamp":"2026-09-07T02:10:05.439730Z","level":"error","event":"\tat org.apache.spark.sql.delta.metering.DeltaLogging.$anonfun$recordDeltaOperationInternal$1(DeltaLogging.scala:139)","logger":"task.stderr"}
{"timestamp":"2026-09-07T02:10:05.442947Z","level":"error","event":"\tat com.databricks.spark.util.DatabricksLogging.recordOperation(DatabricksLogging.scala:128)","logger":"task.stderr"}
{"timestamp":"2026-09-07T02:10:05.446404Z","level":"error","event":"\tat com.databricks.spark.util.DatabricksLogging.recordOperation$(DatabricksLogging.scala:117)","logger":"task.stderr"}
{"timestamp":"2026-09-07T02:10:05.448639Z","level":"error","event":"\tat org.apache.spark.sql.delta.OptimisticTransaction.recordOperation(OptimisticTransaction.scala:165)","logger":"task.stderr"}
{"timestamp":"2026-09-07T02:10:05.450360Z","level":"error","event":"\tat org.apache.spark.sql.delta.metering.DeltaLogging.recordDeltaOperationInternal(DeltaLogging.scala:138)","logger":"task.stderr"}
{"timestamp":"2026-09-07T02:10:05.452005Z","level":"error","event":"\tat org.apache.spark.sql.delta.metering.DeltaLogging.recordDeltaOperation(DeltaLogging.scala:128)","logger":"task.stderr"}
{"timestamp":"2026-09-07T02:10:05.453698Z","level":"error","event":"\tat org.apache.spark.sql.delta.metering.DeltaLogging.recordDeltaOperation$(DeltaLogging.scala:118)","logger":"task.stderr"}
{"timestamp":"2026-09-07T02:10:05.455905Z","level":"error","event":"\tat org.apache.spark.sql.delta.OptimisticTransaction.recordDeltaOperation(OptimisticTransaction.scala:165)","logger":"task.stderr"}
{"timestamp":"2026-09-07T02:10:05.460000Z","level":"error","event":"\tat org.apache.spark.sql.delta.OptimisticTransactionImpl.$anonfun$doCommitRetryIteratively$3(OptimisticTransaction.scala:2227)","logger":"task.stderr"}
{"timestamp":"2026-09-07T02:10:05.464477Z","level":"error","event":"\tat scala.collection.immutable.Range.foreach$mVc$sp(Range.scala:158)","logger":"task.stderr"}
{"timestamp":"2026-09-07T02:10:05.467459Z","level":"error","event":"\tat org.apache.spark.sql.delta.OptimisticTransactionImpl.$anonfun$doCommitRetryIteratively$2(OptimisticTransaction.scala:2223)","logger":"task.stderr"}
{"timestamp":"2026-09-07T02:10:05.470873Z","level":"error","event":"\tat scala.runtime.java8.JFunction0$mcV$sp.apply(JFunction0$mcV$sp.java:23)","logger":"task.stderr"}
{"timestamp":"2026-09-07T02:10:05.473423Z","level":"error","event":"\tat org.apache.spark.sql.delta.metering.DeltaLogging.recordFrameProfile(DeltaLogging.scala:171)","logger":"task.stderr"}
{"timestamp":"2026-09-07T02:10:05.475694Z","level":"error","event":"\tat org.apache.spark.sql.delta.metering.DeltaLogging.recordFrameProfile$(DeltaLogging.scala:169)","logger":"task.stderr"}
{"timestamp":"2026-09-07T02:10:05.477973Z","level":"error","event":"\tat org.apache.spark.sql.delta.OptimisticTransaction.recordFrameProfile(OptimisticTransaction.scala:165)","logger":"task.stderr"}
{"timestamp":"2026-09-07T02:10:05.483464Z","level":"error","event":"\tat org.apache.spark.sql.delta.metering.DeltaLogging.$anonfun$recordDeltaOperationInternal$1(DeltaLogging.scala:139)","logger":"task.stderr"}
{"timestamp":"2026-09-07T02:10:05.489550Z","level":"error","event":"\tat com.databricks.spark.util.DatabricksLogging.recordOperation(DatabricksLogging.scala:128)","logger":"task.stderr"}
{"timestamp":"2026-09-07T02:10:05.490908Z","level":"error","event":"\tat com.databricks.spark.util.DatabricksLogging.recordOperation$(DatabricksLogging.scala:117)","logger":"task.stderr"}
{"timestamp":"2026-09-07T02:10:05.493634Z","level":"error","event":"\tat org.apache.spark.sql.delta.OptimisticTransaction.recordOperation(OptimisticTransaction.scala:165)","logger":"task.stderr"}
{"timestamp":"2026-09-07T02:10:05.495672Z","level":"error","event":"\tat org.apache.spark.sql.delta.metering.DeltaLogging.recordDeltaOperationInternal(DeltaLogging.scala:138)","logger":"task.stderr"}
{"timestamp":"2026-09-07T02:10:05.515713Z","level":"error","event":"\tat org.apache.spark.sql.delta.metering.DeltaLogging.recordDeltaOperation(DeltaLogging.scala:128)","logger":"task.stderr"}
{"timestamp":"2026-09-07T02:10:05.518441Z","level":"error","event":"\tat org.apache.spark.sql.delta.metering.DeltaLogging.recordDeltaOperation$(DeltaLogging.scala:118)","logger":"task.stderr"}
{"timestamp":"2026-09-07T02:10:05.521752Z","level":"error","event":"\tat org.apache.spark.sql.delta.OptimisticTransaction.recordDeltaOperation(OptimisticTransaction.scala:165)","logger":"task.stderr"}
{"timestamp":"2026-09-07T02:10:05.524026Z","level":"error","event":"\tat org.apache.spark.sql.delta.OptimisticTransactionImpl.$anonfun$doCommitRetryIteratively$1(OptimisticTransaction.scala:2223)","logger":"task.stderr"}
{"timestamp":"2026-09-07T02:10:05.527099Z","level":"error","event":"\tat org.apache.spark.sql.delta.SnapshotManagement.withSnapshotLockInterruptibly(SnapshotManagement.scala:85)","logger":"task.stderr"}
{"timestamp":"2026-09-07T02:10:05.530115Z","level":"error","event":"\tat org.apache.spark.sql.delta.SnapshotManagement.withSnapshotLockInterruptibly$(SnapshotManagement.scala:82)","logger":"task.stderr"}
{"timestamp":"2026-09-07T02:10:05.533907Z","level":"error","event":"\tat org.apache.spark.sql.delta.DeltaLog.withSnapshotLockInterruptibly(DeltaLog.scala:75)","logger":"task.stderr"}
{"timestamp":"2026-09-07T02:10:05.537813Z","level":"error","event":"\tat org.apache.spark.sql.delta.OptimisticTransactionImpl.lockCommitIfEnabled(OptimisticTransaction.scala:2192)","logger":"task.stderr"}
{"timestamp":"2026-09-07T02:10:05.540552Z","level":"error","event":"\tat org.apache.spark.sql.delta.OptimisticTransactionImpl.doCommitRetryIteratively(OptimisticTransaction.scala:2210)","logger":"task.stderr"}
{"timestamp":"2026-09-07T02:10:05.543848Z","level":"error","event":"\tat org.apache.spark.sql.delta.OptimisticTransactionImpl.doCommitRetryIteratively$(OptimisticTransaction.scala:2206)","logger":"task.stderr"}
{"timestamp":"2026-09-07T02:10:05.548880Z","level":"error","event":"\tat org.apache.spark.sql.delta.OptimisticTransaction.doCommitRetryIteratively(OptimisticTransaction.scala:165)","logger":"task.stderr"}
{"timestamp":"2026-09-07T02:10:05.552818Z","level":"error","event":"\tat org.apache.spark.sql.delta.OptimisticTransactionImpl.liftedTree1$1(OptimisticTransaction.scala:1434)","logger":"task.stderr"}
{"timestamp":"2026-09-07T02:10:05.558696Z","level":"error","event":"\tat org.apache.spark.sql.delta.OptimisticTransactionImpl.$anonfun$commitImpl$1(OptimisticTransaction.scala:1330)","logger":"task.stderr"}
{"timestamp":"2026-09-07T02:10:05.561567Z","level":"error","event":"\tat org.apache.spark.sql.delta.metering.DeltaLogging.recordFrameProfile(DeltaLogging.scala:171)","logger":"task.stderr"}
{"timestamp":"2026-09-07T02:10:05.563981Z","level":"error","event":"\tat org.apache.spark.sql.delta.metering.DeltaLogging.recordFrameProfile$(DeltaLogging.scala:169)","logger":"task.stderr"}
{"timestamp":"2026-09-07T02:10:05.567932Z","level":"error","event":"\tat org.apache.spark.sql.delta.OptimisticTransaction.recordFrameProfile(OptimisticTransaction.scala:165)","logger":"task.stderr"}
{"timestamp":"2026-09-07T02:10:05.572836Z","level":"error","event":"\tat org.apache.spark.sql.delta.metering.DeltaLogging.$anonfun$recordDeltaOperationInternal$1(DeltaLogging.scala:139)","logger":"task.stderr"}
{"timestamp":"2026-09-07T02:10:05.578427Z","level":"error","event":"\tat com.databricks.spark.util.DatabricksLogging.recordOperation(DatabricksLogging.scala:128)","logger":"task.stderr"}
{"timestamp":"2026-09-07T02:10:05.581084Z","level":"error","event":"\tat com.databricks.spark.util.DatabricksLogging.recordOperation$(DatabricksLogging.scala:117)","logger":"task.stderr"}
{"timestamp":"2026-09-07T02:10:05.584106Z","level":"error","event":"\tat org.apache.spark.sql.delta.OptimisticTransaction.recordOperation(OptimisticTransaction.scala:165)","logger":"task.stderr"}
{"timestamp":"2026-09-07T02:10:05.587693Z","level":"error","event":"\tat org.apache.spark.sql.delta.metering.DeltaLogging.recordDeltaOperationInternal(DeltaLogging.scala:138)","logger":"task.stderr"}
{"timestamp":"2026-09-07T02:10:05.590906Z","level":"error","event":"\tat org.apache.spark.sql.delta.metering.DeltaLogging.recordDeltaOperation(DeltaLogging.scala:128)","logger":"task.stderr"}
{"timestamp":"2026-09-07T02:10:05.593412Z","level":"error","event":"\tat org.apache.spark.sql.delta.metering.DeltaLogging.recordDeltaOperation$(DeltaLogging.scala:118)","logger":"task.stderr"}
{"timestamp":"2026-09-07T02:10:05.595398Z","level":"error","event":"\tat org.apache.spark.sql.delta.OptimisticTransaction.recordDeltaOperation(OptimisticTransaction.scala:165)","logger":"task.stderr"}
{"timestamp":"2026-09-07T02:10:05.596689Z","level":"error","event":"\tat org.apache.spark.sql.delta.OptimisticTransactionImpl.commitImpl(OptimisticTransaction.scala:1327)","logger":"task.stderr"}
{"timestamp":"2026-09-07T02:10:05.598889Z","level":"error","event":"\tat org.apache.spark.sql.delta.OptimisticTransactionImpl.commitImpl$(OptimisticTransaction.scala:1323)","logger":"task.stderr"}
{"timestamp":"2026-09-07T02:10:05.600589Z","level":"error","event":"\tat org.apache.spark.sql.delta.OptimisticTransaction.commitImpl(OptimisticTransaction.scala:165)","logger":"task.stderr"}
{"timestamp":"2026-09-07T02:10:05.603559Z","level":"error","event":"\tat org.apache.spark.sql.delta.OptimisticTransactionImpl.commitIfNeeded(OptimisticTransaction.scala:1235)","logger":"task.stderr"}
{"timestamp":"2026-09-07T02:10:05.605880Z","level":"error","event":"\tat org.apache.spark.sql.delta.OptimisticTransactionImpl.commitIfNeeded$(OptimisticTransaction.scala:1231)","logger":"task.stderr"}
{"timestamp":"2026-09-07T02:10:05.606842Z","level":"error","event":"\tat org.apache.spark.sql.delta.OptimisticTransaction.commitIfNeeded(OptimisticTransaction.scala:165)","logger":"task.stderr"}
{"timestamp":"2026-09-07T02:10:05.609635Z","level":"error","event":"\tat org.apache.spark.sql.delta.commands.MergeIntoCommand.commitAndRecordStats(MergeIntoCommand.scala:224)","logger":"task.stderr"}
{"timestamp":"2026-09-07T02:10:05.613474Z","level":"error","event":"\tat org.apache.spark.sql.delta.commands.MergeIntoCommand.$anonfun$runMerge$2(MergeIntoCommand.scala:178)","logger":"task.stderr"}
{"timestamp":"2026-09-07T02:10:05.616898Z","level":"error","event":"\tat org.apache.spark.sql.delta.commands.MergeIntoCommand.$anonfun$runMerge$2$adapted(MergeIntoCommand.scala:87)","logger":"task.stderr"}
{"timestamp":"2026-09-07T02:10:05.621691Z","level":"error","event":"\tat org.apache.spark.sql.delta.DeltaLog.withNewTransaction(DeltaLog.scala:241)","logger":"task.stderr"}
{"timestamp":"2026-09-07T02:10:05.624961Z","level":"error","event":"\tat org.apache.spark.sql.delta.commands.MergeIntoCommand.$anonfun$runMerge$1(MergeIntoCommand.scala:87)","logger":"task.stderr"}
{"timestamp":"2026-09-07T02:10:05.626687Z","level":"error","event":"\tat scala.runtime.java8.JFunction0$mcV$sp.apply(JFunction0$mcV$sp.java:23)","logger":"task.stderr"}
{"timestamp":"2026-09-07T02:10:05.629035Z","level":"error","event":"\tat org.apache.spark.sql.delta.metering.DeltaLogging.recordFrameProfile(DeltaLogging.scala:171)","logger":"task.stderr"}
{"timestamp":"2026-09-07T02:10:05.633381Z","level":"error","event":"\tat org.apache.spark.sql.delta.metering.DeltaLogging.recordFrameProfile$(DeltaLogging.scala:169)","logger":"task.stderr"}
{"timestamp":"2026-09-07T02:10:05.635524Z","level":"error","event":"\tat org.apache.spark.sql.delta.commands.MergeIntoCommand.recordFrameProfile(MergeIntoCommand.scala:62)","logger":"task.stderr"}
{"timestamp":"2026-09-07T02:10:05.638519Z","level":"error","event":"\tat org.apache.spark.sql.delta.metering.DeltaLogging.$anonfun$recordDeltaOperationInternal$1(DeltaLogging.scala:139)","logger":"task.stderr"}
{"timestamp":"2026-09-07T02:10:05.642030Z","level":"error","event":"\tat com.databricks.spark.util.DatabricksLogging.recordOperation(DatabricksLogging.scala:128)","logger":"task.stderr"}
{"timestamp":"2026-09-07T02:10:05.644551Z","level":"error","event":"\tat com.databricks.spark.util.DatabricksLogging.recordOperation$(DatabricksLogging.scala:117)","logger":"task.stderr"}
{"timestamp":"2026-09-07T02:10:05.646045Z","level":"error","event":"\tat org.apache.spark.sql.delta.commands.MergeIntoCommand.recordOperation(MergeIntoCommand.scala:62)","logger":"task.stderr"}
{"timestamp":"2026-09-07T02:10:05.647745Z","level":"error","event":"\tat org.apache.spark.sql.delta.metering.DeltaLogging.recordDeltaOperationInternal(DeltaLogging.scala:138)","logger":"task.stderr"}
{"timestamp":"2026-09-07T02:10:05.650577Z","level":"error","event":"\tat org.apache.spark.sql.delta.metering.DeltaLogging.recordDeltaOperation(DeltaLogging.scala:128)","logger":"task.stderr"}
{"timestamp":"2026-09-07T02:10:05.652462Z","level":"error","event":"\tat org.apache.spark.sql.delta.metering.DeltaLogging.recordDeltaOperation$(DeltaLogging.scala:118)","logger":"task.stderr"}
{"timestamp":"2026-09-07T02:10:05.654355Z","level":"error","event":"\tat org.apache.spark.sql.delta.commands.MergeIntoCommand.recordDeltaOperation(MergeIntoCommand.scala:62)","logger":"task.stderr"}
{"timestamp":"2026-09-07T02:10:05.656443Z","level":"error","event":"\tat org.apache.spark.sql.delta.commands.MergeIntoCommand.runMerge(MergeIntoCommand.scala:85)","logger":"task.stderr"}
{"timestamp":"2026-09-07T02:10:05.660664Z","level":"error","event":"\tat org.apache.spark.sql.delta.commands.MergeIntoCommandBase.$anonfun$run$1(MergeIntoCommandBase.scala:177)","logger":"task.stderr"}
{"timestamp":"2026-09-07T02:10:05.664529Z","level":"error","event":"\tat org.apache.spark.sql.delta.commands.merge.MergeIntoMaterializeSource.runWithMaterializedSourceLostRetries(MergeIntoMaterializeSource.scala:108)","logger":"task.stderr"}
{"timestamp":"2026-09-07T02:10:05.667850Z","level":"error","event":"\tat org.apache.spark.sql.delta.commands.merge.MergeIntoMaterializeSource.runWithMaterializedSourceLostRetries$(MergeIntoMaterializeSource.scala:96)","logger":"task.stderr"}
{"timestamp":"2026-09-07T02:10:05.672133Z","level":"error","event":"\tat org.apache.spark.sql.delta.commands.MergeIntoCommand.runWithMaterializedSourceLostRetries(MergeIntoCommand.scala:62)","logger":"task.stderr"}
{"timestamp":"2026-09-07T02:10:05.676071Z","level":"error","event":"\tat org.apache.spark.sql.delta.commands.MergeIntoCommandBase.run(MergeIntoCommandBase.scala:177)","logger":"task.stderr"}
{"timestamp":"2026-09-07T02:10:05.679135Z","level":"error","event":"\tat org.apache.spark.sql.delta.commands.MergeIntoCommandBase.run$(MergeIntoCommandBase.scala:155)","logger":"task.stderr"}
{"timestamp":"2026-09-07T02:10:05.682681Z","level":"error","event":"\tat org.apache.spark.sql.delta.commands.MergeIntoCommand.run(MergeIntoCommand.scala:62)","logger":"task.stderr"}
{"timestamp":"2026-09-07T02:10:05.684988Z","level":"error","event":"\tat org.apache.spark.sql.execution.command.ExecutedCommandExec.sideEffectResult$lzycompute(commands.scala:75)","logger":"task.stderr"}
{"timestamp":"2026-09-07T02:10:05.686844Z","level":"error","event":"\tat org.apache.spark.sql.execution.command.ExecutedCommandExec.sideEffectResult(commands.scala:73)","logger":"task.stderr"}
{"timestamp":"2026-09-07T02:10:05.688957Z","level":"error","event":"\tat org.apache.spark.sql.execution.command.ExecutedCommandExec.executeCollect(commands.scala:84)","logger":"task.stderr"}
{"timestamp":"2026-09-07T02:10:05.692915Z","level":"error","event":"\tat org.apache.spark.sql.execution.QueryExecution$$anonfun$eagerlyExecuteCommands$1.$anonfun$applyOrElse$1(QueryExecution.scala:107)","logger":"task.stderr"}
{"timestamp":"2026-09-07T02:10:05.695660Z","level":"error","event":"\tat org.apache.spark.sql.execution.SQLExecution$.$anonfun$withNewExecutionId$6(SQLExecution.scala:125)","logger":"task.stderr"}
{"timestamp":"2026-09-07T02:10:05.697961Z","level":"error","event":"\tat org.apache.spark.sql.execution.SQLExecution$.withSQLConfPropagated(SQLExecution.scala:201)","logger":"task.stderr"}
{"timestamp":"2026-09-07T02:10:05.699942Z","level":"error","event":"\tat org.apache.spark.sql.execution.SQLExecution$.$anonfun$withNewExecutionId$1(SQLExecution.scala:108)","logger":"task.stderr"}
{"timestamp":"2026-09-07T02:10:05.701772Z","level":"error","event":"\tat org.apache.spark.sql.SparkSession.withActive(SparkSession.scala:900)","logger":"task.stderr"}
{"timestamp":"2026-09-07T02:10:05.703574Z","level":"error","event":"\tat org.apache.spark.sql.execution.SQLExecution$.withNewExecutionId(SQLExecution.scala:66)","logger":"task.stderr"}
{"timestamp":"2026-09-07T02:10:05.706510Z","level":"error","event":"\tat org.apache.spark.sql.execution.QueryExecution$$anonfun$eagerlyExecuteCommands$1.applyOrElse(QueryExecution.scala:107)","logger":"task.stderr"}
{"timestamp":"2026-09-07T02:10:05.708020Z","level":"error","event":"\tat org.apache.spark.sql.execution.QueryExecution$$anonfun$eagerlyExecuteCommands$1.applyOrElse(QueryExecution.scala:98)","logger":"task.stderr"}
{"timestamp":"2026-09-07T02:10:05.710648Z","level":"error","event":"\tat org.apache.spark.sql.catalyst.trees.TreeNode.$anonfun$transformDownWithPruning$1(TreeNode.scala:461)","logger":"task.stderr"}
{"timestamp":"2026-09-07T02:10:05.713483Z","level":"error","event":"\tat org.apache.spark.sql.catalyst.trees.CurrentOrigin$.withOrigin(origin.scala:76)","logger":"task.stderr"}
{"timestamp":"2026-09-07T02:10:05.715570Z","level":"error","event":"\tat org.apache.spark.sql.catalyst.trees.TreeNode.transformDownWithPruning(TreeNode.scala:461)","logger":"task.stderr"}
{"timestamp":"2026-09-07T02:10:05.717651Z","level":"error","event":"\tat org.apache.spark.sql.catalyst.plans.logical.LogicalPlan.org$apache$spark$sql$catalyst$plans$logical$AnalysisHelper$$super$transformDownWithPruning(LogicalPlan.scala:32)","logger":"task.stderr"}
{"timestamp":"2026-09-07T02:10:05.720789Z","level":"error","event":"\tat org.apache.spark.sql.catalyst.plans.logical.AnalysisHelper.transformDownWithPruning(AnalysisHelper.scala:267)","logger":"task.stderr"}
{"timestamp":"2026-09-07T02:10:05.722617Z","level":"error","event":"\tat org.apache.spark.sql.catalyst.plans.logical.AnalysisHelper.transformDownWithPruning$(AnalysisHelper.scala:263)","logger":"task.stderr"}
{"timestamp":"2026-09-07T02:10:05.724445Z","level":"error","event":"\tat org.apache.spark.sql.catalyst.plans.logical.LogicalPlan.transformDownWithPruning(LogicalPlan.scala:32)","logger":"task.stderr"}
{"timestamp":"2026-09-07T02:10:05.726694Z","level":"error","event":"\tat org.apache.spark.sql.catalyst.plans.logical.LogicalPlan.transformDownWithPruning(LogicalPlan.scala:32)","logger":"task.stderr"}
{"timestamp":"2026-09-07T02:10:05.728543Z","level":"error","event":"\tat org.apache.spark.sql.catalyst.trees.TreeNode.transformDown(TreeNode.scala:437)","logger":"task.stderr"}
{"timestamp":"2026-09-07T02:10:05.730281Z","level":"error","event":"\tat org.apache.spark.sql.execution.QueryExecution.eagerlyExecuteCommands(QueryExecution.scala:98)","logger":"task.stderr"}
{"timestamp":"2026-09-07T02:10:05.732407Z","level":"error","event":"\tat org.apache.spark.sql.execution.QueryExecution.commandExecuted$lzycompute(QueryExecution.scala:85)","logger":"task.stderr"}
{"timestamp":"2026-09-07T02:10:05.734530Z","level":"error","event":"\tat org.apache.spark.sql.execution.QueryExecution.commandExecuted(QueryExecution.scala:83)","logger":"task.stderr"}
{"timestamp":"2026-09-07T02:10:05.737861Z","level":"error","event":"\tat org.apache.spark.sql.Dataset.<init>(Dataset.scala:220)","logger":"task.stderr"}
{"timestamp":"2026-09-07T02:10:05.740818Z","level":"error","event":"\tat org.apache.spark.sql.Dataset$.$anonfun$ofRows$1(Dataset.scala:92)","logger":"task.stderr"}
{"timestamp":"2026-09-07T02:10:05.745494Z","level":"error","event":"\tat org.apache.spark.sql.SparkSession.withActive(SparkSession.scala:900)","logger":"task.stderr"}
{"timestamp":"2026-09-07T02:10:05.747525Z","level":"error","event":"\tat org.apache.spark.sql.Dataset$.ofRows(Dataset.scala:89)","logger":"task.stderr"}
{"timestamp":"2026-09-07T02:10:05.748863Z","level":"error","event":"\tat org.apache.spark.sql.delta.util.AnalysisHelper.toDataset(AnalysisHelper.scala:92)","logger":"task.stderr"}
{"timestamp":"2026-09-07T02:10:05.750771Z","level":"error","event":"\tat org.apache.spark.sql.delta.util.AnalysisHelper.toDataset$(AnalysisHelper.scala:91)","logger":"task.stderr"}
{"timestamp":"2026-09-07T02:10:05.752572Z","level":"error","event":"\tat io.delta.tables.DeltaMergeBuilder.toDataset(DeltaMergeBuilder.scala:152)","logger":"task.stderr"}
{"timestamp":"2026-09-07T02:10:05.755419Z","level":"error","event":"\tat io.delta.tables.DeltaMergeBuilder.$anonfun$execute$2(DeltaMergeBuilder.scala:326)","logger":"task.stderr"}
{"timestamp":"2026-09-07T02:10:05.757809Z","level":"error","event":"\tat org.apache.spark.sql.SparkSession.withActive(SparkSession.scala:900)","logger":"task.stderr"}
{"timestamp":"2026-09-07T02:10:05.759763Z","level":"error","event":"\tat org.apache.spark.sql.delta.DeltaTableUtils$.withActiveSession(DeltaTable.scala:550)","logger":"task.stderr"}
{"timestamp":"2026-09-07T02:10:05.766007Z","level":"error","event":"\tat io.delta.tables.DeltaMergeBuilder.$anonfun$execute$1(DeltaMergeBuilder.scala:295)","logger":"task.stderr"}
{"timestamp":"2026-09-07T02:10:05.768516Z","level":"error","event":"\tat org.apache.spark.sql.delta.util.AnalysisHelper.improveUnsupportedOpError(AnalysisHelper.scala:109)","logger":"task.stderr"}
{"timestamp":"2026-09-07T02:10:05.770337Z","level":"error","event":"\tat org.apache.spark.sql.delta.util.AnalysisHelper.improveUnsupportedOpError$(AnalysisHelper.scala:95)","logger":"task.stderr"}
{"timestamp":"2026-09-07T02:10:05.772322Z","level":"error","event":"\tat io.delta.tables.DeltaMergeBuilder.improveUnsupportedOpError(DeltaMergeBuilder.scala:152)","logger":"task.stderr"}
{"timestamp":"2026-09-07T02:10:05.775004Z","level":"error","event":"\tat io.delta.tables.DeltaMergeBuilder.execute(DeltaMergeBuilder.scala:293)","logger":"task.stderr"}
{"timestamp":"2026-09-07T02:10:05.777104Z","level":"error","event":"\tat java.base/jdk.internal.reflect.NativeMethodAccessorImpl.invoke0(Native Method)","logger":"task.stderr"}
{"timestamp":"2026-09-07T02:10:05.779100Z","level":"error","event":"\tat java.base/jdk.internal.reflect.NativeMethodAccessorImpl.invoke(NativeMethodAccessorImpl.java:77)","logger":"task.stderr"}
{"timestamp":"2026-09-07T02:10:05.781496Z","level":"error","event":"\tat java.base/jdk.internal.reflect.DelegatingMethodAccessorImpl.invoke(DelegatingMethodAccessorImpl.java:43)","logger":"task.stderr"}
{"timestamp":"2026-09-07T02:10:05.782900Z","level":"error","event":"\tat java.base/java.lang.reflect.Method.invoke(Method.java:569)","logger":"task.stderr"}
{"timestamp":"2026-09-07T02:10:05.784573Z","level":"error","event":"\tat py4j.reflection.MethodInvoker.invoke(MethodInvoker.java:244)","logger":"task.stderr"}
{"timestamp":"2026-09-07T02:10:05.787834Z","level":"error","event":"\tat py4j.reflection.ReflectionEngine.invoke(ReflectionEngine.java:374)","logger":"task.stderr"}
{"timestamp":"2026-09-07T02:10:05.790126Z","level":"error","event":"\tat py4j.Gateway.invoke(Gateway.java:282)","logger":"task.stderr"}
{"timestamp":"2026-09-07T02:10:05.793687Z","level":"error","event":"\tat py4j.commands.AbstractCommand.invokeMethod(AbstractCommand.java:132)","logger":"task.stderr"}
{"timestamp":"2026-09-07T02:10:05.795883Z","level":"error","event":"\tat py4j.commands.CallCommand.execute(CallCommand.java:79)","logger":"task.stderr"}
{"timestamp":"2026-09-07T02:10:05.799431Z","level":"error","event":"\tat py4j.ClientServerConnection.waitForCommands(ClientServerConnection.java:182)","logger":"task.stderr"}
{"timestamp":"2026-09-07T02:10:05.801416Z","level":"error","event":"\tat py4j.ClientServerConnection.run(ClientServerConnection.java:106)","logger":"task.stderr"}
{"timestamp":"2026-09-07T02:10:05.803422Z","level":"error","event":"\tat java.base/java.lang.Thread.run(Thread.java:840)","logger":"task.stderr"}
{"timestamp":"2026-09-07T02:10:06.642849Z","level":"error","event":"Task failed with exception","ti_id":"01a0799e-6421-7584-90e6-12c9ed02b082","map_index":-1,"dag_id":"healthcare_pipeline","run_id":"manual__2026-09-07T02:06:58.538323+00:00","try_number":1,"task_id":"process_condition_silver","logger":"task","filename":"task_runner.py","lineno":1676,"error_detail":[{"exc_type":"ConcurrentAppendException","exc_value":"[DELTA_CONCURRENT_APPEND] ConcurrentAppendException: Files were added to the root of the table by a concurrent update. Please try the operation again.\nConflicting commit: {\"timestamp\":1788747004758,\"operation\":\"MERGE\",\"operationParameters\":{\"predicate\":[\"(document_reference_id#2138 = document_reference_id#1334)\"],\"matchedPredicates\":[{\"actionType\":\"update\"}],\"notMatchedPredicates\":[{\"actionType\":\"insert\"}],\"notMatchedBySourcePredicates\":[]},\"readVersion\":1,\"isolationLevel\":\"Serializable\",\"isBlindAppend\":false,\"operationMetrics\":{\"numTargetRowsCopied\":\"0\",\"numTargetRowsDeleted\":\"0\",\"numTargetFilesAdded\":\"1\",\"numTargetBytesAdded\":\"6060\",\"numTargetBytesRemoved\":\"0\",\"numTargetDeletionVectorsAdded\":\"0\",\"numTargetRowsMatchedUpdated\":\"0\",\"executionTimeMs\":\"2992\",\"materializeSourceTimeMs\":\"795\",\"numTargetRowsInserted\":\"1\",\"numTargetRowsMatchedDeleted\":\"0\",\"numTargetDeletionVectorsUpdated\":\"0\",\"scanTimeMs\":\"1528\",\"numTargetRowsUpdated\":\"0\",\"numOutputRows\":\"1\",\"numTargetDeletionVectorsRemoved\":\"0\",\"numTargetRowsNotMatchedBySourceUpdated\":\"0\",\"numTargetChangeFilesAdded\":\"0\",\"numSourceRows\":\"1\",\"numTargetFilesRemoved\":\"0\",\"numTargetRowsNotMatchedBySourceDeleted\":\"0\",\"rewriteTimeMs\":\"634\"},\"engineInfo\":\"Apache-Spark/3.5.9 Delta-Lake/3.3.2\",\"txnId\":\"4036bbd8-be57-450b-9e4c-5ca79e6242bf\"}\nRefer to https://docs.delta.io/latest/concurrency-control.html for more details.","exc_notes":[],"syntax_error":null,"is_cause":false,"frames":[{"filename":"/home/airflow/.local/lib/python3.11/site-packages/airflow/sdk/execution_time/task_runner.py","lineno":1579,"name":"_run_task_and_map_outcome"},{"filename":"/home/airflow/.local/lib/python3.11/site-packages/airflow/sdk/execution_time/task_runner.py","lineno":197,"name":"wrapper"},{"filename":"/home/airflow/.local/lib/python3.11/site-packages/airflow/sdk/execution_time/task_runner.py","lineno":2234,"name":"_execute_task"},{"filename":"/home/airflow/.local/lib/python3.11/site-packages/airflow/sdk/execution_time/task_runner.py","lineno":197,"name":"wrapper"},{"filename":"/home/airflow/.local/lib/python3.11/site-packages/airflow/sdk/execution_time/task_runner.py","lineno":2192,"name":"_run_execute_callable"},{"filename":"/home/airflow/.local/lib/python3.11/site-packages/airflow/sdk/bases/operator.py","lineno":445,"name":"wrapper"},{"filename":"/home/airflow/.local/lib/python3.11/site-packages/airflow/sdk/bases/decorator.py","lineno":398,"name":"execute"},{"filename":"/home/airflow/.local/lib/python3.11/site-packages/airflow/sdk/bases/operator.py","lineno":445,"name":"wrapper"},{"filename":"/home/airflow/.local/lib/python3.11/site-packages/airflow/providers/standard/operators/python.py","lineno":231,"name":"execute"},{"filename":"/home/airflow/.local/lib/python3.11/site-packages/airflow/providers/standard/operators/python.py","lineno":254,"name":"execute_callable"},{"filename":"/home/airflow/.local/lib/python3.11/site-packages/airflow/sdk/execution_time/callback_runner.py","lineno":97,"name":"run"},{"filename":"/opt/airflow/dags/healthcare_pipeline.py","lineno":93,"name":"process_condition_silver"},{"filename":"/opt/airflow/project/src/processing/silver/condition_transform.py","lineno":382,"name":"main"},{"filename":"/opt/airflow/project/src/processing/silver/condition_transform.py","lineno":294,"name":"write_silver_document_references"},{"filename":"/opt/airflow/project/src/processing/delta_utils.py","lineno":62,"name":"merge_delta"},{"filename":"/home/airflow/.local/lib/python3.11/site-packages/delta/tables.py","lineno":1049,"name":"execute"},{"filename":"/home/airflow/.local/lib/python3.11/site-packages/py4j/java_gateway.py","lineno":1362,"name":"__call__"},{"filename":"/home/airflow/.local/lib/python3.11/site-packages/pyspark/errors/exceptions/captured.py","lineno":185,"name":"deco"}],"is_group":false,"exceptions":[]}]}
{"timestamp":"2026-09-07T02:10:06.681966Z","level":"info","event":"::group::Post Execute","ti_id":"01a0799e-6421-7584-90e6-12c9ed02b082","map_index":-1,"dag_id":"healthcare_pipeline","run_id":"manual__2026-09-07T02:06:58.538323+00:00","try_number":1,"task_id":"process_condition_silver","logger":"task","filename":"task_runner.py","lineno":1677}
{"timestamp":"2026-09-07T02:10:06.744519Z","level":"info","event":"::endgroup::","ti_id":"01a0799e-6421-7584-90e6-12c9ed02b082","map_index":-1,"dag_id":"healthcare_pipeline","run_id":"manual__2026-09-07T02:06:58.538323+00:00","try_number":1,"task_id":"process_condition_silver","logger":"task","filename":"task_runner.py","lineno":2379}
