{"timestamp":"2026-09-07T02:30:36.553486Z","level":"info","event":"::group::Pre Execute","logger":"task","filename":"task_runner.py","lineno":2412}
{"timestamp":"2026-09-07T02:30:36.589673Z","level":"info","event":"DAG bundles loaded: dags-folder","ti_id":"01a079b3-a321-7876-b17d-6d44a5f63a21","task_id":"process_document_reference_silver","run_id":"manual__2026-09-07T02:30:10.914584+00:00","dag_id":"healthcare_pipeline","try_number":1,"map_index":-1,"logger":"airflow.dag_processing.bundles.manager.DagBundlesManager","filename":"manager.py","lineno":304}
{"timestamp":"2026-09-07T02:30:36.594619Z","level":"info","event":"Filling up the DagBag from /opt/airflow/dags/healthcare_pipeline.py","ti_id":"01a079b3-a321-7876-b17d-6d44a5f63a21","task_id":"process_document_reference_silver","run_id":"manual__2026-09-07T02:30:10.914584+00:00","dag_id":"healthcare_pipeline","try_number":1,"map_index":-1,"logger":"airflow.dag_processing.dagbag.BundleDagBag","filename":"dagbag.py","lineno":460}
{"timestamp":"2026-09-07T02:30:38.595771Z","level":"info","event":"Worker startup parse complete","bundle_name":"dags-folder","bundle_version":null,"dag_file":"healthcare_pipeline.py","dag_id":"healthcare_pipeline","bundle_prepare_ms":12,"dag_file_parse_ms":2001,"ti_id":"01a079b3-a321-7876-b17d-6d44a5f63a21","task_id":"process_document_reference_silver","run_id":"manual__2026-09-07T02:30:10.914584+00:00","try_number":1,"map_index":-1,"logger":"task","filename":"task_runner.py","lineno":1073}
{"timestamp":"2026-09-07T02:30:38.761506Z","level":"info","event":"::endgroup::","ti_id":"01a079b3-a321-7876-b17d-6d44a5f63a21","task_id":"process_document_reference_silver","run_id":"manual__2026-09-07T02:30:10.914584+00:00","dag_id":"healthcare_pipeline","try_number":1,"map_index":-1,"logger":"task","filename":"task_runner.py","lineno":2232}
{"timestamp":"2026-09-07T02:30:42.171805Z","level":"info","event":":: loading settings :: url = jar:file:/home/airflow/.local/lib/python3.11/site-packages/pyspark/jars/ivy-2.5.3.jar!/org/apache/ivy/core/settings/ivysettings.xml","logger":"task.stdout"}
{"timestamp":"2026-09-07T02:30:42.332039Z","level":"error","event":"Ivy Default Cache set to: /home/airflow/.ivy2/cache","logger":"task.stderr"}
{"timestamp":"2026-09-07T02:30:42.337602Z","level":"error","event":"The jars for the packages stored in: /home/airflow/.ivy2/jars","logger":"task.stderr"}
{"timestamp":"2026-09-07T02:30:42.344016Z","level":"error","event":"io.delta#delta-spark_2.12 added as a dependency","logger":"task.stderr"}
{"timestamp":"2026-09-07T02:30:42.347334Z","level":"error","event":":: resolving dependencies :: org.apache.spark#spark-submit-parent-b7629647-9fa3-4b2e-bf7d-4b7657dec21f;1.0","logger":"task.stderr"}
{"timestamp":"2026-09-07T02:30:42.356650Z","level":"error","event":"\tconfs: [default]","logger":"task.stderr"}
{"timestamp":"2026-09-07T02:30:42.657174Z","level":"error","event":"\tfound io.delta#delta-spark_2.12;3.3.2 in spark-list","logger":"task.stderr"}
{"timestamp":"2026-09-07T02:30:42.725725Z","level":"error","event":"\tfound io.delta#delta-storage;3.3.2 in central","logger":"task.stderr"}
{"timestamp":"2026-09-07T02:30:42.802359Z","level":"error","event":"\tfound org.antlr#antlr4-runtime;4.9.3 in central","logger":"task.stderr"}
{"timestamp":"2026-09-07T02:30:42.855674Z","level":"error","event":":: resolution report :: resolve 483ms :: artifacts dl 29ms","logger":"task.stderr"}
{"timestamp":"2026-09-07T02:30:42.859494Z","level":"error","event":"\t:: modules in use:","logger":"task.stderr"}
{"timestamp":"2026-09-07T02:30:42.862537Z","level":"error","event":"\tio.delta#delta-spark_2.12;3.3.2 from spark-list in [default]","logger":"task.stderr"}
{"timestamp":"2026-09-07T02:30:42.867919Z","level":"error","event":"\tio.delta#delta-storage;3.3.2 from central in [default]","logger":"task.stderr"}
{"timestamp":"2026-09-07T02:30:42.875673Z","level":"error","event":"\torg.antlr#antlr4-runtime;4.9.3 from central in [default]","logger":"task.stderr"}
{"timestamp":"2026-09-07T02:30:42.882122Z","level":"error","event":"\t---------------------------------------------------------------------","logger":"task.stderr"}
{"timestamp":"2026-09-07T02:30:42.888627Z","level":"error","event":"\t|                  |            modules            ||   artifacts   |","logger":"task.stderr"}
{"timestamp":"2026-09-07T02:30:42.890988Z","level":"error","event":"\t|       conf       | number| search|dwnlded|evicted|| number|dwnlded|","logger":"task.stderr"}
{"timestamp":"2026-09-07T02:30:42.893366Z","level":"error","event":"\t---------------------------------------------------------------------","logger":"task.stderr"}
{"timestamp":"2026-09-07T02:30:42.895182Z","level":"error","event":"\t|      default     |   3   |   0   |   0   |   0   ||   3   |   0   |","logger":"task.stderr"}
{"timestamp":"2026-09-07T02:30:42.897621Z","level":"error","event":"\t---------------------------------------------------------------------","logger":"task.stderr"}
{"timestamp":"2026-09-07T02:30:42.903544Z","level":"error","event":":: retrieving :: org.apache.spark#spark-submit-parent-b7629647-9fa3-4b2e-bf7d-4b7657dec21f","logger":"task.stderr"}
{"timestamp":"2026-09-07T02:30:42.949298Z","level":"error","event":"\tconfs: [default]","logger":"task.stderr"}
{"timestamp":"2026-09-07T02:30:42.954428Z","level":"error","event":"\t0 artifacts copied, 3 already retrieved (0kB/30ms)","logger":"task.stderr"}
{"timestamp":"2026-09-07T02:30:43.428167Z","level":"error","event":"26/09/07 02:30:43 WARN NativeCodeLoader: Unable to load native-hadoop library for your platform... using builtin-java classes where applicable","logger":"task.stderr"}
{"timestamp":"2026-09-07T02:30:44.058702Z","level":"error","event":"Setting default log level to \"WARN\".","logger":"task.stderr"}
{"timestamp":"2026-09-07T02:30:44.066255Z","level":"error","event":"To adjust logging level use sc.setLogLevel(newLevel). For SparkR, use setLogLevel(newLevel).","logger":"task.stderr"}
{"timestamp":"2026-09-07T02:30:46.763292Z","level":"error","event":"26/09/07 02:30:46 WARN Utils: Service 'SparkUI' could not bind on port 4040. Attempting port 4041.","logger":"task.stderr"}
{"timestamp":"2026-09-07T02:30:46.798560Z","level":"error","event":"26/09/07 02:30:46 WARN Utils: Service 'SparkUI' could not bind on port 4041. Attempting port 4042.","logger":"task.stderr"}
{"timestamp":"2026-09-07T02:31:07.133695Z","level":"error","event":"26/09/07 02:31:07 WARN SparkStringUtils: Truncated the string representation of a plan since it was too large. This behavior can be adjusted by setting 'spark.sql.debug.maxToStringFields'.","logger":"task.stderr"}
{"timestamp":"2026-09-07T02:32:34.199581Z","level":"info","event":"","logger":"task.stdout"}
{"timestamp":"2026-09-07T02:32:34.366487Z","level":"info","event":"DocumentReference Silver","logger":"task.stdout"}
{"timestamp":"2026-09-07T02:32:34.377800Z","level":"info","event":"------------------------","logger":"task.stdout"}
{"timestamp":"2026-09-07T02:32:34.389420Z","level":"info","event":"New Bronze rows: 0","logger":"task.stdout"}
{"timestamp":"2026-09-07T02:32:34.399060Z","level":"info","event":"Rows to merge: 0","logger":"task.stdout"}
{"timestamp":"2026-09-07T02:32:34.410563Z","level":"info","event":"Status: NO NEW DATA","logger":"task.stdout"}
{"timestamp":"2026-09-07T02:32:34.908197Z","level":"info","event":"Done. Returned value was: None","ti_id":"01a079b3-a321-7876-b17d-6d44a5f63a21","task_id":"process_document_reference_silver","run_id":"manual__2026-09-07T02:30:10.914584+00:00","dag_id":"healthcare_pipeline","try_number":1,"map_index":-1,"logger":"airflow.task.operators.airflow.providers.standard.decorators.python._PythonDecoratedOperator","filename":"python.py","lineno":233}
{"timestamp":"2026-09-07T02:32:34.935100Z","level":"info","event":"::group::Post Execute","ti_id":"01a079b3-a321-7876-b17d-6d44a5f63a21","task_id":"process_document_reference_silver","run_id":"manual__2026-09-07T02:30:10.914584+00:00","dag_id":"healthcare_pipeline","try_number":1,"map_index":-1,"logger":"task","filename":"task_runner.py","lineno":1580}
{"timestamp":"2026-09-07T02:32:35.121461Z","level":"info","event":"::endgroup::","ti_id":"01a079b3-a321-7876-b17d-6d44a5f63a21","task_id":"process_document_reference_silver","run_id":"manual__2026-09-07T02:30:10.914584+00:00","dag_id":"healthcare_pipeline","try_number":1,"map_index":-1,"logger":"task","filename":"task_runner.py","lineno":2379}
{"timestamp":"2026-09-07T02:32:40.051300Z","level":"error","event":"\r[Stage 0:>                                                          (0 + 3) / 3]\r\r[Stage 2:>                                                         (0 + 0) / 50]\r\r[Stage 2:>                                                         (0 + 8) / 50]\r\r[Stage 2:=>                                                        (1 + 9) / 50]\r\r[Stage 2:========>                                                 (7 + 8) / 50]\r\r[Stage 2:=========>                                                (8 + 8) / 50]\r\r[Stage 2:=============>                                           (12 + 8) / 50]\r\r[Stage 2:=================>                                       (15 + 8) / 50]\r\r[Stage 2:==================>                                      (16 + 8) / 50]\r\r[Stage 2:=====================>                                   (19 + 8) / 50]\r\r[Stage 2:=========================>                               (22 + 8) / 50]\r\r[Stage 2:==========================>                              (23 + 8) / 50]\r\r[Stage 2:===========================>                             (24 + 8) / 50]\r\r[Stage 2:==============================>                          (27 + 8) / 50]\r\r[Stage 2:==================================>                      (30 + 8) / 50]\r\r[Stage 2:===================================>                     (31 + 8) / 50]\r\r[Stage 2:=====================================>                   (33 + 8) / 50]\r\r[Stage 2:=========================================>               (36 + 8) / 50]\r\r[Stage 2:============================================>            (39 + 8) / 50]\r\r[Stage 2:===============================================>         (42 + 8) / 50]\r\r[Stage 2:==================================================>      (44 + 6) / 50]\r\r[Stage 2:====================================================>    (46 + 4) / 50]\r\r[Stage 2:=====================================================>   (47 + 3) / 50]\r\r[Stage 2:=======================================================> (49 + 1) / 50]\r\r[Stage 5:>                                                          (0 + 1) / 1]\r\r                                                                                \r\r[Stage 7:>                                                         (0 + 8) / 50]\r\r[Stage 7:======>                                                   (6 + 8) / 50]\r\r[Stage 7:=============>                                           (12 + 8) / 50]\r\r[Stage 7:=======================>                                 (21 + 8) / 50]\r\r[Stage 7:=================================>                       (29 + 8) / 50]\r\r[Stage 7:=======================================>                 (35 + 8) / 50]\r\r[Stage 7:=============================================>           (40 + 7) / 50]\r\r[Stage 7:======================================================>  (48 + 2) / 50]\r\r                                                                                \r\r[Stage 8:>                                                          (0 + 3) / 3]\r\r                                                                                \r\r[Stage 13:>                                                        (0 + 8) / 50]\r\r[Stage 13:>                                                        (0 + 9) / 50]\r\r[Stage 13:=========>                                               (8 + 8) / 50]\r\r[Stage 13:===========>                                            (10 + 9) / 50]\r\r[Stage 13:=================>                                      (16 + 8) / 50]\r\r[Stage 13:===================>                                    (17 + 8) / 50]\r\r[Stage 13:========================>                               (22 + 8) / 50]\r\r[Stage 13:==========================>                             (24 + 8) / 50]\r\r[Stage 13:==============================>                         (27 + 8) / 50]\r\r[Stage 13:================================>                       (29 + 8) / 50]\r\r[Stage 13:==================================>                     (31 + 8) / 50]\r\r[Stage 13:===================================>                    (32 + 8) / 50]\r\r[Stage 13:====================================>                   (33 + 8) / 50]\r\r[Stage 13:==========================================>             (38 + 8) / 50]\r\r[Stage 13:=============================================>          (41 + 9) / 50]\r\r[Stage 13:================================================>       (43 + 7) / 50]\r\r[Stage 13:==================================================>     (45 + 5) / 50]\r\r[Stage 13:=====================================================>  (48 + 2) / 50]","logger":"task.stderr"}
