{"timestamp":"2026-08-28T21:32:42.062085Z","level":"info","event":"::group::Pre Execute","logger":"task","filename":"task_runner.py","lineno":2412}
{"timestamp":"2026-08-28T21:32:42.086495Z","level":"info","event":"DAG bundles loaded: dags-folder","dag_id":"healthcare_pipeline","task_id":"extract_fhir_resources","map_index":-1,"run_id":"manual__2026-08-28T21:32:40.719316+00:00","ti_id":"01a04a4a-07bb-7a9f-8214-3637e940e835","try_number":1,"logger":"airflow.dag_processing.bundles.manager.DagBundlesManager","filename":"manager.py","lineno":304}
{"timestamp":"2026-08-28T21:32:42.090485Z","level":"info","event":"Filling up the DagBag from /opt/airflow/dags/healthcare_pipeline.py","dag_id":"healthcare_pipeline","task_id":"extract_fhir_resources","map_index":-1,"run_id":"manual__2026-08-28T21:32:40.719316+00:00","ti_id":"01a04a4a-07bb-7a9f-8214-3637e940e835","try_number":1,"logger":"airflow.dag_processing.dagbag.BundleDagBag","filename":"dagbag.py","lineno":460}
{"timestamp":"2026-08-28T21:32:42.476052Z","level":"info","event":"Worker startup parse complete","bundle_name":"dags-folder","bundle_version":null,"dag_file":"healthcare_pipeline.py","dag_id":"healthcare_pipeline","bundle_prepare_ms":6,"dag_file_parse_ms":387,"task_id":"extract_fhir_resources","map_index":-1,"run_id":"manual__2026-08-28T21:32:40.719316+00:00","ti_id":"01a04a4a-07bb-7a9f-8214-3637e940e835","try_number":1,"logger":"task","filename":"task_runner.py","lineno":1073}
{"timestamp":"2026-08-28T21:32:42.504246Z","level":"info","event":"::endgroup::","dag_id":"healthcare_pipeline","task_id":"extract_fhir_resources","map_index":-1,"run_id":"manual__2026-08-28T21:32:40.719316+00:00","ti_id":"01a04a4a-07bb-7a9f-8214-3637e940e835","try_number":1,"logger":"task","filename":"task_runner.py","lineno":2232}
{"timestamp":"2026-08-28T21:32:42.506644Z","level":"info","event":"Extracting Patient...","logger":"task.stdout"}
{"timestamp":"2026-08-28T21:32:42.513081Z","level":"info","event":"Extracting Patient with params: {'_count': 100, '_lastUpdated': 'gt2026-08-28T21:23:16Z'}","logger":"task.stdout"}
{"timestamp":"2026-08-28T21:32:42.960226Z","level":"info","event":"Retrieved 25 Patient resources. Saved to /opt/airflow/project/data/bronze/patient/2026-08-28/20260828T213242Z/bundle.json","logger":"task.stdout"}
{"timestamp":"2026-08-28T21:32:42.972752Z","level":"info","event":"Extracting Encounter...","logger":"task.stdout"}
{"timestamp":"2026-08-28T21:32:42.984193Z","level":"info","event":"Extracting Encounter with params: {'_count': 100, '_lastUpdated': 'gt2026-08-28T21:23:16Z'}","logger":"task.stdout"}
{"timestamp":"2026-08-28T21:32:47.736625Z","level":"info","event":"Retrieved 2014 Encounter resources. Saved to /opt/airflow/project/data/bronze/encounter/2026-08-28/20260828T213245Z/bundle.json","logger":"task.stdout"}
{"timestamp":"2026-08-28T21:32:47.761554Z","level":"info","event":"Extracting Condition...","logger":"task.stdout"}
{"timestamp":"2026-08-28T21:32:47.763465Z","level":"info","event":"Extracting Condition with params: {'_count': 100, '_lastUpdated': 'gt2026-08-28T21:23:16Z'}","logger":"task.stdout"}
{"timestamp":"2026-08-28T21:32:50.104782Z","level":"info","event":"Retrieved 930 Condition resources. Saved to /opt/airflow/project/data/bronze/condition/2026-08-28/20260828T213249Z/bundle.json","logger":"task.stdout"}
{"timestamp":"2026-08-28T21:32:50.119416Z","level":"info","event":"Extracting Observation...","logger":"task.stdout"}
{"timestamp":"2026-08-28T21:32:50.128035Z","level":"info","event":"Extracting Observation with params: {'_count': 100, '_lastUpdated': 'gt2026-08-28T21:23:16Z'}","logger":"task.stdout"}
{"timestamp":"2026-08-28T21:33:05.486149Z","level":"info","event":"Retrieved 12949 Observation resources. Saved to /opt/airflow/project/data/bronze/observation/2026-08-28/20260828T213256Z/bundle.json","logger":"task.stdout"}
{"timestamp":"2026-08-28T21:33:05.498115Z","level":"info","event":"Extracting MedicationRequest...","logger":"task.stdout"}
{"timestamp":"2026-08-28T21:33:05.505232Z","level":"info","event":"Extracting MedicationRequest with params: {'_count': 100, '_lastUpdated': 'gt2026-08-28T21:23:16Z'}","logger":"task.stdout"}
{"timestamp":"2026-08-28T21:33:07.859711Z","level":"info","event":"Retrieved 645 MedicationRequest resources. Saved to /opt/airflow/project/data/bronze/medicationrequest/2026-08-28/20260828T213307Z/bundle.json","logger":"task.stdout"}
{"timestamp":"2026-08-28T21:33:07.880663Z","level":"info","event":"Done. Returned value was: None","dag_id":"healthcare_pipeline","task_id":"extract_fhir_resources","map_index":-1,"run_id":"manual__2026-08-28T21:32:40.719316+00:00","ti_id":"01a04a4a-07bb-7a9f-8214-3637e940e835","try_number":1,"logger":"airflow.task.operators.airflow.providers.standard.decorators.python._PythonDecoratedOperator","filename":"python.py","lineno":233}
{"timestamp":"2026-08-28T21:33:07.882645Z","level":"info","event":"::group::Post Execute","dag_id":"healthcare_pipeline","task_id":"extract_fhir_resources","map_index":-1,"run_id":"manual__2026-08-28T21:32:40.719316+00:00","ti_id":"01a04a4a-07bb-7a9f-8214-3637e940e835","try_number":1,"logger":"task","filename":"task_runner.py","lineno":1580}
{"timestamp":"2026-08-28T21:33:08.098958Z","level":"info","event":"::endgroup::","dag_id":"healthcare_pipeline","task_id":"extract_fhir_resources","map_index":-1,"run_id":"manual__2026-08-28T21:32:40.719316+00:00","ti_id":"01a04a4a-07bb-7a9f-8214-3637e940e835","try_number":1,"logger":"task","filename":"task_runner.py","lineno":2379}
