{"timestamp":"2026-09-06T00:55:46.774053Z","level":"info","event":"::group::Pre Execute","logger":"task","filename":"task_runner.py","lineno":2412}
{"timestamp":"2026-09-06T00:55:48.933350Z","level":"info","event":"DAG bundles loaded: dags-folder","run_id":"manual__2026-09-06T00:55:46.069899+00:00","try_number":1,"task_id":"extract_fhir_resources","ti_id":"01a07436-d6d2-7299-b9c3-72ccbb1effda","map_index":-1,"dag_id":"healthcare_pipeline","logger":"airflow.dag_processing.bundles.manager.DagBundlesManager","filename":"manager.py","lineno":304}
{"timestamp":"2026-09-06T00:55:48.934048Z","level":"info","event":"Filling up the DagBag from /opt/airflow/dags/healthcare_pipeline.py","run_id":"manual__2026-09-06T00:55:46.069899+00:00","try_number":1,"task_id":"extract_fhir_resources","ti_id":"01a07436-d6d2-7299-b9c3-72ccbb1effda","map_index":-1,"dag_id":"healthcare_pipeline","logger":"airflow.dag_processing.dagbag.BundleDagBag","filename":"dagbag.py","lineno":460}
{"timestamp":"2026-09-06T00:55:50.151951Z","level":"info","event":"Worker startup parse complete","bundle_name":"dags-folder","bundle_version":null,"dag_file":"healthcare_pipeline.py","dag_id":"healthcare_pipeline","bundle_prepare_ms":2,"dag_file_parse_ms":1218,"run_id":"manual__2026-09-06T00:55:46.069899+00:00","try_number":1,"task_id":"extract_fhir_resources","ti_id":"01a07436-d6d2-7299-b9c3-72ccbb1effda","map_index":-1,"logger":"task","filename":"task_runner.py","lineno":1073}
{"timestamp":"2026-09-06T00:55:50.191236Z","level":"info","event":"::endgroup::","run_id":"manual__2026-09-06T00:55:46.069899+00:00","try_number":1,"task_id":"extract_fhir_resources","ti_id":"01a07436-d6d2-7299-b9c3-72ccbb1effda","map_index":-1,"dag_id":"healthcare_pipeline","logger":"task","filename":"task_runner.py","lineno":2232}
{"timestamp":"2026-09-06T00:55:50.194305Z","level":"info","event":"Extracting Patient...","logger":"task.stdout"}
{"timestamp":"2026-09-06T00:55:50.203221Z","level":"info","event":"Extracting Patient with params: {'_count': 100, '_lastUpdated': 'gt2026-08-30T21:45:10Z'}","logger":"task.stdout"}
{"timestamp":"2026-09-06T00:55:50.663519Z","level":"info","event":"No new or updated Patient resources.","logger":"task.stdout"}
{"timestamp":"2026-09-06T00:55:50.676851Z","level":"info","event":"Extracting Encounter...","logger":"task.stdout"}
{"timestamp":"2026-09-06T00:55:50.686516Z","level":"info","event":"Extracting Encounter with params: {'_count': 100, '_lastUpdated': 'gt2026-08-30T21:45:10Z'}","logger":"task.stdout"}
{"timestamp":"2026-09-06T00:55:50.706427Z","level":"info","event":"No new or updated Encounter resources.","logger":"task.stdout"}
{"timestamp":"2026-09-06T00:55:50.719182Z","level":"info","event":"Extracting Condition...","logger":"task.stdout"}
{"timestamp":"2026-09-06T00:55:50.725254Z","level":"info","event":"Extracting Condition with params: {'_count': 100, '_lastUpdated': 'gt2026-08-30T21:45:10Z'}","logger":"task.stdout"}
{"timestamp":"2026-09-06T00:55:50.749197Z","level":"info","event":"No new or updated Condition resources.","logger":"task.stdout"}
{"timestamp":"2026-09-06T00:55:50.762592Z","level":"info","event":"Extracting Observation...","logger":"task.stdout"}
{"timestamp":"2026-09-06T00:55:50.770860Z","level":"info","event":"Extracting Observation with params: {'_count': 100, '_lastUpdated': 'gt2026-08-30T21:45:11Z'}","logger":"task.stdout"}
{"timestamp":"2026-09-06T00:55:50.805394Z","level":"info","event":"No new or updated Observation resources.","logger":"task.stdout"}
{"timestamp":"2026-09-06T00:55:50.820733Z","level":"info","event":"Extracting MedicationRequest...","logger":"task.stdout"}
{"timestamp":"2026-09-06T00:55:50.831574Z","level":"info","event":"Extracting MedicationRequest with params: {'_count': 100, '_lastUpdated': 'gt2026-08-30T21:45:11Z'}","logger":"task.stdout"}
{"timestamp":"2026-09-06T00:55:50.855838Z","level":"info","event":"No new or updated MedicationRequest resources.","logger":"task.stdout"}
{"timestamp":"2026-09-06T00:55:50.868901Z","level":"info","event":"Extracting DocumentReference...","logger":"task.stdout"}
{"timestamp":"2026-09-06T00:55:50.874519Z","level":"info","event":"Extracting DocumentReference with params: {'_count': 100, '_lastUpdated': 'gt2026-08-30T21:45:11Z'}","logger":"task.stdout"}
{"timestamp":"2026-09-06T00:55:50.900583Z","level":"info","event":"No new or updated DocumentReference resources.","logger":"task.stdout"}
{"timestamp":"2026-09-06T00:55:50.912765Z","level":"info","event":"Done. Returned value was: None","run_id":"manual__2026-09-06T00:55:46.069899+00:00","try_number":1,"task_id":"extract_fhir_resources","ti_id":"01a07436-d6d2-7299-b9c3-72ccbb1effda","map_index":-1,"dag_id":"healthcare_pipeline","logger":"airflow.task.operators.airflow.providers.standard.decorators.python._PythonDecoratedOperator","filename":"python.py","lineno":233}
{"timestamp":"2026-09-06T00:55:50.913233Z","level":"info","event":"::group::Post Execute","run_id":"manual__2026-09-06T00:55:46.069899+00:00","try_number":1,"task_id":"extract_fhir_resources","ti_id":"01a07436-d6d2-7299-b9c3-72ccbb1effda","map_index":-1,"dag_id":"healthcare_pipeline","logger":"task","filename":"task_runner.py","lineno":1580}
{"timestamp":"2026-09-06T00:55:50.943980Z","level":"info","event":"::endgroup::","run_id":"manual__2026-09-06T00:55:46.069899+00:00","try_number":1,"task_id":"extract_fhir_resources","ti_id":"01a07436-d6d2-7299-b9c3-72ccbb1effda","map_index":-1,"dag_id":"healthcare_pipeline","logger":"task","filename":"task_runner.py","lineno":2379}
