{"timestamp":"2026-08-25T02:45:48.781378Z","level":"info","event":"::group::Pre Execute","logger":"task","filename":"task_runner.py","lineno":2412}
{"timestamp":"2026-08-25T02:45:48.807283Z","level":"info","event":"DAG bundles loaded: dags-folder","try_number":1,"run_id":"manual__2026-08-25T02:45:48.398479+00:00","ti_id":"01a036cf-450c-706b-8a0b-e1157deeb365","map_index":-1,"dag_id":"healthcare_pipeline","task_id":"extract_fhir_resources","logger":"airflow.dag_processing.bundles.manager.DagBundlesManager","filename":"manager.py","lineno":304}
{"timestamp":"2026-08-25T02:45:48.808148Z","level":"info","event":"Filling up the DagBag from /opt/airflow/dags/healthcare_pipeline.py","try_number":1,"run_id":"manual__2026-08-25T02:45:48.398479+00:00","ti_id":"01a036cf-450c-706b-8a0b-e1157deeb365","map_index":-1,"dag_id":"healthcare_pipeline","task_id":"extract_fhir_resources","logger":"airflow.dag_processing.dagbag.BundleDagBag","filename":"dagbag.py","lineno":460}
{"timestamp":"2026-08-25T02:45:49.213204Z","level":"info","event":"Worker startup parse complete","bundle_name":"dags-folder","bundle_version":null,"dag_file":"healthcare_pipeline.py","dag_id":"healthcare_pipeline","bundle_prepare_ms":2,"dag_file_parse_ms":405,"try_number":1,"run_id":"manual__2026-08-25T02:45:48.398479+00:00","ti_id":"01a036cf-450c-706b-8a0b-e1157deeb365","map_index":-1,"task_id":"extract_fhir_resources","logger":"task","filename":"task_runner.py","lineno":1073}
{"timestamp":"2026-08-25T02:45:49.235176Z","level":"info","event":"::endgroup::","try_number":1,"run_id":"manual__2026-08-25T02:45:48.398479+00:00","ti_id":"01a036cf-450c-706b-8a0b-e1157deeb365","map_index":-1,"dag_id":"healthcare_pipeline","task_id":"extract_fhir_resources","logger":"task","filename":"task_runner.py","lineno":2232}
{"timestamp":"2026-08-25T02:45:49.237241Z","level":"info","event":"Extracting Patient...","logger":"task.stdout"}
{"timestamp":"2026-08-25T02:45:49.245736Z","level":"info","event":"Extracting Patient with params: {'_count': 100, '_lastUpdated': 'gt2026-08-24T03:04:16Z'}","logger":"task.stdout"}
{"timestamp":"2026-08-25T02:45:49.332467Z","level":"info","event":"No new or updated Patient resources.","logger":"task.stdout"}
{"timestamp":"2026-08-25T02:45:49.345219Z","level":"info","event":"Extracting Encounter...","logger":"task.stdout"}
{"timestamp":"2026-08-25T02:45:49.350931Z","level":"info","event":"Extracting Encounter with params: {'_count': 100, '_lastUpdated': 'gt2026-08-24T03:04:16Z'}","logger":"task.stdout"}
{"timestamp":"2026-08-25T02:45:49.365137Z","level":"info","event":"No new or updated Encounter resources.","logger":"task.stdout"}
{"timestamp":"2026-08-25T02:45:49.375490Z","level":"info","event":"Extracting Condition...","logger":"task.stdout"}
{"timestamp":"2026-08-25T02:45:49.384512Z","level":"info","event":"Extracting Condition with params: {'_count': 100, '_lastUpdated': 'gt2026-08-24T03:04:20Z'}","logger":"task.stdout"}
{"timestamp":"2026-08-25T02:45:49.396253Z","level":"info","event":"No new or updated Condition resources.","logger":"task.stdout"}
{"timestamp":"2026-08-25T02:45:49.406363Z","level":"info","event":"Extracting Observation...","logger":"task.stdout"}
{"timestamp":"2026-08-25T02:45:49.411414Z","level":"info","event":"Extracting Observation with params: {'_count': 100, '_lastUpdated': 'gt2026-08-24T03:04:22Z'}","logger":"task.stdout"}
{"timestamp":"2026-08-25T02:45:49.424535Z","level":"info","event":"No new or updated Observation resources.","logger":"task.stdout"}
{"timestamp":"2026-08-25T02:45:49.438834Z","level":"info","event":"Extracting MedicationRequest...","logger":"task.stdout"}
{"timestamp":"2026-08-25T02:45:49.444960Z","level":"info","event":"Extracting MedicationRequest with params: {'_count': 100, '_lastUpdated': 'gt2026-08-24T03:04:33Z'}","logger":"task.stdout"}
{"timestamp":"2026-08-25T02:45:49.458989Z","level":"info","event":"No new or updated MedicationRequest resources.","logger":"task.stdout"}
{"timestamp":"2026-08-25T02:45:49.468632Z","level":"info","event":"Done. Returned value was: None","try_number":1,"run_id":"manual__2026-08-25T02:45:48.398479+00:00","ti_id":"01a036cf-450c-706b-8a0b-e1157deeb365","map_index":-1,"dag_id":"healthcare_pipeline","task_id":"extract_fhir_resources","logger":"airflow.task.operators.airflow.providers.standard.decorators.python._PythonDecoratedOperator","filename":"python.py","lineno":233}
{"timestamp":"2026-08-25T02:45:49.469094Z","level":"info","event":"::group::Post Execute","try_number":1,"run_id":"manual__2026-08-25T02:45:48.398479+00:00","ti_id":"01a036cf-450c-706b-8a0b-e1157deeb365","map_index":-1,"dag_id":"healthcare_pipeline","task_id":"extract_fhir_resources","logger":"task","filename":"task_runner.py","lineno":1580}
{"timestamp":"2026-08-25T02:45:49.491313Z","level":"info","event":"::endgroup::","try_number":1,"run_id":"manual__2026-08-25T02:45:48.398479+00:00","ti_id":"01a036cf-450c-706b-8a0b-e1157deeb365","map_index":-1,"dag_id":"healthcare_pipeline","task_id":"extract_fhir_resources","logger":"task","filename":"task_runner.py","lineno":2379}
