{"timestamp":"2026-08-28T21:23:15.812595Z","level":"info","event":"::group::Pre Execute","logger":"task","filename":"task_runner.py","lineno":2412}
{"timestamp":"2026-08-28T21:23:15.837933Z","level":"info","event":"DAG bundles loaded: dags-folder","try_number":1,"ti_id":"01a04a41-6645-7c08-8cf1-2859f86490bc","dag_id":"healthcare_pipeline","task_id":"extract_fhir_resources","map_index":-1,"run_id":"manual__2026-08-28T21:23:15.102320+00:00","logger":"airflow.dag_processing.bundles.manager.DagBundlesManager","filename":"manager.py","lineno":304}
{"timestamp":"2026-08-28T21:23:15.838726Z","level":"info","event":"Filling up the DagBag from /opt/airflow/dags/healthcare_pipeline.py","try_number":1,"ti_id":"01a04a41-6645-7c08-8cf1-2859f86490bc","dag_id":"healthcare_pipeline","task_id":"extract_fhir_resources","map_index":-1,"run_id":"manual__2026-08-28T21:23:15.102320+00:00","logger":"airflow.dag_processing.dagbag.BundleDagBag","filename":"dagbag.py","lineno":460}
{"timestamp":"2026-08-28T21:23:16.220514Z","level":"info","event":"Worker startup parse complete","bundle_name":"dags-folder","bundle_version":null,"dag_file":"healthcare_pipeline.py","dag_id":"healthcare_pipeline","bundle_prepare_ms":1,"dag_file_parse_ms":382,"try_number":1,"ti_id":"01a04a41-6645-7c08-8cf1-2859f86490bc","task_id":"extract_fhir_resources","map_index":-1,"run_id":"manual__2026-08-28T21:23:15.102320+00:00","logger":"task","filename":"task_runner.py","lineno":1073}
{"timestamp":"2026-08-28T21:23:16.250452Z","level":"info","event":"::endgroup::","try_number":1,"ti_id":"01a04a41-6645-7c08-8cf1-2859f86490bc","dag_id":"healthcare_pipeline","task_id":"extract_fhir_resources","map_index":-1,"run_id":"manual__2026-08-28T21:23:15.102320+00:00","logger":"task","filename":"task_runner.py","lineno":2232}
{"timestamp":"2026-08-28T21:23:16.255384Z","level":"info","event":"Extracting Patient...","logger":"task.stdout"}
{"timestamp":"2026-08-28T21:23:16.268511Z","level":"info","event":"Extracting Patient with params: {'_count': 100, '_lastUpdated': 'gt2026-08-28T21:09:01Z'}","logger":"task.stdout"}
{"timestamp":"2026-08-28T21:23:16.354651Z","level":"info","event":"No new or updated Patient resources.","logger":"task.stdout"}
{"timestamp":"2026-08-28T21:23:16.368344Z","level":"info","event":"Extracting Encounter...","logger":"task.stdout"}
{"timestamp":"2026-08-28T21:23:16.375784Z","level":"info","event":"Extracting Encounter with params: {'_count': 100, '_lastUpdated': 'gt2026-08-28T21:09:02Z'}","logger":"task.stdout"}
{"timestamp":"2026-08-28T21:23:16.414588Z","level":"info","event":"No new or updated Encounter resources.","logger":"task.stdout"}
{"timestamp":"2026-08-28T21:23:16.447470Z","level":"info","event":"Extracting Condition...","logger":"task.stdout"}
{"timestamp":"2026-08-28T21:23:16.465610Z","level":"info","event":"Extracting Condition with params: {'_count': 100, '_lastUpdated': 'gt2026-08-28T21:09:02Z'}","logger":"task.stdout"}
{"timestamp":"2026-08-28T21:23:16.514095Z","level":"info","event":"No new or updated Condition resources.","logger":"task.stdout"}
{"timestamp":"2026-08-28T21:23:16.532148Z","level":"info","event":"Extracting Observation...","logger":"task.stdout"}
{"timestamp":"2026-08-28T21:23:16.540360Z","level":"info","event":"Extracting Observation with params: {'_count': 100, '_lastUpdated': 'gt2026-08-28T21:09:02Z'}","logger":"task.stdout"}
{"timestamp":"2026-08-28T21:23:16.563560Z","level":"info","event":"No new or updated Observation resources.","logger":"task.stdout"}
{"timestamp":"2026-08-28T21:23:16.578299Z","level":"info","event":"Extracting MedicationRequest...","logger":"task.stdout"}
{"timestamp":"2026-08-28T21:23:16.583218Z","level":"info","event":"Extracting MedicationRequest with params: {'_count': 100, '_lastUpdated': 'gt2026-08-28T21:09:02Z'}","logger":"task.stdout"}
{"timestamp":"2026-08-28T21:23:16.611918Z","level":"info","event":"No new or updated MedicationRequest resources.","logger":"task.stdout"}
{"timestamp":"2026-08-28T21:23:16.626802Z","level":"info","event":"Done. Returned value was: None","try_number":1,"ti_id":"01a04a41-6645-7c08-8cf1-2859f86490bc","dag_id":"healthcare_pipeline","task_id":"extract_fhir_resources","map_index":-1,"run_id":"manual__2026-08-28T21:23:15.102320+00:00","logger":"airflow.task.operators.airflow.providers.standard.decorators.python._PythonDecoratedOperator","filename":"python.py","lineno":233}
{"timestamp":"2026-08-28T21:23:16.627473Z","level":"info","event":"::group::Post Execute","try_number":1,"ti_id":"01a04a41-6645-7c08-8cf1-2859f86490bc","dag_id":"healthcare_pipeline","task_id":"extract_fhir_resources","map_index":-1,"run_id":"manual__2026-08-28T21:23:15.102320+00:00","logger":"task","filename":"task_runner.py","lineno":1580}
{"timestamp":"2026-08-28T21:23:16.655047Z","level":"info","event":"::endgroup::","try_number":1,"ti_id":"01a04a41-6645-7c08-8cf1-2859f86490bc","dag_id":"healthcare_pipeline","task_id":"extract_fhir_resources","map_index":-1,"run_id":"manual__2026-08-28T21:23:15.102320+00:00","logger":"task","filename":"task_runner.py","lineno":2379}
