{"timestamp":"2026-09-07T01:54:16.497803Z","level":"info","event":"::group::Pre Execute","logger":"task","filename":"task_runner.py","lineno":2412}
{"timestamp":"2026-09-07T01:54:16.626200Z","level":"info","event":"DAG bundles loaded: dags-folder","task_id":"extract_fhir_resources","ti_id":"01a07992-bef1-760b-baa9-fcacce5dc126","map_index":-1,"try_number":1,"dag_id":"healthcare_pipeline","run_id":"manual__2026-09-07T01:54:15.317556+00:00","logger":"airflow.dag_processing.bundles.manager.DagBundlesManager","filename":"manager.py","lineno":304}
{"timestamp":"2026-09-07T01:54:16.630162Z","level":"info","event":"Filling up the DagBag from /opt/airflow/dags/healthcare_pipeline.py","task_id":"extract_fhir_resources","ti_id":"01a07992-bef1-760b-baa9-fcacce5dc126","map_index":-1,"try_number":1,"dag_id":"healthcare_pipeline","run_id":"manual__2026-09-07T01:54:15.317556+00:00","logger":"airflow.dag_processing.dagbag.BundleDagBag","filename":"dagbag.py","lineno":460}
{"timestamp":"2026-09-07T01:54:17.941852Z","level":"info","event":"Worker startup parse complete","bundle_name":"dags-folder","bundle_version":null,"dag_file":"healthcare_pipeline.py","dag_id":"healthcare_pipeline","bundle_prepare_ms":9,"dag_file_parse_ms":1314,"task_id":"extract_fhir_resources","ti_id":"01a07992-bef1-760b-baa9-fcacce5dc126","map_index":-1,"try_number":1,"run_id":"manual__2026-09-07T01:54:15.317556+00:00","logger":"task","filename":"task_runner.py","lineno":1073}
{"timestamp":"2026-09-07T01:54:17.991445Z","level":"info","event":"::endgroup::","task_id":"extract_fhir_resources","ti_id":"01a07992-bef1-760b-baa9-fcacce5dc126","map_index":-1,"try_number":1,"dag_id":"healthcare_pipeline","run_id":"manual__2026-09-07T01:54:15.317556+00:00","logger":"task","filename":"task_runner.py","lineno":2232}
{"timestamp":"2026-09-07T01:54:17.993437Z","level":"info","event":"Extracting Patient...","logger":"task.stdout"}
{"timestamp":"2026-09-07T01:54:18.004067Z","level":"info","event":"Extracting Patient with params: {'_count': 100, '_lastUpdated': 'gt2026-09-06T02:51:55Z'}","logger":"task.stdout"}
{"timestamp":"2026-09-07T01:54:18.439957Z","level":"info","event":"No new or updated Patient resources.","logger":"task.stdout"}
{"timestamp":"2026-09-07T01:54:18.455626Z","level":"info","event":"Extracting Encounter...","logger":"task.stdout"}
{"timestamp":"2026-09-07T01:54:18.462385Z","level":"info","event":"Extracting Encounter with params: {'_count': 100, '_lastUpdated': 'gt2026-09-06T02:51:57Z'}","logger":"task.stdout"}
{"timestamp":"2026-09-07T01:54:18.501409Z","level":"info","event":"No new or updated Encounter resources.","logger":"task.stdout"}
{"timestamp":"2026-09-07T01:54:18.514084Z","level":"info","event":"Extracting Condition...","logger":"task.stdout"}
{"timestamp":"2026-09-07T01:54:18.521909Z","level":"info","event":"Extracting Condition with params: {'_count': 100, '_lastUpdated': 'gt2026-09-06T02:51:57Z'}","logger":"task.stdout"}
{"timestamp":"2026-09-07T01:54:18.552347Z","level":"info","event":"No new or updated Condition resources.","logger":"task.stdout"}
{"timestamp":"2026-09-07T01:54:18.568806Z","level":"info","event":"Extracting Observation...","logger":"task.stdout"}
{"timestamp":"2026-09-07T01:54:18.576528Z","level":"info","event":"Extracting Observation with params: {'_count': 100, '_lastUpdated': 'gt2026-09-06T02:51:57Z'}","logger":"task.stdout"}
{"timestamp":"2026-09-07T01:54:18.604185Z","level":"info","event":"No new or updated Observation resources.","logger":"task.stdout"}
{"timestamp":"2026-09-07T01:54:18.620650Z","level":"info","event":"Extracting MedicationRequest...","logger":"task.stdout"}
{"timestamp":"2026-09-07T01:54:18.631201Z","level":"info","event":"Extracting MedicationRequest with params: {'_count': 100, '_lastUpdated': 'gt2026-09-06T02:51:58Z'}","logger":"task.stdout"}
{"timestamp":"2026-09-07T01:54:18.656986Z","level":"info","event":"No new or updated MedicationRequest resources.","logger":"task.stdout"}
{"timestamp":"2026-09-07T01:54:18.670014Z","level":"info","event":"Extracting DocumentReference...","logger":"task.stdout"}
{"timestamp":"2026-09-07T01:54:18.677654Z","level":"info","event":"Extracting DocumentReference with params: {'_count': 100, '_lastUpdated': 'gt2026-09-06T02:51:58Z'}","logger":"task.stdout"}
{"timestamp":"2026-09-07T01:54:18.720909Z","level":"info","event":"No new or updated DocumentReference resources.","logger":"task.stdout"}
{"timestamp":"2026-09-07T01:54:18.734151Z","level":"info","event":"Done. Returned value was: None","task_id":"extract_fhir_resources","ti_id":"01a07992-bef1-760b-baa9-fcacce5dc126","map_index":-1,"try_number":1,"dag_id":"healthcare_pipeline","run_id":"manual__2026-09-07T01:54:15.317556+00:00","logger":"airflow.task.operators.airflow.providers.standard.decorators.python._PythonDecoratedOperator","filename":"python.py","lineno":233}
{"timestamp":"2026-09-07T01:54:18.734984Z","level":"info","event":"::group::Post Execute","task_id":"extract_fhir_resources","ti_id":"01a07992-bef1-760b-baa9-fcacce5dc126","map_index":-1,"try_number":1,"dag_id":"healthcare_pipeline","run_id":"manual__2026-09-07T01:54:15.317556+00:00","logger":"task","filename":"task_runner.py","lineno":1580}
{"timestamp":"2026-09-07T01:54:18.783183Z","level":"info","event":"::endgroup::","task_id":"extract_fhir_resources","ti_id":"01a07992-bef1-760b-baa9-fcacce5dc126","map_index":-1,"try_number":1,"dag_id":"healthcare_pipeline","run_id":"manual__2026-09-07T01:54:15.317556+00:00","logger":"task","filename":"task_runner.py","lineno":2379}
