{"timestamp":"2026-09-07T01:54:45.119332Z","level":"info","event":"::group::Pre Execute","logger":"task","filename":"task_runner.py","lineno":2412}
{"timestamp":"2026-09-07T01:54:45.352519Z","level":"info","event":"DAG bundles loaded: dags-folder","run_id":"manual__2026-09-07T01:54:15.317556+00:00","try_number":1,"dag_id":"healthcare_pipeline","map_index":-1,"task_id":"process_patient_silver","ti_id":"01a07992-bef3-7363-84a0-4baf51a47480","logger":"airflow.dag_processing.bundles.manager.DagBundlesManager","filename":"manager.py","lineno":304}
{"timestamp":"2026-09-07T01:54:45.356215Z","level":"info","event":"Filling up the DagBag from /opt/airflow/dags/healthcare_pipeline.py","run_id":"manual__2026-09-07T01:54:15.317556+00:00","try_number":1,"dag_id":"healthcare_pipeline","map_index":-1,"task_id":"process_patient_silver","ti_id":"01a07992-bef3-7363-84a0-4baf51a47480","logger":"airflow.dag_processing.dagbag.BundleDagBag","filename":"dagbag.py","lineno":460}
{"timestamp":"2026-09-07T01:54:47.305982Z","level":"info","event":"Worker startup parse complete","bundle_name":"dags-folder","bundle_version":null,"dag_file":"healthcare_pipeline.py","dag_id":"healthcare_pipeline","bundle_prepare_ms":6,"dag_file_parse_ms":1949,"run_id":"manual__2026-09-07T01:54:15.317556+00:00","try_number":1,"map_index":-1,"task_id":"process_patient_silver","ti_id":"01a07992-bef3-7363-84a0-4baf51a47480","logger":"task","filename":"task_runner.py","lineno":1073}
{"timestamp":"2026-09-07T01:54:47.404033Z","level":"info","event":"::endgroup::","run_id":"manual__2026-09-07T01:54:15.317556+00:00","try_number":1,"dag_id":"healthcare_pipeline","map_index":-1,"task_id":"process_patient_silver","ti_id":"01a07992-bef3-7363-84a0-4baf51a47480","logger":"task","filename":"task_runner.py","lineno":2232}
{"timestamp":"2026-09-07T01:54:50.872541Z","level":"info","event":":: loading settings :: url = jar:file:/home/airflow/.local/lib/python3.11/site-packages/pyspark/jars/ivy-2.5.3.jar!/org/apache/ivy/core/settings/ivysettings.xml","logger":"task.stdout"}
{"timestamp":"2026-09-07T01:54:51.033262Z","level":"error","event":"Ivy Default Cache set to: /home/airflow/.ivy2/cache","logger":"task.stderr"}
{"timestamp":"2026-09-07T01:54:51.036512Z","level":"error","event":"The jars for the packages stored in: /home/airflow/.ivy2/jars","logger":"task.stderr"}
{"timestamp":"2026-09-07T01:54:51.049827Z","level":"error","event":"io.delta#delta-spark_2.12 added as a dependency","logger":"task.stderr"}
{"timestamp":"2026-09-07T01:54:51.053885Z","level":"error","event":":: resolving dependencies :: org.apache.spark#spark-submit-parent-edfddd24-a9ef-4317-a385-981919891d99;1.0","logger":"task.stderr"}
{"timestamp":"2026-09-07T01:54:51.058950Z","level":"error","event":"\tconfs: [default]","logger":"task.stderr"}
{"timestamp":"2026-09-07T01:54:51.457789Z","level":"error","event":"\tfound io.delta#delta-spark_2.12;3.3.2 in spark-list","logger":"task.stderr"}
{"timestamp":"2026-09-07T01:54:51.511547Z","level":"error","event":"\tfound io.delta#delta-storage;3.3.2 in central","logger":"task.stderr"}
{"timestamp":"2026-09-07T01:54:51.549351Z","level":"error","event":"\tfound org.antlr#antlr4-runtime;4.9.3 in central","logger":"task.stderr"}
{"timestamp":"2026-09-07T01:54:51.599050Z","level":"error","event":":: resolution report :: resolve 521ms :: artifacts dl 26ms","logger":"task.stderr"}
{"timestamp":"2026-09-07T01:54:51.603931Z","level":"error","event":"\t:: modules in use:","logger":"task.stderr"}
{"timestamp":"2026-09-07T01:54:51.608909Z","level":"error","event":"\tio.delta#delta-spark_2.12;3.3.2 from spark-list in [default]","logger":"task.stderr"}
{"timestamp":"2026-09-07T01:54:51.611147Z","level":"error","event":"\tio.delta#delta-storage;3.3.2 from central in [default]","logger":"task.stderr"}
{"timestamp":"2026-09-07T01:54:51.615340Z","level":"error","event":"\torg.antlr#antlr4-runtime;4.9.3 from central in [default]","logger":"task.stderr"}
{"timestamp":"2026-09-07T01:54:51.618459Z","level":"error","event":"\t---------------------------------------------------------------------","logger":"task.stderr"}
{"timestamp":"2026-09-07T01:54:51.622925Z","level":"error","event":"\t|                  |            modules            ||   artifacts   |","logger":"task.stderr"}
{"timestamp":"2026-09-07T01:54:51.625495Z","level":"error","event":"\t|       conf       | number| search|dwnlded|evicted|| number|dwnlded|","logger":"task.stderr"}
{"timestamp":"2026-09-07T01:54:51.629012Z","level":"error","event":"\t---------------------------------------------------------------------","logger":"task.stderr"}
{"timestamp":"2026-09-07T01:54:51.632303Z","level":"error","event":"\t|      default     |   3   |   0   |   0   |   0   ||   3   |   0   |","logger":"task.stderr"}
{"timestamp":"2026-09-07T01:54:51.635021Z","level":"error","event":"\t---------------------------------------------------------------------","logger":"task.stderr"}
{"timestamp":"2026-09-07T01:54:51.640908Z","level":"error","event":"","logger":"task.stderr"}
{"timestamp":"2026-09-07T01:54:51.645168Z","level":"error","event":":: problems summary ::","logger":"task.stderr"}
{"timestamp":"2026-09-07T01:54:51.649485Z","level":"error","event":":::: ERRORS","logger":"task.stderr"}
{"timestamp":"2026-09-07T01:54:51.652288Z","level":"error","event":"\tunknown resolver null","logger":"task.stderr"}
{"timestamp":"2026-09-07T01:54:51.655996Z","level":"error","event":"","logger":"task.stderr"}
{"timestamp":"2026-09-07T01:54:51.659543Z","level":"error","event":"\tunknown resolver null","logger":"task.stderr"}
{"timestamp":"2026-09-07T01:54:51.663450Z","level":"error","event":"","logger":"task.stderr"}
{"timestamp":"2026-09-07T01:54:51.666547Z","level":"error","event":"","logger":"task.stderr"}
{"timestamp":"2026-09-07T01:54:51.669273Z","level":"error","event":":: USE VERBOSE OR DEBUG MESSAGE LEVEL FOR MORE DETAILS","logger":"task.stderr"}
{"timestamp":"2026-09-07T01:54:51.673437Z","level":"error","event":":: retrieving :: org.apache.spark#spark-submit-parent-edfddd24-a9ef-4317-a385-981919891d99","logger":"task.stderr"}
{"timestamp":"2026-09-07T01:54:51.677400Z","level":"error","event":"\tconfs: [default]","logger":"task.stderr"}
{"timestamp":"2026-09-07T01:54:51.681559Z","level":"error","event":"\t0 artifacts copied, 3 already retrieved (0kB/14ms)","logger":"task.stderr"}
{"timestamp":"2026-09-07T01:54:52.150491Z","level":"error","event":"26/09/07 01:54:52 WARN NativeCodeLoader: Unable to load native-hadoop library for your platform... using builtin-java classes where applicable","logger":"task.stderr"}
{"timestamp":"2026-09-07T01:54:52.616481Z","level":"error","event":"Setting default log level to \"WARN\".","logger":"task.stderr"}
{"timestamp":"2026-09-07T01:54:52.621884Z","level":"error","event":"To adjust logging level use sc.setLogLevel(newLevel). For SparkR, use setLogLevel(newLevel).","logger":"task.stderr"}
{"timestamp":"2026-09-07T01:55:12.724097Z","level":"error","event":"26/09/07 01:55:12 WARN SparkStringUtils: Truncated the string representation of a plan since it was too large. This behavior can be adjusted by setting 'spark.sql.debug.maxToStringFields'.","logger":"task.stderr"}
{"timestamp":"2026-09-07T01:56:21.234318Z","level":"info","event":"","logger":"task.stdout"}
{"timestamp":"2026-09-07T01:56:21.371764Z","level":"info","event":"Patient Silver","logger":"task.stdout"}
{"timestamp":"2026-09-07T01:56:21.410327Z","level":"info","event":"--------------","logger":"task.stdout"}
{"timestamp":"2026-09-07T01:56:21.418663Z","level":"info","event":"New Bronze rows: 0","logger":"task.stdout"}
{"timestamp":"2026-09-07T01:56:21.434234Z","level":"info","event":"Rows to merge: 0","logger":"task.stdout"}
{"timestamp":"2026-09-07T01:56:21.443091Z","level":"info","event":"Status: NO NEW DATA","logger":"task.stdout"}
{"timestamp":"2026-09-07T01:56:23.218156Z","level":"info","event":"Done. Returned value was: None","run_id":"manual__2026-09-07T01:54:15.317556+00:00","try_number":1,"dag_id":"healthcare_pipeline","map_index":-1,"task_id":"process_patient_silver","ti_id":"01a07992-bef3-7363-84a0-4baf51a47480","logger":"airflow.task.operators.airflow.providers.standard.decorators.python._PythonDecoratedOperator","filename":"python.py","lineno":233}
{"timestamp":"2026-09-07T01:56:23.263061Z","level":"info","event":"::group::Post Execute","run_id":"manual__2026-09-07T01:54:15.317556+00:00","try_number":1,"dag_id":"healthcare_pipeline","map_index":-1,"task_id":"process_patient_silver","ti_id":"01a07992-bef3-7363-84a0-4baf51a47480","logger":"task","filename":"task_runner.py","lineno":1580}
{"timestamp":"2026-09-07T01:56:23.378978Z","level":"info","event":"::endgroup::","run_id":"manual__2026-09-07T01:54:15.317556+00:00","try_number":1,"dag_id":"healthcare_pipeline","map_index":-1,"task_id":"process_patient_silver","ti_id":"01a07992-bef3-7363-84a0-4baf51a47480","logger":"task","filename":"task_runner.py","lineno":2379}
{"timestamp":"2026-09-07T01:56:28.294508Z","level":"error","event":"\r[Stage 0:>                                                          (0 + 0) / 7]\r\r[Stage 0:>                                                          (0 + 7) / 7]\r\r[Stage 0:========>                                                  (1 + 6) / 7]\r\r[Stage 2:>                                                         (0 + 0) / 50]\r\r[Stage 2:>                                                         (0 + 8) / 50]\r\r[Stage 2:==>                                                      (2 + 12) / 50]\r\r[Stage 2:=========>                                                (8 + 8) / 50]\r\r[Stage 2:=============>                                           (12 + 8) / 50]\r\r[Stage 2:=================>                                       (15 + 9) / 50]\r\r[Stage 2:==================>                                      (16 + 8) / 50]\r\r[Stage 2:===================>                                     (17 + 8) / 50]\r\r[Stage 2:=====================>                                   (19 + 8) / 50]\r\r[Stage 2:===========================>                             (24 + 8) / 50]\r\r[Stage 2:============================>                            (25 + 8) / 50]\r\r[Stage 2:==============================>                          (27 + 8) / 50]\r\r[Stage 2:=================================>                       (29 + 8) / 50]\r\r[Stage 2:====================================>                    (32 + 8) / 50]\r\r[Stage 2:=======================================>                 (35 + 8) / 50]\r\r[Stage 2:=========================================>               (36 + 8) / 50]\r\r[Stage 2:============================================>            (39 + 8) / 50]\r\r[Stage 2:==============================================>          (41 + 8) / 50]\r\r[Stage 2:==================================================>      (44 + 6) / 50]\r\r[Stage 2:======================================================>  (48 + 2) / 50]\r\r[Stage 5:>                                                          (0 + 1) / 1]\r\r                                                                                \r\r[Stage 7:>                                                         (0 + 8) / 50]\r\r[Stage 7:========>                                                 (7 + 8) / 50]\r\r[Stage 7:===============>                                         (14 + 9) / 50]\r\r[Stage 7:==========================>                              (23 + 9) / 50]\r\r[Stage 7:=================================>                       (29 + 8) / 50]\r\r[Stage 7:=======================================================> (49 + 1) / 50]\r\r                                                                                \r\r[Stage 8:>                                                          (0 + 1) / 1]\r\r                                                                                \r\r[Stage 11:===========>                                              (1 + 4) / 5]\r\r[Stage 13:>                                                        (0 + 8) / 50]\r\r[Stage 13:=========>                                               (8 + 8) / 50]\r\r[Stage 13:================>                                       (15 + 8) / 50]\r\r[Stage 13:===================>                                    (17 + 8) / 50]\r\r[Stage 13:======================>                                 (20 + 8) / 50]\r\r[Stage 13:========================>                               (22 + 8) / 50]\r\r[Stage 13:=========================>                              (23 + 8) / 50]\r\r[Stage 13:==========================>                             (24 + 8) / 50]\r\r[Stage 13:=============================>                          (26 + 8) / 50]\r\r[Stage 13:===============================>                        (28 + 8) / 50]\r\r[Stage 13:================================>                       (29 + 8) / 50]\r\r[Stage 13:====================================>                   (33 + 8) / 50]\r\r[Stage 13:=======================================>                (35 + 8) / 50]\r\r[Stage 13:=========================================>              (37 + 8) / 50]\r\r[Stage 13:==========================================>             (38 + 8) / 50]\r\r[Stage 13:===========================================>            (39 + 8) / 50]\r\r[Stage 13:================================================>       (43 + 7) / 50]\r\r[Stage 13:=================================================>      (44 + 6) / 50]\r\r[Stage 13:===================================================>    (46 + 4) / 50]\r\r[Stage 13:====================================================>   (47 + 3) / 50]\r\r[Stage 13:======================================================> (49 + 1) / 50]","logger":"task.stderr"}
