{"timestamp":"2026-09-07T01:56:24.453494Z","level":"info","event":"::group::Pre Execute","logger":"task","filename":"task_runner.py","lineno":2412}
{"timestamp":"2026-09-07T01:56:24.878130Z","level":"info","event":"DAG bundles loaded: dags-folder","run_id":"manual__2026-09-07T01:54:15.317556+00:00","task_id":"chunk_clinical_notes","ti_id":"01a07992-bf00-790f-bc54-451ee7a00bcf","dag_id":"healthcare_pipeline","map_index":-1,"try_number":1,"logger":"airflow.dag_processing.bundles.manager.DagBundlesManager","filename":"manager.py","lineno":304}
{"timestamp":"2026-09-07T01:56:24.880683Z","level":"info","event":"Filling up the DagBag from /opt/airflow/dags/healthcare_pipeline.py","run_id":"manual__2026-09-07T01:54:15.317556+00:00","task_id":"chunk_clinical_notes","ti_id":"01a07992-bf00-790f-bc54-451ee7a00bcf","dag_id":"healthcare_pipeline","map_index":-1,"try_number":1,"logger":"airflow.dag_processing.dagbag.BundleDagBag","filename":"dagbag.py","lineno":460}
{"timestamp":"2026-09-07T01:56:28.585765Z","level":"info","event":"Worker startup parse complete","bundle_name":"dags-folder","bundle_version":null,"dag_file":"healthcare_pipeline.py","dag_id":"healthcare_pipeline","bundle_prepare_ms":7,"dag_file_parse_ms":3706,"run_id":"manual__2026-09-07T01:54:15.317556+00:00","task_id":"chunk_clinical_notes","ti_id":"01a07992-bf00-790f-bc54-451ee7a00bcf","map_index":-1,"try_number":1,"logger":"task","filename":"task_runner.py","lineno":1073}
{"timestamp":"2026-09-07T01:56:28.638609Z","level":"info","event":"::endgroup::","run_id":"manual__2026-09-07T01:54:15.317556+00:00","task_id":"chunk_clinical_notes","ti_id":"01a07992-bf00-790f-bc54-451ee7a00bcf","dag_id":"healthcare_pipeline","map_index":-1,"try_number":1,"logger":"task","filename":"task_runner.py","lineno":2232}
{"timestamp":"2026-09-07T01:56:30.060101Z","level":"info","event":":: loading settings :: url = jar:file:/home/airflow/.local/lib/python3.11/site-packages/pyspark/jars/ivy-2.5.3.jar!/org/apache/ivy/core/settings/ivysettings.xml","logger":"task.stdout"}
{"timestamp":"2026-09-07T01:56:30.128736Z","level":"error","event":"Ivy Default Cache set to: /home/airflow/.ivy2/cache","logger":"task.stderr"}
{"timestamp":"2026-09-07T01:56:30.131439Z","level":"error","event":"The jars for the packages stored in: /home/airflow/.ivy2/jars","logger":"task.stderr"}
{"timestamp":"2026-09-07T01:56:30.135755Z","level":"error","event":"io.delta#delta-spark_2.12 added as a dependency","logger":"task.stderr"}
{"timestamp":"2026-09-07T01:56:30.138688Z","level":"error","event":":: resolving dependencies :: org.apache.spark#spark-submit-parent-4a646fc0-285f-4dd5-a09b-f7a6edbdb4ee;1.0","logger":"task.stderr"}
{"timestamp":"2026-09-07T01:56:30.141491Z","level":"error","event":"\tconfs: [default]","logger":"task.stderr"}
{"timestamp":"2026-09-07T01:56:30.243731Z","level":"error","event":"\tfound io.delta#delta-spark_2.12;3.3.2 in spark-list","logger":"task.stderr"}
{"timestamp":"2026-09-07T01:56:30.265244Z","level":"error","event":"\tfound io.delta#delta-storage;3.3.2 in central","logger":"task.stderr"}
{"timestamp":"2026-09-07T01:56:30.281754Z","level":"error","event":"\tfound org.antlr#antlr4-runtime;4.9.3 in central","logger":"task.stderr"}
{"timestamp":"2026-09-07T01:56:30.300028Z","level":"error","event":":: resolution report :: resolve 156ms :: artifacts dl 6ms","logger":"task.stderr"}
{"timestamp":"2026-09-07T01:56:30.302633Z","level":"error","event":"\t:: modules in use:","logger":"task.stderr"}
{"timestamp":"2026-09-07T01:56:30.306638Z","level":"error","event":"\tio.delta#delta-spark_2.12;3.3.2 from spark-list in [default]","logger":"task.stderr"}
{"timestamp":"2026-09-07T01:56:30.309222Z","level":"error","event":"\tio.delta#delta-storage;3.3.2 from central in [default]","logger":"task.stderr"}
{"timestamp":"2026-09-07T01:56:30.311043Z","level":"error","event":"\torg.antlr#antlr4-runtime;4.9.3 from central in [default]","logger":"task.stderr"}
{"timestamp":"2026-09-07T01:56:30.313515Z","level":"error","event":"\t---------------------------------------------------------------------","logger":"task.stderr"}
{"timestamp":"2026-09-07T01:56:30.318280Z","level":"error","event":"\t|                  |            modules            ||   artifacts   |","logger":"task.stderr"}
{"timestamp":"2026-09-07T01:56:30.320785Z","level":"error","event":"\t|       conf       | number| search|dwnlded|evicted|| number|dwnlded|","logger":"task.stderr"}
{"timestamp":"2026-09-07T01:56:30.323286Z","level":"error","event":"\t---------------------------------------------------------------------","logger":"task.stderr"}
{"timestamp":"2026-09-07T01:56:30.324929Z","level":"error","event":"\t|      default     |   3   |   0   |   0   |   0   ||   3   |   0   |","logger":"task.stderr"}
{"timestamp":"2026-09-07T01:56:30.327007Z","level":"error","event":"\t---------------------------------------------------------------------","logger":"task.stderr"}
{"timestamp":"2026-09-07T01:56:30.330150Z","level":"error","event":":: retrieving :: org.apache.spark#spark-submit-parent-4a646fc0-285f-4dd5-a09b-f7a6edbdb4ee","logger":"task.stderr"}
{"timestamp":"2026-09-07T01:56:30.332098Z","level":"error","event":"\tconfs: [default]","logger":"task.stderr"}
{"timestamp":"2026-09-07T01:56:30.334351Z","level":"error","event":"\t0 artifacts copied, 3 already retrieved (0kB/7ms)","logger":"task.stderr"}
{"timestamp":"2026-09-07T01:56:30.506313Z","level":"error","event":"26/09/07 01:56:30 WARN NativeCodeLoader: Unable to load native-hadoop library for your platform... using builtin-java classes where applicable","logger":"task.stderr"}
{"timestamp":"2026-09-07T01:56:30.676914Z","level":"error","event":"Setting default log level to \"WARN\".","logger":"task.stderr"}
{"timestamp":"2026-09-07T01:56:30.679466Z","level":"error","event":"To adjust logging level use sc.setLogLevel(newLevel). For SparkR, use setLogLevel(newLevel).","logger":"task.stderr"}
{"timestamp":"2026-09-07T01:56:36.702382Z","level":"error","event":"26/09/07 01:56:36 WARN SparkStringUtils: Truncated the string representation of a plan since it was too large. This behavior can be adjusted by setting 'spark.sql.debug.maxToStringFields'.","logger":"task.stderr"}
{"timestamp":"2026-09-07T01:56:43.177207Z","level":"info","event":"Last processed Silver timestamp: 2026-09-06 01:00:26.741637","logger":"task.stdout"}
{"timestamp":"2026-09-07T01:56:46.222415Z","level":"info","event":"New/changed documents: 0","logger":"task.stdout"}
{"timestamp":"2026-09-07T01:56:46.227419Z","level":"info","event":"No new clinical notes to chunk.","logger":"task.stdout"}
{"timestamp":"2026-09-07T01:56:46.744292Z","level":"info","event":"Done. Returned value was: None","run_id":"manual__2026-09-07T01:54:15.317556+00:00","task_id":"chunk_clinical_notes","ti_id":"01a07992-bf00-790f-bc54-451ee7a00bcf","dag_id":"healthcare_pipeline","map_index":-1,"try_number":1,"logger":"airflow.task.operators.airflow.providers.standard.decorators.python._PythonDecoratedOperator","filename":"python.py","lineno":233}
{"timestamp":"2026-09-07T01:56:46.746053Z","level":"info","event":"::group::Post Execute","run_id":"manual__2026-09-07T01:54:15.317556+00:00","task_id":"chunk_clinical_notes","ti_id":"01a07992-bf00-790f-bc54-451ee7a00bcf","dag_id":"healthcare_pipeline","map_index":-1,"try_number":1,"logger":"task","filename":"task_runner.py","lineno":1580}
{"timestamp":"2026-09-07T01:56:46.775231Z","level":"info","event":"::endgroup::","run_id":"manual__2026-09-07T01:54:15.317556+00:00","task_id":"chunk_clinical_notes","ti_id":"01a07992-bf00-790f-bc54-451ee7a00bcf","dag_id":"healthcare_pipeline","map_index":-1,"try_number":1,"logger":"task","filename":"task_runner.py","lineno":2379}
{"timestamp":"2026-09-07T01:56:47.447054Z","level":"error","event":"\r[Stage 0:>                                                          (0 + 2) / 2]\r\r[Stage 2:>                                                         (0 + 8) / 50]\r\r[Stage 2:=========>                                                (8 + 8) / 50]\r\r[Stage 2:==========>                                               (9 + 8) / 50]\r\r[Stage 2:=====================>                                   (19 + 8) / 50]\r\r[Stage 2:====================================>                    (32 + 8) / 50]\r\r[Stage 2:====================================================>    (46 + 4) / 50]\r\r                                                                                \r\r[Stage 13:=======================>                                (21 + 8) / 50]\r\r[Stage 13:=======================================>                (35 + 8) / 50]\r\r[Stage 13:===================================================>    (46 + 4) / 50]","logger":"task.stderr"}
