{"timestamp":"2026-09-07T02:30:11.659646Z","level":"info","event":"::group::Pre Execute","logger":"task","filename":"task_runner.py","lineno":2412}
{"timestamp":"2026-09-07T02:30:11.685944Z","level":"info","event":"DAG bundles loaded: dags-folder","run_id":"manual__2026-09-07T02:30:10.914584+00:00","task_id":"extract_fhir_resources","ti_id":"01a079b3-a31a-7e72-89e5-93c010ee562a","dag_id":"healthcare_pipeline","map_index":-1,"try_number":1,"logger":"airflow.dag_processing.bundles.manager.DagBundlesManager","filename":"manager.py","lineno":304}
{"timestamp":"2026-09-07T02:30:11.687487Z","level":"info","event":"Filling up the DagBag from /opt/airflow/dags/healthcare_pipeline.py","run_id":"manual__2026-09-07T02:30:10.914584+00:00","task_id":"extract_fhir_resources","ti_id":"01a079b3-a31a-7e72-89e5-93c010ee562a","dag_id":"healthcare_pipeline","map_index":-1,"try_number":1,"logger":"airflow.dag_processing.dagbag.BundleDagBag","filename":"dagbag.py","lineno":460}
{"timestamp":"2026-09-07T02:30:12.694578Z","level":"info","event":"Worker startup parse complete","bundle_name":"dags-folder","bundle_version":null,"dag_file":"healthcare_pipeline.py","dag_id":"healthcare_pipeline","bundle_prepare_ms":5,"dag_file_parse_ms":1007,"run_id":"manual__2026-09-07T02:30:10.914584+00:00","task_id":"extract_fhir_resources","ti_id":"01a079b3-a31a-7e72-89e5-93c010ee562a","map_index":-1,"try_number":1,"logger":"task","filename":"task_runner.py","lineno":1073}
{"timestamp":"2026-09-07T02:30:12.728641Z","level":"info","event":"::endgroup::","run_id":"manual__2026-09-07T02:30:10.914584+00:00","task_id":"extract_fhir_resources","ti_id":"01a079b3-a31a-7e72-89e5-93c010ee562a","dag_id":"healthcare_pipeline","map_index":-1,"try_number":1,"logger":"task","filename":"task_runner.py","lineno":2232}
{"timestamp":"2026-09-07T02:30:12.731664Z","level":"info","event":"Extracting Patient...","logger":"task.stdout"}
{"timestamp":"2026-09-07T02:30:12.743600Z","level":"info","event":"Extracting Patient with params: {'_count': 100, '_lastUpdated': 'gt2026-09-07T02:07:00Z'}","logger":"task.stdout"}
{"timestamp":"2026-09-07T02:30:12.855498Z","level":"info","event":"No new or updated Patient resources.","logger":"task.stdout"}
{"timestamp":"2026-09-07T02:30:12.870200Z","level":"info","event":"Extracting Encounter...","logger":"task.stdout"}
{"timestamp":"2026-09-07T02:30:12.877064Z","level":"info","event":"Extracting Encounter with params: {'_count': 100, '_lastUpdated': 'gt2026-09-07T02:07:00Z'}","logger":"task.stdout"}
{"timestamp":"2026-09-07T02:30:12.893102Z","level":"info","event":"No new or updated Encounter resources.","logger":"task.stdout"}
{"timestamp":"2026-09-07T02:30:12.903735Z","level":"info","event":"Extracting Condition...","logger":"task.stdout"}
{"timestamp":"2026-09-07T02:30:12.912064Z","level":"info","event":"Extracting Condition with params: {'_count': 100, '_lastUpdated': 'gt2026-09-07T02:07:00Z'}","logger":"task.stdout"}
{"timestamp":"2026-09-07T02:30:12.931941Z","level":"info","event":"No new or updated Condition resources.","logger":"task.stdout"}
{"timestamp":"2026-09-07T02:30:12.943662Z","level":"info","event":"Extracting Observation...","logger":"task.stdout"}
{"timestamp":"2026-09-07T02:30:12.958758Z","level":"info","event":"Extracting Observation with params: {'_count': 100, '_lastUpdated': 'gt2026-09-07T02:07:01Z'}","logger":"task.stdout"}
{"timestamp":"2026-09-07T02:30:12.972595Z","level":"info","event":"No new or updated Observation resources.","logger":"task.stdout"}
{"timestamp":"2026-09-07T02:30:12.983961Z","level":"info","event":"Extracting MedicationRequest...","logger":"task.stdout"}
{"timestamp":"2026-09-07T02:30:12.990817Z","level":"info","event":"Extracting MedicationRequest with params: {'_count': 100, '_lastUpdated': 'gt2026-09-07T02:07:01Z'}","logger":"task.stdout"}
{"timestamp":"2026-09-07T02:30:13.007573Z","level":"info","event":"No new or updated MedicationRequest resources.","logger":"task.stdout"}
{"timestamp":"2026-09-07T02:30:13.020693Z","level":"info","event":"Extracting DocumentReference...","logger":"task.stdout"}
{"timestamp":"2026-09-07T02:30:13.029516Z","level":"info","event":"Extracting DocumentReference with params: {'_count': 100, '_lastUpdated': 'gt2026-09-07T02:07:01Z'}","logger":"task.stdout"}
{"timestamp":"2026-09-07T02:30:13.048560Z","level":"info","event":"No new or updated DocumentReference resources.","logger":"task.stdout"}
{"timestamp":"2026-09-07T02:30:13.065871Z","level":"info","event":"Done. Returned value was: None","run_id":"manual__2026-09-07T02:30:10.914584+00:00","task_id":"extract_fhir_resources","ti_id":"01a079b3-a31a-7e72-89e5-93c010ee562a","dag_id":"healthcare_pipeline","map_index":-1,"try_number":1,"logger":"airflow.task.operators.airflow.providers.standard.decorators.python._PythonDecoratedOperator","filename":"python.py","lineno":233}
{"timestamp":"2026-09-07T02:30:13.066157Z","level":"info","event":"::group::Post Execute","run_id":"manual__2026-09-07T02:30:10.914584+00:00","task_id":"extract_fhir_resources","ti_id":"01a079b3-a31a-7e72-89e5-93c010ee562a","dag_id":"healthcare_pipeline","map_index":-1,"try_number":1,"logger":"task","filename":"task_runner.py","lineno":1580}
{"timestamp":"2026-09-07T02:30:13.094158Z","level":"info","event":"::endgroup::","run_id":"manual__2026-09-07T02:30:10.914584+00:00","task_id":"extract_fhir_resources","ti_id":"01a079b3-a31a-7e72-89e5-93c010ee562a","dag_id":"healthcare_pipeline","map_index":-1,"try_number":1,"logger":"task","filename":"task_runner.py","lineno":2379}
