{"timestamp":"2026-09-07T02:07:01.837583Z","level":"info","event":"::group::Pre Execute","logger":"task","filename":"task_runner.py","lineno":2412}
{"timestamp":"2026-09-07T02:07:01.851087Z","level":"info","event":"DAG bundles loaded: dags-folder","task_id":"process_bronze_to_delta","try_number":1,"dag_id":"healthcare_pipeline","map_index":-1,"run_id":"manual__2026-09-07T02:06:58.538323+00:00","ti_id":"01a0799e-641e-724b-ac22-47475c773335","logger":"airflow.dag_processing.bundles.manager.DagBundlesManager","filename":"manager.py","lineno":304}
{"timestamp":"2026-09-07T02:07:01.852360Z","level":"info","event":"Filling up the DagBag from /opt/airflow/dags/healthcare_pipeline.py","task_id":"process_bronze_to_delta","try_number":1,"dag_id":"healthcare_pipeline","map_index":-1,"run_id":"manual__2026-09-07T02:06:58.538323+00:00","ti_id":"01a0799e-641e-724b-ac22-47475c773335","logger":"airflow.dag_processing.dagbag.BundleDagBag","filename":"dagbag.py","lineno":460}
{"timestamp":"2026-09-07T02:07:02.590945Z","level":"info","event":"Worker startup parse complete","bundle_name":"dags-folder","bundle_version":null,"dag_file":"healthcare_pipeline.py","dag_id":"healthcare_pipeline","bundle_prepare_ms":2,"dag_file_parse_ms":738,"task_id":"process_bronze_to_delta","try_number":1,"map_index":-1,"run_id":"manual__2026-09-07T02:06:58.538323+00:00","ti_id":"01a0799e-641e-724b-ac22-47475c773335","logger":"task","filename":"task_runner.py","lineno":1073}
{"timestamp":"2026-09-07T02:07:02.613175Z","level":"info","event":"::endgroup::","task_id":"process_bronze_to_delta","try_number":1,"dag_id":"healthcare_pipeline","map_index":-1,"run_id":"manual__2026-09-07T02:06:58.538323+00:00","ti_id":"01a0799e-641e-724b-ac22-47475c773335","logger":"task","filename":"task_runner.py","lineno":2232}
{"timestamp":"2026-09-07T02:07:03.693832Z","level":"info","event":":: loading settings :: url = jar:file:/home/airflow/.local/lib/python3.11/site-packages/pyspark/jars/ivy-2.5.3.jar!/org/apache/ivy/core/settings/ivysettings.xml","logger":"task.stdout"}
{"timestamp":"2026-09-07T02:07:03.752294Z","level":"error","event":"Ivy Default Cache set to: /home/airflow/.ivy2/cache","logger":"task.stderr"}
{"timestamp":"2026-09-07T02:07:03.754717Z","level":"error","event":"The jars for the packages stored in: /home/airflow/.ivy2/jars","logger":"task.stderr"}
{"timestamp":"2026-09-07T02:07:03.758320Z","level":"error","event":"io.delta#delta-spark_2.12 added as a dependency","logger":"task.stderr"}
{"timestamp":"2026-09-07T02:07:03.760866Z","level":"error","event":":: resolving dependencies :: org.apache.spark#spark-submit-parent-9054ea0f-715c-428c-8d44-a38687332194;1.0","logger":"task.stderr"}
{"timestamp":"2026-09-07T02:07:03.764062Z","level":"error","event":"\tconfs: [default]","logger":"task.stderr"}
{"timestamp":"2026-09-07T02:07:03.866302Z","level":"error","event":"\tfound io.delta#delta-spark_2.12;3.3.2 in spark-list","logger":"task.stderr"}
{"timestamp":"2026-09-07T02:07:03.890173Z","level":"error","event":"\tfound io.delta#delta-storage;3.3.2 in central","logger":"task.stderr"}
{"timestamp":"2026-09-07T02:07:03.906207Z","level":"error","event":"\tfound org.antlr#antlr4-runtime;4.9.3 in central","logger":"task.stderr"}
{"timestamp":"2026-09-07T02:07:03.919351Z","level":"error","event":":: resolution report :: resolve 155ms :: artifacts dl 5ms","logger":"task.stderr"}
{"timestamp":"2026-09-07T02:07:03.922277Z","level":"error","event":"\t:: modules in use:","logger":"task.stderr"}
{"timestamp":"2026-09-07T02:07:03.924389Z","level":"error","event":"\tio.delta#delta-spark_2.12;3.3.2 from spark-list in [default]","logger":"task.stderr"}
{"timestamp":"2026-09-07T02:07:03.927250Z","level":"error","event":"\tio.delta#delta-storage;3.3.2 from central in [default]","logger":"task.stderr"}
{"timestamp":"2026-09-07T02:07:03.930184Z","level":"error","event":"\torg.antlr#antlr4-runtime;4.9.3 from central in [default]","logger":"task.stderr"}
{"timestamp":"2026-09-07T02:07:03.932492Z","level":"error","event":"\t---------------------------------------------------------------------","logger":"task.stderr"}
{"timestamp":"2026-09-07T02:07:03.935742Z","level":"error","event":"\t|                  |            modules            ||   artifacts   |","logger":"task.stderr"}
{"timestamp":"2026-09-07T02:07:03.938856Z","level":"error","event":"\t|       conf       | number| search|dwnlded|evicted|| number|dwnlded|","logger":"task.stderr"}
{"timestamp":"2026-09-07T02:07:03.941753Z","level":"error","event":"\t---------------------------------------------------------------------","logger":"task.stderr"}
{"timestamp":"2026-09-07T02:07:03.943432Z","level":"error","event":"\t|      default     |   3   |   0   |   0   |   0   ||   3   |   0   |","logger":"task.stderr"}
{"timestamp":"2026-09-07T02:07:03.945781Z","level":"error","event":"\t---------------------------------------------------------------------","logger":"task.stderr"}
{"timestamp":"2026-09-07T02:07:03.948750Z","level":"error","event":":: retrieving :: org.apache.spark#spark-submit-parent-9054ea0f-715c-428c-8d44-a38687332194","logger":"task.stderr"}
{"timestamp":"2026-09-07T02:07:03.950829Z","level":"error","event":"\tconfs: [default]","logger":"task.stderr"}
{"timestamp":"2026-09-07T02:07:03.953223Z","level":"error","event":"\t0 artifacts copied, 3 already retrieved (0kB/7ms)","logger":"task.stderr"}
{"timestamp":"2026-09-07T02:07:04.052239Z","level":"error","event":"26/09/07 02:07:04 WARN NativeCodeLoader: Unable to load native-hadoop library for your platform... using builtin-java classes where applicable","logger":"task.stderr"}
{"timestamp":"2026-09-07T02:07:04.179869Z","level":"error","event":"Setting default log level to \"WARN\".","logger":"task.stderr"}
{"timestamp":"2026-09-07T02:07:04.182747Z","level":"error","event":"To adjust logging level use sc.setLogLevel(newLevel). For SparkR, use setLogLevel(newLevel).","logger":"task.stderr"}
{"timestamp":"2026-09-07T02:07:05.402858Z","level":"info","event":"Processing Patient...","logger":"task.stdout"}
{"timestamp":"2026-09-07T02:07:08.864350Z","level":"error","event":"26/09/07 02:07:08 WARN SparkStringUtils: Truncated the string representation of a plan since it was too large. This behavior can be adjusted by setting 'spark.sql.debug.maxToStringFields'.","logger":"task.stderr"}
{"timestamp":"2026-09-07T02:07:14.678921Z","level":"info","event":"Patient: No new Bronze files to process.","logger":"task.stdout"}
{"timestamp":"2026-09-07T02:07:14.684877Z","level":"info","event":"Processing Encounter...","logger":"task.stdout"}
{"timestamp":"2026-09-07T02:07:16.386170Z","level":"info","event":"Encounter: No new Bronze files to process.","logger":"task.stdout"}
{"timestamp":"2026-09-07T02:07:16.389115Z","level":"info","event":"Processing Condition...","logger":"task.stdout"}
{"timestamp":"2026-09-07T02:07:17.815555Z","level":"info","event":"Condition: No new Bronze files to process.","logger":"task.stdout"}
{"timestamp":"2026-09-07T02:07:17.819239Z","level":"info","event":"Processing Observation...","logger":"task.stdout"}
{"timestamp":"2026-09-07T02:07:19.012351Z","level":"info","event":"Observation: No new Bronze files to process.","logger":"task.stdout"}
{"timestamp":"2026-09-07T02:07:19.015251Z","level":"info","event":"Processing MedicationRequest...","logger":"task.stdout"}
{"timestamp":"2026-09-07T02:07:20.123329Z","level":"info","event":"MedicationRequest: No new Bronze files to process.","logger":"task.stdout"}
{"timestamp":"2026-09-07T02:07:20.127068Z","level":"info","event":"Processing DocumentReference...","logger":"task.stdout"}
{"timestamp":"2026-09-07T02:07:21.085286Z","level":"info","event":"DocumentReference: 1 new Bronze files found.","logger":"task.stdout"}
{"timestamp":"2026-09-07T02:07:24.355994Z","level":"info","event":"DocumentReference: 1 new rows appended. 7107 total rows in /opt/airflow/project/data/delta/bronze/documentreference","logger":"task.stdout"}
{"timestamp":"2026-09-07T02:07:24.797220Z","level":"info","event":"Done. Returned value was: None","task_id":"process_bronze_to_delta","try_number":1,"dag_id":"healthcare_pipeline","map_index":-1,"run_id":"manual__2026-09-07T02:06:58.538323+00:00","ti_id":"01a0799e-641e-724b-ac22-47475c773335","logger":"airflow.task.operators.airflow.providers.standard.decorators.python._PythonDecoratedOperator","filename":"python.py","lineno":233}
{"timestamp":"2026-09-07T02:07:24.799215Z","level":"info","event":"::group::Post Execute","task_id":"process_bronze_to_delta","try_number":1,"dag_id":"healthcare_pipeline","map_index":-1,"run_id":"manual__2026-09-07T02:06:58.538323+00:00","ti_id":"01a0799e-641e-724b-ac22-47475c773335","logger":"task","filename":"task_runner.py","lineno":1580}
{"timestamp":"2026-09-07T02:07:24.857379Z","level":"info","event":"::endgroup::","task_id":"process_bronze_to_delta","try_number":1,"dag_id":"healthcare_pipeline","map_index":-1,"run_id":"manual__2026-09-07T02:06:58.538323+00:00","ti_id":"01a0799e-641e-724b-ac22-47475c773335","logger":"task","filename":"task_runner.py","lineno":2379}
{"timestamp":"2026-09-07T02:07:25.995586Z","level":"error","event":"\r[Stage 0:>                                                          (0 + 5) / 5]\r\r[Stage 2:>                                                         (0 + 8) / 50]\r\r[Stage 2:=========>                                                (8 + 8) / 50]\r\r[Stage 2:===================>                                     (17 + 9) / 50]\r\r[Stage 2:=====================>                                   (19 + 8) / 50]\r\r[Stage 2:==========================>                              (23 + 8) / 50]\r\r[Stage 2:===================================>                     (31 + 8) / 50]\r\r[Stage 2:============================================>            (39 + 8) / 50]\r\r[Stage 2:=======================================================> (49 + 1) / 50]\r\r                                                                                \r\r[Stage 73:==================================================>     (45 + 5) / 50]","logger":"task.stderr"}
