{"timestamp":"2026-09-07T01:56:59.681459Z","level":"info","event":"::group::Pre Execute","logger":"task","filename":"task_runner.py","lineno":2412}
{"timestamp":"2026-09-07T01:56:59.721448Z","level":"info","event":"DAG bundles loaded: dags-folder","task_id":"process_gold_patient_latest_vitals","run_id":"manual__2026-09-07T01:54:15.317556+00:00","dag_id":"healthcare_pipeline","try_number":1,"ti_id":"01a07992-befc-758e-93fe-e144258fa932","map_index":-1,"logger":"airflow.dag_processing.bundles.manager.DagBundlesManager","filename":"manager.py","lineno":304}
{"timestamp":"2026-09-07T01:56:59.723961Z","level":"info","event":"Filling up the DagBag from /opt/airflow/dags/healthcare_pipeline.py","task_id":"process_gold_patient_latest_vitals","run_id":"manual__2026-09-07T01:54:15.317556+00:00","dag_id":"healthcare_pipeline","try_number":1,"ti_id":"01a07992-befc-758e-93fe-e144258fa932","map_index":-1,"logger":"airflow.dag_processing.dagbag.BundleDagBag","filename":"dagbag.py","lineno":460}
{"timestamp":"2026-09-07T01:57:01.261135Z","level":"info","event":"Worker startup parse complete","bundle_name":"dags-folder","bundle_version":null,"dag_file":"healthcare_pipeline.py","dag_id":"healthcare_pipeline","bundle_prepare_ms":10,"dag_file_parse_ms":1537,"task_id":"process_gold_patient_latest_vitals","run_id":"manual__2026-09-07T01:54:15.317556+00:00","try_number":1,"ti_id":"01a07992-befc-758e-93fe-e144258fa932","map_index":-1,"logger":"task","filename":"task_runner.py","lineno":1073}
{"timestamp":"2026-09-07T01:57:01.312395Z","level":"info","event":"::endgroup::","task_id":"process_gold_patient_latest_vitals","run_id":"manual__2026-09-07T01:54:15.317556+00:00","dag_id":"healthcare_pipeline","try_number":1,"ti_id":"01a07992-befc-758e-93fe-e144258fa932","map_index":-1,"logger":"task","filename":"task_runner.py","lineno":2232}
{"timestamp":"2026-09-07T01:57:03.680177Z","level":"info","event":":: loading settings :: url = jar:file:/home/airflow/.local/lib/python3.11/site-packages/pyspark/jars/ivy-2.5.3.jar!/org/apache/ivy/core/settings/ivysettings.xml","logger":"task.stdout"}
{"timestamp":"2026-09-07T01:57:03.794553Z","level":"error","event":"Ivy Default Cache set to: /home/airflow/.ivy2/cache","logger":"task.stderr"}
{"timestamp":"2026-09-07T01:57:03.799259Z","level":"error","event":"The jars for the packages stored in: /home/airflow/.ivy2/jars","logger":"task.stderr"}
{"timestamp":"2026-09-07T01:57:03.801506Z","level":"error","event":"io.delta#delta-spark_2.12 added as a dependency","logger":"task.stderr"}
{"timestamp":"2026-09-07T01:57:03.804877Z","level":"error","event":":: resolving dependencies :: org.apache.spark#spark-submit-parent-93e4a732-076b-42d5-89ea-9bf45f9e1dfd;1.0","logger":"task.stderr"}
{"timestamp":"2026-09-07T01:57:03.807431Z","level":"error","event":"\tconfs: [default]","logger":"task.stderr"}
{"timestamp":"2026-09-07T01:57:04.020468Z","level":"error","event":"\tfound io.delta#delta-spark_2.12;3.3.2 in spark-list","logger":"task.stderr"}
{"timestamp":"2026-09-07T01:57:04.069635Z","level":"error","event":"\tfound io.delta#delta-storage;3.3.2 in central","logger":"task.stderr"}
{"timestamp":"2026-09-07T01:57:04.113324Z","level":"error","event":"\tfound org.antlr#antlr4-runtime;4.9.3 in central","logger":"task.stderr"}
{"timestamp":"2026-09-07T01:57:04.133924Z","level":"error","event":":: resolution report :: resolve 326ms :: artifacts dl 8ms","logger":"task.stderr"}
{"timestamp":"2026-09-07T01:57:04.136426Z","level":"error","event":"\t:: modules in use:","logger":"task.stderr"}
{"timestamp":"2026-09-07T01:57:04.140148Z","level":"error","event":"\tio.delta#delta-spark_2.12;3.3.2 from spark-list in [default]","logger":"task.stderr"}
{"timestamp":"2026-09-07T01:57:04.141679Z","level":"error","event":"\tio.delta#delta-storage;3.3.2 from central in [default]","logger":"task.stderr"}
{"timestamp":"2026-09-07T01:57:04.145379Z","level":"error","event":"\torg.antlr#antlr4-runtime;4.9.3 from central in [default]","logger":"task.stderr"}
{"timestamp":"2026-09-07T01:57:04.148506Z","level":"error","event":"\t---------------------------------------------------------------------","logger":"task.stderr"}
{"timestamp":"2026-09-07T01:57:04.154224Z","level":"error","event":"\t|                  |            modules            ||   artifacts   |","logger":"task.stderr"}
{"timestamp":"2026-09-07T01:57:04.160413Z","level":"error","event":"\t|       conf       | number| search|dwnlded|evicted|| number|dwnlded|","logger":"task.stderr"}
{"timestamp":"2026-09-07T01:57:04.161683Z","level":"error","event":"\t---------------------------------------------------------------------","logger":"task.stderr"}
{"timestamp":"2026-09-07T01:57:04.166545Z","level":"error","event":"\t|      default     |   3   |   0   |   0   |   0   ||   3   |   0   |","logger":"task.stderr"}
{"timestamp":"2026-09-07T01:57:04.169112Z","level":"error","event":"\t---------------------------------------------------------------------","logger":"task.stderr"}
{"timestamp":"2026-09-07T01:57:04.174648Z","level":"error","event":"","logger":"task.stderr"}
{"timestamp":"2026-09-07T01:57:04.177935Z","level":"error","event":":: problems summary ::","logger":"task.stderr"}
{"timestamp":"2026-09-07T01:57:04.184036Z","level":"error","event":":::: ERRORS","logger":"task.stderr"}
{"timestamp":"2026-09-07T01:57:04.187614Z","level":"error","event":"\tunknown resolver null","logger":"task.stderr"}
{"timestamp":"2026-09-07T01:57:04.194514Z","level":"error","event":"","logger":"task.stderr"}
{"timestamp":"2026-09-07T01:57:04.198858Z","level":"error","event":"\tunknown resolver null","logger":"task.stderr"}
{"timestamp":"2026-09-07T01:57:04.204324Z","level":"error","event":"","logger":"task.stderr"}
{"timestamp":"2026-09-07T01:57:04.208099Z","level":"error","event":"","logger":"task.stderr"}
{"timestamp":"2026-09-07T01:57:04.209834Z","level":"error","event":":: USE VERBOSE OR DEBUG MESSAGE LEVEL FOR MORE DETAILS","logger":"task.stderr"}
{"timestamp":"2026-09-07T01:57:04.215631Z","level":"error","event":":: retrieving :: org.apache.spark#spark-submit-parent-93e4a732-076b-42d5-89ea-9bf45f9e1dfd","logger":"task.stderr"}
{"timestamp":"2026-09-07T01:57:04.220430Z","level":"error","event":"\tconfs: [default]","logger":"task.stderr"}
{"timestamp":"2026-09-07T01:57:04.225119Z","level":"error","event":"\t0 artifacts copied, 3 already retrieved (0kB/5ms)","logger":"task.stderr"}
{"timestamp":"2026-09-07T01:57:04.555016Z","level":"error","event":"26/09/07 01:57:04 WARN NativeCodeLoader: Unable to load native-hadoop library for your platform... using builtin-java classes where applicable","logger":"task.stderr"}
{"timestamp":"2026-09-07T01:57:04.934298Z","level":"error","event":"Setting default log level to \"WARN\".","logger":"task.stderr"}
{"timestamp":"2026-09-07T01:57:04.939264Z","level":"error","event":"To adjust logging level use sc.setLogLevel(newLevel). For SparkR, use setLogLevel(newLevel).","logger":"task.stderr"}
{"timestamp":"2026-09-07T01:57:06.540401Z","level":"error","event":"26/09/07 01:57:06 WARN Utils: Service 'SparkUI' could not bind on port 4040. Attempting port 4041.","logger":"task.stderr"}
{"timestamp":"2026-09-07T01:57:20.417129Z","level":"error","event":"26/09/07 01:57:20 WARN SparkStringUtils: Truncated the string representation of a plan since it was too large. This behavior can be adjusted by setting 'spark.sql.debug.maxToStringFields'.","logger":"task.stderr"}
{"timestamp":"2026-09-07T01:58:24.039555Z","level":"info","event":"+----------+----------+------+---------+---------+-----+----------+----------------+-----------+------------+","logger":"task.stdout"}
{"timestamp":"2026-09-07T01:58:24.048822Z","level":"info","event":"|patient_id|birth_date|gender|height_cm|weight_kg|bmi  |heart_rate|respiratory_rate|systolic_bp|diastolic_bp|","logger":"task.stdout"}
{"timestamp":"2026-09-07T01:58:24.055689Z","level":"info","event":"+----------+----------+------+---------+---------+-----+----------+----------------+-----------+------------+","logger":"task.stdout"}
{"timestamp":"2026-09-07T01:58:24.058981Z","level":"info","event":"|10627     |1978-10-20|female|148.2    |67.4     |30.69|97.0      |15.0            |122.0      |80.0        |","logger":"task.stdout"}
{"timestamp":"2026-09-07T01:58:24.066550Z","level":"info","event":"|10940     |1951-08-28|female|160.5    |70.3     |27.29|69.0      |16.0            |134.0      |64.0        |","logger":"task.stdout"}
{"timestamp":"2026-09-07T01:58:24.070905Z","level":"info","event":"|12069     |2019-12-30|female|113.9    |21.7     |16.72|93.0      |15.0            |133.0      |93.0        |","logger":"task.stdout"}
{"timestamp":"2026-09-07T01:58:24.075417Z","level":"info","event":"|12497     |1993-08-01|male  |166.8    |77.3     |27.77|73.0      |15.0            |130.0      |85.0        |","logger":"task.stdout"}
{"timestamp":"2026-09-07T01:58:24.077588Z","level":"info","event":"|186568    |2015-11-01|female|141.0    |43.5     |21.88|64.0      |15.0            |127.0      |90.0        |","logger":"task.stdout"}
{"timestamp":"2026-09-07T01:58:24.079824Z","level":"info","event":"|186886    |2015-11-01|female|141.0    |43.5     |21.88|64.0      |15.0            |127.0      |90.0        |","logger":"task.stdout"}
{"timestamp":"2026-09-07T01:58:24.082834Z","level":"info","event":"|186935    |2012-07-02|male  |164.7    |61.6     |22.72|84.0      |14.0            |126.0      |84.0        |","logger":"task.stdout"}
{"timestamp":"2026-09-07T01:58:24.087010Z","level":"info","event":"|187253    |2012-07-02|male  |164.7    |61.6     |22.72|84.0      |14.0            |126.0      |84.0        |","logger":"task.stdout"}
{"timestamp":"2026-09-07T01:58:24.090828Z","level":"info","event":"|187279    |1944-05-21|female|158.5    |69.6     |27.7 |95.0      |15.0            |77.0       |75.0        |","logger":"task.stdout"}
{"timestamp":"2026-09-07T01:58:24.099904Z","level":"info","event":"|187597    |1944-05-21|female|158.5    |69.6     |27.7 |95.0      |15.0            |77.0       |75.0        |","logger":"task.stdout"}
{"timestamp":"2026-09-07T01:58:24.105907Z","level":"info","event":"|189026    |1996-08-27|male  |178.8    |82.6     |25.82|82.0      |14.0            |129.0      |78.0        |","logger":"task.stdout"}
{"timestamp":"2026-09-07T01:58:24.109903Z","level":"info","event":"|189344    |1996-08-27|male  |178.8    |82.6     |25.82|82.0      |14.0            |129.0      |78.0        |","logger":"task.stdout"}
{"timestamp":"2026-09-07T01:58:24.119555Z","level":"info","event":"|189697    |2016-12-30|male  |140.0    |36.0     |18.4 |98.0      |15.0            |115.0      |87.0        |","logger":"task.stdout"}
{"timestamp":"2026-09-07T01:58:24.136290Z","level":"info","event":"|190015    |2016-12-30|male  |140.0    |36.0     |18.4 |98.0      |15.0            |115.0      |87.0        |","logger":"task.stdout"}
{"timestamp":"2026-09-07T01:58:24.149516Z","level":"info","event":"|190188    |1979-10-13|male  |165.7    |75.6     |27.54|70.0      |15.0            |99.0       |72.0        |","logger":"task.stdout"}
{"timestamp":"2026-09-07T01:58:24.154966Z","level":"info","event":"|190506    |1979-10-13|male  |165.7    |75.6     |27.54|70.0      |15.0            |99.0       |72.0        |","logger":"task.stdout"}
{"timestamp":"2026-09-07T01:58:24.164580Z","level":"info","event":"|190589    |1963-07-28|male  |170.0    |87.0     |30.1 |75.0      |14.0            |125.0      |81.0        |","logger":"task.stdout"}
{"timestamp":"2026-09-07T01:58:24.173538Z","level":"info","event":"|190907    |1963-07-28|male  |170.0    |87.0     |30.1 |75.0      |14.0            |125.0      |81.0        |","logger":"task.stdout"}
{"timestamp":"2026-09-07T01:58:24.177860Z","level":"info","event":"|191334    |1929-08-20|female|165.0    |75.6     |27.77|61.0      |14.0            |113.0      |82.0        |","logger":"task.stdout"}
{"timestamp":"2026-09-07T01:58:24.182947Z","level":"info","event":"|191652    |1929-08-20|female|165.0    |75.6     |27.77|61.0      |14.0            |113.0      |82.0        |","logger":"task.stdout"}
{"timestamp":"2026-09-07T01:58:24.188715Z","level":"info","event":"+----------+----------+------+---------+---------+-----+----------+----------------+-----------+------------+","logger":"task.stdout"}
{"timestamp":"2026-09-07T01:58:24.196593Z","level":"info","event":"only showing top 20 rows","logger":"task.stdout"}
{"timestamp":"2026-09-07T01:58:24.205861Z","level":"info","event":"","logger":"task.stdout"}
{"timestamp":"2026-09-07T01:58:54.410552Z","level":"info","event":"Gold patient vital rows: 75","logger":"task.stdout"}
{"timestamp":"2026-09-07T01:58:55.090038Z","level":"info","event":"Done. Returned value was: None","task_id":"process_gold_patient_latest_vitals","run_id":"manual__2026-09-07T01:54:15.317556+00:00","dag_id":"healthcare_pipeline","try_number":1,"ti_id":"01a07992-befc-758e-93fe-e144258fa932","map_index":-1,"logger":"airflow.task.operators.airflow.providers.standard.decorators.python._PythonDecoratedOperator","filename":"python.py","lineno":233}
{"timestamp":"2026-09-07T01:58:55.102377Z","level":"info","event":"::group::Post Execute","task_id":"process_gold_patient_latest_vitals","run_id":"manual__2026-09-07T01:54:15.317556+00:00","dag_id":"healthcare_pipeline","try_number":1,"ti_id":"01a07992-befc-758e-93fe-e144258fa932","map_index":-1,"logger":"task","filename":"task_runner.py","lineno":1580}
{"timestamp":"2026-09-07T01:58:55.186116Z","level":"info","event":"::endgroup::","task_id":"process_gold_patient_latest_vitals","run_id":"manual__2026-09-07T01:54:15.317556+00:00","dag_id":"healthcare_pipeline","try_number":1,"ti_id":"01a07992-befc-758e-93fe-e144258fa932","map_index":-1,"logger":"task","filename":"task_runner.py","lineno":2379}
{"timestamp":"2026-09-07T01:58:58.722540Z","level":"error","event":"\r[Stage 0:>                                                          (0 + 4) / 7]\r\r[Stage 0:>                                                          (0 + 7) / 7]\r\r[Stage 2:>                                                         (0 + 8) / 50]\r\r[Stage 2:========>                                                 (7 + 8) / 50]\r\r[Stage 2:=========>                                                (8 + 8) / 50]\r\r[Stage 2:============>                                            (11 + 8) / 50]\r\r[Stage 2:=================>                                       (15 + 8) / 50]\r\r[Stage 2:====================>                                    (18 + 8) / 50]\r\r[Stage 2:===========================>                             (24 + 8) / 50]\r\r[Stage 2:===============================>                         (28 + 8) / 50]\r\r[Stage 2:======================================>                  (34 + 8) / 50]\r\r[Stage 2:=======================================>                 (35 + 8) / 50]\r\r[Stage 2:=========================================>               (36 + 8) / 50]\r\r[Stage 2:==============================================>          (41 + 8) / 50]\r\r[Stage 2:=================================================>       (43 + 7) / 50]\r\r[Stage 2:=====================================================>   (47 + 3) / 50]\r\r                                                                                \r\r[Stage 4:>                                                         (0 + 8) / 50]\r\r[Stage 4:=====>                                                    (5 + 9) / 50]\r\r[Stage 4:=========>                                                (8 + 8) / 50]\r\r[Stage 4:=============>                                           (12 + 8) / 50]\r\r[Stage 4:=====================>                                   (19 + 8) / 50]\r\r[Stage 4:==========================>                              (23 + 9) / 50]\r\r[Stage 4:===============================>                         (28 + 8) / 50]\r\r[Stage 4:==================================>                      (30 + 8) / 50]\r\r[Stage 4:=======================================>                 (35 + 8) / 50]\r\r[Stage 4:==========================================>              (37 + 8) / 50]\r\r[Stage 4:===================================================>     (45 + 5) / 50]\r\r[Stage 4:=====================================================>   (47 + 3) / 50]\r\r[Stage 7:>                                                          (0 + 1) / 1]\r\r                                                                                \r\r[Stage 10:>                                                        (0 + 8) / 50]\r\r[Stage 10:=====>                                                   (5 + 8) / 50]\r\r[Stage 10:======>                                                  (6 + 8) / 50]\r\r[Stage 10:=========>                                               (8 + 8) / 50]\r\r[Stage 10:==========>                                              (9 + 8) / 50]\r\r[Stage 10:=============>                                          (12 + 8) / 50]\r\r[Stage 10:====================>                                   (18 + 8) / 50]\r\r[Stage 10:============================>                           (25 + 8) / 50]\r\r[Stage 10:====================================>                   (33 + 8) / 50]\r\r[Stage 10:===========================================>            (39 + 8) / 50]\r\r[Stage 10:==================================================>     (45 + 5) / 50]\r\r                                                                                \r\r[Stage 11:>                                                         (0 + 6) / 6]\r\r[Stage 13:>                                                         (0 + 1) / 1]\r\r[Stage 16:>                                                         (0 + 1) / 1]\r\r[Stage 20:>                                                         (0 + 1) / 1]\r\r                                                                                \r\r[Stage 22:=============================>                            (1 + 1) / 2]\r\r[Stage 24:>                                                        (0 + 8) / 50]\r\r[Stage 24:==>                                                      (2 + 9) / 50]\r\r[Stage 24:=========>                                               (8 + 8) / 50]\r\r[Stage 24:===========>                                            (10 + 8) / 50]\r\r[Stage 24:================>                                       (15 + 8) / 50]\r\r[Stage 24:======================>                                 (20 + 8) / 50]\r\r[Stage 24:=========================>                              (23 + 8) / 50]\r\r[Stage 24:================================>                       (29 + 8) / 50]\r\r[Stage 24:==================================>                     (31 + 8) / 50]\r\r[Stage 24:========================================>               (36 + 8) / 50]\r\r[Stage 24:=============================================>          (41 + 8) / 50]\r\r[Stage 24:========================================================(50 + 0) / 50]\r\r                                                                                \r\r[Stage 29:===============>                                        (14 + 8) / 50]\r\r[Stage 29:=======================>                                (21 + 8) / 50]\r\r[Stage 29:====================================================>   (47 + 3) / 50]\r\r                                                                                \r\r[Stage 31:=====================>                                  (19 + 8) / 50]\r\r[Stage 31:=============================>                          (26 + 9) / 50]\r\r[Stage 31:========================================>               (36 + 8) / 50]\r\r[Stage 31:===================================================>    (46 + 4) / 50]\r\r                                                                                \r\r[Stage 32:>                                                         (0 + 6) / 6]\r\r                                                                                \r\r[Stage 42:>                                                         (0 + 1) / 1]\r\r                                                                                \r\r[Stage 44:=======================>                                (21 + 8) / 50]\r\r[Stage 44:======================================================> (49 + 1) / 50]\r\r                                                                                \r\r[Stage 46:=============================================>          (41 + 8) / 50]","logger":"task.stderr"}
