{"timestamp":"2026-09-07T01:56:47.346363Z","level":"info","event":"::group::Pre Execute","logger":"task","filename":"task_runner.py","lineno":2412}
{"timestamp":"2026-09-07T01:56:47.394963Z","level":"info","event":"DAG bundles loaded: dags-folder","try_number":1,"dag_id":"healthcare_pipeline","map_index":-1,"ti_id":"01a07992-bf01-7c33-8c66-3fd013d64e64","run_id":"manual__2026-09-07T01:54:15.317556+00:00","task_id":"embed_clinical_notes","logger":"airflow.dag_processing.bundles.manager.DagBundlesManager","filename":"manager.py","lineno":304}
{"timestamp":"2026-09-07T01:56:47.396520Z","level":"info","event":"Filling up the DagBag from /opt/airflow/dags/healthcare_pipeline.py","try_number":1,"dag_id":"healthcare_pipeline","map_index":-1,"ti_id":"01a07992-bf01-7c33-8c66-3fd013d64e64","run_id":"manual__2026-09-07T01:54:15.317556+00:00","task_id":"embed_clinical_notes","logger":"airflow.dag_processing.dagbag.BundleDagBag","filename":"dagbag.py","lineno":460}
{"timestamp":"2026-09-07T01:56:48.678728Z","level":"info","event":"Worker startup parse complete","bundle_name":"dags-folder","bundle_version":null,"dag_file":"healthcare_pipeline.py","dag_id":"healthcare_pipeline","bundle_prepare_ms":2,"dag_file_parse_ms":1282,"try_number":1,"map_index":-1,"ti_id":"01a07992-bf01-7c33-8c66-3fd013d64e64","run_id":"manual__2026-09-07T01:54:15.317556+00:00","task_id":"embed_clinical_notes","logger":"task","filename":"task_runner.py","lineno":1073}
{"timestamp":"2026-09-07T01:56:48.702911Z","level":"info","event":"::endgroup::","try_number":1,"dag_id":"healthcare_pipeline","map_index":-1,"ti_id":"01a07992-bf01-7c33-8c66-3fd013d64e64","run_id":"manual__2026-09-07T01:54:15.317556+00:00","task_id":"embed_clinical_notes","logger":"task","filename":"task_runner.py","lineno":2232}
{"timestamp":"2026-09-07T01:56:50.942392Z","level":"info","event":":: loading settings :: url = jar:file:/home/airflow/.local/lib/python3.11/site-packages/pyspark/jars/ivy-2.5.3.jar!/org/apache/ivy/core/settings/ivysettings.xml","logger":"task.stdout"}
{"timestamp":"2026-09-07T01:56:51.031137Z","level":"error","event":"Ivy Default Cache set to: /home/airflow/.ivy2/cache","logger":"task.stderr"}
{"timestamp":"2026-09-07T01:56:51.033239Z","level":"error","event":"The jars for the packages stored in: /home/airflow/.ivy2/jars","logger":"task.stderr"}
{"timestamp":"2026-09-07T01:56:51.039435Z","level":"error","event":"io.delta#delta-spark_2.12 added as a dependency","logger":"task.stderr"}
{"timestamp":"2026-09-07T01:56:51.043375Z","level":"error","event":":: resolving dependencies :: org.apache.spark#spark-submit-parent-df032329-4d24-4dbb-881d-eae0bb57a522;1.0","logger":"task.stderr"}
{"timestamp":"2026-09-07T01:56:51.046113Z","level":"error","event":"\tconfs: [default]","logger":"task.stderr"}
{"timestamp":"2026-09-07T01:56:51.186310Z","level":"error","event":"\tfound io.delta#delta-spark_2.12;3.3.2 in spark-list","logger":"task.stderr"}
{"timestamp":"2026-09-07T01:56:51.241153Z","level":"error","event":"\tfound io.delta#delta-storage;3.3.2 in central","logger":"task.stderr"}
{"timestamp":"2026-09-07T01:56:51.305372Z","level":"error","event":"\tfound org.antlr#antlr4-runtime;4.9.3 in central","logger":"task.stderr"}
{"timestamp":"2026-09-07T01:56:51.341491Z","level":"error","event":":: resolution report :: resolve 285ms :: artifacts dl 16ms","logger":"task.stderr"}
{"timestamp":"2026-09-07T01:56:51.344895Z","level":"error","event":"\t:: modules in use:","logger":"task.stderr"}
{"timestamp":"2026-09-07T01:56:51.347090Z","level":"error","event":"\tio.delta#delta-spark_2.12;3.3.2 from spark-list in [default]","logger":"task.stderr"}
{"timestamp":"2026-09-07T01:56:51.351024Z","level":"error","event":"\tio.delta#delta-storage;3.3.2 from central in [default]","logger":"task.stderr"}
{"timestamp":"2026-09-07T01:56:51.353482Z","level":"error","event":"\torg.antlr#antlr4-runtime;4.9.3 from central in [default]","logger":"task.stderr"}
{"timestamp":"2026-09-07T01:56:51.356438Z","level":"error","event":"\t---------------------------------------------------------------------","logger":"task.stderr"}
{"timestamp":"2026-09-07T01:56:51.364339Z","level":"error","event":"\t|                  |            modules            ||   artifacts   |","logger":"task.stderr"}
{"timestamp":"2026-09-07T01:56:51.369988Z","level":"error","event":"\t|       conf       | number| search|dwnlded|evicted|| number|dwnlded|","logger":"task.stderr"}
{"timestamp":"2026-09-07T01:56:51.373167Z","level":"error","event":"\t---------------------------------------------------------------------","logger":"task.stderr"}
{"timestamp":"2026-09-07T01:56:51.376158Z","level":"error","event":"\t|      default     |   3   |   0   |   0   |   0   ||   3   |   0   |","logger":"task.stderr"}
{"timestamp":"2026-09-07T01:56:51.381512Z","level":"error","event":"\t---------------------------------------------------------------------","logger":"task.stderr"}
{"timestamp":"2026-09-07T01:56:51.385269Z","level":"error","event":":: retrieving :: org.apache.spark#spark-submit-parent-df032329-4d24-4dbb-881d-eae0bb57a522","logger":"task.stderr"}
{"timestamp":"2026-09-07T01:56:51.387514Z","level":"error","event":"\tconfs: [default]","logger":"task.stderr"}
{"timestamp":"2026-09-07T01:56:51.390062Z","level":"error","event":"\t0 artifacts copied, 3 already retrieved (0kB/24ms)","logger":"task.stderr"}
{"timestamp":"2026-09-07T01:56:51.611045Z","level":"error","event":"26/09/07 01:56:51 WARN NativeCodeLoader: Unable to load native-hadoop library for your platform... using builtin-java classes where applicable","logger":"task.stderr"}
{"timestamp":"2026-09-07T01:56:51.870384Z","level":"error","event":"Setting default log level to \"WARN\".","logger":"task.stderr"}
{"timestamp":"2026-09-07T01:56:51.874572Z","level":"error","event":"To adjust logging level use sc.setLogLevel(newLevel). For SparkR, use setLogLevel(newLevel).","logger":"task.stderr"}
{"timestamp":"2026-09-07T01:57:06.837292Z","level":"error","event":"26/09/07 01:57:06 WARN SparkStringUtils: Truncated the string representation of a plan since it was too large. This behavior can be adjusted by setting 'spark.sql.debug.maxToStringFields'.","logger":"task.stderr"}
{"timestamp":"2026-09-07T01:57:20.215894Z","level":"info","event":"Last embedded chunk timestamp: 2026-09-06 01:13:09.967549","logger":"task.stdout"}
{"timestamp":"2026-09-07T01:57:29.545063Z","level":"info","event":"New/changed chunks: 0","logger":"task.stdout"}
{"timestamp":"2026-09-07T01:57:29.555984Z","level":"info","event":"No clinical note chunks to embed.","logger":"task.stdout"}
{"timestamp":"2026-09-07T01:57:30.677831Z","level":"info","event":"Done. Returned value was: None","try_number":1,"dag_id":"healthcare_pipeline","map_index":-1,"ti_id":"01a07992-bf01-7c33-8c66-3fd013d64e64","run_id":"manual__2026-09-07T01:54:15.317556+00:00","task_id":"embed_clinical_notes","logger":"airflow.task.operators.airflow.providers.standard.decorators.python._PythonDecoratedOperator","filename":"python.py","lineno":233}
{"timestamp":"2026-09-07T01:57:30.697520Z","level":"info","event":"::group::Post Execute","try_number":1,"dag_id":"healthcare_pipeline","map_index":-1,"ti_id":"01a07992-bf01-7c33-8c66-3fd013d64e64","run_id":"manual__2026-09-07T01:54:15.317556+00:00","task_id":"embed_clinical_notes","logger":"task","filename":"task_runner.py","lineno":1580}
{"timestamp":"2026-09-07T01:57:30.821444Z","level":"info","event":"::endgroup::","try_number":1,"dag_id":"healthcare_pipeline","map_index":-1,"ti_id":"01a07992-bf01-7c33-8c66-3fd013d64e64","run_id":"manual__2026-09-07T01:54:15.317556+00:00","task_id":"embed_clinical_notes","logger":"task","filename":"task_runner.py","lineno":2379}
{"timestamp":"2026-09-07T01:57:38.710422Z","level":"error","event":"\r[Stage 0:>                                                          (0 + 2) / 2]\r\r[Stage 0:=============================>                             (1 + 1) / 2]\r\r[Stage 2:>                                                         (0 + 8) / 50]\r\r[Stage 2:=========>                                                (8 + 8) / 50]\r\r[Stage 2:=================>                                       (15 + 8) / 50]\r\r[Stage 2:==================>                                      (16 + 8) / 50]\r\r[Stage 2:=============================>                           (26 + 8) / 50]\r\r[Stage 2:=====================================>                   (33 + 8) / 50]\r\r[Stage 2:=============================================>           (40 + 9) / 50]\r\r[Stage 2:======================================================>  (48 + 2) / 50]\r\r[Stage 5:===========================================================(1 + 0) / 1]\r\r                                                                                \r\r[Stage 7:==========================>                              (23 + 8) / 50]\r\r[Stage 7:=====================================>                   (33 + 8) / 50]\r\r                                                                                \r\r[Stage 13:>                                                        (0 + 8) / 50]\r\r[Stage 13:=========>                                               (8 + 8) / 50]\r\r[Stage 13:===========>                                            (10 + 8) / 50]\r\r[Stage 13:===============>                                        (14 + 9) / 50]\r\r[Stage 13:===================>                                    (17 + 8) / 50]\r\r[Stage 13:============================>                           (25 + 8) / 50]\r\r[Stage 13:==================================>                     (31 + 8) / 50]\r\r[Stage 13:========================================>               (36 + 9) / 50]\r\r[Stage 13:=============================================>          (41 + 8) / 50]","logger":"task.stderr"}
