{"timestamp":"2026-08-29T00:33:02.924959Z","level":"info","event":"::group::Pre Execute","logger":"task","filename":"task_runner.py","lineno":2412}
{"timestamp":"2026-08-29T00:33:02.955530Z","level":"info","event":"DAG bundles loaded: dags-folder","task_id":"process_bronze_to_delta","map_index":-1,"run_id":"manual__2026-08-29T00:33:01.251470+00:00","try_number":1,"ti_id":"01a04aef-2369-78fc-a92b-d6cd2ec2fbc2","dag_id":"healthcare_pipeline","logger":"airflow.dag_processing.bundles.manager.DagBundlesManager","filename":"manager.py","lineno":304}
{"timestamp":"2026-08-29T00:33:02.956774Z","level":"info","event":"Filling up the DagBag from /opt/airflow/dags/healthcare_pipeline.py","task_id":"process_bronze_to_delta","map_index":-1,"run_id":"manual__2026-08-29T00:33:01.251470+00:00","try_number":1,"ti_id":"01a04aef-2369-78fc-a92b-d6cd2ec2fbc2","dag_id":"healthcare_pipeline","logger":"airflow.dag_processing.dagbag.BundleDagBag","filename":"dagbag.py","lineno":460}
{"timestamp":"2026-08-29T00:33:03.406770Z","level":"info","event":"Worker startup parse complete","bundle_name":"dags-folder","bundle_version":null,"dag_file":"healthcare_pipeline.py","dag_id":"healthcare_pipeline","bundle_prepare_ms":4,"dag_file_parse_ms":450,"task_id":"process_bronze_to_delta","map_index":-1,"run_id":"manual__2026-08-29T00:33:01.251470+00:00","try_number":1,"ti_id":"01a04aef-2369-78fc-a92b-d6cd2ec2fbc2","logger":"task","filename":"task_runner.py","lineno":1073}
{"timestamp":"2026-08-29T00:33:03.433530Z","level":"info","event":"::endgroup::","task_id":"process_bronze_to_delta","map_index":-1,"run_id":"manual__2026-08-29T00:33:01.251470+00:00","try_number":1,"ti_id":"01a04aef-2369-78fc-a92b-d6cd2ec2fbc2","dag_id":"healthcare_pipeline","logger":"task","filename":"task_runner.py","lineno":2232}
{"timestamp":"2026-08-29T00:33:04.978137Z","level":"info","event":":: loading settings :: url = jar:file:/home/airflow/.local/lib/python3.11/site-packages/pyspark/jars/ivy-2.5.3.jar!/org/apache/ivy/core/settings/ivysettings.xml","logger":"task.stdout"}
{"timestamp":"2026-08-29T00:33:05.076501Z","level":"error","event":"Ivy Default Cache set to: /home/airflow/.ivy2/cache","logger":"task.stderr"}
{"timestamp":"2026-08-29T00:33:05.079641Z","level":"error","event":"The jars for the packages stored in: /home/airflow/.ivy2/jars","logger":"task.stderr"}
{"timestamp":"2026-08-29T00:33:05.084449Z","level":"error","event":"io.delta#delta-spark_2.12 added as a dependency","logger":"task.stderr"}
{"timestamp":"2026-08-29T00:33:05.087037Z","level":"error","event":":: resolving dependencies :: org.apache.spark#spark-submit-parent-be6ad9c3-af71-4607-91fa-ecf49fa9a5d0;1.0","logger":"task.stderr"}
{"timestamp":"2026-08-29T00:33:05.089099Z","level":"error","event":"\tconfs: [default]","logger":"task.stderr"}
{"timestamp":"2026-08-29T00:33:05.184951Z","level":"error","event":"\tfound io.delta#delta-spark_2.12;3.3.2 in spark-list","logger":"task.stderr"}
{"timestamp":"2026-08-29T00:33:05.209037Z","level":"error","event":"\tfound io.delta#delta-storage;3.3.2 in central","logger":"task.stderr"}
{"timestamp":"2026-08-29T00:33:05.224509Z","level":"error","event":"\tfound org.antlr#antlr4-runtime;4.9.3 in spark-list","logger":"task.stderr"}
{"timestamp":"2026-08-29T00:33:05.237144Z","level":"error","event":":: resolution report :: resolve 151ms :: artifacts dl 5ms","logger":"task.stderr"}
{"timestamp":"2026-08-29T00:33:05.240004Z","level":"error","event":"\t:: modules in use:","logger":"task.stderr"}
{"timestamp":"2026-08-29T00:33:05.241372Z","level":"error","event":"\tio.delta#delta-spark_2.12;3.3.2 from spark-list in [default]","logger":"task.stderr"}
{"timestamp":"2026-08-29T00:33:05.243644Z","level":"error","event":"\tio.delta#delta-storage;3.3.2 from central in [default]","logger":"task.stderr"}
{"timestamp":"2026-08-29T00:33:05.246493Z","level":"error","event":"\torg.antlr#antlr4-runtime;4.9.3 from spark-list in [default]","logger":"task.stderr"}
{"timestamp":"2026-08-29T00:33:05.249482Z","level":"error","event":"\t---------------------------------------------------------------------","logger":"task.stderr"}
{"timestamp":"2026-08-29T00:33:05.253546Z","level":"error","event":"\t|                  |            modules            ||   artifacts   |","logger":"task.stderr"}
{"timestamp":"2026-08-29T00:33:05.256953Z","level":"error","event":"\t|       conf       | number| search|dwnlded|evicted|| number|dwnlded|","logger":"task.stderr"}
{"timestamp":"2026-08-29T00:33:05.259128Z","level":"error","event":"\t---------------------------------------------------------------------","logger":"task.stderr"}
{"timestamp":"2026-08-29T00:33:05.260979Z","level":"error","event":"\t|      default     |   3   |   0   |   0   |   0   ||   3   |   0   |","logger":"task.stderr"}
{"timestamp":"2026-08-29T00:33:05.263065Z","level":"error","event":"\t---------------------------------------------------------------------","logger":"task.stderr"}
{"timestamp":"2026-08-29T00:33:05.264973Z","level":"error","event":":: retrieving :: org.apache.spark#spark-submit-parent-be6ad9c3-af71-4607-91fa-ecf49fa9a5d0","logger":"task.stderr"}
{"timestamp":"2026-08-29T00:33:05.267102Z","level":"error","event":"\tconfs: [default]","logger":"task.stderr"}
{"timestamp":"2026-08-29T00:33:05.269590Z","level":"error","event":"\t0 artifacts copied, 3 already retrieved (0kB/10ms)","logger":"task.stderr"}
{"timestamp":"2026-08-29T00:33:05.407430Z","level":"error","event":"26/08/29 00:33:05 WARN NativeCodeLoader: Unable to load native-hadoop library for your platform... using builtin-java classes where applicable","logger":"task.stderr"}
{"timestamp":"2026-08-29T00:33:05.553350Z","level":"error","event":"Setting default log level to \"WARN\".","logger":"task.stderr"}
{"timestamp":"2026-08-29T00:33:05.556199Z","level":"error","event":"To adjust logging level use sc.setLogLevel(newLevel). For SparkR, use setLogLevel(newLevel).","logger":"task.stderr"}
{"timestamp":"2026-08-29T00:33:06.184486Z","level":"error","event":"26/08/29 00:33:06 WARN Utils: Service 'SparkUI' could not bind on port 4040. Attempting port 4041.","logger":"task.stderr"}
{"timestamp":"2026-08-29T00:33:06.822129Z","level":"info","event":"Processing Patient...","logger":"task.stdout"}
{"timestamp":"2026-08-29T00:33:10.540318Z","level":"error","event":"26/08/29 00:33:10 WARN SparkStringUtils: Truncated the string representation of a plan since it was too large. This behavior can be adjusted by setting 'spark.sql.debug.maxToStringFields'.","logger":"task.stderr"}
{"timestamp":"2026-08-29T00:33:15.870590Z","level":"info","event":"Patient: No new Bronze files to process.","logger":"task.stdout"}
{"timestamp":"2026-08-29T00:33:15.873939Z","level":"info","event":"Processing Encounter...","logger":"task.stdout"}
{"timestamp":"2026-08-29T00:33:17.741236Z","level":"info","event":"Encounter: No new Bronze files to process.","logger":"task.stdout"}
{"timestamp":"2026-08-29T00:33:17.744247Z","level":"info","event":"Processing Condition...","logger":"task.stdout"}
{"timestamp":"2026-08-29T00:33:19.075601Z","level":"info","event":"Condition: No new Bronze files to process.","logger":"task.stdout"}
{"timestamp":"2026-08-29T00:33:19.078239Z","level":"info","event":"Processing Observation...","logger":"task.stdout"}
{"timestamp":"2026-08-29T00:33:20.390882Z","level":"info","event":"Observation: No new Bronze files to process.","logger":"task.stdout"}
{"timestamp":"2026-08-29T00:33:20.393000Z","level":"info","event":"Processing MedicationRequest...","logger":"task.stdout"}
{"timestamp":"2026-08-29T00:33:21.665980Z","level":"info","event":"MedicationRequest: No new Bronze files to process.","logger":"task.stdout"}
{"timestamp":"2026-08-29T00:33:22.224665Z","level":"info","event":"Done. Returned value was: None","task_id":"process_bronze_to_delta","map_index":-1,"run_id":"manual__2026-08-29T00:33:01.251470+00:00","try_number":1,"ti_id":"01a04aef-2369-78fc-a92b-d6cd2ec2fbc2","dag_id":"healthcare_pipeline","logger":"airflow.task.operators.airflow.providers.standard.decorators.python._PythonDecoratedOperator","filename":"python.py","lineno":233}
{"timestamp":"2026-08-29T00:33:22.227163Z","level":"info","event":"::group::Post Execute","task_id":"process_bronze_to_delta","map_index":-1,"run_id":"manual__2026-08-29T00:33:01.251470+00:00","try_number":1,"ti_id":"01a04aef-2369-78fc-a92b-d6cd2ec2fbc2","dag_id":"healthcare_pipeline","logger":"task","filename":"task_runner.py","lineno":1580}
{"timestamp":"2026-08-29T00:33:22.287095Z","level":"info","event":"::endgroup::","task_id":"process_bronze_to_delta","map_index":-1,"run_id":"manual__2026-08-29T00:33:01.251470+00:00","try_number":1,"ti_id":"01a04aef-2369-78fc-a92b-d6cd2ec2fbc2","dag_id":"healthcare_pipeline","logger":"task","filename":"task_runner.py","lineno":2379}
{"timestamp":"2026-08-29T00:33:23.979483Z","level":"error","event":"\r[Stage 0:>                                                          (0 + 4) / 4]\r\r[Stage 2:>                                                         (0 + 8) / 50]\r\r[Stage 2:=>                                                       (1 + 11) / 50]\r\r[Stage 2:=========>                                                (8 + 8) / 50]\r\r[Stage 2:=================>                                       (15 + 8) / 50]\r\r[Stage 2:============================>                            (25 + 8) / 50]\r\r[Stage 2:==============================================>          (41 + 8) / 50]","logger":"task.stderr"}
