{"timestamp":"2026-08-29T00:37:06.314452Z","level":"info","event":"::group::Pre Execute","logger":"task","filename":"task_runner.py","lineno":2412}
{"timestamp":"2026-08-29T00:37:06.342298Z","level":"info","event":"DAG bundles loaded: dags-folder","ti_id":"01a04af2-dd35-7be6-a6eb-4260fbeaf2e0","try_number":1,"dag_id":"healthcare_pipeline","map_index":-1,"task_id":"extract_fhir_resources","run_id":"manual__2026-08-29T00:37:05.426965+00:00","logger":"airflow.dag_processing.bundles.manager.DagBundlesManager","filename":"manager.py","lineno":304}
{"timestamp":"2026-08-29T00:37:06.345390Z","level":"info","event":"Filling up the DagBag from /opt/airflow/dags/healthcare_pipeline.py","ti_id":"01a04af2-dd35-7be6-a6eb-4260fbeaf2e0","try_number":1,"dag_id":"healthcare_pipeline","map_index":-1,"task_id":"extract_fhir_resources","run_id":"manual__2026-08-29T00:37:05.426965+00:00","logger":"airflow.dag_processing.dagbag.BundleDagBag","filename":"dagbag.py","lineno":460}
{"timestamp":"2026-08-29T00:37:06.876820Z","level":"info","event":"Worker startup parse complete","bundle_name":"dags-folder","bundle_version":null,"dag_file":"healthcare_pipeline.py","dag_id":"healthcare_pipeline","bundle_prepare_ms":9,"dag_file_parse_ms":532,"ti_id":"01a04af2-dd35-7be6-a6eb-4260fbeaf2e0","try_number":1,"map_index":-1,"task_id":"extract_fhir_resources","run_id":"manual__2026-08-29T00:37:05.426965+00:00","logger":"task","filename":"task_runner.py","lineno":1073}
{"timestamp":"2026-08-29T00:37:06.902552Z","level":"info","event":"::endgroup::","ti_id":"01a04af2-dd35-7be6-a6eb-4260fbeaf2e0","try_number":1,"dag_id":"healthcare_pipeline","map_index":-1,"task_id":"extract_fhir_resources","run_id":"manual__2026-08-29T00:37:05.426965+00:00","logger":"task","filename":"task_runner.py","lineno":2232}
{"timestamp":"2026-08-29T00:37:06.906132Z","level":"info","event":"Extracting Patient...","logger":"task.stdout"}
{"timestamp":"2026-08-29T00:37:06.913501Z","level":"info","event":"Extracting Patient with params: {'_count': 100, '_lastUpdated': 'gt2026-08-29T00:33:02Z'}","logger":"task.stdout"}
{"timestamp":"2026-08-29T00:37:07.032966Z","level":"info","event":"No new or updated Patient resources.","logger":"task.stdout"}
{"timestamp":"2026-08-29T00:37:07.051719Z","level":"info","event":"Extracting Encounter...","logger":"task.stdout"}
{"timestamp":"2026-08-29T00:37:07.061558Z","level":"info","event":"Extracting Encounter with params: {'_count': 100, '_lastUpdated': 'gt2026-08-29T00:33:02Z'}","logger":"task.stdout"}
{"timestamp":"2026-08-29T00:37:07.091686Z","level":"info","event":"No new or updated Encounter resources.","logger":"task.stdout"}
{"timestamp":"2026-08-29T00:37:07.111263Z","level":"info","event":"Extracting Condition...","logger":"task.stdout"}
{"timestamp":"2026-08-29T00:37:07.122294Z","level":"info","event":"Extracting Condition with params: {'_count': 100, '_lastUpdated': 'gt2026-08-29T00:33:02Z'}","logger":"task.stdout"}
{"timestamp":"2026-08-29T00:37:07.143012Z","level":"info","event":"No new or updated Condition resources.","logger":"task.stdout"}
{"timestamp":"2026-08-29T00:37:07.154758Z","level":"info","event":"Extracting Observation...","logger":"task.stdout"}
{"timestamp":"2026-08-29T00:37:07.161544Z","level":"info","event":"Extracting Observation with params: {'_count': 100, '_lastUpdated': 'gt2026-08-29T00:33:02Z'}","logger":"task.stdout"}
{"timestamp":"2026-08-29T00:37:07.181640Z","level":"info","event":"No new or updated Observation resources.","logger":"task.stdout"}
{"timestamp":"2026-08-29T00:37:07.197776Z","level":"info","event":"Extracting MedicationRequest...","logger":"task.stdout"}
{"timestamp":"2026-08-29T00:37:07.204106Z","level":"info","event":"Extracting MedicationRequest with params: {'_count': 100, '_lastUpdated': 'gt2026-08-29T00:33:02Z'}","logger":"task.stdout"}
{"timestamp":"2026-08-29T00:37:07.219319Z","level":"info","event":"No new or updated MedicationRequest resources.","logger":"task.stdout"}
{"timestamp":"2026-08-29T00:37:07.232609Z","level":"info","event":"Done. Returned value was: None","ti_id":"01a04af2-dd35-7be6-a6eb-4260fbeaf2e0","try_number":1,"dag_id":"healthcare_pipeline","map_index":-1,"task_id":"extract_fhir_resources","run_id":"manual__2026-08-29T00:37:05.426965+00:00","logger":"airflow.task.operators.airflow.providers.standard.decorators.python._PythonDecoratedOperator","filename":"python.py","lineno":233}
{"timestamp":"2026-08-29T00:37:07.233062Z","level":"info","event":"::group::Post Execute","ti_id":"01a04af2-dd35-7be6-a6eb-4260fbeaf2e0","try_number":1,"dag_id":"healthcare_pipeline","map_index":-1,"task_id":"extract_fhir_resources","run_id":"manual__2026-08-29T00:37:05.426965+00:00","logger":"task","filename":"task_runner.py","lineno":1580}
{"timestamp":"2026-08-29T00:37:07.261845Z","level":"info","event":"::endgroup::","ti_id":"01a04af2-dd35-7be6-a6eb-4260fbeaf2e0","try_number":1,"dag_id":"healthcare_pipeline","map_index":-1,"task_id":"extract_fhir_resources","run_id":"manual__2026-08-29T00:37:05.426965+00:00","logger":"task","filename":"task_runner.py","lineno":2379}
