{"timestamp":"2026-08-29T00:43:36.788759Z","level":"info","event":"::group::Pre Execute","logger":"task","filename":"task_runner.py","lineno":2412}
{"timestamp":"2026-08-29T00:43:36.946262Z","level":"info","event":"DAG bundles loaded: dags-folder","dag_id":"healthcare_pipeline","task_id":"process_encounter_silver","try_number":1,"ti_id":"01a04af8-85b1-7a85-938f-72def5d403c0","map_index":-1,"run_id":"manual__2026-08-29T00:43:16.241480+00:00","logger":"airflow.dag_processing.bundles.manager.DagBundlesManager","filename":"manager.py","lineno":304}
{"timestamp":"2026-08-29T00:43:36.948196Z","level":"info","event":"Filling up the DagBag from /opt/airflow/dags/healthcare_pipeline.py","dag_id":"healthcare_pipeline","task_id":"process_encounter_silver","try_number":1,"ti_id":"01a04af8-85b1-7a85-938f-72def5d403c0","map_index":-1,"run_id":"manual__2026-08-29T00:43:16.241480+00:00","logger":"airflow.dag_processing.dagbag.BundleDagBag","filename":"dagbag.py","lineno":460}
{"timestamp":"2026-08-29T00:43:37.962529Z","level":"info","event":"Worker startup parse complete","bundle_name":"dags-folder","bundle_version":null,"dag_file":"healthcare_pipeline.py","dag_id":"healthcare_pipeline","bundle_prepare_ms":6,"dag_file_parse_ms":1014,"task_id":"process_encounter_silver","try_number":1,"ti_id":"01a04af8-85b1-7a85-938f-72def5d403c0","map_index":-1,"run_id":"manual__2026-08-29T00:43:16.241480+00:00","logger":"task","filename":"task_runner.py","lineno":1073}
{"timestamp":"2026-08-29T00:43:38.042610Z","level":"info","event":"::endgroup::","dag_id":"healthcare_pipeline","task_id":"process_encounter_silver","try_number":1,"ti_id":"01a04af8-85b1-7a85-938f-72def5d403c0","map_index":-1,"run_id":"manual__2026-08-29T00:43:16.241480+00:00","logger":"task","filename":"task_runner.py","lineno":2232}
{"timestamp":"2026-08-29T00:43:41.644843Z","level":"info","event":":: loading settings :: url = jar:file:/home/airflow/.local/lib/python3.11/site-packages/pyspark/jars/ivy-2.5.3.jar!/org/apache/ivy/core/settings/ivysettings.xml","logger":"task.stdout"}
{"timestamp":"2026-08-29T00:43:41.825651Z","level":"error","event":"Ivy Default Cache set to: /home/airflow/.ivy2/cache","logger":"task.stderr"}
{"timestamp":"2026-08-29T00:43:41.829866Z","level":"error","event":"The jars for the packages stored in: /home/airflow/.ivy2/jars","logger":"task.stderr"}
{"timestamp":"2026-08-29T00:43:41.845880Z","level":"error","event":"io.delta#delta-spark_2.12 added as a dependency","logger":"task.stderr"}
{"timestamp":"2026-08-29T00:43:41.856990Z","level":"error","event":":: resolving dependencies :: org.apache.spark#spark-submit-parent-35c08b12-4ab1-48ae-a248-032a4ddf0b52;1.0","logger":"task.stderr"}
{"timestamp":"2026-08-29T00:43:41.866071Z","level":"error","event":"\tconfs: [default]","logger":"task.stderr"}
{"timestamp":"2026-08-29T00:43:42.258570Z","level":"error","event":"\tfound io.delta#delta-spark_2.12;3.3.2 in spark-list","logger":"task.stderr"}
{"timestamp":"2026-08-29T00:43:42.346532Z","level":"error","event":"\tfound io.delta#delta-storage;3.3.2 in central","logger":"task.stderr"}
{"timestamp":"2026-08-29T00:43:42.392210Z","level":"error","event":"\tfound org.antlr#antlr4-runtime;4.9.3 in spark-list","logger":"task.stderr"}
{"timestamp":"2026-08-29T00:43:42.436148Z","level":"error","event":":: resolution report :: resolve 563ms :: artifacts dl 21ms","logger":"task.stderr"}
{"timestamp":"2026-08-29T00:43:42.443845Z","level":"error","event":"\t:: modules in use:","logger":"task.stderr"}
{"timestamp":"2026-08-29T00:43:42.448722Z","level":"error","event":"\tio.delta#delta-spark_2.12;3.3.2 from spark-list in [default]","logger":"task.stderr"}
{"timestamp":"2026-08-29T00:43:42.455028Z","level":"error","event":"\tio.delta#delta-storage;3.3.2 from central in [default]","logger":"task.stderr"}
{"timestamp":"2026-08-29T00:43:42.457773Z","level":"error","event":"\torg.antlr#antlr4-runtime;4.9.3 from spark-list in [default]","logger":"task.stderr"}
{"timestamp":"2026-08-29T00:43:42.461722Z","level":"error","event":"\t---------------------------------------------------------------------","logger":"task.stderr"}
{"timestamp":"2026-08-29T00:43:42.469432Z","level":"error","event":"\t|                  |            modules            ||   artifacts   |","logger":"task.stderr"}
{"timestamp":"2026-08-29T00:43:42.474697Z","level":"error","event":"\t|       conf       | number| search|dwnlded|evicted|| number|dwnlded|","logger":"task.stderr"}
{"timestamp":"2026-08-29T00:43:42.479745Z","level":"error","event":"\t---------------------------------------------------------------------","logger":"task.stderr"}
{"timestamp":"2026-08-29T00:43:42.483095Z","level":"error","event":"\t|      default     |   3   |   0   |   0   |   0   ||   3   |   0   |","logger":"task.stderr"}
{"timestamp":"2026-08-29T00:43:42.489206Z","level":"error","event":"\t---------------------------------------------------------------------","logger":"task.stderr"}
{"timestamp":"2026-08-29T00:43:42.492840Z","level":"error","event":":: retrieving :: org.apache.spark#spark-submit-parent-35c08b12-4ab1-48ae-a248-032a4ddf0b52","logger":"task.stderr"}
{"timestamp":"2026-08-29T00:43:42.500149Z","level":"error","event":"\tconfs: [default]","logger":"task.stderr"}
{"timestamp":"2026-08-29T00:43:42.504529Z","level":"error","event":"\t0 artifacts copied, 3 already retrieved (0kB/44ms)","logger":"task.stderr"}
{"timestamp":"2026-08-29T00:43:43.144673Z","level":"error","event":"26/08/29 00:43:43 WARN NativeCodeLoader: Unable to load native-hadoop library for your platform... using builtin-java classes where applicable","logger":"task.stderr"}
{"timestamp":"2026-08-29T00:43:43.819861Z","level":"error","event":"Setting default log level to \"WARN\".","logger":"task.stderr"}
{"timestamp":"2026-08-29T00:43:43.832152Z","level":"error","event":"To adjust logging level use sc.setLogLevel(newLevel). For SparkR, use setLogLevel(newLevel).","logger":"task.stderr"}
{"timestamp":"2026-08-29T00:43:58.716085Z","level":"error","event":"26/08/29 00:43:58 WARN SparkStringUtils: Truncated the string representation of a plan since it was too large. This behavior can be adjusted by setting 'spark.sql.debug.maxToStringFields'.","logger":"task.stderr"}
{"timestamp":"2026-08-29T00:44:48.920872Z","level":"info","event":"","logger":"task.stdout"}
{"timestamp":"2026-08-29T00:44:49.074642Z","level":"info","event":"Encounter Silver","logger":"task.stdout"}
{"timestamp":"2026-08-29T00:44:49.079813Z","level":"info","event":"----------------","logger":"task.stdout"}
{"timestamp":"2026-08-29T00:44:49.084316Z","level":"info","event":"New Bronze rows: 0","logger":"task.stdout"}
{"timestamp":"2026-08-29T00:44:49.088237Z","level":"info","event":"Rows to merge: 0","logger":"task.stdout"}
{"timestamp":"2026-08-29T00:44:49.095879Z","level":"info","event":"Status: NO NEW DATA","logger":"task.stdout"}
{"timestamp":"2026-08-29T00:44:51.368212Z","level":"info","event":"Done. Returned value was: None","dag_id":"healthcare_pipeline","task_id":"process_encounter_silver","try_number":1,"ti_id":"01a04af8-85b1-7a85-938f-72def5d403c0","map_index":-1,"run_id":"manual__2026-08-29T00:43:16.241480+00:00","logger":"airflow.task.operators.airflow.providers.standard.decorators.python._PythonDecoratedOperator","filename":"python.py","lineno":233}
{"timestamp":"2026-08-29T00:44:51.387541Z","level":"info","event":"::group::Post Execute","dag_id":"healthcare_pipeline","task_id":"process_encounter_silver","try_number":1,"ti_id":"01a04af8-85b1-7a85-938f-72def5d403c0","map_index":-1,"run_id":"manual__2026-08-29T00:43:16.241480+00:00","logger":"task","filename":"task_runner.py","lineno":1580}
{"timestamp":"2026-08-29T00:44:51.777379Z","level":"info","event":"::endgroup::","dag_id":"healthcare_pipeline","task_id":"process_encounter_silver","try_number":1,"ti_id":"01a04af8-85b1-7a85-938f-72def5d403c0","map_index":-1,"run_id":"manual__2026-08-29T00:43:16.241480+00:00","logger":"task","filename":"task_runner.py","lineno":2379}
{"timestamp":"2026-08-29T00:45:02.600150Z","level":"error","event":"\r[Stage 0:>                                                          (0 + 1) / 5]\r\r[Stage 0:>                                                          (0 + 5) / 5]\r\r[Stage 0:===========>                                               (1 + 4) / 5]\r\r[Stage 2:>                                                         (0 + 0) / 50]\r\r[Stage 2:>                                                         (0 + 8) / 50]\r\r[Stage 2:=========>                                                (8 + 8) / 50]\r\r[Stage 2:===========>                                             (10 + 9) / 50]\r\r[Stage 2:===============>                                         (14 + 8) / 50]\r\r[Stage 2:==================>                                      (16 + 8) / 50]\r\r[Stage 2:======================>                                  (20 + 8) / 50]\r\r[Stage 2:===========================>                             (24 + 8) / 50]\r\r[Stage 2:============================>                            (25 + 8) / 50]\r\r[Stage 2:=================================>                       (29 + 8) / 50]\r\r[Stage 2:====================================>                    (32 + 8) / 50]\r\r[Stage 2:=====================================>                   (33 + 8) / 50]\r\r[Stage 2:=============================================>           (40 + 8) / 50]\r\r[Stage 2:===============================================>         (42 + 8) / 50]\r\r[Stage 2:=====================================================>   (47 + 3) / 50]\r\r[Stage 2:=======================================================> (49 + 1) / 50]\r\r[Stage 5:>                                                          (0 + 1) / 1]\r\r                                                                                \r\r[Stage 7:>                                                         (0 + 8) / 50]\r\r[Stage 7:===>                                                      (3 + 8) / 50]\r\r[Stage 7:===================>                                     (17 + 9) / 50]\r\r[Stage 7:=============================>                           (26 + 8) / 50]\r\r[Stage 7:===========================================>             (38 + 8) / 50]\r\r                                                                                \r\r[Stage 8:>                                                          (0 + 2) / 2]\r\r                                                                                \r\r[Stage 13:>                                                        (0 + 8) / 50]\r\r[Stage 13:=======>                                                 (7 + 8) / 50]\r\r[Stage 13:=========>                                               (8 + 8) / 50]\r\r[Stage 13:==============>                                         (13 + 8) / 50]\r\r[Stage 13:=================>                                      (16 + 8) / 50]\r\r[Stage 13:====================>                                   (18 + 8) / 50]\r\r[Stage 13:=======================>                                (21 + 8) / 50]\r\r[Stage 13:==========================>                             (24 + 8) / 50]\r\r[Stage 13:==============================>                         (27 + 8) / 50]\r\r[Stage 13:====================================>                   (33 + 8) / 50]\r\r[Stage 13:===========================================>            (39 + 8) / 50]\r\r[Stage 13:================================================>       (43 + 7) / 50]\r\r[Stage 13:===================================================>    (46 + 4) / 50]\r\r[Stage 13:=====================================================>  (48 + 2) / 50]\r\r                                                                                \r\r[Stage 14:>                                                         (0 + 1) / 1]","logger":"task.stderr"}
