{"timestamp":"2026-08-28T21:09:23.709821Z","level":"info","event":"::group::Pre Execute","logger":"task","filename":"task_runner.py","lineno":2412}
{"timestamp":"2026-08-28T21:09:23.845427Z","level":"info","event":"DAG bundles loaded: dags-folder","dag_id":"healthcare_pipeline","map_index":-1,"try_number":1,"task_id":"process_observation_silver","run_id":"manual__2026-08-28T21:08:59.158994+00:00","ti_id":"01a04a34-56e1-7a2e-b77f-e39e3affff97","logger":"airflow.dag_processing.bundles.manager.DagBundlesManager","filename":"manager.py","lineno":304}
{"timestamp":"2026-08-28T21:09:23.846124Z","level":"info","event":"Filling up the DagBag from /opt/airflow/dags/healthcare_pipeline.py","dag_id":"healthcare_pipeline","map_index":-1,"try_number":1,"task_id":"process_observation_silver","run_id":"manual__2026-08-28T21:08:59.158994+00:00","ti_id":"01a04a34-56e1-7a2e-b77f-e39e3affff97","logger":"airflow.dag_processing.dagbag.BundleDagBag","filename":"dagbag.py","lineno":460}
{"timestamp":"2026-08-28T21:09:24.600924Z","level":"info","event":"Worker startup parse complete","bundle_name":"dags-folder","bundle_version":null,"dag_file":"healthcare_pipeline.py","dag_id":"healthcare_pipeline","bundle_prepare_ms":2,"dag_file_parse_ms":754,"map_index":-1,"try_number":1,"task_id":"process_observation_silver","run_id":"manual__2026-08-28T21:08:59.158994+00:00","ti_id":"01a04a34-56e1-7a2e-b77f-e39e3affff97","logger":"task","filename":"task_runner.py","lineno":1073}
{"timestamp":"2026-08-28T21:09:24.707067Z","level":"info","event":"::endgroup::","dag_id":"healthcare_pipeline","map_index":-1,"try_number":1,"task_id":"process_observation_silver","run_id":"manual__2026-08-28T21:08:59.158994+00:00","ti_id":"01a04a34-56e1-7a2e-b77f-e39e3affff97","logger":"task","filename":"task_runner.py","lineno":2232}
{"timestamp":"2026-08-28T21:09:27.325778Z","level":"info","event":":: loading settings :: url = jar:file:/home/airflow/.local/lib/python3.11/site-packages/pyspark/jars/ivy-2.5.3.jar!/org/apache/ivy/core/settings/ivysettings.xml","logger":"task.stdout"}
{"timestamp":"2026-08-28T21:09:27.438600Z","level":"error","event":"Ivy Default Cache set to: /home/airflow/.ivy2/cache","logger":"task.stderr"}
{"timestamp":"2026-08-28T21:09:27.444203Z","level":"error","event":"The jars for the packages stored in: /home/airflow/.ivy2/jars","logger":"task.stderr"}
{"timestamp":"2026-08-28T21:09:27.448053Z","level":"error","event":"io.delta#delta-spark_2.12 added as a dependency","logger":"task.stderr"}
{"timestamp":"2026-08-28T21:09:27.451978Z","level":"error","event":":: resolving dependencies :: org.apache.spark#spark-submit-parent-e926e13a-afbb-4cb4-8510-6cc4460a2292;1.0","logger":"task.stderr"}
{"timestamp":"2026-08-28T21:09:27.455459Z","level":"error","event":"\tconfs: [default]","logger":"task.stderr"}
{"timestamp":"2026-08-28T21:09:27.787055Z","level":"error","event":"\tfound io.delta#delta-spark_2.12;3.3.2 in central","logger":"task.stderr"}
{"timestamp":"2026-08-28T21:09:27.817400Z","level":"error","event":"\tfound io.delta#delta-storage;3.3.2 in central","logger":"task.stderr"}
{"timestamp":"2026-08-28T21:09:27.949759Z","level":"error","event":"\tfound org.antlr#antlr4-runtime;4.9.3 in central","logger":"task.stderr"}
{"timestamp":"2026-08-28T21:09:28.042745Z","level":"error","event":":: resolution report :: resolve 554ms :: artifacts dl 42ms","logger":"task.stderr"}
{"timestamp":"2026-08-28T21:09:28.052454Z","level":"error","event":"\t:: modules in use:","logger":"task.stderr"}
{"timestamp":"2026-08-28T21:09:28.060417Z","level":"error","event":"\tio.delta#delta-spark_2.12;3.3.2 from central in [default]","logger":"task.stderr"}
{"timestamp":"2026-08-28T21:09:28.070922Z","level":"error","event":"\tio.delta#delta-storage;3.3.2 from central in [default]","logger":"task.stderr"}
{"timestamp":"2026-08-28T21:09:28.078915Z","level":"error","event":"\torg.antlr#antlr4-runtime;4.9.3 from central in [default]","logger":"task.stderr"}
{"timestamp":"2026-08-28T21:09:28.082024Z","level":"error","event":"\t---------------------------------------------------------------------","logger":"task.stderr"}
{"timestamp":"2026-08-28T21:09:28.088099Z","level":"error","event":"\t|                  |            modules            ||   artifacts   |","logger":"task.stderr"}
{"timestamp":"2026-08-28T21:09:28.091641Z","level":"error","event":"\t|       conf       | number| search|dwnlded|evicted|| number|dwnlded|","logger":"task.stderr"}
{"timestamp":"2026-08-28T21:09:28.093940Z","level":"error","event":"\t---------------------------------------------------------------------","logger":"task.stderr"}
{"timestamp":"2026-08-28T21:09:28.099183Z","level":"error","event":"\t|      default     |   3   |   0   |   0   |   0   ||   3   |   0   |","logger":"task.stderr"}
{"timestamp":"2026-08-28T21:09:28.102354Z","level":"error","event":"\t---------------------------------------------------------------------","logger":"task.stderr"}
{"timestamp":"2026-08-28T21:09:28.105820Z","level":"error","event":":: retrieving :: org.apache.spark#spark-submit-parent-e926e13a-afbb-4cb4-8510-6cc4460a2292","logger":"task.stderr"}
{"timestamp":"2026-08-28T21:09:28.108685Z","level":"error","event":"\tconfs: [default]","logger":"task.stderr"}
{"timestamp":"2026-08-28T21:09:28.111068Z","level":"error","event":"\t0 artifacts copied, 3 already retrieved (0kB/19ms)","logger":"task.stderr"}
{"timestamp":"2026-08-28T21:09:28.582682Z","level":"error","event":"26/08/28 21:09:28 WARN NativeCodeLoader: Unable to load native-hadoop library for your platform... using builtin-java classes where applicable","logger":"task.stderr"}
{"timestamp":"2026-08-28T21:09:28.890778Z","level":"error","event":"Setting default log level to \"WARN\".","logger":"task.stderr"}
{"timestamp":"2026-08-28T21:09:28.895594Z","level":"error","event":"To adjust logging level use sc.setLogLevel(newLevel). For SparkR, use setLogLevel(newLevel).","logger":"task.stderr"}
{"timestamp":"2026-08-28T21:09:30.291454Z","level":"error","event":"26/08/28 21:09:30 WARN Utils: Service 'SparkUI' could not bind on port 4040. Attempting port 4041.","logger":"task.stderr"}
{"timestamp":"2026-08-28T21:09:30.301405Z","level":"error","event":"26/08/28 21:09:30 WARN Utils: Service 'SparkUI' could not bind on port 4041. Attempting port 4042.","logger":"task.stderr"}
{"timestamp":"2026-08-28T21:09:30.306379Z","level":"error","event":"26/08/28 21:09:30 WARN Utils: Service 'SparkUI' could not bind on port 4042. Attempting port 4043.","logger":"task.stderr"}
{"timestamp":"2026-08-28T21:09:30.310144Z","level":"error","event":"26/08/28 21:09:30 WARN Utils: Service 'SparkUI' could not bind on port 4043. Attempting port 4044.","logger":"task.stderr"}
{"timestamp":"2026-08-28T21:09:43.419600Z","level":"error","event":"26/08/28 21:09:43 WARN SparkStringUtils: Truncated the string representation of a plan since it was too large. This behavior can be adjusted by setting 'spark.sql.debug.maxToStringFields'.","logger":"task.stderr"}
{"timestamp":"2026-08-28T21:10:37.843498Z","level":"info","event":"","logger":"task.stdout"}
{"timestamp":"2026-08-28T21:10:37.881782Z","level":"info","event":"Observation Silver","logger":"task.stdout"}
{"timestamp":"2026-08-28T21:10:37.887104Z","level":"info","event":"------------------","logger":"task.stdout"}
{"timestamp":"2026-08-28T21:10:37.892608Z","level":"info","event":"New Bronze rows: 0","logger":"task.stdout"}
{"timestamp":"2026-08-28T21:10:37.897166Z","level":"info","event":"Rows to merge: 0","logger":"task.stdout"}
{"timestamp":"2026-08-28T21:10:37.900243Z","level":"info","event":"Status: NO NEW DATA","logger":"task.stdout"}
{"timestamp":"2026-08-28T21:10:39.212322Z","level":"info","event":"Done. Returned value was: None","dag_id":"healthcare_pipeline","map_index":-1,"try_number":1,"task_id":"process_observation_silver","run_id":"manual__2026-08-28T21:08:59.158994+00:00","ti_id":"01a04a34-56e1-7a2e-b77f-e39e3affff97","logger":"airflow.task.operators.airflow.providers.standard.decorators.python._PythonDecoratedOperator","filename":"python.py","lineno":233}
{"timestamp":"2026-08-28T21:10:39.244280Z","level":"info","event":"::group::Post Execute","dag_id":"healthcare_pipeline","map_index":-1,"try_number":1,"task_id":"process_observation_silver","run_id":"manual__2026-08-28T21:08:59.158994+00:00","ti_id":"01a04a34-56e1-7a2e-b77f-e39e3affff97","logger":"task","filename":"task_runner.py","lineno":1580}
{"timestamp":"2026-08-28T21:10:39.547669Z","level":"info","event":"::endgroup::","dag_id":"healthcare_pipeline","map_index":-1,"try_number":1,"task_id":"process_observation_silver","run_id":"manual__2026-08-28T21:08:59.158994+00:00","ti_id":"01a04a34-56e1-7a2e-b77f-e39e3affff97","logger":"task","filename":"task_runner.py","lineno":2379}
{"timestamp":"2026-08-28T21:10:41.826110Z","level":"error","event":"\r[Stage 0:>                                                          (0 + 4) / 4]\r\r[Stage 2:>                                                         (0 + 8) / 50]\r\r[Stage 2:========>                                                 (7 + 9) / 50]\r\r[Stage 2:=========>                                                (8 + 8) / 50]\r\r[Stage 2:============>                                            (11 + 8) / 50]\r\r[Stage 2:==================>                                      (16 + 8) / 50]\r\r[Stage 2:===================>                                     (17 + 8) / 50]\r\r[Stage 2:======================>                                  (20 + 8) / 50]\r\r[Stage 2:===========================>                             (24 + 8) / 50]\r\r[Stage 2:===============================>                         (28 + 8) / 50]\r\r[Stage 2:===================================>                     (31 + 8) / 50]\r\r[Stage 2:======================================>                  (34 + 8) / 50]\r\r[Stage 2:=========================================>               (36 + 9) / 50]\r\r[Stage 2:===========================================>             (38 + 8) / 50]\r\r[Stage 2:==================================================>      (44 + 6) / 50]\r\r[Stage 2:===================================================>     (45 + 5) / 50]\r\r[Stage 2:====================================================>    (46 + 4) / 50]\r\r[Stage 2:=======================================================> (49 + 1) / 50]\r\r[Stage 5:>                                                          (0 + 1) / 1]\r\r                                                                                \r\r[Stage 7:>                                                         (0 + 8) / 50]\r\r[Stage 7:========>                                                 (7 + 8) / 50]\r\r[Stage 7:===========================>                             (24 + 8) / 50]\r\r[Stage 7:=================================>                       (29 + 9) / 50]\r\r[Stage 7:=========================================================(50 + 0) / 50]\r\r                                                                                \r\r[Stage 8:>                                                          (0 + 3) / 3]\r\r                                                                                \r\r[Stage 13:>                                                        (0 + 8) / 50]\r\r[Stage 13:=========>                                               (8 + 8) / 50]\r\r[Stage 13:===========>                                            (10 + 8) / 50]\r\r[Stage 13:============>                                           (11 + 8) / 50]\r\r[Stage 13:==============>                                         (13 + 8) / 50]\r\r[Stage 13:===================>                                    (17 + 8) / 50]\r\r[Stage 13:=====================>                                  (19 + 8) / 50]\r\r[Stage 13:==============================>                         (27 + 8) / 50]\r\r[Stage 13:===============================>                        (28 + 8) / 50]\r\r[Stage 13:===================================>                    (32 + 8) / 50]\r\r[Stage 13:========================================>               (36 + 8) / 50]\r\r[Stage 13:============================================>           (40 + 8) / 50]\r\r[Stage 13:======================================================> (49 + 1) / 50]","logger":"task.stderr"}
