{"timestamp":"2026-09-06T01:02:14.511488Z","level":"info","event":"::group::Pre Execute","logger":"task","filename":"task_runner.py","lineno":2412}
{"timestamp":"2026-09-06T01:02:14.560760Z","level":"info","event":"DAG bundles loaded: dags-folder","map_index":-1,"task_id":"process_gold_patient_util","run_id":"manual__2026-09-06T00:55:46.069899+00:00","ti_id":"01a07436-d6df-7acb-91ed-6850eb81ea00","dag_id":"healthcare_pipeline","try_number":1,"logger":"airflow.dag_processing.bundles.manager.DagBundlesManager","filename":"manager.py","lineno":304}
{"timestamp":"2026-09-06T01:02:14.561320Z","level":"info","event":"Filling up the DagBag from /opt/airflow/dags/healthcare_pipeline.py","map_index":-1,"task_id":"process_gold_patient_util","run_id":"manual__2026-09-06T00:55:46.069899+00:00","ti_id":"01a07436-d6df-7acb-91ed-6850eb81ea00","dag_id":"healthcare_pipeline","try_number":1,"logger":"airflow.dag_processing.dagbag.BundleDagBag","filename":"dagbag.py","lineno":460}
{"timestamp":"2026-09-06T01:02:15.622717Z","level":"info","event":"Worker startup parse complete","bundle_name":"dags-folder","bundle_version":null,"dag_file":"healthcare_pipeline.py","dag_id":"healthcare_pipeline","bundle_prepare_ms":4,"dag_file_parse_ms":1061,"map_index":-1,"task_id":"process_gold_patient_util","run_id":"manual__2026-09-06T00:55:46.069899+00:00","ti_id":"01a07436-d6df-7acb-91ed-6850eb81ea00","try_number":1,"logger":"task","filename":"task_runner.py","lineno":1073}
{"timestamp":"2026-09-06T01:02:15.663257Z","level":"info","event":"::endgroup::","map_index":-1,"task_id":"process_gold_patient_util","run_id":"manual__2026-09-06T00:55:46.069899+00:00","ti_id":"01a07436-d6df-7acb-91ed-6850eb81ea00","dag_id":"healthcare_pipeline","try_number":1,"logger":"task","filename":"task_runner.py","lineno":2232}
{"timestamp":"2026-09-06T01:02:18.183471Z","level":"info","event":":: loading settings :: url = jar:file:/home/airflow/.local/lib/python3.11/site-packages/pyspark/jars/ivy-2.5.3.jar!/org/apache/ivy/core/settings/ivysettings.xml","logger":"task.stdout"}
{"timestamp":"2026-09-06T01:02:18.296383Z","level":"error","event":"Ivy Default Cache set to: /home/airflow/.ivy2/cache","logger":"task.stderr"}
{"timestamp":"2026-09-06T01:02:18.302140Z","level":"error","event":"The jars for the packages stored in: /home/airflow/.ivy2/jars","logger":"task.stderr"}
{"timestamp":"2026-09-06T01:02:18.306906Z","level":"error","event":"io.delta#delta-spark_2.12 added as a dependency","logger":"task.stderr"}
{"timestamp":"2026-09-06T01:02:18.309099Z","level":"error","event":":: resolving dependencies :: org.apache.spark#spark-submit-parent-c81c6131-c2ef-4ea7-b21e-353c353d2fbb;1.0","logger":"task.stderr"}
{"timestamp":"2026-09-06T01:02:18.311288Z","level":"error","event":"\tconfs: [default]","logger":"task.stderr"}
{"timestamp":"2026-09-06T01:02:18.483165Z","level":"error","event":"\tfound io.delta#delta-spark_2.12;3.3.2 in central","logger":"task.stderr"}
{"timestamp":"2026-09-06T01:02:18.516283Z","level":"error","event":"\tfound io.delta#delta-storage;3.3.2 in central","logger":"task.stderr"}
{"timestamp":"2026-09-06T01:02:18.567360Z","level":"error","event":"\tfound org.antlr#antlr4-runtime;4.9.3 in central","logger":"task.stderr"}
{"timestamp":"2026-09-06T01:02:18.601263Z","level":"error","event":":: resolution report :: resolve 280ms :: artifacts dl 12ms","logger":"task.stderr"}
{"timestamp":"2026-09-06T01:02:18.604365Z","level":"error","event":"\t:: modules in use:","logger":"task.stderr"}
{"timestamp":"2026-09-06T01:02:18.610128Z","level":"error","event":"\tio.delta#delta-spark_2.12;3.3.2 from central in [default]","logger":"task.stderr"}
{"timestamp":"2026-09-06T01:02:18.614660Z","level":"error","event":"\tio.delta#delta-storage;3.3.2 from central in [default]","logger":"task.stderr"}
{"timestamp":"2026-09-06T01:02:18.618159Z","level":"error","event":"\torg.antlr#antlr4-runtime;4.9.3 from central in [default]","logger":"task.stderr"}
{"timestamp":"2026-09-06T01:02:18.622437Z","level":"error","event":"\t---------------------------------------------------------------------","logger":"task.stderr"}
{"timestamp":"2026-09-06T01:02:18.627384Z","level":"error","event":"\t|                  |            modules            ||   artifacts   |","logger":"task.stderr"}
{"timestamp":"2026-09-06T01:02:18.629908Z","level":"error","event":"\t|       conf       | number| search|dwnlded|evicted|| number|dwnlded|","logger":"task.stderr"}
{"timestamp":"2026-09-06T01:02:18.633810Z","level":"error","event":"\t---------------------------------------------------------------------","logger":"task.stderr"}
{"timestamp":"2026-09-06T01:02:18.636449Z","level":"error","event":"\t|      default     |   3   |   0   |   0   |   0   ||   3   |   0   |","logger":"task.stderr"}
{"timestamp":"2026-09-06T01:02:18.639295Z","level":"error","event":"\t---------------------------------------------------------------------","logger":"task.stderr"}
{"timestamp":"2026-09-06T01:02:18.642395Z","level":"error","event":":: retrieving :: org.apache.spark#spark-submit-parent-c81c6131-c2ef-4ea7-b21e-353c353d2fbb","logger":"task.stderr"}
{"timestamp":"2026-09-06T01:02:18.647322Z","level":"error","event":"\tconfs: [default]","logger":"task.stderr"}
{"timestamp":"2026-09-06T01:02:18.650520Z","level":"error","event":"\t0 artifacts copied, 3 already retrieved (0kB/20ms)","logger":"task.stderr"}
{"timestamp":"2026-09-06T01:02:19.106499Z","level":"error","event":"26/09/06 01:02:19 WARN NativeCodeLoader: Unable to load native-hadoop library for your platform... using builtin-java classes where applicable","logger":"task.stderr"}
{"timestamp":"2026-09-06T01:02:19.617259Z","level":"error","event":"Setting default log level to \"WARN\".","logger":"task.stderr"}
{"timestamp":"2026-09-06T01:02:19.620160Z","level":"error","event":"To adjust logging level use sc.setLogLevel(newLevel). For SparkR, use setLogLevel(newLevel).","logger":"task.stderr"}
{"timestamp":"2026-09-06T01:02:31.049070Z","level":"error","event":"26/09/06 01:02:31 WARN SparkStringUtils: Truncated the string representation of a plan since it was too large. This behavior can be adjusted by setting 'spark.sql.debug.maxToStringFields'.","logger":"task.stderr"}
{"timestamp":"2026-09-06T01:03:16.022836Z","level":"info","event":"+----------+----------+------+---------------+-------------------+-------------------+----------------------------------+","logger":"task.stdout"}
{"timestamp":"2026-09-06T01:03:16.038808Z","level":"info","event":"|patient_id|birth_date|gender|encounter_count|first_encounter_at |latest_encounter_at|average_encounter_duration_minutes|","logger":"task.stdout"}
{"timestamp":"2026-09-06T01:03:16.041800Z","level":"info","event":"+----------+----------+------+---------------+-------------------+-------------------+----------------------------------+","logger":"task.stdout"}
{"timestamp":"2026-09-06T01:03:16.044917Z","level":"info","event":"|10627     |1978-10-20|female|19             |1996-12-20 21:31:36|2024-11-22 21:31:36|134.8236842105263                 |","logger":"task.stdout"}
{"timestamp":"2026-09-06T01:03:16.050163Z","level":"info","event":"|10940     |1951-08-28|female|44             |1969-10-21 21:08:36|2026-01-27 21:08:36|2762.5371212121213                |","logger":"task.stdout"}
{"timestamp":"2026-09-06T01:03:16.053664Z","level":"info","event":"|12069     |2019-12-30|female|24             |2019-12-30 09:52:39|2025-12-22 09:52:39|34.98125                          |","logger":"task.stdout"}
{"timestamp":"2026-09-06T01:03:16.057681Z","level":"info","event":"|12497     |1993-08-01|male  |26             |2009-09-14 04:16:50|2026-04-27 04:16:50|69.56602564102563                 |","logger":"task.stdout"}
{"timestamp":"2026-09-06T01:03:16.062015Z","level":"info","event":"|186568    |2015-11-01|female|24             |2016-06-27 13:55:02|2025-11-16 09:55:02|38.84236111111111                 |","logger":"task.stdout"}
{"timestamp":"2026-09-06T01:03:16.067648Z","level":"info","event":"|186886    |2015-11-01|female|24             |2016-06-27 13:55:02|2025-11-16 09:55:02|38.84236111111111                 |","logger":"task.stdout"}
{"timestamp":"2026-09-06T01:03:16.078152Z","level":"info","event":"|186935    |2012-07-02|male  |18             |2016-06-06 15:18:19|2026-08-03 15:18:19|53.61388888888889                 |","logger":"task.stdout"}
{"timestamp":"2026-09-06T01:03:16.086269Z","level":"info","event":"|187253    |2012-07-02|male  |20             |2016-06-06 15:18:19|2026-08-03 15:18:19|61.0625                           |","logger":"task.stdout"}
{"timestamp":"2026-09-06T01:03:16.090261Z","level":"info","event":"|187279    |1944-05-21|female|63             |1962-07-15 12:20:23|2026-06-26 12:51:52|606.5719576719576                 |","logger":"task.stdout"}
{"timestamp":"2026-09-06T01:03:16.098248Z","level":"info","event":"|187597    |1944-05-21|female|66             |1962-07-15 12:20:23|2026-06-26 12:51:52|584.0219696969697                 |","logger":"task.stdout"}
{"timestamp":"2026-09-06T01:03:16.103421Z","level":"info","event":"|189026    |1996-08-27|male  |33             |1997-06-10 00:25:36|2026-03-17 15:25:36|62.389898989898995                |","logger":"task.stdout"}
{"timestamp":"2026-09-06T01:03:16.112704Z","level":"info","event":"|189344    |1996-08-27|male  |34             |1997-06-10 00:25:36|2026-03-17 15:25:36|62.19950980392158                 |","logger":"task.stdout"}
{"timestamp":"2026-09-06T01:03:16.116718Z","level":"info","event":"|189697    |2016-12-30|male  |28             |2016-12-30 16:12:20|2026-01-02 16:12:20|36.864285714285714                |","logger":"task.stdout"}
{"timestamp":"2026-09-06T01:03:16.120435Z","level":"info","event":"|190015    |2016-12-30|male  |28             |2016-12-30 16:12:20|2026-01-02 16:12:20|36.864285714285714                |","logger":"task.stdout"}
{"timestamp":"2026-09-06T01:03:16.123909Z","level":"info","event":"|190188    |1979-10-13|male  |30             |1982-11-25 14:42:43|2025-11-01 14:42:43|47.809444444444445                |","logger":"task.stdout"}
{"timestamp":"2026-09-06T01:03:16.126687Z","level":"info","event":"|190506    |1979-10-13|male  |31             |1982-11-25 14:42:43|2025-11-01 14:42:43|46.7510752688172                  |","logger":"task.stdout"}
{"timestamp":"2026-09-06T01:03:16.130181Z","level":"info","event":"|190589    |1963-07-28|male  |27             |1981-09-20 07:18:40|2002-05-12 07:18:40|1666.733950617284                 |","logger":"task.stdout"}
{"timestamp":"2026-09-06T01:03:16.133017Z","level":"info","event":"|190907    |1963-07-28|male  |27             |1981-09-20 07:18:40|2002-05-12 07:18:40|1666.733950617284                 |","logger":"task.stdout"}
{"timestamp":"2026-09-06T01:03:16.137981Z","level":"info","event":"|191334    |1929-08-20|female|74             |1947-10-15 04:04:46|2022-04-06 04:04:46|2389.5036036036036                |","logger":"task.stdout"}
{"timestamp":"2026-09-06T01:03:16.151864Z","level":"info","event":"|191652    |1929-08-20|female|76             |1947-10-15 04:04:46|2022-04-06 04:04:46|2327.8342105263155                |","logger":"task.stdout"}
{"timestamp":"2026-09-06T01:03:16.156008Z","level":"info","event":"+----------+----------+------+---------------+-------------------+-------------------+----------------------------------+","logger":"task.stdout"}
{"timestamp":"2026-09-06T01:03:16.163025Z","level":"info","event":"only showing top 20 rows","logger":"task.stdout"}
{"timestamp":"2026-09-06T01:03:16.166974Z","level":"info","event":"","logger":"task.stdout"}
{"timestamp":"2026-09-06T01:03:18.315158Z","level":"info","event":"Patient utilization rows: 75","logger":"task.stdout"}
{"timestamp":"2026-09-06T01:03:43.851773Z","level":"info","event":"Done. Returned value was: None","map_index":-1,"task_id":"process_gold_patient_util","run_id":"manual__2026-09-06T00:55:46.069899+00:00","ti_id":"01a07436-d6df-7acb-91ed-6850eb81ea00","dag_id":"healthcare_pipeline","try_number":1,"logger":"airflow.task.operators.airflow.providers.standard.decorators.python._PythonDecoratedOperator","filename":"python.py","lineno":233}
{"timestamp":"2026-09-06T01:03:43.883893Z","level":"info","event":"::group::Post Execute","map_index":-1,"task_id":"process_gold_patient_util","run_id":"manual__2026-09-06T00:55:46.069899+00:00","ti_id":"01a07436-d6df-7acb-91ed-6850eb81ea00","dag_id":"healthcare_pipeline","try_number":1,"logger":"task","filename":"task_runner.py","lineno":1580}
{"timestamp":"2026-09-06T01:03:44.177303Z","level":"info","event":"::endgroup::","map_index":-1,"task_id":"process_gold_patient_util","run_id":"manual__2026-09-06T00:55:46.069899+00:00","ti_id":"01a07436-d6df-7acb-91ed-6850eb81ea00","dag_id":"healthcare_pipeline","try_number":1,"logger":"task","filename":"task_runner.py","lineno":2379}
{"timestamp":"2026-09-06T01:03:47.865214Z","level":"error","event":"\r[Stage 0:>                                                          (0 + 7) / 7]\r\r[Stage 2:>                                                         (0 + 8) / 50]\r\r[Stage 2:========>                                                 (7 + 8) / 50]\r\r[Stage 2:===========>                                             (10 + 8) / 50]\r\r[Stage 2:=================>                                       (15 + 8) / 50]\r\r[Stage 2:===================>                                     (17 + 8) / 50]\r\r[Stage 2:=====================>                                   (19 + 8) / 50]\r\r[Stage 2:=========================>                               (22 + 8) / 50]\r\r[Stage 2:============================>                            (25 + 8) / 50]\r\r[Stage 2:===============================>                         (28 + 8) / 50]\r\r[Stage 2:===================================>                     (31 + 8) / 50]\r\r[Stage 2:======================================>                  (34 + 8) / 50]\r\r[Stage 2:=======================================>                 (35 + 8) / 50]\r\r[Stage 2:==========================================>              (37 + 8) / 50]\r\r[Stage 2:===============================================>         (42 + 8) / 50]\r\r[Stage 2:=====================================================>   (47 + 3) / 50]\r\r                                                                                \r\r[Stage 4:>                                                         (0 + 8) / 50]\r\r[Stage 4:=========>                                                (8 + 8) / 50]\r\r[Stage 4:==============>                                          (13 + 8) / 50]\r\r[Stage 4:============================>                            (25 + 8) / 50]\r\r[Stage 4:======================================>                  (34 + 8) / 50]\r\r[Stage 4:==================================================>      (44 + 6) / 50]\r\r[Stage 7:>                                                          (0 + 1) / 1]\r\r                                                                                \r\r[Stage 10:>                                                        (0 + 8) / 50]\r\r[Stage 10:===>                                                     (3 + 8) / 50]\r\r[Stage 10:=========>                                               (8 + 8) / 50]\r\r[Stage 10:===========>                                            (10 + 8) / 50]\r\r[Stage 10:===================>                                    (17 + 8) / 50]\r\r[Stage 10:========================>                               (22 + 8) / 50]\r\r[Stage 10:===================================>                    (32 + 8) / 50]\r\r[Stage 10:============================================>           (40 + 8) / 50]\r\r[Stage 10:====================================================>   (47 + 3) / 50]\r\r                                                                                \r\r[Stage 11:>                                                         (0 + 1) / 1]\r\r                                                                                \r\r[Stage 16:===================>                                    (17 + 9) / 50]\r\r[Stage 16:==============================>                         (27 + 8) / 50]\r\r[Stage 16:============================================>           (40 + 9) / 50]\r\r                                                                                \r\r[Stage 20:=============================>                            (1 + 1) / 2]\r\r[Stage 22:>                                                        (0 + 8) / 50]\r\r[Stage 22:>                                                        (0 + 9) / 50]\r\r[Stage 22:=========>                                               (8 + 8) / 50]\r\r[Stage 22:==========>                                              (9 + 8) / 50]\r\r[Stage 22:==============>                                         (13 + 8) / 50]\r\r[Stage 22:=================>                                      (16 + 8) / 50]\r\r[Stage 22:===================>                                   (18 + 10) / 50]\r\r[Stage 22:==============================>                         (27 + 8) / 50]\r\r[Stage 22:====================================>                   (33 + 8) / 50]\r\r[Stage 22:=======================================>                (35 + 8) / 50]\r\r[Stage 22:=============================================>          (41 + 8) / 50]\r\r[Stage 22:====================================================>   (47 + 3) / 50]\r\r                                                                                \r\r[Stage 27:================================>                       (29 + 8) / 50]\r\r                                                                                \r\r[Stage 33:>                                                         (0 + 1) / 1]\r\r                                                                                \r\r[Stage 35:================================>                       (29 + 8) / 50]\r\r[Stage 35:======================================================> (49 + 1) / 50]","logger":"task.stderr"}
