{"timestamp":"2026-09-07T02:10:29.549253Z","level":"info","event":"::group::Pre Execute","logger":"task","filename":"task_runner.py","lineno":2412}
{"timestamp":"2026-09-07T02:10:29.568045Z","level":"info","event":"DAG bundles loaded: dags-folder","run_id":"manual__2026-09-07T02:06:58.538323+00:00","map_index":-1,"try_number":1,"ti_id":"01a0799e-642d-7162-9e36-8c1904ca0e06","dag_id":"healthcare_pipeline","task_id":"embed_clinical_notes","logger":"airflow.dag_processing.bundles.manager.DagBundlesManager","filename":"manager.py","lineno":304}
{"timestamp":"2026-09-07T02:10:29.569283Z","level":"info","event":"Filling up the DagBag from /opt/airflow/dags/healthcare_pipeline.py","run_id":"manual__2026-09-07T02:06:58.538323+00:00","map_index":-1,"try_number":1,"ti_id":"01a0799e-642d-7162-9e36-8c1904ca0e06","dag_id":"healthcare_pipeline","task_id":"embed_clinical_notes","logger":"airflow.dag_processing.dagbag.BundleDagBag","filename":"dagbag.py","lineno":460}
{"timestamp":"2026-09-07T02:10:30.421376Z","level":"info","event":"Worker startup parse complete","bundle_name":"dags-folder","bundle_version":null,"dag_file":"healthcare_pipeline.py","dag_id":"healthcare_pipeline","bundle_prepare_ms":5,"dag_file_parse_ms":852,"run_id":"manual__2026-09-07T02:06:58.538323+00:00","map_index":-1,"try_number":1,"ti_id":"01a0799e-642d-7162-9e36-8c1904ca0e06","task_id":"embed_clinical_notes","logger":"task","filename":"task_runner.py","lineno":1073}
{"timestamp":"2026-09-07T02:10:30.441376Z","level":"info","event":"::endgroup::","run_id":"manual__2026-09-07T02:06:58.538323+00:00","map_index":-1,"try_number":1,"ti_id":"01a0799e-642d-7162-9e36-8c1904ca0e06","dag_id":"healthcare_pipeline","task_id":"embed_clinical_notes","logger":"task","filename":"task_runner.py","lineno":2232}
{"timestamp":"2026-09-07T02:10:31.396799Z","level":"info","event":":: loading settings :: url = jar:file:/home/airflow/.local/lib/python3.11/site-packages/pyspark/jars/ivy-2.5.3.jar!/org/apache/ivy/core/settings/ivysettings.xml","logger":"task.stdout"}
{"timestamp":"2026-09-07T02:10:31.455990Z","level":"error","event":"Ivy Default Cache set to: /home/airflow/.ivy2/cache","logger":"task.stderr"}
{"timestamp":"2026-09-07T02:10:31.458665Z","level":"error","event":"The jars for the packages stored in: /home/airflow/.ivy2/jars","logger":"task.stderr"}
{"timestamp":"2026-09-07T02:10:31.462554Z","level":"error","event":"io.delta#delta-spark_2.12 added as a dependency","logger":"task.stderr"}
{"timestamp":"2026-09-07T02:10:31.465156Z","level":"error","event":":: resolving dependencies :: org.apache.spark#spark-submit-parent-656a481e-d25c-4239-aaf4-dac0c2ef3e16;1.0","logger":"task.stderr"}
{"timestamp":"2026-09-07T02:10:31.468145Z","level":"error","event":"\tconfs: [default]","logger":"task.stderr"}
{"timestamp":"2026-09-07T02:10:31.551906Z","level":"error","event":"\tfound io.delta#delta-spark_2.12;3.3.2 in spark-list","logger":"task.stderr"}
{"timestamp":"2026-09-07T02:10:31.572052Z","level":"error","event":"\tfound io.delta#delta-storage;3.3.2 in central","logger":"task.stderr"}
{"timestamp":"2026-09-07T02:10:31.586240Z","level":"error","event":"\tfound org.antlr#antlr4-runtime;4.9.3 in central","logger":"task.stderr"}
{"timestamp":"2026-09-07T02:10:31.598458Z","level":"error","event":":: resolution report :: resolve 131ms :: artifacts dl 5ms","logger":"task.stderr"}
{"timestamp":"2026-09-07T02:10:31.600698Z","level":"error","event":"\t:: modules in use:","logger":"task.stderr"}
{"timestamp":"2026-09-07T02:10:31.603000Z","level":"error","event":"\tio.delta#delta-spark_2.12;3.3.2 from spark-list in [default]","logger":"task.stderr"}
{"timestamp":"2026-09-07T02:10:31.605709Z","level":"error","event":"\tio.delta#delta-storage;3.3.2 from central in [default]","logger":"task.stderr"}
{"timestamp":"2026-09-07T02:10:31.609506Z","level":"error","event":"\torg.antlr#antlr4-runtime;4.9.3 from central in [default]","logger":"task.stderr"}
{"timestamp":"2026-09-07T02:10:31.612051Z","level":"error","event":"\t---------------------------------------------------------------------","logger":"task.stderr"}
{"timestamp":"2026-09-07T02:10:31.616772Z","level":"error","event":"\t|                  |            modules            ||   artifacts   |","logger":"task.stderr"}
{"timestamp":"2026-09-07T02:10:31.619703Z","level":"error","event":"\t|       conf       | number| search|dwnlded|evicted|| number|dwnlded|","logger":"task.stderr"}
{"timestamp":"2026-09-07T02:10:31.621746Z","level":"error","event":"\t---------------------------------------------------------------------","logger":"task.stderr"}
{"timestamp":"2026-09-07T02:10:31.624624Z","level":"error","event":"\t|      default     |   3   |   0   |   0   |   0   ||   3   |   0   |","logger":"task.stderr"}
{"timestamp":"2026-09-07T02:10:31.627078Z","level":"error","event":"\t---------------------------------------------------------------------","logger":"task.stderr"}
{"timestamp":"2026-09-07T02:10:31.629539Z","level":"error","event":":: retrieving :: org.apache.spark#spark-submit-parent-656a481e-d25c-4239-aaf4-dac0c2ef3e16","logger":"task.stderr"}
{"timestamp":"2026-09-07T02:10:31.631529Z","level":"error","event":"\tconfs: [default]","logger":"task.stderr"}
{"timestamp":"2026-09-07T02:10:31.633768Z","level":"error","event":"\t0 artifacts copied, 3 already retrieved (0kB/6ms)","logger":"task.stderr"}
{"timestamp":"2026-09-07T02:10:31.724459Z","level":"error","event":"26/09/07 02:10:31 WARN NativeCodeLoader: Unable to load native-hadoop library for your platform... using builtin-java classes where applicable","logger":"task.stderr"}
{"timestamp":"2026-09-07T02:10:31.844306Z","level":"error","event":"Setting default log level to \"WARN\".","logger":"task.stderr"}
{"timestamp":"2026-09-07T02:10:31.847420Z","level":"error","event":"To adjust logging level use sc.setLogLevel(newLevel). For SparkR, use setLogLevel(newLevel).","logger":"task.stderr"}
{"timestamp":"2026-09-07T02:10:39.387815Z","level":"error","event":"26/09/07 02:10:39 WARN SparkStringUtils: Truncated the string representation of a plan since it was too large. This behavior can be adjusted by setting 'spark.sql.debug.maxToStringFields'.","logger":"task.stderr"}
{"timestamp":"2026-09-07T02:10:44.462140Z","level":"info","event":"Last embedded chunk timestamp: 2026-09-06 01:13:09.967549","logger":"task.stdout"}
{"timestamp":"2026-09-07T02:10:46.558385Z","level":"info","event":"New/changed chunks: 2","logger":"task.stdout"}
{"timestamp":"2026-09-07T02:10:53.544806Z","level":"info","event":"Embedded batch of 2 chunks.","logger":"task.stdout"}
{"timestamp":"2026-09-07T02:10:53.548482Z","level":"info","event":"Embedding complete. 2 chunks embedded.","logger":"task.stdout"}
{"timestamp":"2026-09-07T02:10:53.794377Z","level":"info","event":"Done. Returned value was: None","run_id":"manual__2026-09-07T02:06:58.538323+00:00","map_index":-1,"try_number":1,"ti_id":"01a0799e-642d-7162-9e36-8c1904ca0e06","dag_id":"healthcare_pipeline","task_id":"embed_clinical_notes","logger":"airflow.task.operators.airflow.providers.standard.decorators.python._PythonDecoratedOperator","filename":"python.py","lineno":233}
{"timestamp":"2026-09-07T02:10:53.794696Z","level":"info","event":"::group::Post Execute","run_id":"manual__2026-09-07T02:06:58.538323+00:00","map_index":-1,"try_number":1,"ti_id":"01a0799e-642d-7162-9e36-8c1904ca0e06","dag_id":"healthcare_pipeline","task_id":"embed_clinical_notes","logger":"task","filename":"task_runner.py","lineno":1580}
{"timestamp":"2026-09-07T02:10:53.814562Z","level":"info","event":"::endgroup::","run_id":"manual__2026-09-07T02:06:58.538323+00:00","map_index":-1,"try_number":1,"ti_id":"01a0799e-642d-7162-9e36-8c1904ca0e06","dag_id":"healthcare_pipeline","task_id":"embed_clinical_notes","logger":"task","filename":"task_runner.py","lineno":2379}
{"timestamp":"2026-09-07T02:10:54.510435Z","level":"error","event":"\r[Stage 0:=============================>                             (1 + 1) / 2]\r\r[Stage 2:>                                                         (0 + 8) / 50]\r\r[Stage 2:=========>                                                (8 + 8) / 50]\r\r[Stage 2:==================>                                      (16 + 8) / 50]\r\r[Stage 2:==============================>                          (27 + 8) / 50]\r\r[Stage 2:===========================================>             (38 + 9) / 50]\r\r                                                                                \r\r[Stage 13:==================================>                     (31 + 8) / 50]\r\r                                                                                \r\r[Stage 24:>                                                         (0 + 8) / 8]","logger":"task.stderr"}
