{"timestamp":"2026-08-28T21:24:38.748814Z","level":"info","event":"::group::Pre Execute","logger":"task","filename":"task_runner.py","lineno":2412}
{"timestamp":"2026-08-28T21:24:38.769797Z","level":"info","event":"DAG bundles loaded: dags-folder","try_number":1,"run_id":"manual__2026-08-28T21:23:15.102320+00:00","ti_id":"01a04a41-664e-77cb-8a8c-aa497b3bdd8b","map_index":-1,"dag_id":"healthcare_pipeline","task_id":"process_gold_patient_latest_vitals","logger":"airflow.dag_processing.bundles.manager.DagBundlesManager","filename":"manager.py","lineno":304}
{"timestamp":"2026-08-28T21:24:38.772453Z","level":"info","event":"Filling up the DagBag from /opt/airflow/dags/healthcare_pipeline.py","try_number":1,"run_id":"manual__2026-08-28T21:23:15.102320+00:00","ti_id":"01a04a41-664e-77cb-8a8c-aa497b3bdd8b","map_index":-1,"dag_id":"healthcare_pipeline","task_id":"process_gold_patient_latest_vitals","logger":"airflow.dag_processing.dagbag.BundleDagBag","filename":"dagbag.py","lineno":460}
{"timestamp":"2026-08-28T21:24:39.195829Z","level":"info","event":"Worker startup parse complete","bundle_name":"dags-folder","bundle_version":null,"dag_file":"healthcare_pipeline.py","dag_id":"healthcare_pipeline","bundle_prepare_ms":4,"dag_file_parse_ms":423,"try_number":1,"run_id":"manual__2026-08-28T21:23:15.102320+00:00","ti_id":"01a04a41-664e-77cb-8a8c-aa497b3bdd8b","map_index":-1,"task_id":"process_gold_patient_latest_vitals","logger":"task","filename":"task_runner.py","lineno":1073}
{"timestamp":"2026-08-28T21:24:39.264260Z","level":"info","event":"::endgroup::","try_number":1,"run_id":"manual__2026-08-28T21:23:15.102320+00:00","ti_id":"01a04a41-664e-77cb-8a8c-aa497b3bdd8b","map_index":-1,"dag_id":"healthcare_pipeline","task_id":"process_gold_patient_latest_vitals","logger":"task","filename":"task_runner.py","lineno":2232}
{"timestamp":"2026-08-28T21:24:41.328696Z","level":"info","event":":: loading settings :: url = jar:file:/home/airflow/.local/lib/python3.11/site-packages/pyspark/jars/ivy-2.5.3.jar!/org/apache/ivy/core/settings/ivysettings.xml","logger":"task.stdout"}
{"timestamp":"2026-08-28T21:24:41.444662Z","level":"error","event":"Ivy Default Cache set to: /home/airflow/.ivy2/cache","logger":"task.stderr"}
{"timestamp":"2026-08-28T21:24:41.450435Z","level":"error","event":"The jars for the packages stored in: /home/airflow/.ivy2/jars","logger":"task.stderr"}
{"timestamp":"2026-08-28T21:24:41.454956Z","level":"error","event":"io.delta#delta-spark_2.12 added as a dependency","logger":"task.stderr"}
{"timestamp":"2026-08-28T21:24:41.460556Z","level":"error","event":":: resolving dependencies :: org.apache.spark#spark-submit-parent-6b9c109f-21ab-48f4-9649-5122041600d5;1.0","logger":"task.stderr"}
{"timestamp":"2026-08-28T21:24:41.465743Z","level":"error","event":"\tconfs: [default]","logger":"task.stderr"}
{"timestamp":"2026-08-28T21:24:41.637632Z","level":"error","event":"\tfound io.delta#delta-spark_2.12;3.3.2 in spark-list","logger":"task.stderr"}
{"timestamp":"2026-08-28T21:24:41.662529Z","level":"error","event":"\tfound io.delta#delta-storage;3.3.2 in central","logger":"task.stderr"}
{"timestamp":"2026-08-28T21:24:41.687536Z","level":"error","event":"\tfound org.antlr#antlr4-runtime;4.9.3 in central","logger":"task.stderr"}
{"timestamp":"2026-08-28T21:24:41.730761Z","level":"error","event":":: resolution report :: resolve 261ms :: artifacts dl 13ms","logger":"task.stderr"}
{"timestamp":"2026-08-28T21:24:41.735314Z","level":"error","event":"\t:: modules in use:","logger":"task.stderr"}
{"timestamp":"2026-08-28T21:24:41.739397Z","level":"error","event":"\tio.delta#delta-spark_2.12;3.3.2 from spark-list in [default]","logger":"task.stderr"}
{"timestamp":"2026-08-28T21:24:41.741189Z","level":"error","event":"\tio.delta#delta-storage;3.3.2 from central in [default]","logger":"task.stderr"}
{"timestamp":"2026-08-28T21:24:41.744645Z","level":"error","event":"\torg.antlr#antlr4-runtime;4.9.3 from central in [default]","logger":"task.stderr"}
{"timestamp":"2026-08-28T21:24:41.747282Z","level":"error","event":"\t---------------------------------------------------------------------","logger":"task.stderr"}
{"timestamp":"2026-08-28T21:24:41.752737Z","level":"error","event":"\t|                  |            modules            ||   artifacts   |","logger":"task.stderr"}
{"timestamp":"2026-08-28T21:24:41.756860Z","level":"error","event":"\t|       conf       | number| search|dwnlded|evicted|| number|dwnlded|","logger":"task.stderr"}
{"timestamp":"2026-08-28T21:24:41.761736Z","level":"error","event":"\t---------------------------------------------------------------------","logger":"task.stderr"}
{"timestamp":"2026-08-28T21:24:41.764336Z","level":"error","event":"\t|      default     |   3   |   0   |   0   |   0   ||   3   |   0   |","logger":"task.stderr"}
{"timestamp":"2026-08-28T21:24:41.767622Z","level":"error","event":"\t---------------------------------------------------------------------","logger":"task.stderr"}
{"timestamp":"2026-08-28T21:24:41.775128Z","level":"error","event":":: retrieving :: org.apache.spark#spark-submit-parent-6b9c109f-21ab-48f4-9649-5122041600d5","logger":"task.stderr"}
{"timestamp":"2026-08-28T21:24:41.779269Z","level":"error","event":"\tconfs: [default]","logger":"task.stderr"}
{"timestamp":"2026-08-28T21:24:41.785560Z","level":"error","event":"\t0 artifacts copied, 3 already retrieved (0kB/27ms)","logger":"task.stderr"}
{"timestamp":"2026-08-28T21:24:42.104601Z","level":"error","event":"26/08/28 21:24:42 WARN NativeCodeLoader: Unable to load native-hadoop library for your platform... using builtin-java classes where applicable","logger":"task.stderr"}
{"timestamp":"2026-08-28T21:24:42.427790Z","level":"error","event":"Setting default log level to \"WARN\".","logger":"task.stderr"}
{"timestamp":"2026-08-28T21:24:42.431569Z","level":"error","event":"To adjust logging level use sc.setLogLevel(newLevel). For SparkR, use setLogLevel(newLevel).","logger":"task.stderr"}
{"timestamp":"2026-08-28T21:24:51.868629Z","level":"error","event":"26/08/28 21:24:51 WARN SparkStringUtils: Truncated the string representation of a plan since it was too large. This behavior can be adjusted by setting 'spark.sql.debug.maxToStringFields'.","logger":"task.stderr"}
{"timestamp":"2026-08-28T21:25:23.975577Z","level":"info","event":"+----------+----------+------+---------+---------+-----+----------+----------------+-----------+------------+","logger":"task.stdout"}
{"timestamp":"2026-08-28T21:25:23.983727Z","level":"info","event":"|patient_id|birth_date|gender|height_cm|weight_kg|bmi  |heart_rate|respiratory_rate|systolic_bp|diastolic_bp|","logger":"task.stdout"}
{"timestamp":"2026-08-28T21:25:23.990143Z","level":"info","event":"+----------+----------+------+---------+---------+-----+----------+----------------+-----------+------------+","logger":"task.stdout"}
{"timestamp":"2026-08-28T21:25:23.996242Z","level":"info","event":"|10627     |1978-10-20|female|148.2    |67.4     |30.69|97.0      |15.0            |122.0      |80.0        |","logger":"task.stdout"}
{"timestamp":"2026-08-28T21:25:24.002191Z","level":"info","event":"|10940     |1951-08-28|female|160.5    |70.3     |27.29|69.0      |16.0            |134.0      |64.0        |","logger":"task.stdout"}
{"timestamp":"2026-08-28T21:25:24.009408Z","level":"info","event":"|12069     |2019-12-30|female|113.9    |21.7     |16.72|93.0      |15.0            |133.0      |93.0        |","logger":"task.stdout"}
{"timestamp":"2026-08-28T21:25:24.014864Z","level":"info","event":"|12497     |1993-08-01|male  |166.8    |77.3     |27.77|73.0      |15.0            |130.0      |85.0        |","logger":"task.stdout"}
{"timestamp":"2026-08-28T21:25:24.018411Z","level":"info","event":"|186568    |2015-11-01|female|141.0    |43.5     |21.88|64.0      |15.0            |127.0      |90.0        |","logger":"task.stdout"}
{"timestamp":"2026-08-28T21:25:24.023857Z","level":"info","event":"|186886    |2015-11-01|female|141.0    |43.5     |21.88|64.0      |15.0            |127.0      |90.0        |","logger":"task.stdout"}
{"timestamp":"2026-08-28T21:25:24.028478Z","level":"info","event":"|186935    |2012-07-02|male  |164.7    |61.6     |22.72|84.0      |14.0            |126.0      |84.0        |","logger":"task.stdout"}
{"timestamp":"2026-08-28T21:25:24.033749Z","level":"info","event":"|187253    |2012-07-02|male  |164.7    |61.6     |22.72|84.0      |14.0            |126.0      |84.0        |","logger":"task.stdout"}
{"timestamp":"2026-08-28T21:25:24.038200Z","level":"info","event":"|187279    |1944-05-21|female|158.5    |69.6     |27.7 |95.0      |15.0            |77.0       |75.0        |","logger":"task.stdout"}
{"timestamp":"2026-08-28T21:25:24.043086Z","level":"info","event":"|187597    |1944-05-21|female|158.5    |69.6     |27.7 |95.0      |15.0            |77.0       |75.0        |","logger":"task.stdout"}
{"timestamp":"2026-08-28T21:25:24.051400Z","level":"info","event":"|189026    |1996-08-27|male  |178.8    |82.6     |25.82|82.0      |14.0            |129.0      |78.0        |","logger":"task.stdout"}
{"timestamp":"2026-08-28T21:25:24.064312Z","level":"info","event":"|189344    |1996-08-27|male  |178.8    |82.6     |25.82|82.0      |14.0            |129.0      |78.0        |","logger":"task.stdout"}
{"timestamp":"2026-08-28T21:25:24.073123Z","level":"info","event":"|189697    |2016-12-30|male  |140.0    |36.0     |18.4 |98.0      |15.0            |115.0      |87.0        |","logger":"task.stdout"}
{"timestamp":"2026-08-28T21:25:24.080593Z","level":"info","event":"|190015    |2016-12-30|male  |140.0    |36.0     |18.4 |98.0      |15.0            |115.0      |87.0        |","logger":"task.stdout"}
{"timestamp":"2026-08-28T21:25:24.085265Z","level":"info","event":"|190188    |1979-10-13|male  |165.7    |75.6     |27.54|70.0      |15.0            |99.0       |72.0        |","logger":"task.stdout"}
{"timestamp":"2026-08-28T21:25:24.094006Z","level":"info","event":"|190506    |1979-10-13|male  |165.7    |75.6     |27.54|70.0      |15.0            |99.0       |72.0        |","logger":"task.stdout"}
{"timestamp":"2026-08-28T21:25:24.100895Z","level":"info","event":"|190589    |1963-07-28|male  |170.0    |87.0     |30.1 |75.0      |14.0            |125.0      |81.0        |","logger":"task.stdout"}
{"timestamp":"2026-08-28T21:25:24.111185Z","level":"info","event":"|190907    |1963-07-28|male  |170.0    |87.0     |30.1 |75.0      |14.0            |125.0      |81.0        |","logger":"task.stdout"}
{"timestamp":"2026-08-28T21:25:24.119579Z","level":"info","event":"|191334    |1929-08-20|female|165.0    |75.6     |27.77|61.0      |14.0            |113.0      |82.0        |","logger":"task.stdout"}
{"timestamp":"2026-08-28T21:25:24.125613Z","level":"info","event":"|191652    |1929-08-20|female|165.0    |75.6     |27.77|61.0      |14.0            |113.0      |82.0        |","logger":"task.stdout"}
{"timestamp":"2026-08-28T21:25:24.130210Z","level":"info","event":"+----------+----------+------+---------+---------+-----+----------+----------------+-----------+------------+","logger":"task.stdout"}
{"timestamp":"2026-08-28T21:25:24.136298Z","level":"info","event":"only showing top 20 rows","logger":"task.stdout"}
{"timestamp":"2026-08-28T21:25:24.143013Z","level":"info","event":"","logger":"task.stdout"}
{"timestamp":"2026-08-28T21:25:42.295224Z","level":"info","event":"Gold patient vital rows: 50","logger":"task.stdout"}
{"timestamp":"2026-08-28T21:25:43.056948Z","level":"info","event":"Done. Returned value was: None","try_number":1,"run_id":"manual__2026-08-28T21:23:15.102320+00:00","ti_id":"01a04a41-664e-77cb-8a8c-aa497b3bdd8b","map_index":-1,"dag_id":"healthcare_pipeline","task_id":"process_gold_patient_latest_vitals","logger":"airflow.task.operators.airflow.providers.standard.decorators.python._PythonDecoratedOperator","filename":"python.py","lineno":233}
{"timestamp":"2026-08-28T21:25:43.091380Z","level":"info","event":"::group::Post Execute","try_number":1,"run_id":"manual__2026-08-28T21:23:15.102320+00:00","ti_id":"01a04a41-664e-77cb-8a8c-aa497b3bdd8b","map_index":-1,"dag_id":"healthcare_pipeline","task_id":"process_gold_patient_latest_vitals","logger":"task","filename":"task_runner.py","lineno":1580}
{"timestamp":"2026-08-28T21:25:43.195749Z","level":"info","event":"::endgroup::","try_number":1,"run_id":"manual__2026-08-28T21:23:15.102320+00:00","ti_id":"01a04a41-664e-77cb-8a8c-aa497b3bdd8b","map_index":-1,"dag_id":"healthcare_pipeline","task_id":"process_gold_patient_latest_vitals","logger":"task","filename":"task_runner.py","lineno":2379}
{"timestamp":"2026-08-28T21:25:44.938754Z","level":"error","event":"\r[Stage 0:>                                                          (0 + 5) / 5]\r\r[Stage 2:>                                                         (0 + 8) / 50]\r\r[Stage 2:=========>                                                (8 + 8) / 50]\r\r[Stage 2:=============>                                           (12 + 8) / 50]\r\r[Stage 2:==================>                                      (16 + 8) / 50]\r\r[Stage 2:========================>                               (22 + 10) / 50]\r\r[Stage 2:==============================>                          (27 + 8) / 50]\r\r[Stage 2:==================================>                      (30 + 8) / 50]\r\r[Stage 2:=======================================>                 (35 + 8) / 50]\r\r[Stage 2:==========================================>              (37 + 8) / 50]\r\r[Stage 2:============================================>            (39 + 9) / 50]\r\r[Stage 2:=============================================>           (40 + 8) / 50]\r\r[Stage 2:==============================================>          (41 + 8) / 50]\r\r[Stage 2:====================================================>    (46 + 4) / 50]\r\r                                                                                \r\r[Stage 4:>                                                         (0 + 8) / 50]\r\r[Stage 4:=========>                                                (8 + 8) / 50]\r\r[Stage 4:==============>                                          (13 + 8) / 50]\r\r[Stage 4:======================>                                  (20 + 8) / 50]\r\r[Stage 4:==================================>                      (30 + 8) / 50]\r\r[Stage 4:===========================================>             (38 + 8) / 50]\r\r[Stage 4:===================================================>     (45 + 5) / 50]\r\r[Stage 4:=======================================================> (49 + 1) / 50]\r\r                                                                                \r\r[Stage 10:=========>                                               (8 + 8) / 50]\r\r[Stage 10:===============>                                        (14 + 8) / 50]\r\r[Stage 10:====================>                                   (18 + 8) / 50]\r\r[Stage 10:=========================>                              (23 + 8) / 50]\r\r[Stage 10:===============================>                        (28 + 8) / 50]\r\r[Stage 10:=========================================>              (37 + 9) / 50]\r\r[Stage 10:==========================================>             (38 + 9) / 50]\r\r[Stage 10:===================================================>    (46 + 4) / 50]\r\r                                                                                \r\r[Stage 11:>                                                         (0 + 3) / 3]\r\r[Stage 13:>                                                         (0 + 1) / 1]\r\r[Stage 16:>                                                         (0 + 1) / 1]\r\r                                                                                \r\r[Stage 24:====>                                                    (4 + 8) / 50]\r\r[Stage 24:============>                                           (11 + 8) / 50]\r\r[Stage 24:===================>                                    (17 + 8) / 50]\r\r[Stage 24:=====================>                                  (19 + 8) / 50]\r\r[Stage 24:========================>                               (22 + 8) / 50]\r\r[Stage 24:=============================>                          (26 + 8) / 50]\r\r[Stage 24:==================================>                     (31 + 8) / 50]\r\r[Stage 24:============================================>           (40 + 8) / 50]\r\r[Stage 24:====================================================>   (47 + 3) / 50]\r\r                                                                                \r\r[Stage 29:>                                                        (0 + 8) / 50]\r\r[Stage 29:=========>                                               (8 + 8) / 50]\r\r[Stage 29:====================>                                   (18 + 8) / 50]\r\r[Stage 29:===============================================>        (42 + 8) / 50]\r\r                                                                                \r\r[Stage 31:=========================>                              (23 + 8) / 50]\r\r[Stage 31:============================================>           (40 + 8) / 50]\r\r                                                                                \r\r[Stage 42:>                                                         (0 + 1) / 1]\r\r                                                                                \r\r[Stage 46:================================>                       (29 + 9) / 50]\r\r[Stage 46:==========================================>             (38 + 8) / 50]","logger":"task.stderr"}
