{"timestamp":"2026-08-29T00:43:36.809931Z","level":"info","event":"::group::Pre Execute","logger":"task","filename":"task_runner.py","lineno":2412}
{"timestamp":"2026-08-29T00:43:36.905984Z","level":"info","event":"DAG bundles loaded: dags-folder","run_id":"manual__2026-08-29T00:43:16.241480+00:00","dag_id":"healthcare_pipeline","task_id":"process_medication_silver","try_number":1,"ti_id":"01a04af8-85b4-7b96-a947-5055a9ba1413","map_index":-1,"logger":"airflow.dag_processing.bundles.manager.DagBundlesManager","filename":"manager.py","lineno":304}
{"timestamp":"2026-08-29T00:43:36.910150Z","level":"info","event":"Filling up the DagBag from /opt/airflow/dags/healthcare_pipeline.py","run_id":"manual__2026-08-29T00:43:16.241480+00:00","dag_id":"healthcare_pipeline","task_id":"process_medication_silver","try_number":1,"ti_id":"01a04af8-85b4-7b96-a947-5055a9ba1413","map_index":-1,"logger":"airflow.dag_processing.dagbag.BundleDagBag","filename":"dagbag.py","lineno":460}
{"timestamp":"2026-08-29T00:43:37.979834Z","level":"info","event":"Worker startup parse complete","bundle_name":"dags-folder","bundle_version":null,"dag_file":"healthcare_pipeline.py","dag_id":"healthcare_pipeline","bundle_prepare_ms":12,"dag_file_parse_ms":1069,"run_id":"manual__2026-08-29T00:43:16.241480+00:00","task_id":"process_medication_silver","try_number":1,"ti_id":"01a04af8-85b4-7b96-a947-5055a9ba1413","map_index":-1,"logger":"task","filename":"task_runner.py","lineno":1073}
{"timestamp":"2026-08-29T00:43:38.065872Z","level":"info","event":"::endgroup::","run_id":"manual__2026-08-29T00:43:16.241480+00:00","dag_id":"healthcare_pipeline","task_id":"process_medication_silver","try_number":1,"ti_id":"01a04af8-85b4-7b96-a947-5055a9ba1413","map_index":-1,"logger":"task","filename":"task_runner.py","lineno":2232}
{"timestamp":"2026-08-29T00:43:42.269731Z","level":"info","event":":: loading settings :: url = jar:file:/home/airflow/.local/lib/python3.11/site-packages/pyspark/jars/ivy-2.5.3.jar!/org/apache/ivy/core/settings/ivysettings.xml","logger":"task.stdout"}
{"timestamp":"2026-08-29T00:43:42.471179Z","level":"error","event":"Ivy Default Cache set to: /home/airflow/.ivy2/cache","logger":"task.stderr"}
{"timestamp":"2026-08-29T00:43:42.473882Z","level":"error","event":"The jars for the packages stored in: /home/airflow/.ivy2/jars","logger":"task.stderr"}
{"timestamp":"2026-08-29T00:43:42.478269Z","level":"error","event":"io.delta#delta-spark_2.12 added as a dependency","logger":"task.stderr"}
{"timestamp":"2026-08-29T00:43:42.482241Z","level":"error","event":":: resolving dependencies :: org.apache.spark#spark-submit-parent-f9afe184-2dd9-4f8b-8cd6-f7b4210404eb;1.0","logger":"task.stderr"}
{"timestamp":"2026-08-29T00:43:42.488581Z","level":"error","event":"\tconfs: [default]","logger":"task.stderr"}
{"timestamp":"2026-08-29T00:43:42.862273Z","level":"error","event":"\tfound io.delta#delta-spark_2.12;3.3.2 in spark-list","logger":"task.stderr"}
{"timestamp":"2026-08-29T00:43:42.928897Z","level":"error","event":"\tfound io.delta#delta-storage;3.3.2 in central","logger":"task.stderr"}
{"timestamp":"2026-08-29T00:43:42.975619Z","level":"error","event":"\tfound org.antlr#antlr4-runtime;4.9.3 in spark-list","logger":"task.stderr"}
{"timestamp":"2026-08-29T00:43:43.049629Z","level":"error","event":":: resolution report :: resolve 541ms :: artifacts dl 29ms","logger":"task.stderr"}
{"timestamp":"2026-08-29T00:43:43.055878Z","level":"error","event":"\t:: modules in use:","logger":"task.stderr"}
{"timestamp":"2026-08-29T00:43:43.059963Z","level":"error","event":"\tio.delta#delta-spark_2.12;3.3.2 from spark-list in [default]","logger":"task.stderr"}
{"timestamp":"2026-08-29T00:43:43.062162Z","level":"error","event":"\tio.delta#delta-storage;3.3.2 from central in [default]","logger":"task.stderr"}
{"timestamp":"2026-08-29T00:43:43.065169Z","level":"error","event":"\torg.antlr#antlr4-runtime;4.9.3 from spark-list in [default]","logger":"task.stderr"}
{"timestamp":"2026-08-29T00:43:43.070101Z","level":"error","event":"\t---------------------------------------------------------------------","logger":"task.stderr"}
{"timestamp":"2026-08-29T00:43:43.075867Z","level":"error","event":"\t|                  |            modules            ||   artifacts   |","logger":"task.stderr"}
{"timestamp":"2026-08-29T00:43:43.079208Z","level":"error","event":"\t|       conf       | number| search|dwnlded|evicted|| number|dwnlded|","logger":"task.stderr"}
{"timestamp":"2026-08-29T00:43:43.082826Z","level":"error","event":"\t---------------------------------------------------------------------","logger":"task.stderr"}
{"timestamp":"2026-08-29T00:43:43.085247Z","level":"error","event":"\t|      default     |   3   |   0   |   0   |   0   ||   3   |   0   |","logger":"task.stderr"}
{"timestamp":"2026-08-29T00:43:43.087845Z","level":"error","event":"\t---------------------------------------------------------------------","logger":"task.stderr"}
{"timestamp":"2026-08-29T00:43:43.090494Z","level":"error","event":":: retrieving :: org.apache.spark#spark-submit-parent-f9afe184-2dd9-4f8b-8cd6-f7b4210404eb","logger":"task.stderr"}
{"timestamp":"2026-08-29T00:43:43.093705Z","level":"error","event":"\tconfs: [default]","logger":"task.stderr"}
{"timestamp":"2026-08-29T00:43:43.135139Z","level":"error","event":"\t0 artifacts copied, 3 already retrieved (0kB/74ms)","logger":"task.stderr"}
{"timestamp":"2026-08-29T00:43:43.740818Z","level":"error","event":"26/08/29 00:43:43 WARN NativeCodeLoader: Unable to load native-hadoop library for your platform... using builtin-java classes where applicable","logger":"task.stderr"}
{"timestamp":"2026-08-29T00:43:44.173872Z","level":"error","event":"Setting default log level to \"WARN\".","logger":"task.stderr"}
{"timestamp":"2026-08-29T00:43:44.177603Z","level":"error","event":"To adjust logging level use sc.setLogLevel(newLevel). For SparkR, use setLogLevel(newLevel).","logger":"task.stderr"}
{"timestamp":"2026-08-29T00:43:46.692614Z","level":"error","event":"26/08/29 00:43:46 WARN Utils: Service 'SparkUI' could not bind on port 4040. Attempting port 4041.","logger":"task.stderr"}
{"timestamp":"2026-08-29T00:43:46.700226Z","level":"error","event":"26/08/29 00:43:46 WARN Utils: Service 'SparkUI' could not bind on port 4041. Attempting port 4042.","logger":"task.stderr"}
{"timestamp":"2026-08-29T00:43:46.705542Z","level":"error","event":"26/08/29 00:43:46 WARN Utils: Service 'SparkUI' could not bind on port 4042. Attempting port 4043.","logger":"task.stderr"}
{"timestamp":"2026-08-29T00:43:46.709373Z","level":"error","event":"26/08/29 00:43:46 WARN Utils: Service 'SparkUI' could not bind on port 4043. Attempting port 4044.","logger":"task.stderr"}
{"timestamp":"2026-08-29T00:43:59.257522Z","level":"error","event":"26/08/29 00:43:59 WARN SparkStringUtils: Truncated the string representation of a plan since it was too large. This behavior can be adjusted by setting 'spark.sql.debug.maxToStringFields'.","logger":"task.stderr"}
{"timestamp":"2026-08-29T00:44:57.133996Z","level":"info","event":"","logger":"task.stdout"}
{"timestamp":"2026-08-29T00:44:57.181883Z","level":"info","event":"MedicationRequest Silver","logger":"task.stdout"}
{"timestamp":"2026-08-29T00:44:57.213620Z","level":"info","event":"------------------------","logger":"task.stdout"}
{"timestamp":"2026-08-29T00:44:57.230812Z","level":"info","event":"New Bronze rows: 0","logger":"task.stdout"}
{"timestamp":"2026-08-29T00:44:57.237673Z","level":"info","event":"Rows to merge: 0","logger":"task.stdout"}
{"timestamp":"2026-08-29T00:44:57.246025Z","level":"info","event":"Status: NO NEW DATA","logger":"task.stdout"}
{"timestamp":"2026-08-29T00:44:58.928524Z","level":"info","event":"Done. Returned value was: None","run_id":"manual__2026-08-29T00:43:16.241480+00:00","dag_id":"healthcare_pipeline","task_id":"process_medication_silver","try_number":1,"ti_id":"01a04af8-85b4-7b96-a947-5055a9ba1413","map_index":-1,"logger":"airflow.task.operators.airflow.providers.standard.decorators.python._PythonDecoratedOperator","filename":"python.py","lineno":233}
{"timestamp":"2026-08-29T00:44:58.944154Z","level":"info","event":"::group::Post Execute","run_id":"manual__2026-08-29T00:43:16.241480+00:00","dag_id":"healthcare_pipeline","task_id":"process_medication_silver","try_number":1,"ti_id":"01a04af8-85b4-7b96-a947-5055a9ba1413","map_index":-1,"logger":"task","filename":"task_runner.py","lineno":1580}
{"timestamp":"2026-08-29T00:44:59.342694Z","level":"info","event":"::endgroup::","run_id":"manual__2026-08-29T00:43:16.241480+00:00","dag_id":"healthcare_pipeline","task_id":"process_medication_silver","try_number":1,"ti_id":"01a04af8-85b4-7b96-a947-5055a9ba1413","map_index":-1,"logger":"task","filename":"task_runner.py","lineno":2379}
{"timestamp":"2026-08-29T00:45:03.481092Z","level":"error","event":"\r[Stage 0:>                                                          (0 + 5) / 5]\r\r[Stage 2:>                                                         (0 + 3) / 50]\r\r[Stage 2:>                                                         (0 + 8) / 50]\r\r[Stage 2:=====>                                                   (5 + 11) / 50]\r\r[Stage 2:=========>                                                (8 + 8) / 50]\r\r[Stage 2:============>                                            (11 + 8) / 50]\r\r[Stage 2:=============>                                           (12 + 8) / 50]\r\r[Stage 2:=================>                                       (15 + 8) / 50]\r\r[Stage 2:==================>                                      (16 + 8) / 50]\r\r[Stage 2:====================>                                    (18 + 8) / 50]\r\r[Stage 2:==========================>                              (23 + 8) / 50]\r\r[Stage 2:============================>                            (25 + 8) / 50]\r\r[Stage 2:==================================>                      (30 + 8) / 50]\r\r[Stage 2:===================================>                     (31 + 8) / 50]\r\r[Stage 2:=========================================>               (36 + 8) / 50]\r\r[Stage 2:===========================================>             (38 + 8) / 50]\r\r[Stage 2:============================================>            (39 + 8) / 50]\r\r[Stage 2:==============================================>          (41 + 8) / 50]\r\r[Stage 2:=================================================>       (43 + 7) / 50]\r\r[Stage 2:==================================================>      (44 + 6) / 50]\r\r[Stage 2:====================================================>    (46 + 4) / 50]\r\r[Stage 2:=======================================================> (49 + 1) / 50]\r\r[Stage 5:>                                                          (0 + 1) / 1]\r\r                                                                                \r\r[Stage 7:===================>                                     (17 + 8) / 50]\r\r[Stage 7:===========================>                             (24 + 8) / 50]\r\r[Stage 7:==================================================>      (44 + 6) / 50]\r\r                                                                                \r\r[Stage 8:>                                                          (0 + 2) / 2]\r\r                                                                                \r\r[Stage 13:>                                                        (0 + 8) / 50]\r\r[Stage 13:=>                                                       (1 + 8) / 50]\r\r[Stage 13:=========>                                               (8 + 8) / 50]\r\r[Stage 13:==========>                                              (9 + 8) / 50]\r\r[Stage 13:=============>                                          (12 + 8) / 50]\r\r[Stage 13:================>                                       (15 + 8) / 50]\r\r[Stage 13:=================>                                      (16 + 8) / 50]\r\r[Stage 13:=========================>                              (23 + 8) / 50]\r\r[Stage 13:=============================>                          (26 + 8) / 50]\r\r[Stage 13:================================>                       (29 + 8) / 50]\r\r[Stage 13:=======================================>                (35 + 8) / 50]\r\r[Stage 13:==========================================>             (38 + 8) / 50]\r\r[Stage 13:===================================================>    (46 + 4) / 50]\r\r                                                                                \r\r[Stage 14:>                                                         (0 + 1) / 1]\r\r[Stage 14:==========================================================(1 + 0) / 1]","logger":"task.stderr"}
