{"timestamp":"2026-08-29T01:36:47.936262Z","level":"info","event":"::group::Pre Execute","logger":"task","filename":"task_runner.py","lineno":2412}
{"timestamp":"2026-08-29T01:36:47.948297Z","level":"info","event":"DAG bundles loaded: dags-folder","try_number":4,"map_index":-1,"ti_id":"01a04b29-3cfc-7196-aca9-a88b020e938b","dag_id":"healthcare_pipeline","task_id":"process_gold_patient_util","run_id":"manual__2026-08-29T00:43:16.241480+00:00","logger":"airflow.dag_processing.bundles.manager.DagBundlesManager","filename":"manager.py","lineno":304}
{"timestamp":"2026-08-29T01:36:47.949228Z","level":"info","event":"Filling up the DagBag from /opt/airflow/dags/healthcare_pipeline.py","try_number":4,"map_index":-1,"ti_id":"01a04b29-3cfc-7196-aca9-a88b020e938b","dag_id":"healthcare_pipeline","task_id":"process_gold_patient_util","run_id":"manual__2026-08-29T00:43:16.241480+00:00","logger":"airflow.dag_processing.dagbag.BundleDagBag","filename":"dagbag.py","lineno":460}
{"timestamp":"2026-08-29T01:36:48.460270Z","level":"info","event":"Worker startup parse complete","bundle_name":"dags-folder","bundle_version":null,"dag_file":"healthcare_pipeline.py","dag_id":"healthcare_pipeline","bundle_prepare_ms":2,"dag_file_parse_ms":511,"try_number":4,"map_index":-1,"ti_id":"01a04b29-3cfc-7196-aca9-a88b020e938b","task_id":"process_gold_patient_util","run_id":"manual__2026-08-29T00:43:16.241480+00:00","logger":"task","filename":"task_runner.py","lineno":1073}
{"timestamp":"2026-08-29T01:36:48.497219Z","level":"info","event":"::endgroup::","try_number":4,"map_index":-1,"ti_id":"01a04b29-3cfc-7196-aca9-a88b020e938b","dag_id":"healthcare_pipeline","task_id":"process_gold_patient_util","run_id":"manual__2026-08-29T00:43:16.241480+00:00","logger":"task","filename":"task_runner.py","lineno":2232}
{"timestamp":"2026-08-29T01:36:50.339234Z","level":"info","event":":: loading settings :: url = jar:file:/home/airflow/.local/lib/python3.11/site-packages/pyspark/jars/ivy-2.5.3.jar!/org/apache/ivy/core/settings/ivysettings.xml","logger":"task.stdout"}
{"timestamp":"2026-08-29T01:36:50.435582Z","level":"error","event":"Ivy Default Cache set to: /home/airflow/.ivy2/cache","logger":"task.stderr"}
{"timestamp":"2026-08-29T01:36:50.440376Z","level":"error","event":"The jars for the packages stored in: /home/airflow/.ivy2/jars","logger":"task.stderr"}
{"timestamp":"2026-08-29T01:36:50.446902Z","level":"error","event":"io.delta#delta-spark_2.12 added as a dependency","logger":"task.stderr"}
{"timestamp":"2026-08-29T01:36:50.450954Z","level":"error","event":":: resolving dependencies :: org.apache.spark#spark-submit-parent-6b14d003-8c53-423f-84db-acee69e876b6;1.0","logger":"task.stderr"}
{"timestamp":"2026-08-29T01:36:50.453053Z","level":"error","event":"\tconfs: [default]","logger":"task.stderr"}
{"timestamp":"2026-08-29T01:36:50.733575Z","level":"error","event":"\tfound io.delta#delta-spark_2.12;3.3.2 in spark-list","logger":"task.stderr"}
{"timestamp":"2026-08-29T01:36:50.775525Z","level":"error","event":"\tfound io.delta#delta-storage;3.3.2 in central","logger":"task.stderr"}
{"timestamp":"2026-08-29T01:36:50.810236Z","level":"error","event":"\tfound org.antlr#antlr4-runtime;4.9.3 in spark-list","logger":"task.stderr"}
{"timestamp":"2026-08-29T01:36:50.833505Z","level":"error","event":":: resolution report :: resolve 373ms :: artifacts dl 10ms","logger":"task.stderr"}
{"timestamp":"2026-08-29T01:36:50.835595Z","level":"error","event":"\t:: modules in use:","logger":"task.stderr"}
{"timestamp":"2026-08-29T01:36:50.838318Z","level":"error","event":"\tio.delta#delta-spark_2.12;3.3.2 from spark-list in [default]","logger":"task.stderr"}
{"timestamp":"2026-08-29T01:36:50.840119Z","level":"error","event":"\tio.delta#delta-storage;3.3.2 from central in [default]","logger":"task.stderr"}
{"timestamp":"2026-08-29T01:36:50.841949Z","level":"error","event":"\torg.antlr#antlr4-runtime;4.9.3 from spark-list in [default]","logger":"task.stderr"}
{"timestamp":"2026-08-29T01:36:50.844093Z","level":"error","event":"\t---------------------------------------------------------------------","logger":"task.stderr"}
{"timestamp":"2026-08-29T01:36:50.849429Z","level":"error","event":"\t|                  |            modules            ||   artifacts   |","logger":"task.stderr"}
{"timestamp":"2026-08-29T01:36:50.852060Z","level":"error","event":"\t|       conf       | number| search|dwnlded|evicted|| number|dwnlded|","logger":"task.stderr"}
{"timestamp":"2026-08-29T01:36:50.854043Z","level":"error","event":"\t---------------------------------------------------------------------","logger":"task.stderr"}
{"timestamp":"2026-08-29T01:36:50.856244Z","level":"error","event":"\t|      default     |   3   |   0   |   0   |   0   ||   3   |   0   |","logger":"task.stderr"}
{"timestamp":"2026-08-29T01:36:50.859352Z","level":"error","event":"\t---------------------------------------------------------------------","logger":"task.stderr"}
{"timestamp":"2026-08-29T01:36:50.862335Z","level":"error","event":":: retrieving :: org.apache.spark#spark-submit-parent-6b14d003-8c53-423f-84db-acee69e876b6","logger":"task.stderr"}
{"timestamp":"2026-08-29T01:36:50.865086Z","level":"error","event":"\tconfs: [default]","logger":"task.stderr"}
{"timestamp":"2026-08-29T01:36:50.868377Z","level":"error","event":"\t0 artifacts copied, 3 already retrieved (0kB/6ms)","logger":"task.stderr"}
{"timestamp":"2026-08-29T01:36:51.170461Z","level":"error","event":"26/08/29 01:36:51 WARN NativeCodeLoader: Unable to load native-hadoop library for your platform... using builtin-java classes where applicable","logger":"task.stderr"}
{"timestamp":"2026-08-29T01:36:51.396033Z","level":"error","event":"Setting default log level to \"WARN\".","logger":"task.stderr"}
{"timestamp":"2026-08-29T01:36:51.400266Z","level":"error","event":"To adjust logging level use sc.setLogLevel(newLevel). For SparkR, use setLogLevel(newLevel).","logger":"task.stderr"}
{"timestamp":"2026-08-29T01:37:02.397101Z","level":"error","event":"26/08/29 01:37:02 WARN SparkStringUtils: Truncated the string representation of a plan since it was too large. This behavior can be adjusted by setting 'spark.sql.debug.maxToStringFields'.","logger":"task.stderr"}
{"timestamp":"2026-08-29T01:37:36.146861Z","level":"info","event":"+----------+----------+------+---------------+-------------------+-------------------+----------------------------------+","logger":"task.stdout"}
{"timestamp":"2026-08-29T01:37:36.160315Z","level":"info","event":"|patient_id|birth_date|gender|encounter_count|first_encounter_at |latest_encounter_at|average_encounter_duration_minutes|","logger":"task.stdout"}
{"timestamp":"2026-08-29T01:37:36.167049Z","level":"info","event":"+----------+----------+------+---------------+-------------------+-------------------+----------------------------------+","logger":"task.stdout"}
{"timestamp":"2026-08-29T01:37:36.170673Z","level":"info","event":"|10627     |1978-10-20|female|19             |1996-12-20 21:31:36|2024-11-22 21:31:36|134.8236842105263                 |","logger":"task.stdout"}
{"timestamp":"2026-08-29T01:37:36.174168Z","level":"info","event":"|10940     |1951-08-28|female|44             |1969-10-21 21:08:36|2026-01-27 21:08:36|2762.5371212121213                |","logger":"task.stdout"}
{"timestamp":"2026-08-29T01:37:36.184594Z","level":"info","event":"|12069     |2019-12-30|female|24             |2019-12-30 09:52:39|2025-12-22 09:52:39|34.98125                          |","logger":"task.stdout"}
{"timestamp":"2026-08-29T01:37:36.194836Z","level":"info","event":"|12497     |1993-08-01|male  |26             |2009-09-14 04:16:50|2026-04-27 04:16:50|69.56602564102563                 |","logger":"task.stdout"}
{"timestamp":"2026-08-29T01:37:36.198562Z","level":"info","event":"|186568    |2015-11-01|female|24             |2016-06-27 13:55:02|2025-11-16 09:55:02|38.84236111111111                 |","logger":"task.stdout"}
{"timestamp":"2026-08-29T01:37:36.205843Z","level":"info","event":"|186886    |2015-11-01|female|24             |2016-06-27 13:55:02|2025-11-16 09:55:02|38.84236111111111                 |","logger":"task.stdout"}
{"timestamp":"2026-08-29T01:37:36.214002Z","level":"info","event":"|186935    |2012-07-02|male  |18             |2016-06-06 15:18:19|2026-08-03 15:18:19|53.61388888888889                 |","logger":"task.stdout"}
{"timestamp":"2026-08-29T01:37:36.230003Z","level":"info","event":"|187253    |2012-07-02|male  |20             |2016-06-06 15:18:19|2026-08-03 15:18:19|61.0625                           |","logger":"task.stdout"}
{"timestamp":"2026-08-29T01:37:36.233189Z","level":"info","event":"|187279    |1944-05-21|female|63             |1962-07-15 12:20:23|2026-06-26 12:51:52|606.5719576719576                 |","logger":"task.stdout"}
{"timestamp":"2026-08-29T01:37:36.242641Z","level":"info","event":"|187597    |1944-05-21|female|66             |1962-07-15 12:20:23|2026-06-26 12:51:52|584.0219696969697                 |","logger":"task.stdout"}
{"timestamp":"2026-08-29T01:37:36.250805Z","level":"info","event":"|189026    |1996-08-27|male  |33             |1997-06-10 00:25:36|2026-03-17 15:25:36|62.389898989898995                |","logger":"task.stdout"}
{"timestamp":"2026-08-29T01:37:36.256743Z","level":"info","event":"|189344    |1996-08-27|male  |34             |1997-06-10 00:25:36|2026-03-17 15:25:36|62.19950980392158                 |","logger":"task.stdout"}
{"timestamp":"2026-08-29T01:37:36.272768Z","level":"info","event":"|189697    |2016-12-30|male  |28             |2016-12-30 16:12:20|2026-01-02 16:12:20|36.864285714285714                |","logger":"task.stdout"}
{"timestamp":"2026-08-29T01:37:36.282126Z","level":"info","event":"|190015    |2016-12-30|male  |28             |2016-12-30 16:12:20|2026-01-02 16:12:20|36.864285714285714                |","logger":"task.stdout"}
{"timestamp":"2026-08-29T01:37:36.291942Z","level":"info","event":"|190188    |1979-10-13|male  |30             |1982-11-25 14:42:43|2025-11-01 14:42:43|47.809444444444445                |","logger":"task.stdout"}
{"timestamp":"2026-08-29T01:37:36.303931Z","level":"info","event":"|190506    |1979-10-13|male  |31             |1982-11-25 14:42:43|2025-11-01 14:42:43|46.7510752688172                  |","logger":"task.stdout"}
{"timestamp":"2026-08-29T01:37:36.313650Z","level":"info","event":"|190589    |1963-07-28|male  |27             |1981-09-20 07:18:40|2002-05-12 07:18:40|1666.733950617284                 |","logger":"task.stdout"}
{"timestamp":"2026-08-29T01:37:36.323230Z","level":"info","event":"|190907    |1963-07-28|male  |27             |1981-09-20 07:18:40|2002-05-12 07:18:40|1666.733950617284                 |","logger":"task.stdout"}
{"timestamp":"2026-08-29T01:37:36.334090Z","level":"info","event":"|191334    |1929-08-20|female|74             |1947-10-15 04:04:46|2022-04-06 04:04:46|2389.5036036036036                |","logger":"task.stdout"}
{"timestamp":"2026-08-29T01:37:36.336715Z","level":"info","event":"|191652    |1929-08-20|female|76             |1947-10-15 04:04:46|2022-04-06 04:04:46|2327.8342105263155                |","logger":"task.stdout"}
{"timestamp":"2026-08-29T01:37:36.342225Z","level":"info","event":"+----------+----------+------+---------------+-------------------+-------------------+----------------------------------+","logger":"task.stdout"}
{"timestamp":"2026-08-29T01:37:36.345874Z","level":"info","event":"only showing top 20 rows","logger":"task.stdout"}
{"timestamp":"2026-08-29T01:37:36.351073Z","level":"info","event":"","logger":"task.stdout"}
{"timestamp":"2026-08-29T01:37:37.984008Z","level":"info","event":"Patient utilization rows: 75","logger":"task.stdout"}
{"timestamp":"2026-08-29T01:38:01.615330Z","level":"info","event":"Done. Returned value was: None","try_number":4,"map_index":-1,"ti_id":"01a04b29-3cfc-7196-aca9-a88b020e938b","dag_id":"healthcare_pipeline","task_id":"process_gold_patient_util","run_id":"manual__2026-08-29T00:43:16.241480+00:00","logger":"airflow.task.operators.airflow.providers.standard.decorators.python._PythonDecoratedOperator","filename":"python.py","lineno":233}
{"timestamp":"2026-08-29T01:38:01.629021Z","level":"info","event":"::group::Post Execute","try_number":4,"map_index":-1,"ti_id":"01a04b29-3cfc-7196-aca9-a88b020e938b","dag_id":"healthcare_pipeline","task_id":"process_gold_patient_util","run_id":"manual__2026-08-29T00:43:16.241480+00:00","logger":"task","filename":"task_runner.py","lineno":1580}
{"timestamp":"2026-08-29T01:38:01.799986Z","level":"info","event":"::endgroup::","try_number":4,"map_index":-1,"ti_id":"01a04b29-3cfc-7196-aca9-a88b020e938b","dag_id":"healthcare_pipeline","task_id":"process_gold_patient_util","run_id":"manual__2026-08-29T00:43:16.241480+00:00","logger":"task","filename":"task_runner.py","lineno":2379}
{"timestamp":"2026-08-29T01:38:05.165245Z","level":"error","event":"\r[Stage 0:>                                                          (0 + 6) / 6]\r\r[Stage 2:>                                                         (0 + 8) / 50]\r\r[Stage 2:======>                                                   (6 + 8) / 50]\r\r[Stage 2:=========>                                                (8 + 8) / 50]\r\r[Stage 2:==========>                                               (9 + 8) / 50]\r\r[Stage 2:==============>                                          (13 + 8) / 50]\r\r[Stage 2:==================>                                      (16 + 8) / 50]\r\r[Stage 2:==========================>                              (23 + 8) / 50]\r\r[Stage 2:==============================>                          (27 + 8) / 50]\r\r[Stage 2:=====================================>                   (33 + 8) / 50]\r\r[Stage 2:============================================>            (39 + 8) / 50]\r\r[Stage 2:=====================================================>   (47 + 3) / 50]\r\r[Stage 2:=======================================================> (49 + 1) / 50]\r\r                                                                                \r\r[Stage 4:>                                                         (0 + 8) / 50]\r\r[Stage 4:==>                                                      (2 + 10) / 50]\r\r[Stage 4:=========>                                                (8 + 8) / 50]\r\r[Stage 4:==================>                                      (16 + 8) / 50]\r\r[Stage 4:=========================>                               (22 + 8) / 50]\r\r[Stage 4:=====================================>                   (33 + 8) / 50]\r\r[Stage 4:==============================================>          (41 + 8) / 50]\r\r                                                                                \r\r[Stage 8:>                                                          (0 + 5) / 5]\r\r[Stage 10:==========>                                              (9 + 8) / 50]\r\r[Stage 10:=================>                                      (16 + 8) / 50]\r\r[Stage 10:===================>                                    (17 + 8) / 50]\r\r[Stage 10:=========================>                              (23 + 8) / 50]\r\r[Stage 10:==============================>                         (27 + 8) / 50]\r\r[Stage 10:====================================>                   (33 + 8) / 50]\r\r[Stage 10:============================================>           (40 + 8) / 50]\r\r[Stage 10:===================================================>    (46 + 4) / 50]\r\r                                                                                \r\r[Stage 11:>                                                         (0 + 2) / 2]\r\r[Stage 11:=============================>                            (1 + 1) / 2]\r\r                                                                                \r\r[Stage 16:>                                                        (0 + 9) / 50]\r\r[Stage 16:============================>                          (26 + 11) / 50]\r\r[Stage 16:====================================>                  (33 + 10) / 50]\r\r                                                                                \r\r[Stage 22:=========>                                               (8 + 8) / 50]\r\r[Stage 22:===============>                                        (14 + 8) / 50]\r\r[Stage 22:=======================>                                (21 + 8) / 50]\r\r[Stage 22:===============================>                        (28 + 8) / 50]\r\r[Stage 22:==========================================>             (38 + 8) / 50]\r\r[Stage 22:==================================================>     (45 + 5) / 50]\r\r                                                                                \r\r[Stage 27:=================>                                     (16 + 11) / 50]\r\r[Stage 27:===============================================>        (42 + 8) / 50]\r\r                                                                                \r\r[Stage 29:==================================================>     (45 + 5) / 50]\r\r                                                                                \r\r[Stage 33:>                                                         (0 + 2) / 2]\r\r                                                                                \r\r[Stage 35:========================================>               (36 + 8) / 50]","logger":"task.stderr"}
