{"timestamp":"2026-08-29T01:27:26.544741Z","level":"info","event":"::group::Pre Execute","logger":"task","filename":"task_runner.py","lineno":2412}
{"timestamp":"2026-08-29T01:27:26.636187Z","level":"info","event":"DAG bundles loaded: dags-folder","task_id":"process_gold_patient_util","dag_id":"healthcare_pipeline","map_index":-1,"try_number":1,"run_id":"manual__2026-08-29T00:43:16.241480+00:00","ti_id":"01a04b20-bfcf-79bc-9bf4-a4bba5dab059","logger":"airflow.dag_processing.bundles.manager.DagBundlesManager","filename":"manager.py","lineno":304}
{"timestamp":"2026-08-29T01:27:26.641959Z","level":"info","event":"Filling up the DagBag from /opt/airflow/dags/healthcare_pipeline.py","task_id":"process_gold_patient_util","dag_id":"healthcare_pipeline","map_index":-1,"try_number":1,"run_id":"manual__2026-08-29T00:43:16.241480+00:00","ti_id":"01a04b20-bfcf-79bc-9bf4-a4bba5dab059","logger":"airflow.dag_processing.dagbag.BundleDagBag","filename":"dagbag.py","lineno":460}
{"timestamp":"2026-08-29T01:27:27.161514Z","level":"info","event":"Worker startup parse complete","bundle_name":"dags-folder","bundle_version":null,"dag_file":"healthcare_pipeline.py","dag_id":"healthcare_pipeline","bundle_prepare_ms":5,"dag_file_parse_ms":521,"task_id":"process_gold_patient_util","map_index":-1,"try_number":1,"run_id":"manual__2026-08-29T00:43:16.241480+00:00","ti_id":"01a04b20-bfcf-79bc-9bf4-a4bba5dab059","logger":"task","filename":"task_runner.py","lineno":1073}
{"timestamp":"2026-08-29T01:27:27.188903Z","level":"info","event":"::endgroup::","task_id":"process_gold_patient_util","dag_id":"healthcare_pipeline","map_index":-1,"try_number":1,"run_id":"manual__2026-08-29T00:43:16.241480+00:00","ti_id":"01a04b20-bfcf-79bc-9bf4-a4bba5dab059","logger":"task","filename":"task_runner.py","lineno":2232}
{"timestamp":"2026-08-29T01:27:29.477696Z","level":"info","event":":: loading settings :: url = jar:file:/home/airflow/.local/lib/python3.11/site-packages/pyspark/jars/ivy-2.5.3.jar!/org/apache/ivy/core/settings/ivysettings.xml","logger":"task.stdout"}
{"timestamp":"2026-08-29T01:27:29.705862Z","level":"error","event":"Ivy Default Cache set to: /home/airflow/.ivy2/cache","logger":"task.stderr"}
{"timestamp":"2026-08-29T01:27:29.710792Z","level":"error","event":"The jars for the packages stored in: /home/airflow/.ivy2/jars","logger":"task.stderr"}
{"timestamp":"2026-08-29T01:27:29.715600Z","level":"error","event":"io.delta#delta-spark_2.12 added as a dependency","logger":"task.stderr"}
{"timestamp":"2026-08-29T01:27:29.718555Z","level":"error","event":":: resolving dependencies :: org.apache.spark#spark-submit-parent-3508b966-6fca-4399-b797-1c5594b98ef3;1.0","logger":"task.stderr"}
{"timestamp":"2026-08-29T01:27:29.721830Z","level":"error","event":"\tconfs: [default]","logger":"task.stderr"}
{"timestamp":"2026-08-29T01:27:29.917076Z","level":"error","event":"\tfound io.delta#delta-spark_2.12;3.3.2 in spark-list","logger":"task.stderr"}
{"timestamp":"2026-08-29T01:27:29.989851Z","level":"error","event":"\tfound io.delta#delta-storage;3.3.2 in central","logger":"task.stderr"}
{"timestamp":"2026-08-29T01:27:30.020737Z","level":"error","event":"\tfound org.antlr#antlr4-runtime;4.9.3 in spark-list","logger":"task.stderr"}
{"timestamp":"2026-08-29T01:27:30.086506Z","level":"error","event":":: resolution report :: resolve 353ms :: artifacts dl 19ms","logger":"task.stderr"}
{"timestamp":"2026-08-29T01:27:30.091912Z","level":"error","event":"\t:: modules in use:","logger":"task.stderr"}
{"timestamp":"2026-08-29T01:27:30.098444Z","level":"error","event":"\tio.delta#delta-spark_2.12;3.3.2 from spark-list in [default]","logger":"task.stderr"}
{"timestamp":"2026-08-29T01:27:30.100597Z","level":"error","event":"\tio.delta#delta-storage;3.3.2 from central in [default]","logger":"task.stderr"}
{"timestamp":"2026-08-29T01:27:30.105364Z","level":"error","event":"\torg.antlr#antlr4-runtime;4.9.3 from spark-list in [default]","logger":"task.stderr"}
{"timestamp":"2026-08-29T01:27:30.108873Z","level":"error","event":"\t---------------------------------------------------------------------","logger":"task.stderr"}
{"timestamp":"2026-08-29T01:27:30.115722Z","level":"error","event":"\t|                  |            modules            ||   artifacts   |","logger":"task.stderr"}
{"timestamp":"2026-08-29T01:27:30.117838Z","level":"error","event":"\t|       conf       | number| search|dwnlded|evicted|| number|dwnlded|","logger":"task.stderr"}
{"timestamp":"2026-08-29T01:27:30.121714Z","level":"error","event":"\t---------------------------------------------------------------------","logger":"task.stderr"}
{"timestamp":"2026-08-29T01:27:30.123768Z","level":"error","event":"\t|      default     |   3   |   0   |   0   |   0   ||   3   |   0   |","logger":"task.stderr"}
{"timestamp":"2026-08-29T01:27:30.125726Z","level":"error","event":"\t---------------------------------------------------------------------","logger":"task.stderr"}
{"timestamp":"2026-08-29T01:27:30.127777Z","level":"error","event":":: retrieving :: org.apache.spark#spark-submit-parent-3508b966-6fca-4399-b797-1c5594b98ef3","logger":"task.stderr"}
{"timestamp":"2026-08-29T01:27:30.130521Z","level":"error","event":"\tconfs: [default]","logger":"task.stderr"}
{"timestamp":"2026-08-29T01:27:30.134533Z","level":"error","event":"\t0 artifacts copied, 3 already retrieved (0kB/8ms)","logger":"task.stderr"}
{"timestamp":"2026-08-29T01:27:30.526945Z","level":"error","event":"26/08/29 01:27:30 WARN NativeCodeLoader: Unable to load native-hadoop library for your platform... using builtin-java classes where applicable","logger":"task.stderr"}
{"timestamp":"2026-08-29T01:27:30.803832Z","level":"error","event":"Setting default log level to \"WARN\".","logger":"task.stderr"}
{"timestamp":"2026-08-29T01:27:30.807065Z","level":"error","event":"To adjust logging level use sc.setLogLevel(newLevel). For SparkR, use setLogLevel(newLevel).","logger":"task.stderr"}
{"timestamp":"2026-08-29T01:27:32.232051Z","level":"error","event":"26/08/29 01:27:32 WARN Utils: Service 'SparkUI' could not bind on port 4040. Attempting port 4041.","logger":"task.stderr"}
{"timestamp":"2026-08-29T01:27:32.291675Z","level":"error","event":"26/08/29 01:27:32 WARN Utils: Service 'SparkUI' could not bind on port 4041. Attempting port 4042.","logger":"task.stderr"}
{"timestamp":"2026-08-29T01:27:43.810177Z","level":"error","event":"26/08/29 01:27:43 WARN SparkStringUtils: Truncated the string representation of a plan since it was too large. This behavior can be adjusted by setting 'spark.sql.debug.maxToStringFields'.","logger":"task.stderr"}
{"timestamp":"2026-08-29T01:28:22.023642Z","level":"info","event":"+----------+----------+------+---------------+-------------------+-------------------+----------------------------------+","logger":"task.stdout"}
{"timestamp":"2026-08-29T01:28:22.031634Z","level":"info","event":"|patient_id|birth_date|gender|encounter_count|first_encounter_at |latest_encounter_at|average_encounter_duration_minutes|","logger":"task.stdout"}
{"timestamp":"2026-08-29T01:28:22.035205Z","level":"info","event":"+----------+----------+------+---------------+-------------------+-------------------+----------------------------------+","logger":"task.stdout"}
{"timestamp":"2026-08-29T01:28:22.039108Z","level":"info","event":"|10627     |1978-10-20|female|19             |1996-12-20 21:31:36|2024-11-22 21:31:36|134.8236842105263                 |","logger":"task.stdout"}
{"timestamp":"2026-08-29T01:28:22.042624Z","level":"info","event":"|10940     |1951-08-28|female|44             |1969-10-21 21:08:36|2026-01-27 21:08:36|2762.5371212121213                |","logger":"task.stdout"}
{"timestamp":"2026-08-29T01:28:22.049534Z","level":"info","event":"|12069     |2019-12-30|female|24             |2019-12-30 09:52:39|2025-12-22 09:52:39|34.98125                          |","logger":"task.stdout"}
{"timestamp":"2026-08-29T01:28:22.055012Z","level":"info","event":"|12497     |1993-08-01|male  |26             |2009-09-14 04:16:50|2026-04-27 04:16:50|69.56602564102563                 |","logger":"task.stdout"}
{"timestamp":"2026-08-29T01:28:22.058739Z","level":"info","event":"|186568    |2015-11-01|female|24             |2016-06-27 13:55:02|2025-11-16 09:55:02|38.84236111111111                 |","logger":"task.stdout"}
{"timestamp":"2026-08-29T01:28:22.075630Z","level":"info","event":"|186886    |2015-11-01|female|24             |2016-06-27 13:55:02|2025-11-16 09:55:02|38.84236111111111                 |","logger":"task.stdout"}
{"timestamp":"2026-08-29T01:28:22.082611Z","level":"info","event":"|186935    |2012-07-02|male  |18             |2016-06-06 15:18:19|2026-08-03 15:18:19|53.61388888888889                 |","logger":"task.stdout"}
{"timestamp":"2026-08-29T01:28:22.085804Z","level":"info","event":"|187253    |2012-07-02|male  |20             |2016-06-06 15:18:19|2026-08-03 15:18:19|61.0625                           |","logger":"task.stdout"}
{"timestamp":"2026-08-29T01:28:22.092383Z","level":"info","event":"|187279    |1944-05-21|female|63             |1962-07-15 12:20:23|2026-06-26 12:51:52|606.5719576719576                 |","logger":"task.stdout"}
{"timestamp":"2026-08-29T01:28:22.097829Z","level":"info","event":"|187597    |1944-05-21|female|66             |1962-07-15 12:20:23|2026-06-26 12:51:52|584.0219696969697                 |","logger":"task.stdout"}
{"timestamp":"2026-08-29T01:28:22.102750Z","level":"info","event":"|189026    |1996-08-27|male  |33             |1997-06-10 00:25:36|2026-03-17 15:25:36|62.389898989898995                |","logger":"task.stdout"}
{"timestamp":"2026-08-29T01:28:22.107673Z","level":"info","event":"|189344    |1996-08-27|male  |34             |1997-06-10 00:25:36|2026-03-17 15:25:36|62.19950980392158                 |","logger":"task.stdout"}
{"timestamp":"2026-08-29T01:28:22.115396Z","level":"info","event":"|189697    |2016-12-30|male  |28             |2016-12-30 16:12:20|2026-01-02 16:12:20|36.864285714285714                |","logger":"task.stdout"}
{"timestamp":"2026-08-29T01:28:22.118862Z","level":"info","event":"|190015    |2016-12-30|male  |28             |2016-12-30 16:12:20|2026-01-02 16:12:20|36.864285714285714                |","logger":"task.stdout"}
{"timestamp":"2026-08-29T01:28:22.122595Z","level":"info","event":"|190188    |1979-10-13|male  |30             |1982-11-25 14:42:43|2025-11-01 14:42:43|47.809444444444445                |","logger":"task.stdout"}
{"timestamp":"2026-08-29T01:28:22.130180Z","level":"info","event":"|190506    |1979-10-13|male  |31             |1982-11-25 14:42:43|2025-11-01 14:42:43|46.7510752688172                  |","logger":"task.stdout"}
{"timestamp":"2026-08-29T01:28:22.135231Z","level":"info","event":"|190589    |1963-07-28|male  |27             |1981-09-20 07:18:40|2002-05-12 07:18:40|1666.733950617284                 |","logger":"task.stdout"}
{"timestamp":"2026-08-29T01:28:22.141853Z","level":"info","event":"|190907    |1963-07-28|male  |27             |1981-09-20 07:18:40|2002-05-12 07:18:40|1666.733950617284                 |","logger":"task.stdout"}
{"timestamp":"2026-08-29T01:28:22.145444Z","level":"info","event":"|191334    |1929-08-20|female|74             |1947-10-15 04:04:46|2022-04-06 04:04:46|2389.5036036036036                |","logger":"task.stdout"}
{"timestamp":"2026-08-29T01:28:22.151456Z","level":"info","event":"|191652    |1929-08-20|female|76             |1947-10-15 04:04:46|2022-04-06 04:04:46|2327.8342105263155                |","logger":"task.stdout"}
{"timestamp":"2026-08-29T01:28:22.158261Z","level":"info","event":"+----------+----------+------+---------------+-------------------+-------------------+----------------------------------+","logger":"task.stdout"}
{"timestamp":"2026-08-29T01:28:22.166687Z","level":"info","event":"only showing top 20 rows","logger":"task.stdout"}
{"timestamp":"2026-08-29T01:28:22.173728Z","level":"info","event":"","logger":"task.stdout"}
{"timestamp":"2026-08-29T01:28:24.147407Z","level":"info","event":"Patient utilization rows: 75","logger":"task.stdout"}
{"timestamp":"2026-08-29T01:28:49.549152Z","level":"info","event":"Done. Returned value was: None","task_id":"process_gold_patient_util","dag_id":"healthcare_pipeline","map_index":-1,"try_number":1,"run_id":"manual__2026-08-29T00:43:16.241480+00:00","ti_id":"01a04b20-bfcf-79bc-9bf4-a4bba5dab059","logger":"airflow.task.operators.airflow.providers.standard.decorators.python._PythonDecoratedOperator","filename":"python.py","lineno":233}
{"timestamp":"2026-08-29T01:28:49.580885Z","level":"info","event":"::group::Post Execute","task_id":"process_gold_patient_util","dag_id":"healthcare_pipeline","map_index":-1,"try_number":1,"run_id":"manual__2026-08-29T00:43:16.241480+00:00","ti_id":"01a04b20-bfcf-79bc-9bf4-a4bba5dab059","logger":"task","filename":"task_runner.py","lineno":1580}
{"timestamp":"2026-08-29T01:28:50.068335Z","level":"info","event":"::endgroup::","task_id":"process_gold_patient_util","dag_id":"healthcare_pipeline","map_index":-1,"try_number":1,"run_id":"manual__2026-08-29T00:43:16.241480+00:00","ti_id":"01a04b20-bfcf-79bc-9bf4-a4bba5dab059","logger":"task","filename":"task_runner.py","lineno":2379}
{"timestamp":"2026-08-29T01:28:55.516680Z","level":"error","event":"\r[Stage 0:>                                                          (0 + 6) / 6]\r\r[Stage 0:===========================================================(6 + 0) / 6]\r\r[Stage 2:>                                                         (0 + 8) / 50]\r\r[Stage 2:=====>                                                    (5 + 8) / 50]\r\r[Stage 2:========>                                                 (7 + 8) / 50]\r\r[Stage 2:=========>                                                (8 + 8) / 50]\r\r[Stage 2:============>                                            (11 + 8) / 50]\r\r[Stage 2:==================>                                      (16 + 8) / 50]\r\r[Stage 2:=====================>                                   (19 + 8) / 50]\r\r[Stage 2:======================>                                  (20 + 8) / 50]\r\r[Stage 2:=======================>                                 (21 + 8) / 50]\r\r[Stage 2:==========================>                              (23 + 8) / 50]\r\r[Stage 2:===========================>                             (24 + 8) / 50]\r\r[Stage 2:=============================>                           (26 + 8) / 50]\r\r[Stage 2:==================================>                      (30 + 8) / 50]\r\r[Stage 2:====================================>                    (32 + 8) / 50]\r\r[Stage 2:==========================================>              (37 + 8) / 50]\r\r[Stage 2:============================================>            (39 + 8) / 50]\r\r[Stage 2:===============================================>         (42 + 8) / 50]\r\r[Stage 2:=====================================================>   (47 + 3) / 50]\r\r[Stage 2:=======================================================> (49 + 1) / 50]\r\r                                                                                \r\r[Stage 4:>                                                         (0 + 8) / 50]\r\r[Stage 4:====>                                                     (4 + 8) / 50]\r\r[Stage 4:=========>                                                (8 + 8) / 50]\r\r[Stage 4:=================>                                       (15 + 9) / 50]\r\r[Stage 4:====================>                                    (18 + 8) / 50]\r\r[Stage 4:===========================>                             (24 + 8) / 50]\r\r[Stage 4:===============================>                         (28 + 8) / 50]\r\r[Stage 4:=================================>                       (29 + 8) / 50]\r\r[Stage 4:==========================================>              (37 + 8) / 50]\r\r[Stage 4:=====================================================>   (47 + 3) / 50]\r\r                                                                                \r\r[Stage 10:>                                                        (0 + 8) / 50]\r\r[Stage 10:=========>                                               (8 + 8) / 50]\r\r[Stage 10:=================>                                      (16 + 8) / 50]\r\r[Stage 10:============================>                           (25 + 8) / 50]\r\r[Stage 10:=======================================>                (35 + 8) / 50]\r\r[Stage 10:====================================================>   (47 + 3) / 50]\r\r                                                                                \r\r[Stage 11:>                                                         (0 + 2) / 2]\r\r                                                                                \r\r[Stage 16:=======================>                                (21 + 8) / 50]\r\r[Stage 16:=============================================>          (41 + 8) / 50]\r\r                                                                                \r\r[Stage 22:>                                                        (0 + 8) / 50]\r\r[Stage 22:=========>                                               (8 + 8) / 50]\r\r[Stage 22:=================>                                      (16 + 8) / 50]\r\r[Stage 22:======================>                                 (20 + 8) / 50]\r\r[Stage 22:============================>                           (25 + 8) / 50]\r\r[Stage 22:====================================>                   (33 + 8) / 50]\r\r[Stage 22:============================================>           (40 + 8) / 50]\r\r[Stage 22:=================================================>      (44 + 6) / 50]\r\r[Stage 22:======================================================> (49 + 1) / 50]\r\r[Stage 25:>                                                         (0 + 1) / 1]\r\r                                                                                \r\r[Stage 27:>                                                        (0 + 8) / 50]\r\r[Stage 27:===========>                                           (10 + 10) / 50]\r\r[Stage 27:=====================>                                  (19 + 8) / 50]\r\r[Stage 27:==============================>                         (27 + 9) / 50]\r\r[Stage 27:==================================================>     (45 + 5) / 50]\r\r                                                                                \r\r[Stage 29:===================================>                    (32 + 9) / 50]\r\r                                                                                \r\r[Stage 33:>                                                         (0 + 2) / 2]\r\r                                                                                \r\r[Stage 35:=========================>                              (23 + 8) / 50]\r\r[Stage 35:=============================================>          (41 + 9) / 50]","logger":"task.stderr"}
