{"timestamp":"2026-08-29T01:39:59.770001Z","level":"info","event":"::group::Pre Execute","logger":"task","filename":"task_runner.py","lineno":2412}
{"timestamp":"2026-08-29T01:39:59.821010Z","level":"info","event":"DAG bundles loaded: dags-folder","map_index":-1,"try_number":5,"dag_id":"healthcare_pipeline","ti_id":"01a04b2c-23df-7246-985f-1ddadf94ca9a","task_id":"process_gold_patient_util","run_id":"manual__2026-08-29T00:43:16.241480+00:00","logger":"airflow.dag_processing.bundles.manager.DagBundlesManager","filename":"manager.py","lineno":304}
{"timestamp":"2026-08-29T01:39:59.822253Z","level":"info","event":"Filling up the DagBag from /opt/airflow/dags/healthcare_pipeline.py","map_index":-1,"try_number":5,"dag_id":"healthcare_pipeline","ti_id":"01a04b2c-23df-7246-985f-1ddadf94ca9a","task_id":"process_gold_patient_util","run_id":"manual__2026-08-29T00:43:16.241480+00:00","logger":"airflow.dag_processing.dagbag.BundleDagBag","filename":"dagbag.py","lineno":460}
{"timestamp":"2026-08-29T01:40:00.419533Z","level":"info","event":"Worker startup parse complete","bundle_name":"dags-folder","bundle_version":null,"dag_file":"healthcare_pipeline.py","dag_id":"healthcare_pipeline","bundle_prepare_ms":2,"dag_file_parse_ms":597,"map_index":-1,"try_number":5,"ti_id":"01a04b2c-23df-7246-985f-1ddadf94ca9a","task_id":"process_gold_patient_util","run_id":"manual__2026-08-29T00:43:16.241480+00:00","logger":"task","filename":"task_runner.py","lineno":1073}
{"timestamp":"2026-08-29T01:40:00.448169Z","level":"info","event":"::endgroup::","map_index":-1,"try_number":5,"dag_id":"healthcare_pipeline","ti_id":"01a04b2c-23df-7246-985f-1ddadf94ca9a","task_id":"process_gold_patient_util","run_id":"manual__2026-08-29T00:43:16.241480+00:00","logger":"task","filename":"task_runner.py","lineno":2232}
{"timestamp":"2026-08-29T01:40:02.337219Z","level":"info","event":":: loading settings :: url = jar:file:/home/airflow/.local/lib/python3.11/site-packages/pyspark/jars/ivy-2.5.3.jar!/org/apache/ivy/core/settings/ivysettings.xml","logger":"task.stdout"}
{"timestamp":"2026-08-29T01:40:02.435331Z","level":"error","event":"Ivy Default Cache set to: /home/airflow/.ivy2/cache","logger":"task.stderr"}
{"timestamp":"2026-08-29T01:40:02.439034Z","level":"error","event":"The jars for the packages stored in: /home/airflow/.ivy2/jars","logger":"task.stderr"}
{"timestamp":"2026-08-29T01:40:02.445257Z","level":"error","event":"io.delta#delta-spark_2.12 added as a dependency","logger":"task.stderr"}
{"timestamp":"2026-08-29T01:40:02.449503Z","level":"error","event":":: resolving dependencies :: org.apache.spark#spark-submit-parent-be97c5d8-e7bb-4148-a00b-92da2b292791;1.0","logger":"task.stderr"}
{"timestamp":"2026-08-29T01:40:02.452630Z","level":"error","event":"\tconfs: [default]","logger":"task.stderr"}
{"timestamp":"2026-08-29T01:40:02.669852Z","level":"error","event":"\tfound io.delta#delta-spark_2.12;3.3.2 in spark-list","logger":"task.stderr"}
{"timestamp":"2026-08-29T01:40:02.703488Z","level":"error","event":"\tfound io.delta#delta-storage;3.3.2 in central","logger":"task.stderr"}
{"timestamp":"2026-08-29T01:40:02.728903Z","level":"error","event":"\tfound org.antlr#antlr4-runtime;4.9.3 in spark-list","logger":"task.stderr"}
{"timestamp":"2026-08-29T01:40:02.786356Z","level":"error","event":":: resolution report :: resolve 320ms :: artifacts dl 15ms","logger":"task.stderr"}
{"timestamp":"2026-08-29T01:40:02.789533Z","level":"error","event":"\t:: modules in use:","logger":"task.stderr"}
{"timestamp":"2026-08-29T01:40:02.792400Z","level":"error","event":"\tio.delta#delta-spark_2.12;3.3.2 from spark-list in [default]","logger":"task.stderr"}
{"timestamp":"2026-08-29T01:40:02.795165Z","level":"error","event":"\tio.delta#delta-storage;3.3.2 from central in [default]","logger":"task.stderr"}
{"timestamp":"2026-08-29T01:40:02.797260Z","level":"error","event":"\torg.antlr#antlr4-runtime;4.9.3 from spark-list in [default]","logger":"task.stderr"}
{"timestamp":"2026-08-29T01:40:02.800336Z","level":"error","event":"\t---------------------------------------------------------------------","logger":"task.stderr"}
{"timestamp":"2026-08-29T01:40:02.805155Z","level":"error","event":"\t|                  |            modules            ||   artifacts   |","logger":"task.stderr"}
{"timestamp":"2026-08-29T01:40:02.808419Z","level":"error","event":"\t|       conf       | number| search|dwnlded|evicted|| number|dwnlded|","logger":"task.stderr"}
{"timestamp":"2026-08-29T01:40:02.811592Z","level":"error","event":"\t---------------------------------------------------------------------","logger":"task.stderr"}
{"timestamp":"2026-08-29T01:40:02.814098Z","level":"error","event":"\t|      default     |   3   |   0   |   0   |   0   ||   3   |   0   |","logger":"task.stderr"}
{"timestamp":"2026-08-29T01:40:02.817081Z","level":"error","event":"\t---------------------------------------------------------------------","logger":"task.stderr"}
{"timestamp":"2026-08-29T01:40:02.819026Z","level":"error","event":":: retrieving :: org.apache.spark#spark-submit-parent-be97c5d8-e7bb-4148-a00b-92da2b292791","logger":"task.stderr"}
{"timestamp":"2026-08-29T01:40:02.821270Z","level":"error","event":"\tconfs: [default]","logger":"task.stderr"}
{"timestamp":"2026-08-29T01:40:02.823590Z","level":"error","event":"\t0 artifacts copied, 3 already retrieved (0kB/12ms)","logger":"task.stderr"}
{"timestamp":"2026-08-29T01:40:03.271533Z","level":"error","event":"26/08/29 01:40:03 WARN NativeCodeLoader: Unable to load native-hadoop library for your platform... using builtin-java classes where applicable","logger":"task.stderr"}
{"timestamp":"2026-08-29T01:40:03.611419Z","level":"error","event":"Setting default log level to \"WARN\".","logger":"task.stderr"}
{"timestamp":"2026-08-29T01:40:03.614045Z","level":"error","event":"To adjust logging level use sc.setLogLevel(newLevel). For SparkR, use setLogLevel(newLevel).","logger":"task.stderr"}
{"timestamp":"2026-08-29T01:40:04.846993Z","level":"error","event":"26/08/29 01:40:04 WARN Utils: Service 'SparkUI' could not bind on port 4040. Attempting port 4041.","logger":"task.stderr"}
{"timestamp":"2026-08-29T01:40:04.863987Z","level":"error","event":"26/08/29 01:40:04 WARN Utils: Service 'SparkUI' could not bind on port 4041. Attempting port 4042.","logger":"task.stderr"}
{"timestamp":"2026-08-29T01:40:04.866971Z","level":"error","event":"26/08/29 01:40:04 WARN Utils: Service 'SparkUI' could not bind on port 4042. Attempting port 4043.","logger":"task.stderr"}
{"timestamp":"2026-08-29T01:40:13.738298Z","level":"error","event":"26/08/29 01:40:13 WARN SparkStringUtils: Truncated the string representation of a plan since it was too large. This behavior can be adjusted by setting 'spark.sql.debug.maxToStringFields'.","logger":"task.stderr"}
{"timestamp":"2026-08-29T01:40:43.862193Z","level":"info","event":"+----------+----------+------+---------------+-------------------+-------------------+----------------------------------+","logger":"task.stdout"}
{"timestamp":"2026-08-29T01:40:43.870423Z","level":"info","event":"|patient_id|birth_date|gender|encounter_count|first_encounter_at |latest_encounter_at|average_encounter_duration_minutes|","logger":"task.stdout"}
{"timestamp":"2026-08-29T01:40:43.898151Z","level":"info","event":"+----------+----------+------+---------------+-------------------+-------------------+----------------------------------+","logger":"task.stdout"}
{"timestamp":"2026-08-29T01:40:43.906458Z","level":"info","event":"|10627     |1978-10-20|female|19             |1996-12-20 21:31:36|2024-11-22 21:31:36|134.8236842105263                 |","logger":"task.stdout"}
{"timestamp":"2026-08-29T01:40:43.913386Z","level":"info","event":"|10940     |1951-08-28|female|44             |1969-10-21 21:08:36|2026-01-27 21:08:36|2762.5371212121213                |","logger":"task.stdout"}
{"timestamp":"2026-08-29T01:40:43.923642Z","level":"info","event":"|12069     |2019-12-30|female|24             |2019-12-30 09:52:39|2025-12-22 09:52:39|34.98125                          |","logger":"task.stdout"}
{"timestamp":"2026-08-29T01:40:43.935303Z","level":"info","event":"|12497     |1993-08-01|male  |26             |2009-09-14 04:16:50|2026-04-27 04:16:50|69.56602564102563                 |","logger":"task.stdout"}
{"timestamp":"2026-08-29T01:40:43.948615Z","level":"info","event":"|186568    |2015-11-01|female|24             |2016-06-27 13:55:02|2025-11-16 09:55:02|38.84236111111111                 |","logger":"task.stdout"}
{"timestamp":"2026-08-29T01:40:43.955225Z","level":"info","event":"|186886    |2015-11-01|female|24             |2016-06-27 13:55:02|2025-11-16 09:55:02|38.84236111111111                 |","logger":"task.stdout"}
{"timestamp":"2026-08-29T01:40:43.962462Z","level":"info","event":"|186935    |2012-07-02|male  |18             |2016-06-06 15:18:19|2026-08-03 15:18:19|53.61388888888889                 |","logger":"task.stdout"}
{"timestamp":"2026-08-29T01:40:43.967241Z","level":"info","event":"|187253    |2012-07-02|male  |20             |2016-06-06 15:18:19|2026-08-03 15:18:19|61.0625                           |","logger":"task.stdout"}
{"timestamp":"2026-08-29T01:40:43.971139Z","level":"info","event":"|187279    |1944-05-21|female|63             |1962-07-15 12:20:23|2026-06-26 12:51:52|606.5719576719576                 |","logger":"task.stdout"}
{"timestamp":"2026-08-29T01:40:43.973400Z","level":"info","event":"|187597    |1944-05-21|female|66             |1962-07-15 12:20:23|2026-06-26 12:51:52|584.0219696969697                 |","logger":"task.stdout"}
{"timestamp":"2026-08-29T01:40:43.975542Z","level":"info","event":"|189026    |1996-08-27|male  |33             |1997-06-10 00:25:36|2026-03-17 15:25:36|62.389898989898995                |","logger":"task.stdout"}
{"timestamp":"2026-08-29T01:40:43.980110Z","level":"info","event":"|189344    |1996-08-27|male  |34             |1997-06-10 00:25:36|2026-03-17 15:25:36|62.19950980392158                 |","logger":"task.stdout"}
{"timestamp":"2026-08-29T01:40:43.985460Z","level":"info","event":"|189697    |2016-12-30|male  |28             |2016-12-30 16:12:20|2026-01-02 16:12:20|36.864285714285714                |","logger":"task.stdout"}
{"timestamp":"2026-08-29T01:40:43.989392Z","level":"info","event":"|190015    |2016-12-30|male  |28             |2016-12-30 16:12:20|2026-01-02 16:12:20|36.864285714285714                |","logger":"task.stdout"}
{"timestamp":"2026-08-29T01:40:43.992551Z","level":"info","event":"|190188    |1979-10-13|male  |30             |1982-11-25 14:42:43|2025-11-01 14:42:43|47.809444444444445                |","logger":"task.stdout"}
{"timestamp":"2026-08-29T01:40:43.997400Z","level":"info","event":"|190506    |1979-10-13|male  |31             |1982-11-25 14:42:43|2025-11-01 14:42:43|46.7510752688172                  |","logger":"task.stdout"}
{"timestamp":"2026-08-29T01:40:43.999383Z","level":"info","event":"|190589    |1963-07-28|male  |27             |1981-09-20 07:18:40|2002-05-12 07:18:40|1666.733950617284                 |","logger":"task.stdout"}
{"timestamp":"2026-08-29T01:40:44.004249Z","level":"info","event":"|190907    |1963-07-28|male  |27             |1981-09-20 07:18:40|2002-05-12 07:18:40|1666.733950617284                 |","logger":"task.stdout"}
{"timestamp":"2026-08-29T01:40:44.010355Z","level":"info","event":"|191334    |1929-08-20|female|74             |1947-10-15 04:04:46|2022-04-06 04:04:46|2389.5036036036036                |","logger":"task.stdout"}
{"timestamp":"2026-08-29T01:40:44.013671Z","level":"info","event":"|191652    |1929-08-20|female|76             |1947-10-15 04:04:46|2022-04-06 04:04:46|2327.8342105263155                |","logger":"task.stdout"}
{"timestamp":"2026-08-29T01:40:44.016096Z","level":"info","event":"+----------+----------+------+---------------+-------------------+-------------------+----------------------------------+","logger":"task.stdout"}
{"timestamp":"2026-08-29T01:40:44.019028Z","level":"info","event":"only showing top 20 rows","logger":"task.stdout"}
{"timestamp":"2026-08-29T01:40:44.022139Z","level":"info","event":"","logger":"task.stdout"}
{"timestamp":"2026-08-29T01:40:45.919326Z","level":"info","event":"Patient utilization rows: 75","logger":"task.stdout"}
{"timestamp":"2026-08-29T01:41:11.744208Z","level":"info","event":"Done. Returned value was: None","map_index":-1,"try_number":5,"dag_id":"healthcare_pipeline","ti_id":"01a04b2c-23df-7246-985f-1ddadf94ca9a","task_id":"process_gold_patient_util","run_id":"manual__2026-08-29T00:43:16.241480+00:00","logger":"airflow.task.operators.airflow.providers.standard.decorators.python._PythonDecoratedOperator","filename":"python.py","lineno":233}
{"timestamp":"2026-08-29T01:41:11.757385Z","level":"info","event":"::group::Post Execute","map_index":-1,"try_number":5,"dag_id":"healthcare_pipeline","ti_id":"01a04b2c-23df-7246-985f-1ddadf94ca9a","task_id":"process_gold_patient_util","run_id":"manual__2026-08-29T00:43:16.241480+00:00","logger":"task","filename":"task_runner.py","lineno":1580}
{"timestamp":"2026-08-29T01:41:11.987058Z","level":"info","event":"::endgroup::","map_index":-1,"try_number":5,"dag_id":"healthcare_pipeline","ti_id":"01a04b2c-23df-7246-985f-1ddadf94ca9a","task_id":"process_gold_patient_util","run_id":"manual__2026-08-29T00:43:16.241480+00:00","logger":"task","filename":"task_runner.py","lineno":2379}
{"timestamp":"2026-08-29T01:41:13.744285Z","level":"error","event":"\r[Stage 0:>                                                          (0 + 6) / 6]\r\r[Stage 2:>                                                         (0 + 8) / 50]\r\r[Stage 2:>                                                         (0 + 9) / 50]\r\r[Stage 2:=========>                                                (8 + 8) / 50]\r\r[Stage 2:===========>                                             (10 + 8) / 50]\r\r[Stage 2:==================>                                      (16 + 8) / 50]\r\r[Stage 2:=========================>                               (22 + 8) / 50]\r\r[Stage 2:==========================>                              (23 + 8) / 50]\r\r[Stage 2:============================>                            (25 + 8) / 50]\r\r[Stage 2:=================================>                       (29 + 8) / 50]\r\r[Stage 2:===================================>                     (31 + 8) / 50]\r\r[Stage 2:=========================================>               (36 + 8) / 50]\r\r[Stage 2:============================================>            (39 + 8) / 50]\r\r[Stage 2:=====================================================>   (47 + 3) / 50]\r\r                                                                                \r\r[Stage 4:>                                                         (0 + 8) / 50]\r\r[Stage 4:==========>                                               (9 + 8) / 50]\r\r[Stage 4:=====================>                                   (19 + 8) / 50]\r\r[Stage 4:=======================================>                 (35 + 8) / 50]\r\r                                                                                \r\r[Stage 10:>                                                        (0 + 8) / 50]\r\r[Stage 10:=========>                                               (8 + 8) / 50]\r\r[Stage 10:==============>                                         (13 + 9) / 50]\r\r[Stage 10:===================>                                    (17 + 8) / 50]\r\r[Stage 10:============================>                           (25 + 8) / 50]\r\r[Stage 10:====================================>                   (33 + 8) / 50]\r\r[Stage 10:===========================================>            (39 + 8) / 50]\r\r[Stage 10:====================================================>   (47 + 3) / 50]\r\r                                                                                \r\r[Stage 11:>                                                         (0 + 2) / 2]\r\r                                                                                \r\r[Stage 16:=========================================>              (37 + 8) / 50]\r\r                                                                                \r\r[Stage 22:================>                                       (15 + 8) / 50]\r\r[Stage 22:=====================>                                  (19 + 8) / 50]\r\r[Stage 22:=============================>                          (26 + 8) / 50]\r\r[Stage 22:====================================>                   (33 + 8) / 50]\r\r[Stage 22:===========================================>            (39 + 8) / 50]\r\r                                                                                \r\r[Stage 27:=>                                                       (1 + 8) / 50]\r\r[Stage 27:================================>                       (29 + 8) / 50]\r\r                                                                                \r\r[Stage 30:>                                                         (0 + 2) / 2]\r\r                                                                                \r\r[Stage 33:>                                                         (0 + 2) / 2]\r\r                                                                                \r\r[Stage 35:==============================>                         (27 + 8) / 50]\r\r[Stage 35:==================================================>     (45 + 5) / 50]\r\r                                                                                \r\r[Stage 38:===============>                                        (14 + 8) / 50]\r\r[Stage 38:=====================>                                  (19 + 8) / 50]\r\r[Stage 38:=============================>                          (26 + 8) / 50]\r\r[Stage 38:=================================>                      (30 + 8) / 50]\r\r[Stage 38:========================================>               (36 + 8) / 50]\r\r[Stage 38:==================================================>     (45 + 5) / 50]\r\r                                                                                \r\r[Stage 43:====================>                                   (18 + 8) / 50]\r\r[Stage 43:==========================================>             (38 + 9) / 50]\r\r                                                                                \r\r[Stage 48:>                                                         (0 + 1) / 1]","logger":"task.stderr"}
