{"timestamp":"2026-08-29T01:47:33.800291Z","level":"info","event":"::group::Pre Execute","logger":"task","filename":"task_runner.py","lineno":2412}
{"timestamp":"2026-08-29T01:47:33.835506Z","level":"info","event":"DAG bundles loaded: dags-folder","map_index":-1,"try_number":6,"run_id":"manual__2026-08-29T00:43:16.241480+00:00","task_id":"process_gold_patient_util","dag_id":"healthcare_pipeline","ti_id":"01a04b33-0ece-765c-abe7-4000bfc57d20","logger":"airflow.dag_processing.bundles.manager.DagBundlesManager","filename":"manager.py","lineno":304}
{"timestamp":"2026-08-29T01:47:33.836588Z","level":"info","event":"Filling up the DagBag from /opt/airflow/dags/healthcare_pipeline.py","map_index":-1,"try_number":6,"run_id":"manual__2026-08-29T00:43:16.241480+00:00","task_id":"process_gold_patient_util","dag_id":"healthcare_pipeline","ti_id":"01a04b33-0ece-765c-abe7-4000bfc57d20","logger":"airflow.dag_processing.dagbag.BundleDagBag","filename":"dagbag.py","lineno":460}
{"timestamp":"2026-08-29T01:47:34.398204Z","level":"info","event":"Worker startup parse complete","bundle_name":"dags-folder","bundle_version":null,"dag_file":"healthcare_pipeline.py","dag_id":"healthcare_pipeline","bundle_prepare_ms":3,"dag_file_parse_ms":561,"map_index":-1,"try_number":6,"run_id":"manual__2026-08-29T00:43:16.241480+00:00","task_id":"process_gold_patient_util","ti_id":"01a04b33-0ece-765c-abe7-4000bfc57d20","logger":"task","filename":"task_runner.py","lineno":1073}
{"timestamp":"2026-08-29T01:47:34.436932Z","level":"info","event":"::endgroup::","map_index":-1,"try_number":6,"run_id":"manual__2026-08-29T00:43:16.241480+00:00","task_id":"process_gold_patient_util","dag_id":"healthcare_pipeline","ti_id":"01a04b33-0ece-765c-abe7-4000bfc57d20","logger":"task","filename":"task_runner.py","lineno":2232}
{"timestamp":"2026-08-29T01:47:36.259366Z","level":"info","event":":: loading settings :: url = jar:file:/home/airflow/.local/lib/python3.11/site-packages/pyspark/jars/ivy-2.5.3.jar!/org/apache/ivy/core/settings/ivysettings.xml","logger":"task.stdout"}
{"timestamp":"2026-08-29T01:47:36.411834Z","level":"error","event":"Ivy Default Cache set to: /home/airflow/.ivy2/cache","logger":"task.stderr"}
{"timestamp":"2026-08-29T01:47:36.415888Z","level":"error","event":"The jars for the packages stored in: /home/airflow/.ivy2/jars","logger":"task.stderr"}
{"timestamp":"2026-08-29T01:47:36.418871Z","level":"error","event":"io.delta#delta-spark_2.12 added as a dependency","logger":"task.stderr"}
{"timestamp":"2026-08-29T01:47:36.422588Z","level":"error","event":":: resolving dependencies :: org.apache.spark#spark-submit-parent-9c21b76b-b420-4b9c-8a95-96ffe8100cb5;1.0","logger":"task.stderr"}
{"timestamp":"2026-08-29T01:47:36.425778Z","level":"error","event":"\tconfs: [default]","logger":"task.stderr"}
{"timestamp":"2026-08-29T01:47:36.582285Z","level":"error","event":"\tfound io.delta#delta-spark_2.12;3.3.2 in spark-list","logger":"task.stderr"}
{"timestamp":"2026-08-29T01:47:36.675323Z","level":"error","event":"\tfound io.delta#delta-storage;3.3.2 in central","logger":"task.stderr"}
{"timestamp":"2026-08-29T01:47:36.739699Z","level":"error","event":"\tfound org.antlr#antlr4-runtime;4.9.3 in spark-list","logger":"task.stderr"}
{"timestamp":"2026-08-29T01:47:36.784811Z","level":"error","event":":: resolution report :: resolve 340ms :: artifacts dl 28ms","logger":"task.stderr"}
{"timestamp":"2026-08-29T01:47:36.789418Z","level":"error","event":"\t:: modules in use:","logger":"task.stderr"}
{"timestamp":"2026-08-29T01:47:36.794233Z","level":"error","event":"\tio.delta#delta-spark_2.12;3.3.2 from spark-list in [default]","logger":"task.stderr"}
{"timestamp":"2026-08-29T01:47:36.796743Z","level":"error","event":"\tio.delta#delta-storage;3.3.2 from central in [default]","logger":"task.stderr"}
{"timestamp":"2026-08-29T01:47:36.799466Z","level":"error","event":"\torg.antlr#antlr4-runtime;4.9.3 from spark-list in [default]","logger":"task.stderr"}
{"timestamp":"2026-08-29T01:47:36.803451Z","level":"error","event":"\t---------------------------------------------------------------------","logger":"task.stderr"}
{"timestamp":"2026-08-29T01:47:36.807599Z","level":"error","event":"\t|                  |            modules            ||   artifacts   |","logger":"task.stderr"}
{"timestamp":"2026-08-29T01:47:36.809402Z","level":"error","event":"\t|       conf       | number| search|dwnlded|evicted|| number|dwnlded|","logger":"task.stderr"}
{"timestamp":"2026-08-29T01:47:36.812210Z","level":"error","event":"\t---------------------------------------------------------------------","logger":"task.stderr"}
{"timestamp":"2026-08-29T01:47:36.814569Z","level":"error","event":"\t|      default     |   3   |   0   |   0   |   0   ||   3   |   0   |","logger":"task.stderr"}
{"timestamp":"2026-08-29T01:47:36.816361Z","level":"error","event":"\t---------------------------------------------------------------------","logger":"task.stderr"}
{"timestamp":"2026-08-29T01:47:36.818484Z","level":"error","event":":: retrieving :: org.apache.spark#spark-submit-parent-9c21b76b-b420-4b9c-8a95-96ffe8100cb5","logger":"task.stderr"}
{"timestamp":"2026-08-29T01:47:36.820710Z","level":"error","event":"\tconfs: [default]","logger":"task.stderr"}
{"timestamp":"2026-08-29T01:47:36.824390Z","level":"error","event":"\t0 artifacts copied, 3 already retrieved (0kB/17ms)","logger":"task.stderr"}
{"timestamp":"2026-08-29T01:47:37.884296Z","level":"error","event":"26/08/29 01:47:37 WARN NativeCodeLoader: Unable to load native-hadoop library for your platform... using builtin-java classes where applicable","logger":"task.stderr"}
{"timestamp":"2026-08-29T01:47:38.193054Z","level":"error","event":"Setting default log level to \"WARN\".","logger":"task.stderr"}
{"timestamp":"2026-08-29T01:47:38.195622Z","level":"error","event":"To adjust logging level use sc.setLogLevel(newLevel). For SparkR, use setLogLevel(newLevel).","logger":"task.stderr"}
{"timestamp":"2026-08-29T01:47:39.503959Z","level":"error","event":"26/08/29 01:47:39 WARN Utils: Service 'SparkUI' could not bind on port 4040. Attempting port 4041.","logger":"task.stderr"}
{"timestamp":"2026-08-29T01:47:48.324189Z","level":"error","event":"26/08/29 01:47:48 WARN SparkStringUtils: Truncated the string representation of a plan since it was too large. This behavior can be adjusted by setting 'spark.sql.debug.maxToStringFields'.","logger":"task.stderr"}
{"timestamp":"2026-08-29T01:48:22.865065Z","level":"info","event":"+----------+----------+------+---------------+-------------------+-------------------+----------------------------------+","logger":"task.stdout"}
{"timestamp":"2026-08-29T01:48:22.870293Z","level":"info","event":"|patient_id|birth_date|gender|encounter_count|first_encounter_at |latest_encounter_at|average_encounter_duration_minutes|","logger":"task.stdout"}
{"timestamp":"2026-08-29T01:48:22.873193Z","level":"info","event":"+----------+----------+------+---------------+-------------------+-------------------+----------------------------------+","logger":"task.stdout"}
{"timestamp":"2026-08-29T01:48:22.875453Z","level":"info","event":"|10627     |1978-10-20|female|19             |1996-12-20 21:31:36|2024-11-22 21:31:36|134.8236842105263                 |","logger":"task.stdout"}
{"timestamp":"2026-08-29T01:48:22.880193Z","level":"info","event":"|10940     |1951-08-28|female|44             |1969-10-21 21:08:36|2026-01-27 21:08:36|2762.5371212121213                |","logger":"task.stdout"}
{"timestamp":"2026-08-29T01:48:22.884294Z","level":"info","event":"|12069     |2019-12-30|female|24             |2019-12-30 09:52:39|2025-12-22 09:52:39|34.98125                          |","logger":"task.stdout"}
{"timestamp":"2026-08-29T01:48:22.890384Z","level":"info","event":"|12497     |1993-08-01|male  |26             |2009-09-14 04:16:50|2026-04-27 04:16:50|69.56602564102563                 |","logger":"task.stdout"}
{"timestamp":"2026-08-29T01:48:22.897105Z","level":"info","event":"|186568    |2015-11-01|female|24             |2016-06-27 13:55:02|2025-11-16 09:55:02|38.84236111111111                 |","logger":"task.stdout"}
{"timestamp":"2026-08-29T01:48:22.903156Z","level":"info","event":"|186886    |2015-11-01|female|24             |2016-06-27 13:55:02|2025-11-16 09:55:02|38.84236111111111                 |","logger":"task.stdout"}
{"timestamp":"2026-08-29T01:48:22.915540Z","level":"info","event":"|186935    |2012-07-02|male  |18             |2016-06-06 15:18:19|2026-08-03 15:18:19|53.61388888888889                 |","logger":"task.stdout"}
{"timestamp":"2026-08-29T01:48:22.918620Z","level":"info","event":"|187253    |2012-07-02|male  |20             |2016-06-06 15:18:19|2026-08-03 15:18:19|61.0625                           |","logger":"task.stdout"}
{"timestamp":"2026-08-29T01:48:22.922821Z","level":"info","event":"|187279    |1944-05-21|female|63             |1962-07-15 12:20:23|2026-06-26 12:51:52|606.5719576719576                 |","logger":"task.stdout"}
{"timestamp":"2026-08-29T01:48:22.925561Z","level":"info","event":"|187597    |1944-05-21|female|66             |1962-07-15 12:20:23|2026-06-26 12:51:52|584.0219696969697                 |","logger":"task.stdout"}
{"timestamp":"2026-08-29T01:48:22.929511Z","level":"info","event":"|189026    |1996-08-27|male  |33             |1997-06-10 00:25:36|2026-03-17 15:25:36|62.389898989898995                |","logger":"task.stdout"}
{"timestamp":"2026-08-29T01:48:22.932129Z","level":"info","event":"|189344    |1996-08-27|male  |34             |1997-06-10 00:25:36|2026-03-17 15:25:36|62.19950980392158                 |","logger":"task.stdout"}
{"timestamp":"2026-08-29T01:48:22.934166Z","level":"info","event":"|189697    |2016-12-30|male  |28             |2016-12-30 16:12:20|2026-01-02 16:12:20|36.864285714285714                |","logger":"task.stdout"}
{"timestamp":"2026-08-29T01:48:22.937677Z","level":"info","event":"|190015    |2016-12-30|male  |28             |2016-12-30 16:12:20|2026-01-02 16:12:20|36.864285714285714                |","logger":"task.stdout"}
{"timestamp":"2026-08-29T01:48:22.939681Z","level":"info","event":"|190188    |1979-10-13|male  |30             |1982-11-25 14:42:43|2025-11-01 14:42:43|47.809444444444445                |","logger":"task.stdout"}
{"timestamp":"2026-08-29T01:48:22.942665Z","level":"info","event":"|190506    |1979-10-13|male  |31             |1982-11-25 14:42:43|2025-11-01 14:42:43|46.7510752688172                  |","logger":"task.stdout"}
{"timestamp":"2026-08-29T01:48:22.946148Z","level":"info","event":"|190589    |1963-07-28|male  |27             |1981-09-20 07:18:40|2002-05-12 07:18:40|1666.733950617284                 |","logger":"task.stdout"}
{"timestamp":"2026-08-29T01:48:22.948215Z","level":"info","event":"|190907    |1963-07-28|male  |27             |1981-09-20 07:18:40|2002-05-12 07:18:40|1666.733950617284                 |","logger":"task.stdout"}
{"timestamp":"2026-08-29T01:48:22.957585Z","level":"info","event":"|191334    |1929-08-20|female|74             |1947-10-15 04:04:46|2022-04-06 04:04:46|2389.5036036036036                |","logger":"task.stdout"}
{"timestamp":"2026-08-29T01:48:22.962979Z","level":"info","event":"|191652    |1929-08-20|female|76             |1947-10-15 04:04:46|2022-04-06 04:04:46|2327.8342105263155                |","logger":"task.stdout"}
{"timestamp":"2026-08-29T01:48:22.967618Z","level":"info","event":"+----------+----------+------+---------------+-------------------+-------------------+----------------------------------+","logger":"task.stdout"}
{"timestamp":"2026-08-29T01:48:22.972156Z","level":"info","event":"only showing top 20 rows","logger":"task.stdout"}
{"timestamp":"2026-08-29T01:48:22.975363Z","level":"info","event":"","logger":"task.stdout"}
{"timestamp":"2026-08-29T01:48:24.987044Z","level":"info","event":"Patient utilization rows: 75","logger":"task.stdout"}
{"timestamp":"2026-08-29T01:48:43.864785Z","level":"info","event":"Done. Returned value was: None","map_index":-1,"try_number":6,"run_id":"manual__2026-08-29T00:43:16.241480+00:00","task_id":"process_gold_patient_util","dag_id":"healthcare_pipeline","ti_id":"01a04b33-0ece-765c-abe7-4000bfc57d20","logger":"airflow.task.operators.airflow.providers.standard.decorators.python._PythonDecoratedOperator","filename":"python.py","lineno":233}
{"timestamp":"2026-08-29T01:48:43.886677Z","level":"info","event":"::group::Post Execute","map_index":-1,"try_number":6,"run_id":"manual__2026-08-29T00:43:16.241480+00:00","task_id":"process_gold_patient_util","dag_id":"healthcare_pipeline","ti_id":"01a04b33-0ece-765c-abe7-4000bfc57d20","logger":"task","filename":"task_runner.py","lineno":1580}
{"timestamp":"2026-08-29T01:48:44.110768Z","level":"info","event":"::endgroup::","map_index":-1,"try_number":6,"run_id":"manual__2026-08-29T00:43:16.241480+00:00","task_id":"process_gold_patient_util","dag_id":"healthcare_pipeline","ti_id":"01a04b33-0ece-765c-abe7-4000bfc57d20","logger":"task","filename":"task_runner.py","lineno":2379}
{"timestamp":"2026-08-29T01:48:47.735006Z","level":"error","event":"\r[Stage 0:>                                                          (0 + 6) / 6]\r\r[Stage 2:>                                                         (0 + 8) / 50]\r\r[Stage 2:========>                                                 (7 + 9) / 50]\r\r[Stage 2:=========>                                                (8 + 8) / 50]\r\r[Stage 2:==========>                                               (9 + 8) / 50]\r\r[Stage 2:============>                                            (11 + 8) / 50]\r\r[Stage 2:=============>                                           (12 + 8) / 50]\r\r[Stage 2:==================>                                      (16 + 8) / 50]\r\r[Stage 2:==========================>                              (23 + 8) / 50]\r\r[Stage 2:===========================>                             (24 + 8) / 50]\r\r[Stage 2:==================================>                      (30 + 9) / 50]\r\r[Stage 2:=====================================>                   (33 + 8) / 50]\r\r[Stage 2:=============================================>           (40 + 8) / 50]\r\r[Stage 2:====================================================>    (46 + 4) / 50]\r\r                                                                                \r\r[Stage 4:>                                                         (0 + 8) / 50]\r\r[Stage 4:>                                                         (0 + 9) / 50]\r\r[Stage 4:=========>                                                (8 + 8) / 50]\r\r[Stage 4:==================>                                      (16 + 8) / 50]\r\r[Stage 4:===========================>                             (24 + 8) / 50]\r\r[Stage 4:===================================>                     (31 + 8) / 50]\r\r[Stage 4:============================================>            (39 + 8) / 50]\r\r[Stage 4:======================================================>  (48 + 2) / 50]\r\r                                                                                \r\r[Stage 10:===================>                                    (17 + 8) / 50]\r\r[Stage 10:========================>                               (22 + 8) / 50]\r\r[Stage 10:=============================>                          (26 + 8) / 50]\r\r[Stage 10:===================================>                    (32 + 8) / 50]\r\r[Stage 10:======================================>                 (34 + 8) / 50]\r\r[Stage 10:===========================================>            (39 + 8) / 50]\r\r[Stage 10:================================================>       (43 + 7) / 50]\r\r[Stage 10:====================================================>   (47 + 3) / 50]\r\r                                                                                \r\r[Stage 11:>                                                         (0 + 2) / 2]\r\r                                                                                \r\r[Stage 16:=============>                                          (12 + 8) / 50]\r\r[Stage 16:=========================================>             (38 + 10) / 50]\r\r                                                                                \r\r[Stage 20:>                                                         (0 + 1) / 1]\r\r[Stage 22:==>                                                      (2 + 8) / 50]\r\r[Stage 22:=========>                                               (8 + 8) / 50]\r\r[Stage 22:============>                                           (11 + 8) / 50]\r\r[Stage 22:================>                                       (15 + 8) / 50]\r\r[Stage 22:========================>                               (22 + 8) / 50]\r\r[Stage 22:=========================>                              (23 + 8) / 50]\r\r[Stage 22:====================================>                   (33 + 8) / 50]\r\r[Stage 22:============================================>           (40 + 8) / 50]\r\r[Stage 22:======================================================> (49 + 1) / 50]\r\r                                                                                \r\r[Stage 27:>                                                        (0 + 8) / 50]\r\r[Stage 27:=====>                                                   (5 + 9) / 50]\r\r[Stage 27:================>                                       (15 + 8) / 50]\r\r[Stage 27:========================>                              (22 + 11) / 50]\r\r                                                                                \r\r[Stage 29:======================================================> (49 + 1) / 50]\r\r                                                                                \r\r[Stage 33:>                                                         (0 + 2) / 2]\r\r                                                                                \r\r[Stage 35:===================================================>    (46 + 4) / 50]","logger":"task.stderr"}
