{"timestamp":"2026-08-29T01:34:42.963344Z","level":"info","event":"::group::Pre Execute","logger":"task","filename":"task_runner.py","lineno":2412}
{"timestamp":"2026-08-29T01:34:42.989821Z","level":"info","event":"DAG bundles loaded: dags-folder","try_number":3,"run_id":"manual__2026-08-29T00:43:16.241480+00:00","ti_id":"01a04b27-5aac-7d20-86e9-1809a331fb32","dag_id":"healthcare_pipeline","map_index":-1,"task_id":"process_gold_patient_util","logger":"airflow.dag_processing.bundles.manager.DagBundlesManager","filename":"manager.py","lineno":304}
{"timestamp":"2026-08-29T01:34:42.991148Z","level":"info","event":"Filling up the DagBag from /opt/airflow/dags/healthcare_pipeline.py","try_number":3,"run_id":"manual__2026-08-29T00:43:16.241480+00:00","ti_id":"01a04b27-5aac-7d20-86e9-1809a331fb32","dag_id":"healthcare_pipeline","map_index":-1,"task_id":"process_gold_patient_util","logger":"airflow.dag_processing.dagbag.BundleDagBag","filename":"dagbag.py","lineno":460}
{"timestamp":"2026-08-29T01:34:43.480118Z","level":"info","event":"Worker startup parse complete","bundle_name":"dags-folder","bundle_version":null,"dag_file":"healthcare_pipeline.py","dag_id":"healthcare_pipeline","bundle_prepare_ms":2,"dag_file_parse_ms":489,"try_number":3,"run_id":"manual__2026-08-29T00:43:16.241480+00:00","ti_id":"01a04b27-5aac-7d20-86e9-1809a331fb32","map_index":-1,"task_id":"process_gold_patient_util","logger":"task","filename":"task_runner.py","lineno":1073}
{"timestamp":"2026-08-29T01:34:43.509585Z","level":"info","event":"::endgroup::","try_number":3,"run_id":"manual__2026-08-29T00:43:16.241480+00:00","ti_id":"01a04b27-5aac-7d20-86e9-1809a331fb32","dag_id":"healthcare_pipeline","map_index":-1,"task_id":"process_gold_patient_util","logger":"task","filename":"task_runner.py","lineno":2232}
{"timestamp":"2026-08-29T01:34:45.346561Z","level":"info","event":":: loading settings :: url = jar:file:/home/airflow/.local/lib/python3.11/site-packages/pyspark/jars/ivy-2.5.3.jar!/org/apache/ivy/core/settings/ivysettings.xml","logger":"task.stdout"}
{"timestamp":"2026-08-29T01:34:45.450673Z","level":"error","event":"Ivy Default Cache set to: /home/airflow/.ivy2/cache","logger":"task.stderr"}
{"timestamp":"2026-08-29T01:34:45.453557Z","level":"error","event":"The jars for the packages stored in: /home/airflow/.ivy2/jars","logger":"task.stderr"}
{"timestamp":"2026-08-29T01:34:45.457046Z","level":"error","event":"io.delta#delta-spark_2.12 added as a dependency","logger":"task.stderr"}
{"timestamp":"2026-08-29T01:34:45.460341Z","level":"error","event":":: resolving dependencies :: org.apache.spark#spark-submit-parent-e89fb9c9-4287-4482-a38f-14b4f67f7bdb;1.0","logger":"task.stderr"}
{"timestamp":"2026-08-29T01:34:45.463547Z","level":"error","event":"\tconfs: [default]","logger":"task.stderr"}
{"timestamp":"2026-08-29T01:34:45.640582Z","level":"error","event":"\tfound io.delta#delta-spark_2.12;3.3.2 in spark-list","logger":"task.stderr"}
{"timestamp":"2026-08-29T01:34:45.669448Z","level":"error","event":"\tfound io.delta#delta-storage;3.3.2 in central","logger":"task.stderr"}
{"timestamp":"2026-08-29T01:34:45.694348Z","level":"error","event":"\tfound org.antlr#antlr4-runtime;4.9.3 in spark-list","logger":"task.stderr"}
{"timestamp":"2026-08-29T01:34:45.713276Z","level":"error","event":":: resolution report :: resolve 246ms :: artifacts dl 8ms","logger":"task.stderr"}
{"timestamp":"2026-08-29T01:34:45.719177Z","level":"error","event":"\t:: modules in use:","logger":"task.stderr"}
{"timestamp":"2026-08-29T01:34:45.721967Z","level":"error","event":"\tio.delta#delta-spark_2.12;3.3.2 from spark-list in [default]","logger":"task.stderr"}
{"timestamp":"2026-08-29T01:34:45.724252Z","level":"error","event":"\tio.delta#delta-storage;3.3.2 from central in [default]","logger":"task.stderr"}
{"timestamp":"2026-08-29T01:34:45.726327Z","level":"error","event":"\torg.antlr#antlr4-runtime;4.9.3 from spark-list in [default]","logger":"task.stderr"}
{"timestamp":"2026-08-29T01:34:45.728712Z","level":"error","event":"\t---------------------------------------------------------------------","logger":"task.stderr"}
{"timestamp":"2026-08-29T01:34:45.734251Z","level":"error","event":"\t|                  |            modules            ||   artifacts   |","logger":"task.stderr"}
{"timestamp":"2026-08-29T01:34:45.737142Z","level":"error","event":"\t|       conf       | number| search|dwnlded|evicted|| number|dwnlded|","logger":"task.stderr"}
{"timestamp":"2026-08-29T01:34:45.739121Z","level":"error","event":"\t---------------------------------------------------------------------","logger":"task.stderr"}
{"timestamp":"2026-08-29T01:34:45.741707Z","level":"error","event":"\t|      default     |   3   |   0   |   0   |   0   ||   3   |   0   |","logger":"task.stderr"}
{"timestamp":"2026-08-29T01:34:45.745493Z","level":"error","event":"\t---------------------------------------------------------------------","logger":"task.stderr"}
{"timestamp":"2026-08-29T01:34:45.748517Z","level":"error","event":":: retrieving :: org.apache.spark#spark-submit-parent-e89fb9c9-4287-4482-a38f-14b4f67f7bdb","logger":"task.stderr"}
{"timestamp":"2026-08-29T01:34:45.751541Z","level":"error","event":"\tconfs: [default]","logger":"task.stderr"}
{"timestamp":"2026-08-29T01:34:45.754111Z","level":"error","event":"\t0 artifacts copied, 3 already retrieved (0kB/8ms)","logger":"task.stderr"}
{"timestamp":"2026-08-29T01:34:46.156198Z","level":"error","event":"26/08/29 01:34:46 WARN NativeCodeLoader: Unable to load native-hadoop library for your platform... using builtin-java classes where applicable","logger":"task.stderr"}
{"timestamp":"2026-08-29T01:34:46.427701Z","level":"error","event":"Setting default log level to \"WARN\".","logger":"task.stderr"}
{"timestamp":"2026-08-29T01:34:46.430660Z","level":"error","event":"To adjust logging level use sc.setLogLevel(newLevel). For SparkR, use setLogLevel(newLevel).","logger":"task.stderr"}
{"timestamp":"2026-08-29T01:34:57.730595Z","level":"error","event":"26/08/29 01:34:57 WARN SparkStringUtils: Truncated the string representation of a plan since it was too large. This behavior can be adjusted by setting 'spark.sql.debug.maxToStringFields'.","logger":"task.stderr"}
{"timestamp":"2026-08-29T01:35:32.794964Z","level":"info","event":"+----------+----------+------+---------------+-------------------+-------------------+----------------------------------+","logger":"task.stdout"}
{"timestamp":"2026-08-29T01:35:32.844628Z","level":"info","event":"|patient_id|birth_date|gender|encounter_count|first_encounter_at |latest_encounter_at|average_encounter_duration_minutes|","logger":"task.stdout"}
{"timestamp":"2026-08-29T01:35:32.853304Z","level":"info","event":"+----------+----------+------+---------------+-------------------+-------------------+----------------------------------+","logger":"task.stdout"}
{"timestamp":"2026-08-29T01:35:32.862463Z","level":"info","event":"|10627     |1978-10-20|female|19             |1996-12-20 21:31:36|2024-11-22 21:31:36|134.8236842105263                 |","logger":"task.stdout"}
{"timestamp":"2026-08-29T01:35:32.869631Z","level":"info","event":"|10940     |1951-08-28|female|44             |1969-10-21 21:08:36|2026-01-27 21:08:36|2762.5371212121213                |","logger":"task.stdout"}
{"timestamp":"2026-08-29T01:35:32.873843Z","level":"info","event":"|12069     |2019-12-30|female|24             |2019-12-30 09:52:39|2025-12-22 09:52:39|34.98125                          |","logger":"task.stdout"}
{"timestamp":"2026-08-29T01:35:32.879815Z","level":"info","event":"|12497     |1993-08-01|male  |26             |2009-09-14 04:16:50|2026-04-27 04:16:50|69.56602564102563                 |","logger":"task.stdout"}
{"timestamp":"2026-08-29T01:35:32.889769Z","level":"info","event":"|186568    |2015-11-01|female|24             |2016-06-27 13:55:02|2025-11-16 09:55:02|38.84236111111111                 |","logger":"task.stdout"}
{"timestamp":"2026-08-29T01:35:32.897584Z","level":"info","event":"|186886    |2015-11-01|female|24             |2016-06-27 13:55:02|2025-11-16 09:55:02|38.84236111111111                 |","logger":"task.stdout"}
{"timestamp":"2026-08-29T01:35:32.907574Z","level":"info","event":"|186935    |2012-07-02|male  |18             |2016-06-06 15:18:19|2026-08-03 15:18:19|53.61388888888889                 |","logger":"task.stdout"}
{"timestamp":"2026-08-29T01:35:32.921901Z","level":"info","event":"|187253    |2012-07-02|male  |20             |2016-06-06 15:18:19|2026-08-03 15:18:19|61.0625                           |","logger":"task.stdout"}
{"timestamp":"2026-08-29T01:35:32.931522Z","level":"info","event":"|187279    |1944-05-21|female|63             |1962-07-15 12:20:23|2026-06-26 12:51:52|606.5719576719576                 |","logger":"task.stdout"}
{"timestamp":"2026-08-29T01:35:32.939535Z","level":"info","event":"|187597    |1944-05-21|female|66             |1962-07-15 12:20:23|2026-06-26 12:51:52|584.0219696969697                 |","logger":"task.stdout"}
{"timestamp":"2026-08-29T01:35:32.950553Z","level":"info","event":"|189026    |1996-08-27|male  |33             |1997-06-10 00:25:36|2026-03-17 15:25:36|62.389898989898995                |","logger":"task.stdout"}
{"timestamp":"2026-08-29T01:35:32.956717Z","level":"info","event":"|189344    |1996-08-27|male  |34             |1997-06-10 00:25:36|2026-03-17 15:25:36|62.19950980392158                 |","logger":"task.stdout"}
{"timestamp":"2026-08-29T01:35:32.959846Z","level":"info","event":"|189697    |2016-12-30|male  |28             |2016-12-30 16:12:20|2026-01-02 16:12:20|36.864285714285714                |","logger":"task.stdout"}
{"timestamp":"2026-08-29T01:35:32.963865Z","level":"info","event":"|190015    |2016-12-30|male  |28             |2016-12-30 16:12:20|2026-01-02 16:12:20|36.864285714285714                |","logger":"task.stdout"}
{"timestamp":"2026-08-29T01:35:32.978568Z","level":"info","event":"|190188    |1979-10-13|male  |30             |1982-11-25 14:42:43|2025-11-01 14:42:43|47.809444444444445                |","logger":"task.stdout"}
{"timestamp":"2026-08-29T01:35:32.988333Z","level":"info","event":"|190506    |1979-10-13|male  |31             |1982-11-25 14:42:43|2025-11-01 14:42:43|46.7510752688172                  |","logger":"task.stdout"}
{"timestamp":"2026-08-29T01:35:32.998959Z","level":"info","event":"|190589    |1963-07-28|male  |27             |1981-09-20 07:18:40|2002-05-12 07:18:40|1666.733950617284                 |","logger":"task.stdout"}
{"timestamp":"2026-08-29T01:35:33.003841Z","level":"info","event":"|190907    |1963-07-28|male  |27             |1981-09-20 07:18:40|2002-05-12 07:18:40|1666.733950617284                 |","logger":"task.stdout"}
{"timestamp":"2026-08-29T01:35:33.010715Z","level":"info","event":"|191334    |1929-08-20|female|74             |1947-10-15 04:04:46|2022-04-06 04:04:46|2389.5036036036036                |","logger":"task.stdout"}
{"timestamp":"2026-08-29T01:35:33.023838Z","level":"info","event":"|191652    |1929-08-20|female|76             |1947-10-15 04:04:46|2022-04-06 04:04:46|2327.8342105263155                |","logger":"task.stdout"}
{"timestamp":"2026-08-29T01:35:33.031479Z","level":"info","event":"+----------+----------+------+---------------+-------------------+-------------------+----------------------------------+","logger":"task.stdout"}
{"timestamp":"2026-08-29T01:35:33.039369Z","level":"info","event":"only showing top 20 rows","logger":"task.stdout"}
{"timestamp":"2026-08-29T01:35:33.282446Z","level":"info","event":"","logger":"task.stdout"}
{"timestamp":"2026-08-29T01:35:35.230656Z","level":"info","event":"Patient utilization rows: 75","logger":"task.stdout"}
{"timestamp":"2026-08-29T01:36:02.373786Z","level":"info","event":"Done. Returned value was: None","try_number":3,"run_id":"manual__2026-08-29T00:43:16.241480+00:00","ti_id":"01a04b27-5aac-7d20-86e9-1809a331fb32","dag_id":"healthcare_pipeline","map_index":-1,"task_id":"process_gold_patient_util","logger":"airflow.task.operators.airflow.providers.standard.decorators.python._PythonDecoratedOperator","filename":"python.py","lineno":233}
{"timestamp":"2026-08-29T01:36:02.424585Z","level":"info","event":"::group::Post Execute","try_number":3,"run_id":"manual__2026-08-29T00:43:16.241480+00:00","ti_id":"01a04b27-5aac-7d20-86e9-1809a331fb32","dag_id":"healthcare_pipeline","map_index":-1,"task_id":"process_gold_patient_util","logger":"task","filename":"task_runner.py","lineno":1580}
{"timestamp":"2026-08-29T01:36:02.733946Z","level":"info","event":"::endgroup::","try_number":3,"run_id":"manual__2026-08-29T00:43:16.241480+00:00","ti_id":"01a04b27-5aac-7d20-86e9-1809a331fb32","dag_id":"healthcare_pipeline","map_index":-1,"task_id":"process_gold_patient_util","logger":"task","filename":"task_runner.py","lineno":2379}
{"timestamp":"2026-08-29T01:36:08.659361Z","level":"error","event":"\r[Stage 0:>                                                          (0 + 6) / 6]\r\r[Stage 2:>                                                         (0 + 8) / 50]\r\r[Stage 2:=========>                                                (8 + 8) / 50]\r\r[Stage 2:===========>                                             (10 + 9) / 50]\r\r[Stage 2:==================>                                      (16 + 8) / 50]\r\r[Stage 2:==========================>                              (23 + 8) / 50]\r\r[Stage 2:===========================>                             (24 + 9) / 50]\r\r[Stage 2:============================>                            (25 + 8) / 50]\r\r[Stage 2:=================================>                       (29 + 8) / 50]\r\r[Stage 2:====================================>                    (32 + 8) / 50]\r\r[Stage 2:=========================================>               (36 + 8) / 50]\r\r[Stage 2:===============================================>         (42 + 8) / 50]\r\r[Stage 2:====================================================>    (46 + 4) / 50]\r\r                                                                                \r\r[Stage 4:=========>                                                (8 + 8) / 50]\r\r[Stage 4:===================>                                     (17 + 8) / 50]\r\r[Stage 4:==========================>                              (23 + 8) / 50]\r\r[Stage 4:==================================>                      (30 + 8) / 50]\r\r[Stage 4:==========================================>              (37 + 8) / 50]\r\r[Stage 4:==============================================>          (41 + 8) / 50]\r\r[Stage 7:>                                                          (0 + 1) / 1]\r\r                                                                                \r\r[Stage 10:>                                                        (0 + 8) / 50]\r\r[Stage 10:>                                                        (0 + 9) / 50]\r\r[Stage 10:====>                                                   (4 + 10) / 50]\r\r[Stage 10:=========>                                               (8 + 8) / 50]\r\r[Stage 10:=============>                                          (12 + 8) / 50]\r\r[Stage 10:=================>                                      (16 + 8) / 50]\r\r[Stage 10:===================>                                    (17 + 8) / 50]\r\r[Stage 10:============================>                           (25 + 8) / 50]\r\r[Stage 10:================================>                       (29 + 8) / 50]\r\r[Stage 10:====================================>                   (33 + 8) / 50]\r\r[Stage 10:======================================>                 (34 + 8) / 50]\r\r[Stage 10:========================================>               (36 + 8) / 50]\r\r[Stage 10:===============================================>        (42 + 8) / 50]\r\r[Stage 10:=================================================>      (44 + 6) / 50]\r\r[Stage 10:==================================================>     (45 + 5) / 50]\r\r[Stage 10:====================================================>   (47 + 3) / 50]\r\r                                                                                \r\r[Stage 11:>                                                         (0 + 2) / 2]\r\r                                                                                \r\r[Stage 16:====================>                                   (18 + 8) / 50]\r\r[Stage 16:=====================>                                  (19 + 9) / 50]\r\r[Stage 16:====================================>                   (33 + 8) / 50]\r\r                                                                                \r\r[Stage 20:>                                                         (0 + 8) / 8]\r\r[Stage 22:>                                                        (0 + 8) / 50]\r\r[Stage 22:=========>                                               (8 + 8) / 50]\r\r[Stage 22:===========>                                            (10 + 8) / 50]\r\r[Stage 22:===============>                                        (14 + 8) / 50]\r\r[Stage 22:===================>                                    (17 + 8) / 50]\r\r[Stage 22:=======================>                                (21 + 8) / 50]\r\r[Stage 22:========================>                               (22 + 8) / 50]\r\r[Stage 22:==============================>                         (27 + 9) / 50]\r\r[Stage 22:===================================>                    (32 + 8) / 50]\r\r[Stage 22:===========================================>            (39 + 8) / 50]\r\r[Stage 22:==================================================>     (45 + 5) / 50]\r\r                                                                                \r\r[Stage 27:>                                                        (0 + 8) / 50]\r\r[Stage 27:=======>                                                 (7 + 8) / 50]\r\r[Stage 27:=============================>                          (26 + 8) / 50]\r\r[Stage 27:============================================>           (40 + 8) / 50]\r\r                                                                                \r\r[Stage 29:========================================>               (36 + 9) / 50]\r\r                                                                                \r\r[Stage 33:>                                                         (0 + 2) / 2]\r\r                                                                                \r\r[Stage 35:===========================================>            (39 + 8) / 50]\r\r[Stage 35:====================================================>   (47 + 3) / 50]","logger":"task.stderr"}
