{"timestamp":"2026-08-29T00:33:01.853477Z","level":"info","event":"::group::Pre Execute","logger":"task","filename":"task_runner.py","lineno":2412}
{"timestamp":"2026-08-29T00:33:01.872063Z","level":"info","event":"DAG bundles loaded: dags-folder","try_number":1,"dag_id":"healthcare_pipeline","run_id":"manual__2026-08-29T00:33:01.251470+00:00","task_id":"extract_fhir_resources","ti_id":"01a04aef-2368-708a-829c-56aa670eaa0c","map_index":-1,"logger":"airflow.dag_processing.bundles.manager.DagBundlesManager","filename":"manager.py","lineno":304}
{"timestamp":"2026-08-29T00:33:01.873646Z","level":"info","event":"Filling up the DagBag from /opt/airflow/dags/healthcare_pipeline.py","try_number":1,"dag_id":"healthcare_pipeline","run_id":"manual__2026-08-29T00:33:01.251470+00:00","task_id":"extract_fhir_resources","ti_id":"01a04aef-2368-708a-829c-56aa670eaa0c","map_index":-1,"logger":"airflow.dag_processing.dagbag.BundleDagBag","filename":"dagbag.py","lineno":460}
{"timestamp":"2026-08-29T00:33:02.389655Z","level":"info","event":"Worker startup parse complete","bundle_name":"dags-folder","bundle_version":null,"dag_file":"healthcare_pipeline.py","dag_id":"healthcare_pipeline","bundle_prepare_ms":5,"dag_file_parse_ms":516,"try_number":1,"run_id":"manual__2026-08-29T00:33:01.251470+00:00","task_id":"extract_fhir_resources","ti_id":"01a04aef-2368-708a-829c-56aa670eaa0c","map_index":-1,"logger":"task","filename":"task_runner.py","lineno":1073}
{"timestamp":"2026-08-29T00:33:02.419900Z","level":"info","event":"::endgroup::","try_number":1,"dag_id":"healthcare_pipeline","run_id":"manual__2026-08-29T00:33:01.251470+00:00","task_id":"extract_fhir_resources","ti_id":"01a04aef-2368-708a-829c-56aa670eaa0c","map_index":-1,"logger":"task","filename":"task_runner.py","lineno":2232}
{"timestamp":"2026-08-29T00:33:02.422536Z","level":"info","event":"Extracting Patient...","logger":"task.stdout"}
{"timestamp":"2026-08-29T00:33:02.433656Z","level":"info","event":"Extracting Patient with params: {'_count': 100, '_lastUpdated': 'gt2026-08-28T21:32:42Z'}","logger":"task.stdout"}
{"timestamp":"2026-08-29T00:33:02.533551Z","level":"info","event":"No new or updated Patient resources.","logger":"task.stdout"}
{"timestamp":"2026-08-29T00:33:02.549483Z","level":"info","event":"Extracting Encounter...","logger":"task.stdout"}
{"timestamp":"2026-08-29T00:33:02.557131Z","level":"info","event":"Extracting Encounter with params: {'_count': 100, '_lastUpdated': 'gt2026-08-28T21:32:42Z'}","logger":"task.stdout"}
{"timestamp":"2026-08-29T00:33:02.573552Z","level":"info","event":"No new or updated Encounter resources.","logger":"task.stdout"}
{"timestamp":"2026-08-29T00:33:02.590828Z","level":"info","event":"Extracting Condition...","logger":"task.stdout"}
{"timestamp":"2026-08-29T00:33:02.599000Z","level":"info","event":"Extracting Condition with params: {'_count': 100, '_lastUpdated': 'gt2026-08-28T21:32:47Z'}","logger":"task.stdout"}
{"timestamp":"2026-08-29T00:33:02.613245Z","level":"info","event":"No new or updated Condition resources.","logger":"task.stdout"}
{"timestamp":"2026-08-29T00:33:02.627070Z","level":"info","event":"Extracting Observation...","logger":"task.stdout"}
{"timestamp":"2026-08-29T00:33:02.633573Z","level":"info","event":"Extracting Observation with params: {'_count': 100, '_lastUpdated': 'gt2026-08-28T21:32:50Z'}","logger":"task.stdout"}
{"timestamp":"2026-08-29T00:33:02.657434Z","level":"info","event":"No new or updated Observation resources.","logger":"task.stdout"}
{"timestamp":"2026-08-29T00:33:02.671556Z","level":"info","event":"Extracting MedicationRequest...","logger":"task.stdout"}
{"timestamp":"2026-08-29T00:33:02.681573Z","level":"info","event":"Extracting MedicationRequest with params: {'_count': 100, '_lastUpdated': 'gt2026-08-28T21:33:05Z'}","logger":"task.stdout"}
{"timestamp":"2026-08-29T00:33:02.699926Z","level":"info","event":"No new or updated MedicationRequest resources.","logger":"task.stdout"}
{"timestamp":"2026-08-29T00:33:02.713642Z","level":"info","event":"Done. Returned value was: None","try_number":1,"dag_id":"healthcare_pipeline","run_id":"manual__2026-08-29T00:33:01.251470+00:00","task_id":"extract_fhir_resources","ti_id":"01a04aef-2368-708a-829c-56aa670eaa0c","map_index":-1,"logger":"airflow.task.operators.airflow.providers.standard.decorators.python._PythonDecoratedOperator","filename":"python.py","lineno":233}
{"timestamp":"2026-08-29T00:33:02.714612Z","level":"info","event":"::group::Post Execute","try_number":1,"dag_id":"healthcare_pipeline","run_id":"manual__2026-08-29T00:33:01.251470+00:00","task_id":"extract_fhir_resources","ti_id":"01a04aef-2368-708a-829c-56aa670eaa0c","map_index":-1,"logger":"task","filename":"task_runner.py","lineno":1580}
{"timestamp":"2026-08-29T00:33:02.744353Z","level":"info","event":"::endgroup::","try_number":1,"dag_id":"healthcare_pipeline","run_id":"manual__2026-08-29T00:33:01.251470+00:00","task_id":"extract_fhir_resources","ti_id":"01a04aef-2368-708a-829c-56aa670eaa0c","map_index":-1,"logger":"task","filename":"task_runner.py","lineno":2379}
