{"timestamp":"2026-08-29T00:37:07.793825Z","level":"info","event":"::group::Pre Execute","logger":"task","filename":"task_runner.py","lineno":2412}
{"timestamp":"2026-08-29T00:37:07.813682Z","level":"info","event":"DAG bundles loaded: dags-folder","map_index":-1,"task_id":"process_bronze_to_delta","try_number":1,"run_id":"manual__2026-08-29T00:37:05.426965+00:00","ti_id":"01a04af2-dd36-7718-afa7-19058bb90b3b","dag_id":"healthcare_pipeline","logger":"airflow.dag_processing.bundles.manager.DagBundlesManager","filename":"manager.py","lineno":304}
{"timestamp":"2026-08-29T00:37:07.815683Z","level":"info","event":"Filling up the DagBag from /opt/airflow/dags/healthcare_pipeline.py","map_index":-1,"task_id":"process_bronze_to_delta","try_number":1,"run_id":"manual__2026-08-29T00:37:05.426965+00:00","ti_id":"01a04af2-dd36-7718-afa7-19058bb90b3b","dag_id":"healthcare_pipeline","logger":"airflow.dag_processing.dagbag.BundleDagBag","filename":"dagbag.py","lineno":460}
{"timestamp":"2026-08-29T00:37:08.266666Z","level":"info","event":"Worker startup parse complete","bundle_name":"dags-folder","bundle_version":null,"dag_file":"healthcare_pipeline.py","dag_id":"healthcare_pipeline","bundle_prepare_ms":7,"dag_file_parse_ms":451,"map_index":-1,"task_id":"process_bronze_to_delta","try_number":1,"run_id":"manual__2026-08-29T00:37:05.426965+00:00","ti_id":"01a04af2-dd36-7718-afa7-19058bb90b3b","logger":"task","filename":"task_runner.py","lineno":1073}
{"timestamp":"2026-08-29T00:37:08.297835Z","level":"info","event":"::endgroup::","map_index":-1,"task_id":"process_bronze_to_delta","try_number":1,"run_id":"manual__2026-08-29T00:37:05.426965+00:00","ti_id":"01a04af2-dd36-7718-afa7-19058bb90b3b","dag_id":"healthcare_pipeline","logger":"task","filename":"task_runner.py","lineno":2232}
{"timestamp":"2026-08-29T00:37:09.599614Z","level":"info","event":":: loading settings :: url = jar:file:/home/airflow/.local/lib/python3.11/site-packages/pyspark/jars/ivy-2.5.3.jar!/org/apache/ivy/core/settings/ivysettings.xml","logger":"task.stdout"}
{"timestamp":"2026-08-29T00:37:09.660225Z","level":"error","event":"Ivy Default Cache set to: /home/airflow/.ivy2/cache","logger":"task.stderr"}
{"timestamp":"2026-08-29T00:37:09.662657Z","level":"error","event":"The jars for the packages stored in: /home/airflow/.ivy2/jars","logger":"task.stderr"}
{"timestamp":"2026-08-29T00:37:09.665314Z","level":"error","event":"io.delta#delta-spark_2.12 added as a dependency","logger":"task.stderr"}
{"timestamp":"2026-08-29T00:37:09.666831Z","level":"error","event":":: resolving dependencies :: org.apache.spark#spark-submit-parent-3f71f969-83ee-436a-ab76-0c3a2fd11164;1.0","logger":"task.stderr"}
{"timestamp":"2026-08-29T00:37:09.669496Z","level":"error","event":"\tconfs: [default]","logger":"task.stderr"}
{"timestamp":"2026-08-29T00:37:09.764416Z","level":"error","event":"\tfound io.delta#delta-spark_2.12;3.3.2 in spark-list","logger":"task.stderr"}
{"timestamp":"2026-08-29T00:37:09.787550Z","level":"error","event":"\tfound io.delta#delta-storage;3.3.2 in central","logger":"task.stderr"}
{"timestamp":"2026-08-29T00:37:09.809772Z","level":"error","event":"\tfound org.antlr#antlr4-runtime;4.9.3 in spark-list","logger":"task.stderr"}
{"timestamp":"2026-08-29T00:37:09.826164Z","level":"error","event":":: resolution report :: resolve 155ms :: artifacts dl 5ms","logger":"task.stderr"}
{"timestamp":"2026-08-29T00:37:09.828508Z","level":"error","event":"\t:: modules in use:","logger":"task.stderr"}
{"timestamp":"2026-08-29T00:37:09.830926Z","level":"error","event":"\tio.delta#delta-spark_2.12;3.3.2 from spark-list in [default]","logger":"task.stderr"}
{"timestamp":"2026-08-29T00:37:09.832572Z","level":"error","event":"\tio.delta#delta-storage;3.3.2 from central in [default]","logger":"task.stderr"}
{"timestamp":"2026-08-29T00:37:09.835738Z","level":"error","event":"\torg.antlr#antlr4-runtime;4.9.3 from spark-list in [default]","logger":"task.stderr"}
{"timestamp":"2026-08-29T00:37:09.837444Z","level":"error","event":"\t---------------------------------------------------------------------","logger":"task.stderr"}
{"timestamp":"2026-08-29T00:37:09.842547Z","level":"error","event":"\t|                  |            modules            ||   artifacts   |","logger":"task.stderr"}
{"timestamp":"2026-08-29T00:37:09.848546Z","level":"error","event":"\t|       conf       | number| search|dwnlded|evicted|| number|dwnlded|","logger":"task.stderr"}
{"timestamp":"2026-08-29T00:37:09.861570Z","level":"error","event":"\t---------------------------------------------------------------------","logger":"task.stderr"}
{"timestamp":"2026-08-29T00:37:09.869389Z","level":"error","event":"\t|      default     |   3   |   0   |   0   |   0   ||   3   |   0   |","logger":"task.stderr"}
{"timestamp":"2026-08-29T00:37:09.873131Z","level":"error","event":"\t---------------------------------------------------------------------","logger":"task.stderr"}
{"timestamp":"2026-08-29T00:37:09.882556Z","level":"error","event":":: retrieving :: org.apache.spark#spark-submit-parent-3f71f969-83ee-436a-ab76-0c3a2fd11164","logger":"task.stderr"}
{"timestamp":"2026-08-29T00:37:09.886568Z","level":"error","event":"\tconfs: [default]","logger":"task.stderr"}
{"timestamp":"2026-08-29T00:37:09.891714Z","level":"error","event":"\t0 artifacts copied, 3 already retrieved (0kB/7ms)","logger":"task.stderr"}
{"timestamp":"2026-08-29T00:37:10.055982Z","level":"error","event":"26/08/29 00:37:10 WARN NativeCodeLoader: Unable to load native-hadoop library for your platform... using builtin-java classes where applicable","logger":"task.stderr"}
{"timestamp":"2026-08-29T00:37:10.194682Z","level":"error","event":"Setting default log level to \"WARN\".","logger":"task.stderr"}
{"timestamp":"2026-08-29T00:37:10.197848Z","level":"error","event":"To adjust logging level use sc.setLogLevel(newLevel). For SparkR, use setLogLevel(newLevel).","logger":"task.stderr"}
{"timestamp":"2026-08-29T00:37:10.919622Z","level":"error","event":"26/08/29 00:37:10 WARN Utils: Service 'SparkUI' could not bind on port 4040. Attempting port 4041.","logger":"task.stderr"}
{"timestamp":"2026-08-29T00:37:11.634757Z","level":"info","event":"Processing Patient...","logger":"task.stdout"}
{"timestamp":"2026-08-29T00:37:15.413002Z","level":"error","event":"26/08/29 00:37:15 WARN SparkStringUtils: Truncated the string representation of a plan since it was too large. This behavior can be adjusted by setting 'spark.sql.debug.maxToStringFields'.","logger":"task.stderr"}
{"timestamp":"2026-08-29T00:37:20.427570Z","level":"info","event":"Patient: No new Bronze files to process.","logger":"task.stdout"}
{"timestamp":"2026-08-29T00:37:20.431216Z","level":"info","event":"Processing Encounter...","logger":"task.stdout"}
{"timestamp":"2026-08-29T00:37:21.994649Z","level":"info","event":"Encounter: No new Bronze files to process.","logger":"task.stdout"}
{"timestamp":"2026-08-29T00:37:21.999807Z","level":"info","event":"Processing Condition...","logger":"task.stdout"}
{"timestamp":"2026-08-29T00:37:23.398454Z","level":"info","event":"Condition: No new Bronze files to process.","logger":"task.stdout"}
{"timestamp":"2026-08-29T00:37:23.400746Z","level":"info","event":"Processing Observation...","logger":"task.stdout"}
{"timestamp":"2026-08-29T00:37:24.537730Z","level":"info","event":"Observation: No new Bronze files to process.","logger":"task.stdout"}
{"timestamp":"2026-08-29T00:37:24.540832Z","level":"info","event":"Processing MedicationRequest...","logger":"task.stdout"}
{"timestamp":"2026-08-29T00:37:25.581249Z","level":"info","event":"MedicationRequest: No new Bronze files to process.","logger":"task.stdout"}
{"timestamp":"2026-08-29T00:37:25.965115Z","level":"info","event":"Done. Returned value was: None","map_index":-1,"task_id":"process_bronze_to_delta","try_number":1,"run_id":"manual__2026-08-29T00:37:05.426965+00:00","ti_id":"01a04af2-dd36-7718-afa7-19058bb90b3b","dag_id":"healthcare_pipeline","logger":"airflow.task.operators.airflow.providers.standard.decorators.python._PythonDecoratedOperator","filename":"python.py","lineno":233}
{"timestamp":"2026-08-29T00:37:25.967116Z","level":"info","event":"::group::Post Execute","map_index":-1,"task_id":"process_bronze_to_delta","try_number":1,"run_id":"manual__2026-08-29T00:37:05.426965+00:00","ti_id":"01a04af2-dd36-7718-afa7-19058bb90b3b","dag_id":"healthcare_pipeline","logger":"task","filename":"task_runner.py","lineno":1580}
{"timestamp":"2026-08-29T00:37:26.001263Z","level":"info","event":"::endgroup::","map_index":-1,"task_id":"process_bronze_to_delta","try_number":1,"run_id":"manual__2026-08-29T00:37:05.426965+00:00","ti_id":"01a04af2-dd36-7718-afa7-19058bb90b3b","dag_id":"healthcare_pipeline","logger":"task","filename":"task_runner.py","lineno":2379}
{"timestamp":"2026-08-29T00:37:27.995824Z","level":"error","event":"\r[Stage 0:>                                                          (0 + 4) / 4]\r\r[Stage 2:>                                                         (0 + 8) / 50]\r\r[Stage 2:=========>                                                (8 + 8) / 50]\r\r[Stage 2:===================>                                     (17 + 8) / 50]\r\r[Stage 2:=================================>                       (29 + 8) / 50]\r\r[Stage 2:===================================================>     (45 + 5) / 50]\r\r                                                                                \r\r[Stage 8:>                                                          (0 + 7) / 7]","logger":"task.stderr"}
