{"timestamp":"2026-09-06T01:12:52.871486Z","level":"info","event":"::group::Pre Execute","logger":"task","filename":"task_runner.py","lineno":2412}
{"timestamp":"2026-09-06T01:12:52.894557Z","level":"info","event":"DAG bundles loaded: dags-folder","try_number":1,"dag_id":"healthcare_pipeline","task_id":"chunk_clinical_notes","map_index":-1,"ti_id":"01a07446-4bdb-7bf9-84a0-2000716b2770","run_id":"manual__2026-09-06T00:55:46.069899+00:00","logger":"airflow.dag_processing.bundles.manager.DagBundlesManager","filename":"manager.py","lineno":304}
{"timestamp":"2026-09-06T01:12:52.895312Z","level":"info","event":"Filling up the DagBag from /opt/airflow/dags/healthcare_pipeline.py","try_number":1,"dag_id":"healthcare_pipeline","task_id":"chunk_clinical_notes","map_index":-1,"ti_id":"01a07446-4bdb-7bf9-84a0-2000716b2770","run_id":"manual__2026-09-06T00:55:46.069899+00:00","logger":"airflow.dag_processing.dagbag.BundleDagBag","filename":"dagbag.py","lineno":460}
{"timestamp":"2026-09-06T01:12:53.744905Z","level":"info","event":"Worker startup parse complete","bundle_name":"dags-folder","bundle_version":null,"dag_file":"healthcare_pipeline.py","dag_id":"healthcare_pipeline","bundle_prepare_ms":3,"dag_file_parse_ms":849,"try_number":1,"task_id":"chunk_clinical_notes","map_index":-1,"ti_id":"01a07446-4bdb-7bf9-84a0-2000716b2770","run_id":"manual__2026-09-06T00:55:46.069899+00:00","logger":"task","filename":"task_runner.py","lineno":1073}
{"timestamp":"2026-09-06T01:12:53.767002Z","level":"info","event":"::endgroup::","try_number":1,"dag_id":"healthcare_pipeline","task_id":"chunk_clinical_notes","map_index":-1,"ti_id":"01a07446-4bdb-7bf9-84a0-2000716b2770","run_id":"manual__2026-09-06T00:55:46.069899+00:00","logger":"task","filename":"task_runner.py","lineno":2232}
{"timestamp":"2026-09-06T01:12:54.817335Z","level":"info","event":":: loading settings :: url = jar:file:/home/airflow/.local/lib/python3.11/site-packages/pyspark/jars/ivy-2.5.3.jar!/org/apache/ivy/core/settings/ivysettings.xml","logger":"task.stdout"}
{"timestamp":"2026-09-06T01:12:54.881424Z","level":"error","event":"Ivy Default Cache set to: /home/airflow/.ivy2/cache","logger":"task.stderr"}
{"timestamp":"2026-09-06T01:12:54.884348Z","level":"error","event":"The jars for the packages stored in: /home/airflow/.ivy2/jars","logger":"task.stderr"}
{"timestamp":"2026-09-06T01:12:54.887499Z","level":"error","event":"io.delta#delta-spark_2.12 added as a dependency","logger":"task.stderr"}
{"timestamp":"2026-09-06T01:12:54.890778Z","level":"error","event":":: resolving dependencies :: org.apache.spark#spark-submit-parent-6e0230e0-75ae-4987-8b0a-75d4d5d821a8;1.0","logger":"task.stderr"}
{"timestamp":"2026-09-06T01:12:54.894154Z","level":"error","event":"\tconfs: [default]","logger":"task.stderr"}
{"timestamp":"2026-09-06T01:12:54.970309Z","level":"error","event":"\tfound io.delta#delta-spark_2.12;3.3.2 in central","logger":"task.stderr"}
{"timestamp":"2026-09-06T01:12:54.992159Z","level":"error","event":"\tfound io.delta#delta-storage;3.3.2 in central","logger":"task.stderr"}
{"timestamp":"2026-09-06T01:12:55.010939Z","level":"error","event":"\tfound org.antlr#antlr4-runtime;4.9.3 in central","logger":"task.stderr"}
{"timestamp":"2026-09-06T01:12:55.028078Z","level":"error","event":":: resolution report :: resolve 136ms :: artifacts dl 4ms","logger":"task.stderr"}
{"timestamp":"2026-09-06T01:12:55.031099Z","level":"error","event":"\t:: modules in use:","logger":"task.stderr"}
{"timestamp":"2026-09-06T01:12:55.034085Z","level":"error","event":"\tio.delta#delta-spark_2.12;3.3.2 from central in [default]","logger":"task.stderr"}
{"timestamp":"2026-09-06T01:12:55.036829Z","level":"error","event":"\tio.delta#delta-storage;3.3.2 from central in [default]","logger":"task.stderr"}
{"timestamp":"2026-09-06T01:12:55.038946Z","level":"error","event":"\torg.antlr#antlr4-runtime;4.9.3 from central in [default]","logger":"task.stderr"}
{"timestamp":"2026-09-06T01:12:55.041953Z","level":"error","event":"\t---------------------------------------------------------------------","logger":"task.stderr"}
{"timestamp":"2026-09-06T01:12:55.049054Z","level":"error","event":"\t|                  |            modules            ||   artifacts   |","logger":"task.stderr"}
{"timestamp":"2026-09-06T01:12:55.051753Z","level":"error","event":"\t|       conf       | number| search|dwnlded|evicted|| number|dwnlded|","logger":"task.stderr"}
{"timestamp":"2026-09-06T01:12:55.053745Z","level":"error","event":"\t---------------------------------------------------------------------","logger":"task.stderr"}
{"timestamp":"2026-09-06T01:12:55.056762Z","level":"error","event":"\t|      default     |   3   |   0   |   0   |   0   ||   3   |   0   |","logger":"task.stderr"}
{"timestamp":"2026-09-06T01:12:55.059476Z","level":"error","event":"\t---------------------------------------------------------------------","logger":"task.stderr"}
{"timestamp":"2026-09-06T01:12:55.060988Z","level":"error","event":":: retrieving :: org.apache.spark#spark-submit-parent-6e0230e0-75ae-4987-8b0a-75d4d5d821a8","logger":"task.stderr"}
{"timestamp":"2026-09-06T01:12:55.062669Z","level":"error","event":"\tconfs: [default]","logger":"task.stderr"}
{"timestamp":"2026-09-06T01:12:55.064617Z","level":"error","event":"\t0 artifacts copied, 3 already retrieved (0kB/13ms)","logger":"task.stderr"}
{"timestamp":"2026-09-06T01:12:55.172709Z","level":"error","event":"26/09/06 01:12:55 WARN NativeCodeLoader: Unable to load native-hadoop library for your platform... using builtin-java classes where applicable","logger":"task.stderr"}
{"timestamp":"2026-09-06T01:12:55.313149Z","level":"error","event":"Setting default log level to \"WARN\".","logger":"task.stderr"}
{"timestamp":"2026-09-06T01:12:55.316884Z","level":"error","event":"To adjust logging level use sc.setLogLevel(newLevel). For SparkR, use setLogLevel(newLevel).","logger":"task.stderr"}
{"timestamp":"2026-09-06T01:13:01.518530Z","level":"error","event":"26/09/06 01:13:01 WARN SparkStringUtils: Truncated the string representation of a plan since it was too large. This behavior can be adjusted by setting 'spark.sql.debug.maxToStringFields'.","logger":"task.stderr"}
{"timestamp":"2026-09-06T01:13:06.145521Z","level":"info","event":"Last processed Silver timestamp: 2026-08-31 21:56:45.974381","logger":"task.stdout"}
{"timestamp":"2026-09-06T01:13:08.112152Z","level":"info","event":"New/changed documents: 3553","logger":"task.stdout"}
{"timestamp":"2026-09-06T01:13:09.790318Z","level":"info","event":"Chunks generated: 22017","logger":"task.stdout"}
{"timestamp":"2026-09-06T01:13:14.669362Z","level":"info","event":"Clinical note chunking complete.","logger":"task.stdout"}
{"timestamp":"2026-09-06T01:13:15.932887Z","level":"info","event":"Done. Returned value was: None","try_number":1,"dag_id":"healthcare_pipeline","task_id":"chunk_clinical_notes","map_index":-1,"ti_id":"01a07446-4bdb-7bf9-84a0-2000716b2770","run_id":"manual__2026-09-06T00:55:46.069899+00:00","logger":"airflow.task.operators.airflow.providers.standard.decorators.python._PythonDecoratedOperator","filename":"python.py","lineno":233}
{"timestamp":"2026-09-06T01:13:15.947603Z","level":"info","event":"::group::Post Execute","try_number":1,"dag_id":"healthcare_pipeline","task_id":"chunk_clinical_notes","map_index":-1,"ti_id":"01a07446-4bdb-7bf9-84a0-2000716b2770","run_id":"manual__2026-09-06T00:55:46.069899+00:00","logger":"task","filename":"task_runner.py","lineno":1580}
{"timestamp":"2026-09-06T01:13:16.013475Z","level":"info","event":"::endgroup::","try_number":1,"dag_id":"healthcare_pipeline","task_id":"chunk_clinical_notes","map_index":-1,"ti_id":"01a07446-4bdb-7bf9-84a0-2000716b2770","run_id":"manual__2026-09-06T00:55:46.069899+00:00","logger":"task","filename":"task_runner.py","lineno":2379}
{"timestamp":"2026-09-06T01:13:17.268322Z","level":"error","event":"\r[Stage 2:>                                                         (0 + 8) / 50]\r\r[Stage 2:=========>                                                (8 + 8) / 50]\r\r[Stage 2:======================>                                  (20 + 8) / 50]\r\r[Stage 2:====================================>                    (32 + 9) / 50]\r\r[Stage 2:=====================================================>   (47 + 3) / 50]\r\r                                                                                \r\r[Stage 13:=================================>                      (30 + 8) / 50]\r\r                                                                                \r\r[Stage 19:>                                                         (0 + 2) / 2]\r\r                                                                                \r\r[Stage 38:>                                                         (0 + 4) / 4]","logger":"task.stderr"}
