{"timestamp":"2026-08-25T02:45:49.740585Z","level":"info","event":"::group::Pre Execute","logger":"task","filename":"task_runner.py","lineno":2412}
{"timestamp":"2026-08-25T02:45:49.758209Z","level":"info","event":"DAG bundles loaded: dags-folder","map_index":-1,"ti_id":"01a036cf-450d-7b03-af6f-2f2f2e08aa73","run_id":"manual__2026-08-25T02:45:48.398479+00:00","task_id":"process_bronze_to_delta","try_number":1,"dag_id":"healthcare_pipeline","logger":"airflow.dag_processing.bundles.manager.DagBundlesManager","filename":"manager.py","lineno":304}
{"timestamp":"2026-08-25T02:45:49.758658Z","level":"info","event":"Filling up the DagBag from /opt/airflow/dags/healthcare_pipeline.py","map_index":-1,"ti_id":"01a036cf-450d-7b03-af6f-2f2f2e08aa73","run_id":"manual__2026-08-25T02:45:48.398479+00:00","task_id":"process_bronze_to_delta","try_number":1,"dag_id":"healthcare_pipeline","logger":"airflow.dag_processing.dagbag.BundleDagBag","filename":"dagbag.py","lineno":460}
{"timestamp":"2026-08-25T02:45:49.982895Z","level":"info","event":"Worker startup parse complete","bundle_name":"dags-folder","bundle_version":null,"dag_file":"healthcare_pipeline.py","dag_id":"healthcare_pipeline","bundle_prepare_ms":1,"dag_file_parse_ms":224,"map_index":-1,"ti_id":"01a036cf-450d-7b03-af6f-2f2f2e08aa73","run_id":"manual__2026-08-25T02:45:48.398479+00:00","task_id":"process_bronze_to_delta","try_number":1,"logger":"task","filename":"task_runner.py","lineno":1073}
{"timestamp":"2026-08-25T02:45:50.000523Z","level":"info","event":"::endgroup::","map_index":-1,"ti_id":"01a036cf-450d-7b03-af6f-2f2f2e08aa73","run_id":"manual__2026-08-25T02:45:48.398479+00:00","task_id":"process_bronze_to_delta","try_number":1,"dag_id":"healthcare_pipeline","logger":"task","filename":"task_runner.py","lineno":2232}
{"timestamp":"2026-08-25T02:45:51.586908Z","level":"info","event":":: loading settings :: url = jar:file:/home/airflow/.local/lib/python3.11/site-packages/pyspark/jars/ivy-2.5.3.jar!/org/apache/ivy/core/settings/ivysettings.xml","logger":"task.stdout"}
{"timestamp":"2026-08-25T02:45:51.645752Z","level":"error","event":"Ivy Default Cache set to: /home/airflow/.ivy2/cache","logger":"task.stderr"}
{"timestamp":"2026-08-25T02:45:51.647913Z","level":"error","event":"The jars for the packages stored in: /home/airflow/.ivy2/jars","logger":"task.stderr"}
{"timestamp":"2026-08-25T02:45:51.650456Z","level":"error","event":"io.delta#delta-spark_2.12 added as a dependency","logger":"task.stderr"}
{"timestamp":"2026-08-25T02:45:51.652503Z","level":"error","event":":: resolving dependencies :: org.apache.spark#spark-submit-parent-edc403ac-d749-4e2a-ac41-93384166dd39;1.0","logger":"task.stderr"}
{"timestamp":"2026-08-25T02:45:51.656102Z","level":"error","event":"\tconfs: [default]","logger":"task.stderr"}
{"timestamp":"2026-08-25T02:45:52.182176Z","level":"error","event":"\tfound io.delta#delta-spark_2.12;3.3.2 in central","logger":"task.stderr"}
{"timestamp":"2026-08-25T02:45:52.303960Z","level":"error","event":"\tfound io.delta#delta-storage;3.3.2 in central","logger":"task.stderr"}
{"timestamp":"2026-08-25T02:45:53.606548Z","level":"error","event":"\tfound org.antlr#antlr4-runtime;4.9.3 in central","logger":"task.stderr"}
{"timestamp":"2026-08-25T02:45:53.694998Z","level":"error","event":"downloading https://repo1.maven.org/maven2/io/delta/delta-spark_2.12/3.3.2/delta-spark_2.12-3.3.2.jar ...","logger":"task.stderr"}
{"timestamp":"2026-08-25T02:45:54.567055Z","level":"error","event":"\t[SUCCESSFUL ] io.delta#delta-spark_2.12;3.3.2!delta-spark_2.12.jar (941ms)","logger":"task.stderr"}
{"timestamp":"2026-08-25T02:45:54.618427Z","level":"error","event":"downloading https://repo1.maven.org/maven2/io/delta/delta-storage/3.3.2/delta-storage-3.3.2.jar ...","logger":"task.stderr"}
{"timestamp":"2026-08-25T02:45:54.679946Z","level":"error","event":"\t[SUCCESSFUL ] io.delta#delta-storage;3.3.2!delta-storage.jar (111ms)","logger":"task.stderr"}
{"timestamp":"2026-08-25T02:45:54.736387Z","level":"error","event":"downloading https://repo1.maven.org/maven2/org/antlr/antlr4-runtime/4.9.3/antlr4-runtime-4.9.3.jar ...","logger":"task.stderr"}
{"timestamp":"2026-08-25T02:45:54.841255Z","level":"error","event":"\t[SUCCESSFUL ] org.antlr#antlr4-runtime;4.9.3!antlr4-runtime.jar (159ms)","logger":"task.stderr"}
{"timestamp":"2026-08-25T02:45:54.862330Z","level":"error","event":":: resolution report :: resolve 1974ms :: artifacts dl 1218ms","logger":"task.stderr"}
{"timestamp":"2026-08-25T02:45:54.864973Z","level":"error","event":"\t:: modules in use:","logger":"task.stderr"}
{"timestamp":"2026-08-25T02:45:54.870283Z","level":"error","event":"\tio.delta#delta-spark_2.12;3.3.2 from central in [default]","logger":"task.stderr"}
{"timestamp":"2026-08-25T02:45:54.874644Z","level":"error","event":"\tio.delta#delta-storage;3.3.2 from central in [default]","logger":"task.stderr"}
{"timestamp":"2026-08-25T02:45:54.881922Z","level":"error","event":"\torg.antlr#antlr4-runtime;4.9.3 from central in [default]","logger":"task.stderr"}
{"timestamp":"2026-08-25T02:45:54.884247Z","level":"error","event":"\t---------------------------------------------------------------------","logger":"task.stderr"}
{"timestamp":"2026-08-25T02:45:54.886927Z","level":"error","event":"\t|                  |            modules            ||   artifacts   |","logger":"task.stderr"}
{"timestamp":"2026-08-25T02:45:54.891082Z","level":"error","event":"\t|       conf       | number| search|dwnlded|evicted|| number|dwnlded|","logger":"task.stderr"}
{"timestamp":"2026-08-25T02:45:54.896304Z","level":"error","event":"\t---------------------------------------------------------------------","logger":"task.stderr"}
{"timestamp":"2026-08-25T02:45:54.899042Z","level":"error","event":"\t|      default     |   3   |   3   |   3   |   0   ||   3   |   3   |","logger":"task.stderr"}
{"timestamp":"2026-08-25T02:45:54.901574Z","level":"error","event":"\t---------------------------------------------------------------------","logger":"task.stderr"}
{"timestamp":"2026-08-25T02:45:54.903326Z","level":"error","event":":: retrieving :: org.apache.spark#spark-submit-parent-edc403ac-d749-4e2a-ac41-93384166dd39","logger":"task.stderr"}
{"timestamp":"2026-08-25T02:45:54.905334Z","level":"error","event":"\tconfs: [default]","logger":"task.stderr"}
{"timestamp":"2026-08-25T02:45:54.908164Z","level":"error","event":"\t3 artifacts copied, 0 already retrieved (7313kB/16ms)","logger":"task.stderr"}
{"timestamp":"2026-08-25T02:45:55.021256Z","level":"error","event":"26/08/25 02:45:55 WARN NativeCodeLoader: Unable to load native-hadoop library for your platform... using builtin-java classes where applicable","logger":"task.stderr"}
{"timestamp":"2026-08-25T02:45:55.153237Z","level":"error","event":"Setting default log level to \"WARN\".","logger":"task.stderr"}
{"timestamp":"2026-08-25T02:45:55.156328Z","level":"error","event":"To adjust logging level use sc.setLogLevel(newLevel). For SparkR, use setLogLevel(newLevel).","logger":"task.stderr"}
{"timestamp":"2026-08-25T02:45:56.283275Z","level":"info","event":"Processing Patient...","logger":"task.stdout"}
{"timestamp":"2026-08-25T02:45:59.402907Z","level":"error","event":"26/08/25 02:45:59 WARN SparkStringUtils: Truncated the string representation of a plan since it was too large. This behavior can be adjusted by setting 'spark.sql.debug.maxToStringFields'.","logger":"task.stderr"}
{"timestamp":"2026-08-25T02:46:04.819586Z","level":"info","event":"Patient: 7 new Bronze files found.","logger":"task.stdout"}
{"timestamp":"2026-08-25T02:46:08.595925Z","level":"info","event":"Patient: 90 new rows appended. 160 total rows in /opt/airflow/project/data/delta/bronze/patient","logger":"task.stdout"}
{"timestamp":"2026-08-25T02:46:08.600882Z","level":"info","event":"Processing Encounter...","logger":"task.stdout"}
{"timestamp":"2026-08-25T02:46:10.021622Z","level":"info","event":"Encounter: 6 new Bronze files found.","logger":"task.stdout"}
{"timestamp":"2026-08-25T02:46:13.482052Z","level":"info","event":"Encounter: 4378 new rows appended. 7217 total rows in /opt/airflow/project/data/delta/bronze/encounter","logger":"task.stdout"}
{"timestamp":"2026-08-25T02:46:13.487046Z","level":"info","event":"Processing Condition...","logger":"task.stdout"}
{"timestamp":"2026-08-25T02:46:15.390993Z","level":"info","event":"Condition: 6 new Bronze files found.","logger":"task.stdout"}
{"timestamp":"2026-08-25T02:46:19.266547Z","level":"info","event":"Condition: 2600 new rows appended. 4492 total rows in /opt/airflow/project/data/delta/bronze/condition","logger":"task.stdout"}
{"timestamp":"2026-08-25T02:46:19.272558Z","level":"info","event":"Processing Observation...","logger":"task.stdout"}
{"timestamp":"2026-08-25T02:46:20.478749Z","level":"info","event":"Observation: 6 new Bronze files found.","logger":"task.stdout"}
{"timestamp":"2026-08-25T02:46:26.739749Z","level":"info","event":"Observation: 26282 new rows appended. 43125 total rows in /opt/airflow/project/data/delta/bronze/observation","logger":"task.stdout"}
{"timestamp":"2026-08-25T02:46:26.752542Z","level":"info","event":"Processing MedicationRequest...","logger":"task.stdout"}
{"timestamp":"2026-08-25T02:46:28.055982Z","level":"info","event":"MedicationRequest: 6 new Bronze files found.","logger":"task.stdout"}
{"timestamp":"2026-08-25T02:46:30.948197Z","level":"info","event":"MedicationRequest: 1672 new rows appended. 2828 total rows in /opt/airflow/project/data/delta/bronze/medicationrequest","logger":"task.stdout"}
{"timestamp":"2026-08-25T02:46:31.238452Z","level":"info","event":"Done. Returned value was: None","map_index":-1,"ti_id":"01a036cf-450d-7b03-af6f-2f2f2e08aa73","run_id":"manual__2026-08-25T02:45:48.398479+00:00","task_id":"process_bronze_to_delta","try_number":1,"dag_id":"healthcare_pipeline","logger":"airflow.task.operators.airflow.providers.standard.decorators.python._PythonDecoratedOperator","filename":"python.py","lineno":233}
{"timestamp":"2026-08-25T02:46:31.241376Z","level":"info","event":"::group::Post Execute","map_index":-1,"ti_id":"01a036cf-450d-7b03-af6f-2f2f2e08aa73","run_id":"manual__2026-08-25T02:45:48.398479+00:00","task_id":"process_bronze_to_delta","try_number":1,"dag_id":"healthcare_pipeline","logger":"task","filename":"task_runner.py","lineno":1580}
{"timestamp":"2026-08-25T02:46:31.286434Z","level":"info","event":"::endgroup::","map_index":-1,"ti_id":"01a036cf-450d-7b03-af6f-2f2f2e08aa73","run_id":"manual__2026-08-25T02:45:48.398479+00:00","task_id":"process_bronze_to_delta","try_number":1,"dag_id":"healthcare_pipeline","logger":"task","filename":"task_runner.py","lineno":2379}
{"timestamp":"2026-08-25T02:46:32.542955Z","level":"error","event":"\r[Stage 2:>                                                         (0 + 8) / 50]\r\r[Stage 2:=========>                                                (8 + 8) / 50]\r\r[Stage 2:=====================>                                   (19 + 8) / 50]\r\r[Stage 2:==============================>                          (27 + 8) / 50]\r\r[Stage 2:=========================================>               (36 + 8) / 50]\r\r                                                                                \r\r[Stage 8:>                                                          (0 + 6) / 6]\r\r                                                                                \r\r[Stage 12:>                                                         (0 + 7) / 7]\r\r                                                                                \r\r[Stage 35:=============================>                            (1 + 1) / 2]\r\r                                                                                \r\r[Stage 36:>                                                         (0 + 6) / 6]\r\r[Stage 36:=========>                                                (1 + 5) / 6]\r\r[Stage 36:================================================>         (5 + 1) / 6]\r\r                                                                                \r\r[Stage 48:============================>                           (25 + 8) / 50]\r\r[Stage 48:==================================================>     (45 + 5) / 50]\r\r                                                                                \r\r[Stage 57:>                                                         (0 + 1) / 1]\r\r                                                                                \r\r[Stage 58:>                                                         (0 + 6) / 6]\r\r                                                                                \r\r[Stage 64:======================================================> (49 + 1) / 50]\r\r                                                                                \r\r[Stage 79:>                                                         (0 + 3) / 3]\r\r[Stage 79:===================>                                      (1 + 2) / 3]\r\r[Stage 79:======================================>                   (2 + 1) / 3]\r\r                                                                                \r\r[Stage 80:>                                                         (0 + 6) / 6]\r\r[Stage 80:======================================>                   (4 + 2) / 6]\r\r                                                                                \r\r[Stage 81:======================================>                   (4 + 2) / 6]\r\r                                                                                \r\r[Stage 86:===============================================>        (42 + 8) / 50]\r\r                                                                                \r\r[Stage 102:============================>                            (3 + 3) / 6]","logger":"task.stderr"}
