{"timestamp":"2026-08-28T21:10:42.862445Z","level":"info","event":"::group::Pre Execute","logger":"task","filename":"task_runner.py","lineno":2412}
{"timestamp":"2026-08-28T21:10:42.932066Z","level":"info","event":"DAG bundles loaded: dags-folder","task_id":"process_gold_patient_util","map_index":-1,"run_id":"manual__2026-08-28T21:08:59.158994+00:00","ti_id":"01a04a34-56e7-710f-b2b3-fb177abddfc3","dag_id":"healthcare_pipeline","try_number":1,"logger":"airflow.dag_processing.bundles.manager.DagBundlesManager","filename":"manager.py","lineno":304}
{"timestamp":"2026-08-28T21:10:42.934016Z","level":"info","event":"Filling up the DagBag from /opt/airflow/dags/healthcare_pipeline.py","task_id":"process_gold_patient_util","map_index":-1,"run_id":"manual__2026-08-28T21:08:59.158994+00:00","ti_id":"01a04a34-56e7-710f-b2b3-fb177abddfc3","dag_id":"healthcare_pipeline","try_number":1,"logger":"airflow.dag_processing.dagbag.BundleDagBag","filename":"dagbag.py","lineno":460}
{"timestamp":"2026-08-28T21:10:43.454708Z","level":"info","event":"Worker startup parse complete","bundle_name":"dags-folder","bundle_version":null,"dag_file":"healthcare_pipeline.py","dag_id":"healthcare_pipeline","bundle_prepare_ms":2,"dag_file_parse_ms":521,"task_id":"process_gold_patient_util","map_index":-1,"run_id":"manual__2026-08-28T21:08:59.158994+00:00","ti_id":"01a04a34-56e7-710f-b2b3-fb177abddfc3","try_number":1,"logger":"task","filename":"task_runner.py","lineno":1073}
{"timestamp":"2026-08-28T21:10:43.521711Z","level":"info","event":"::endgroup::","task_id":"process_gold_patient_util","map_index":-1,"run_id":"manual__2026-08-28T21:08:59.158994+00:00","ti_id":"01a04a34-56e7-710f-b2b3-fb177abddfc3","dag_id":"healthcare_pipeline","try_number":1,"logger":"task","filename":"task_runner.py","lineno":2232}
{"timestamp":"2026-08-28T21:10:45.648878Z","level":"info","event":":: loading settings :: url = jar:file:/home/airflow/.local/lib/python3.11/site-packages/pyspark/jars/ivy-2.5.3.jar!/org/apache/ivy/core/settings/ivysettings.xml","logger":"task.stdout"}
{"timestamp":"2026-08-28T21:10:45.746959Z","level":"error","event":"Ivy Default Cache set to: /home/airflow/.ivy2/cache","logger":"task.stderr"}
{"timestamp":"2026-08-28T21:10:45.749872Z","level":"error","event":"The jars for the packages stored in: /home/airflow/.ivy2/jars","logger":"task.stderr"}
{"timestamp":"2026-08-28T21:10:45.752129Z","level":"error","event":"io.delta#delta-spark_2.12 added as a dependency","logger":"task.stderr"}
{"timestamp":"2026-08-28T21:10:45.755511Z","level":"error","event":":: resolving dependencies :: org.apache.spark#spark-submit-parent-e3bc9a34-c8af-4ada-8ec2-0fc3b99e7751;1.0","logger":"task.stderr"}
{"timestamp":"2026-08-28T21:10:45.759001Z","level":"error","event":"\tconfs: [default]","logger":"task.stderr"}
{"timestamp":"2026-08-28T21:10:45.923558Z","level":"error","event":"\tfound io.delta#delta-spark_2.12;3.3.2 in central","logger":"task.stderr"}
{"timestamp":"2026-08-28T21:10:45.951819Z","level":"error","event":"\tfound io.delta#delta-storage;3.3.2 in central","logger":"task.stderr"}
{"timestamp":"2026-08-28T21:10:45.979836Z","level":"error","event":"\tfound org.antlr#antlr4-runtime;4.9.3 in central","logger":"task.stderr"}
{"timestamp":"2026-08-28T21:10:46.003138Z","level":"error","event":":: resolution report :: resolve 245ms :: artifacts dl 6ms","logger":"task.stderr"}
{"timestamp":"2026-08-28T21:10:46.012460Z","level":"error","event":"\t:: modules in use:","logger":"task.stderr"}
{"timestamp":"2026-08-28T21:10:46.015012Z","level":"error","event":"\tio.delta#delta-spark_2.12;3.3.2 from central in [default]","logger":"task.stderr"}
{"timestamp":"2026-08-28T21:10:46.017282Z","level":"error","event":"\tio.delta#delta-storage;3.3.2 from central in [default]","logger":"task.stderr"}
{"timestamp":"2026-08-28T21:10:46.020103Z","level":"error","event":"\torg.antlr#antlr4-runtime;4.9.3 from central in [default]","logger":"task.stderr"}
{"timestamp":"2026-08-28T21:10:46.023686Z","level":"error","event":"\t---------------------------------------------------------------------","logger":"task.stderr"}
{"timestamp":"2026-08-28T21:10:46.031439Z","level":"error","event":"\t|                  |            modules            ||   artifacts   |","logger":"task.stderr"}
{"timestamp":"2026-08-28T21:10:46.034600Z","level":"error","event":"\t|       conf       | number| search|dwnlded|evicted|| number|dwnlded|","logger":"task.stderr"}
{"timestamp":"2026-08-28T21:10:46.038145Z","level":"error","event":"\t---------------------------------------------------------------------","logger":"task.stderr"}
{"timestamp":"2026-08-28T21:10:46.042092Z","level":"error","event":"\t|      default     |   3   |   0   |   0   |   0   ||   3   |   0   |","logger":"task.stderr"}
{"timestamp":"2026-08-28T21:10:46.045051Z","level":"error","event":"\t---------------------------------------------------------------------","logger":"task.stderr"}
{"timestamp":"2026-08-28T21:10:46.049307Z","level":"error","event":":: retrieving :: org.apache.spark#spark-submit-parent-e3bc9a34-c8af-4ada-8ec2-0fc3b99e7751","logger":"task.stderr"}
{"timestamp":"2026-08-28T21:10:46.052776Z","level":"error","event":"\tconfs: [default]","logger":"task.stderr"}
{"timestamp":"2026-08-28T21:10:46.055789Z","level":"error","event":"\t0 artifacts copied, 3 already retrieved (0kB/10ms)","logger":"task.stderr"}
{"timestamp":"2026-08-28T21:10:46.433555Z","level":"error","event":"26/08/28 21:10:46 WARN NativeCodeLoader: Unable to load native-hadoop library for your platform... using builtin-java classes where applicable","logger":"task.stderr"}
{"timestamp":"2026-08-28T21:10:46.893112Z","level":"error","event":"Setting default log level to \"WARN\".","logger":"task.stderr"}
{"timestamp":"2026-08-28T21:10:46.898231Z","level":"error","event":"To adjust logging level use sc.setLogLevel(newLevel). For SparkR, use setLogLevel(newLevel).","logger":"task.stderr"}
{"timestamp":"2026-08-28T21:10:48.186266Z","level":"error","event":"26/08/28 21:10:48 WARN Utils: Service 'SparkUI' could not bind on port 4040. Attempting port 4041.","logger":"task.stderr"}
{"timestamp":"2026-08-28T21:10:48.208110Z","level":"error","event":"26/08/28 21:10:48 WARN Utils: Service 'SparkUI' could not bind on port 4041. Attempting port 4042.","logger":"task.stderr"}
{"timestamp":"2026-08-28T21:10:56.929040Z","level":"error","event":"26/08/28 21:10:56 WARN SparkStringUtils: Truncated the string representation of a plan since it was too large. This behavior can be adjusted by setting 'spark.sql.debug.maxToStringFields'.","logger":"task.stderr"}
{"timestamp":"2026-08-28T21:11:27.093934Z","level":"info","event":"+----------+----------+------+---------------+-------------------+-------------------+----------------------------------+","logger":"task.stdout"}
{"timestamp":"2026-08-28T21:11:27.104896Z","level":"info","event":"|patient_id|birth_date|gender|encounter_count|first_encounter_at |latest_encounter_at|average_encounter_duration_minutes|","logger":"task.stdout"}
{"timestamp":"2026-08-28T21:11:27.108615Z","level":"info","event":"+----------+----------+------+---------------+-------------------+-------------------+----------------------------------+","logger":"task.stdout"}
{"timestamp":"2026-08-28T21:11:27.110829Z","level":"info","event":"|10627     |1978-10-20|female|19             |1996-12-20 21:31:36|2024-11-22 21:31:36|134.8236842105263                 |","logger":"task.stdout"}
{"timestamp":"2026-08-28T21:11:27.113208Z","level":"info","event":"|10940     |1951-08-28|female|44             |1969-10-21 21:08:36|2026-01-27 21:08:36|2762.5371212121213                |","logger":"task.stdout"}
{"timestamp":"2026-08-28T21:11:27.118092Z","level":"info","event":"|12069     |2019-12-30|female|24             |2019-12-30 09:52:39|2025-12-22 09:52:39|34.98125                          |","logger":"task.stdout"}
{"timestamp":"2026-08-28T21:11:27.124271Z","level":"info","event":"|12497     |1993-08-01|male  |26             |2009-09-14 04:16:50|2026-04-27 04:16:50|69.56602564102563                 |","logger":"task.stdout"}
{"timestamp":"2026-08-28T21:11:27.126315Z","level":"info","event":"|186568    |2015-11-01|female|24             |2016-06-27 13:55:02|2025-11-16 09:55:02|38.84236111111111                 |","logger":"task.stdout"}
{"timestamp":"2026-08-28T21:11:27.131960Z","level":"info","event":"|186886    |2015-11-01|female|24             |2016-06-27 13:55:02|2025-11-16 09:55:02|38.84236111111111                 |","logger":"task.stdout"}
{"timestamp":"2026-08-28T21:11:27.136281Z","level":"info","event":"|186935    |2012-07-02|male  |18             |2016-06-06 15:18:19|2026-08-03 15:18:19|53.61388888888889                 |","logger":"task.stdout"}
{"timestamp":"2026-08-28T21:11:27.139854Z","level":"info","event":"|187253    |2012-07-02|male  |20             |2016-06-06 15:18:19|2026-08-03 15:18:19|61.0625                           |","logger":"task.stdout"}
{"timestamp":"2026-08-28T21:11:27.145061Z","level":"info","event":"|187279    |1944-05-21|female|63             |1962-07-15 12:20:23|2026-06-26 12:51:52|606.5719576719576                 |","logger":"task.stdout"}
{"timestamp":"2026-08-28T21:11:27.149793Z","level":"info","event":"|187597    |1944-05-21|female|66             |1962-07-15 12:20:23|2026-06-26 12:51:52|584.0219696969697                 |","logger":"task.stdout"}
{"timestamp":"2026-08-28T21:11:27.156800Z","level":"info","event":"|189026    |1996-08-27|male  |33             |1997-06-10 00:25:36|2026-03-17 15:25:36|62.389898989898995                |","logger":"task.stdout"}
{"timestamp":"2026-08-28T21:11:27.164655Z","level":"info","event":"|189344    |1996-08-27|male  |34             |1997-06-10 00:25:36|2026-03-17 15:25:36|62.19950980392158                 |","logger":"task.stdout"}
{"timestamp":"2026-08-28T21:11:27.168128Z","level":"info","event":"|189697    |2016-12-30|male  |28             |2016-12-30 16:12:20|2026-01-02 16:12:20|36.864285714285714                |","logger":"task.stdout"}
{"timestamp":"2026-08-28T21:11:27.173168Z","level":"info","event":"|190015    |2016-12-30|male  |28             |2016-12-30 16:12:20|2026-01-02 16:12:20|36.864285714285714                |","logger":"task.stdout"}
{"timestamp":"2026-08-28T21:11:27.181110Z","level":"info","event":"|190188    |1979-10-13|male  |30             |1982-11-25 14:42:43|2025-11-01 14:42:43|47.809444444444445                |","logger":"task.stdout"}
{"timestamp":"2026-08-28T21:11:27.185968Z","level":"info","event":"|190506    |1979-10-13|male  |31             |1982-11-25 14:42:43|2025-11-01 14:42:43|46.7510752688172                  |","logger":"task.stdout"}
{"timestamp":"2026-08-28T21:11:27.189038Z","level":"info","event":"|190589    |1963-07-28|male  |27             |1981-09-20 07:18:40|2002-05-12 07:18:40|1666.733950617284                 |","logger":"task.stdout"}
{"timestamp":"2026-08-28T21:11:27.193774Z","level":"info","event":"|190907    |1963-07-28|male  |27             |1981-09-20 07:18:40|2002-05-12 07:18:40|1666.733950617284                 |","logger":"task.stdout"}
{"timestamp":"2026-08-28T21:11:27.196960Z","level":"info","event":"|191334    |1929-08-20|female|74             |1947-10-15 04:04:46|2022-04-06 04:04:46|2389.5036036036036                |","logger":"task.stdout"}
{"timestamp":"2026-08-28T21:11:27.199629Z","level":"info","event":"|191652    |1929-08-20|female|76             |1947-10-15 04:04:46|2022-04-06 04:04:46|2327.8342105263155                |","logger":"task.stdout"}
{"timestamp":"2026-08-28T21:11:27.203781Z","level":"info","event":"+----------+----------+------+---------------+-------------------+-------------------+----------------------------------+","logger":"task.stdout"}
{"timestamp":"2026-08-28T21:11:27.207952Z","level":"info","event":"only showing top 20 rows","logger":"task.stdout"}
{"timestamp":"2026-08-28T21:11:27.213586Z","level":"info","event":"","logger":"task.stdout"}
{"timestamp":"2026-08-28T21:11:28.867195Z","level":"info","event":"Patient utilization rows: 50","logger":"task.stdout"}
{"timestamp":"2026-08-28T21:11:50.759064Z","level":"info","event":"Done. Returned value was: None","task_id":"process_gold_patient_util","map_index":-1,"run_id":"manual__2026-08-28T21:08:59.158994+00:00","ti_id":"01a04a34-56e7-710f-b2b3-fb177abddfc3","dag_id":"healthcare_pipeline","try_number":1,"logger":"airflow.task.operators.airflow.providers.standard.decorators.python._PythonDecoratedOperator","filename":"python.py","lineno":233}
{"timestamp":"2026-08-28T21:11:50.834017Z","level":"info","event":"::group::Post Execute","task_id":"process_gold_patient_util","map_index":-1,"run_id":"manual__2026-08-28T21:08:59.158994+00:00","ti_id":"01a04a34-56e7-710f-b2b3-fb177abddfc3","dag_id":"healthcare_pipeline","try_number":1,"logger":"task","filename":"task_runner.py","lineno":1580}
{"timestamp":"2026-08-28T21:11:51.480017Z","level":"info","event":"::endgroup::","task_id":"process_gold_patient_util","map_index":-1,"run_id":"manual__2026-08-28T21:08:59.158994+00:00","ti_id":"01a04a34-56e7-710f-b2b3-fb177abddfc3","dag_id":"healthcare_pipeline","try_number":1,"logger":"task","filename":"task_runner.py","lineno":2379}
{"timestamp":"2026-08-28T21:11:56.186888Z","level":"error","event":"\r[Stage 0:>                                                          (0 + 5) / 5]\r\r[Stage 2:>                                                         (0 + 8) / 50]\r\r[Stage 2:========>                                                 (7 + 8) / 50]\r\r[Stage 2:=========>                                                (8 + 8) / 50]\r\r[Stage 2:==========>                                               (9 + 8) / 50]\r\r[Stage 2:===============>                                         (14 + 8) / 50]\r\r[Stage 2:==================>                                      (16 + 8) / 50]\r\r[Stage 2:===================>                                     (17 + 8) / 50]\r\r[Stage 2:=========================>                               (22 + 8) / 50]\r\r[Stage 2:=============================>                           (26 + 9) / 50]\r\r[Stage 2:===================================>                     (31 + 8) / 50]\r\r[Stage 2:=======================================>                 (35 + 8) / 50]\r\r[Stage 2:===========================================>             (38 + 8) / 50]\r\r[Stage 2:==================================================>      (44 + 6) / 50]\r\r                                                                                \r\r[Stage 4:>                                                         (0 + 8) / 50]\r\r[Stage 4:=========>                                                (8 + 8) / 50]\r\r[Stage 4:=============>                                           (12 + 9) / 50]\r\r[Stage 4:=================>                                       (15 + 8) / 50]\r\r[Stage 4:===================>                                     (17 + 8) / 50]\r\r[Stage 4:===========================>                             (24 + 8) / 50]\r\r[Stage 4:====================================>                    (32 + 8) / 50]\r\r[Stage 4:======================================>                  (34 + 8) / 50]\r\r[Stage 4:=============================================>           (40 + 9) / 50]\r\r[Stage 7:>                                                          (0 + 1) / 1]\r\r                                                                                \r\r[Stage 10:===========>                                            (10 + 8) / 50]\r\r[Stage 10:====================>                                   (18 + 8) / 50]\r\r[Stage 10:============================>                           (25 + 8) / 50]\r\r[Stage 10:====================================>                   (33 + 8) / 50]\r\r[Stage 10:================================================>       (43 + 7) / 50]\r\r                                                                                \r\r[Stage 11:>                                                         (0 + 1) / 1]\r\r                                                                                \r\r[Stage 16:=============>                                          (12 + 8) / 50]\r\r[Stage 16:==============================>                         (27 + 9) / 50]\r\r                                                                                \r\r[Stage 22:=========>                                               (8 + 8) / 50]\r\r[Stage 22:==========>                                              (9 + 8) / 50]\r\r[Stage 22:================>                                       (15 + 8) / 50]\r\r[Stage 22:===================>                                    (17 + 8) / 50]\r\r[Stage 22:=========================>                              (23 + 8) / 50]\r\r[Stage 22:==============================>                         (27 + 8) / 50]\r\r[Stage 22:===================================>                    (32 + 9) / 50]\r\r[Stage 22:========================================>               (36 + 8) / 50]\r\r[Stage 22:==========================================>             (38 + 8) / 50]\r\r[Stage 22:=================================================>      (44 + 6) / 50]\r\r                                                                                \r\r[Stage 27:======>                                                  (6 + 8) / 50]\r\r[Stage 27:=============================>                          (26 + 8) / 50]\r\r                                                                                \r\r[Stage 33:>                                                         (0 + 1) / 1]\r\r                                                                                \r\r[Stage 35:================>                                       (15 + 9) / 50]\r\r[Stage 35:=================================>                      (30 + 8) / 50]\r\r[Stage 35:===========================================>            (39 + 8) / 50]\r\r[Stage 35:======================================================> (49 + 1) / 50]","logger":"task.stderr"}
