{"timestamp":"2026-09-07T01:54:45.143882Z","level":"info","event":"::group::Pre Execute","logger":"task","filename":"task_runner.py","lineno":2412}
{"timestamp":"2026-09-07T01:54:45.380396Z","level":"info","event":"DAG bundles loaded: dags-folder","map_index":-1,"task_id":"process_observation_silver","run_id":"manual__2026-09-07T01:54:15.317556+00:00","try_number":1,"dag_id":"healthcare_pipeline","ti_id":"01a07992-bef6-7b95-97f4-60c0f7e94d37","logger":"airflow.dag_processing.bundles.manager.DagBundlesManager","filename":"manager.py","lineno":304}
{"timestamp":"2026-09-07T01:54:45.382129Z","level":"info","event":"Filling up the DagBag from /opt/airflow/dags/healthcare_pipeline.py","map_index":-1,"task_id":"process_observation_silver","run_id":"manual__2026-09-07T01:54:15.317556+00:00","try_number":1,"dag_id":"healthcare_pipeline","ti_id":"01a07992-bef6-7b95-97f4-60c0f7e94d37","logger":"airflow.dag_processing.dagbag.BundleDagBag","filename":"dagbag.py","lineno":460}
{"timestamp":"2026-09-07T01:54:47.307277Z","level":"info","event":"Worker startup parse complete","bundle_name":"dags-folder","bundle_version":null,"dag_file":"healthcare_pipeline.py","dag_id":"healthcare_pipeline","bundle_prepare_ms":3,"dag_file_parse_ms":1925,"map_index":-1,"task_id":"process_observation_silver","run_id":"manual__2026-09-07T01:54:15.317556+00:00","try_number":1,"ti_id":"01a07992-bef6-7b95-97f4-60c0f7e94d37","logger":"task","filename":"task_runner.py","lineno":1073}
{"timestamp":"2026-09-07T01:54:47.396486Z","level":"info","event":"::endgroup::","map_index":-1,"task_id":"process_observation_silver","run_id":"manual__2026-09-07T01:54:15.317556+00:00","try_number":1,"dag_id":"healthcare_pipeline","ti_id":"01a07992-bef6-7b95-97f4-60c0f7e94d37","logger":"task","filename":"task_runner.py","lineno":2232}
{"timestamp":"2026-09-07T01:54:50.813922Z","level":"info","event":":: loading settings :: url = jar:file:/home/airflow/.local/lib/python3.11/site-packages/pyspark/jars/ivy-2.5.3.jar!/org/apache/ivy/core/settings/ivysettings.xml","logger":"task.stdout"}
{"timestamp":"2026-09-07T01:54:51.056958Z","level":"error","event":"Ivy Default Cache set to: /home/airflow/.ivy2/cache","logger":"task.stderr"}
{"timestamp":"2026-09-07T01:54:51.061064Z","level":"error","event":"The jars for the packages stored in: /home/airflow/.ivy2/jars","logger":"task.stderr"}
{"timestamp":"2026-09-07T01:54:51.064417Z","level":"error","event":"io.delta#delta-spark_2.12 added as a dependency","logger":"task.stderr"}
{"timestamp":"2026-09-07T01:54:51.067020Z","level":"error","event":":: resolving dependencies :: org.apache.spark#spark-submit-parent-3e0a434b-509f-4a3a-a7b3-4fc58e96300d;1.0","logger":"task.stderr"}
{"timestamp":"2026-09-07T01:54:51.069507Z","level":"error","event":"\tconfs: [default]","logger":"task.stderr"}
{"timestamp":"2026-09-07T01:54:51.405962Z","level":"error","event":"\tfound io.delta#delta-spark_2.12;3.3.2 in central","logger":"task.stderr"}
{"timestamp":"2026-09-07T01:54:51.482469Z","level":"error","event":"\tfound io.delta#delta-storage;3.3.2 in central","logger":"task.stderr"}
{"timestamp":"2026-09-07T01:54:51.604503Z","level":"error","event":"\tfound org.antlr#antlr4-runtime;4.9.3 in central","logger":"task.stderr"}
{"timestamp":"2026-09-07T01:54:51.711389Z","level":"error","event":":: resolution report :: resolve 626ms :: artifacts dl 20ms","logger":"task.stderr"}
{"timestamp":"2026-09-07T01:54:51.715710Z","level":"error","event":"\t:: modules in use:","logger":"task.stderr"}
{"timestamp":"2026-09-07T01:54:51.718476Z","level":"error","event":"\tio.delta#delta-spark_2.12;3.3.2 from central in [default]","logger":"task.stderr"}
{"timestamp":"2026-09-07T01:54:51.722976Z","level":"error","event":"\tio.delta#delta-storage;3.3.2 from central in [default]","logger":"task.stderr"}
{"timestamp":"2026-09-07T01:54:51.726950Z","level":"error","event":"\torg.antlr#antlr4-runtime;4.9.3 from central in [default]","logger":"task.stderr"}
{"timestamp":"2026-09-07T01:54:51.729256Z","level":"error","event":"\t---------------------------------------------------------------------","logger":"task.stderr"}
{"timestamp":"2026-09-07T01:54:51.732187Z","level":"error","event":"\t|                  |            modules            ||   artifacts   |","logger":"task.stderr"}
{"timestamp":"2026-09-07T01:54:51.736437Z","level":"error","event":"\t|       conf       | number| search|dwnlded|evicted|| number|dwnlded|","logger":"task.stderr"}
{"timestamp":"2026-09-07T01:54:51.739052Z","level":"error","event":"\t---------------------------------------------------------------------","logger":"task.stderr"}
{"timestamp":"2026-09-07T01:54:51.743075Z","level":"error","event":"\t|      default     |   3   |   0   |   0   |   0   ||   3   |   0   |","logger":"task.stderr"}
{"timestamp":"2026-09-07T01:54:51.747131Z","level":"error","event":"\t---------------------------------------------------------------------","logger":"task.stderr"}
{"timestamp":"2026-09-07T01:54:51.748966Z","level":"error","event":":: retrieving :: org.apache.spark#spark-submit-parent-3e0a434b-509f-4a3a-a7b3-4fc58e96300d","logger":"task.stderr"}
{"timestamp":"2026-09-07T01:54:51.751486Z","level":"error","event":"\tconfs: [default]","logger":"task.stderr"}
{"timestamp":"2026-09-07T01:54:51.762306Z","level":"error","event":"\t0 artifacts copied, 3 already retrieved (0kB/43ms)","logger":"task.stderr"}
{"timestamp":"2026-09-07T01:54:52.326455Z","level":"error","event":"26/09/07 01:54:52 WARN NativeCodeLoader: Unable to load native-hadoop library for your platform... using builtin-java classes where applicable","logger":"task.stderr"}
{"timestamp":"2026-09-07T01:54:52.691455Z","level":"error","event":"Setting default log level to \"WARN\".","logger":"task.stderr"}
{"timestamp":"2026-09-07T01:54:52.694399Z","level":"error","event":"To adjust logging level use sc.setLogLevel(newLevel). For SparkR, use setLogLevel(newLevel).","logger":"task.stderr"}
{"timestamp":"2026-09-07T01:54:54.880907Z","level":"error","event":"26/09/07 01:54:54 WARN Utils: Service 'SparkUI' could not bind on port 4040. Attempting port 4041.","logger":"task.stderr"}
{"timestamp":"2026-09-07T01:54:54.886749Z","level":"error","event":"26/09/07 01:54:54 WARN Utils: Service 'SparkUI' could not bind on port 4041. Attempting port 4042.","logger":"task.stderr"}
{"timestamp":"2026-09-07T01:54:54.897138Z","level":"error","event":"26/09/07 01:54:54 WARN Utils: Service 'SparkUI' could not bind on port 4042. Attempting port 4043.","logger":"task.stderr"}
{"timestamp":"2026-09-07T01:55:13.524164Z","level":"error","event":"26/09/07 01:55:13 WARN SparkStringUtils: Truncated the string representation of a plan since it was too large. This behavior can be adjusted by setting 'spark.sql.debug.maxToStringFields'.","logger":"task.stderr"}
{"timestamp":"2026-09-07T01:56:21.408143Z","level":"info","event":"","logger":"task.stdout"}
{"timestamp":"2026-09-07T01:56:21.582201Z","level":"info","event":"Observation Silver","logger":"task.stdout"}
{"timestamp":"2026-09-07T01:56:21.592772Z","level":"info","event":"------------------","logger":"task.stdout"}
{"timestamp":"2026-09-07T01:56:21.623555Z","level":"info","event":"New Bronze rows: 0","logger":"task.stdout"}
{"timestamp":"2026-09-07T01:56:21.636619Z","level":"info","event":"Rows to merge: 0","logger":"task.stdout"}
{"timestamp":"2026-09-07T01:56:21.641192Z","level":"info","event":"Status: NO NEW DATA","logger":"task.stdout"}
{"timestamp":"2026-09-07T01:56:23.089697Z","level":"info","event":"Done. Returned value was: None","map_index":-1,"task_id":"process_observation_silver","run_id":"manual__2026-09-07T01:54:15.317556+00:00","try_number":1,"dag_id":"healthcare_pipeline","ti_id":"01a07992-bef6-7b95-97f4-60c0f7e94d37","logger":"airflow.task.operators.airflow.providers.standard.decorators.python._PythonDecoratedOperator","filename":"python.py","lineno":233}
{"timestamp":"2026-09-07T01:56:23.140182Z","level":"info","event":"::group::Post Execute","map_index":-1,"task_id":"process_observation_silver","run_id":"manual__2026-09-07T01:54:15.317556+00:00","try_number":1,"dag_id":"healthcare_pipeline","ti_id":"01a07992-bef6-7b95-97f4-60c0f7e94d37","logger":"task","filename":"task_runner.py","lineno":1580}
{"timestamp":"2026-09-07T01:56:23.303328Z","level":"info","event":"::endgroup::","map_index":-1,"task_id":"process_observation_silver","run_id":"manual__2026-09-07T01:54:15.317556+00:00","try_number":1,"dag_id":"healthcare_pipeline","ti_id":"01a07992-bef6-7b95-97f4-60c0f7e94d37","logger":"task","filename":"task_runner.py","lineno":2379}
{"timestamp":"2026-09-07T01:56:27.866282Z","level":"error","event":"\r[Stage 0:>                                                          (0 + 0) / 6]\r\r[Stage 0:>                                                          (0 + 6) / 6]\r\r[Stage 2:>                                                         (0 + 0) / 50]\r\r[Stage 2:>                                                         (0 + 7) / 50]\r\r[Stage 2:>                                                         (0 + 8) / 50]\r\r[Stage 2:==>                                                       (2 + 8) / 50]\r\r[Stage 2:=========>                                                (8 + 8) / 50]\r\r[Stage 2:==========>                                               (9 + 8) / 50]\r\r[Stage 2:============>                                            (11 + 8) / 50]\r\r[Stage 2:==================>                                      (16 + 8) / 50]\r\r[Stage 2:===================>                                     (17 + 8) / 50]\r\r[Stage 2:=======================>                                 (21 + 8) / 50]\r\r[Stage 2:============================>                            (25 + 8) / 50]\r\r[Stage 2:==================================>                      (30 + 8) / 50]\r\r[Stage 2:=====================================>                   (33 + 8) / 50]\r\r[Stage 2:=======================================>                 (35 + 8) / 50]\r\r[Stage 2:=================================================>       (43 + 7) / 50]\r\r[Stage 2:======================================================>  (48 + 2) / 50]\r\r[Stage 5:>                                                          (0 + 1) / 1]\r\r                                                                                \r\r[Stage 7:>                                                         (0 + 8) / 50]\r\r[Stage 7:====>                                                    (4 + 11) / 50]\r\r[Stage 7:=============>                                           (12 + 9) / 50]\r\r[Stage 7:===========================>                             (24 + 8) / 50]\r\r                                                                                \r\r[Stage 8:>                                                          (0 + 6) / 6]\r\r[Stage 8:=======================================>                   (4 + 2) / 6]\r\r                                                                                \r\r[Stage 13:>                                                        (0 + 8) / 50]\r\r[Stage 13:=========>                                               (8 + 8) / 50]\r\r[Stage 13:============>                                           (11 + 8) / 50]\r\r[Stage 13:=============>                                          (12 + 8) / 50]\r\r[Stage 13:================>                                       (15 + 8) / 50]\r\r[Stage 13:=================>                                      (16 + 8) / 50]\r\r[Stage 13:=====================>                                  (19 + 8) / 50]\r\r[Stage 13:======================>                                 (20 + 8) / 50]\r\r[Stage 13:=======================>                                (21 + 8) / 50]\r\r[Stage 13:============================>                           (25 + 8) / 50]\r\r[Stage 13:==============================>                         (27 + 8) / 50]\r\r[Stage 13:===============================>                        (28 + 8) / 50]\r\r[Stage 13:================================>                       (29 + 8) / 50]\r\r[Stage 13:===================================>                    (32 + 8) / 50]\r\r[Stage 13:======================================>                 (34 + 8) / 50]\r\r[Stage 13:========================================>               (36 + 8) / 50]\r\r[Stage 13:=========================================>              (37 + 8) / 50]\r\r[Stage 13:=============================================>          (41 + 8) / 50]\r\r[Stage 13:===============================================>        (42 + 8) / 50]\r\r[Stage 13:===================================================>    (46 + 4) / 50]\r\r[Stage 13:====================================================>   (47 + 3) / 50]\r\r[Stage 13:======================================================> (49 + 1) / 50]","logger":"task.stderr"}
