{"timestamp":"2026-09-07T02:33:00.124844Z","level":"info","event":"::group::Pre Execute","logger":"task","filename":"task_runner.py","lineno":2412}
{"timestamp":"2026-09-07T02:33:00.154074Z","level":"info","event":"DAG bundles loaded: dags-folder","run_id":"manual__2026-09-07T02:30:10.914584+00:00","try_number":1,"ti_id":"01a079b3-a32a-7a6e-a96e-b8dd30cd4adc","dag_id":"healthcare_pipeline","map_index":-1,"task_id":"embed_clinical_notes","logger":"airflow.dag_processing.bundles.manager.DagBundlesManager","filename":"manager.py","lineno":304}
{"timestamp":"2026-09-07T02:33:00.155258Z","level":"info","event":"Filling up the DagBag from /opt/airflow/dags/healthcare_pipeline.py","run_id":"manual__2026-09-07T02:30:10.914584+00:00","try_number":1,"ti_id":"01a079b3-a32a-7a6e-a96e-b8dd30cd4adc","dag_id":"healthcare_pipeline","map_index":-1,"task_id":"embed_clinical_notes","logger":"airflow.dag_processing.dagbag.BundleDagBag","filename":"dagbag.py","lineno":460}
{"timestamp":"2026-09-07T02:33:01.530315Z","level":"info","event":"Worker startup parse complete","bundle_name":"dags-folder","bundle_version":null,"dag_file":"healthcare_pipeline.py","dag_id":"healthcare_pipeline","bundle_prepare_ms":11,"dag_file_parse_ms":1375,"run_id":"manual__2026-09-07T02:30:10.914584+00:00","try_number":1,"ti_id":"01a079b3-a32a-7a6e-a96e-b8dd30cd4adc","map_index":-1,"task_id":"embed_clinical_notes","logger":"task","filename":"task_runner.py","lineno":1073}
{"timestamp":"2026-09-07T02:33:01.575997Z","level":"info","event":"::endgroup::","run_id":"manual__2026-09-07T02:30:10.914584+00:00","try_number":1,"ti_id":"01a079b3-a32a-7a6e-a96e-b8dd30cd4adc","dag_id":"healthcare_pipeline","map_index":-1,"task_id":"embed_clinical_notes","logger":"task","filename":"task_runner.py","lineno":2232}
{"timestamp":"2026-09-07T02:33:03.725321Z","level":"info","event":":: loading settings :: url = jar:file:/home/airflow/.local/lib/python3.11/site-packages/pyspark/jars/ivy-2.5.3.jar!/org/apache/ivy/core/settings/ivysettings.xml","logger":"task.stdout"}
{"timestamp":"2026-09-07T02:33:03.812344Z","level":"error","event":"Ivy Default Cache set to: /home/airflow/.ivy2/cache","logger":"task.stderr"}
{"timestamp":"2026-09-07T02:33:03.814911Z","level":"error","event":"The jars for the packages stored in: /home/airflow/.ivy2/jars","logger":"task.stderr"}
{"timestamp":"2026-09-07T02:33:03.821798Z","level":"error","event":"io.delta#delta-spark_2.12 added as a dependency","logger":"task.stderr"}
{"timestamp":"2026-09-07T02:33:03.826019Z","level":"error","event":":: resolving dependencies :: org.apache.spark#spark-submit-parent-f7ffbdfe-4924-475c-a725-ed296d7b7caa;1.0","logger":"task.stderr"}
{"timestamp":"2026-09-07T02:33:03.830272Z","level":"error","event":"\tconfs: [default]","logger":"task.stderr"}
{"timestamp":"2026-09-07T02:33:03.962419Z","level":"error","event":"\tfound io.delta#delta-spark_2.12;3.3.2 in spark-list","logger":"task.stderr"}
{"timestamp":"2026-09-07T02:33:03.989985Z","level":"error","event":"\tfound io.delta#delta-storage;3.3.2 in central","logger":"task.stderr"}
{"timestamp":"2026-09-07T02:33:04.006635Z","level":"error","event":"\tfound org.antlr#antlr4-runtime;4.9.3 in central","logger":"task.stderr"}
{"timestamp":"2026-09-07T02:33:04.025457Z","level":"error","event":":: resolution report :: resolve 194ms :: artifacts dl 8ms","logger":"task.stderr"}
{"timestamp":"2026-09-07T02:33:04.028940Z","level":"error","event":"\t:: modules in use:","logger":"task.stderr"}
{"timestamp":"2026-09-07T02:33:04.031863Z","level":"error","event":"\tio.delta#delta-spark_2.12;3.3.2 from spark-list in [default]","logger":"task.stderr"}
{"timestamp":"2026-09-07T02:33:04.034208Z","level":"error","event":"\tio.delta#delta-storage;3.3.2 from central in [default]","logger":"task.stderr"}
{"timestamp":"2026-09-07T02:33:04.037814Z","level":"error","event":"\torg.antlr#antlr4-runtime;4.9.3 from central in [default]","logger":"task.stderr"}
{"timestamp":"2026-09-07T02:33:04.040691Z","level":"error","event":"\t---------------------------------------------------------------------","logger":"task.stderr"}
{"timestamp":"2026-09-07T02:33:04.045074Z","level":"error","event":"\t|                  |            modules            ||   artifacts   |","logger":"task.stderr"}
{"timestamp":"2026-09-07T02:33:04.047932Z","level":"error","event":"\t|       conf       | number| search|dwnlded|evicted|| number|dwnlded|","logger":"task.stderr"}
{"timestamp":"2026-09-07T02:33:04.051279Z","level":"error","event":"\t---------------------------------------------------------------------","logger":"task.stderr"}
{"timestamp":"2026-09-07T02:33:04.054328Z","level":"error","event":"\t|      default     |   3   |   0   |   0   |   0   ||   3   |   0   |","logger":"task.stderr"}
{"timestamp":"2026-09-07T02:33:04.057100Z","level":"error","event":"\t---------------------------------------------------------------------","logger":"task.stderr"}
{"timestamp":"2026-09-07T02:33:04.060919Z","level":"error","event":":: retrieving :: org.apache.spark#spark-submit-parent-f7ffbdfe-4924-475c-a725-ed296d7b7caa","logger":"task.stderr"}
{"timestamp":"2026-09-07T02:33:04.063798Z","level":"error","event":"\tconfs: [default]","logger":"task.stderr"}
{"timestamp":"2026-09-07T02:33:04.066439Z","level":"error","event":"\t0 artifacts copied, 3 already retrieved (0kB/10ms)","logger":"task.stderr"}
{"timestamp":"2026-09-07T02:33:04.304146Z","level":"error","event":"26/09/07 02:33:04 WARN NativeCodeLoader: Unable to load native-hadoop library for your platform... using builtin-java classes where applicable","logger":"task.stderr"}
{"timestamp":"2026-09-07T02:33:04.471680Z","level":"error","event":"Setting default log level to \"WARN\".","logger":"task.stderr"}
{"timestamp":"2026-09-07T02:33:04.474844Z","level":"error","event":"To adjust logging level use sc.setLogLevel(newLevel). For SparkR, use setLogLevel(newLevel).","logger":"task.stderr"}
{"timestamp":"2026-09-07T02:33:12.779804Z","level":"error","event":"26/09/07 02:33:12 WARN SparkStringUtils: Truncated the string representation of a plan since it was too large. This behavior can be adjusted by setting 'spark.sql.debug.maxToStringFields'.","logger":"task.stderr"}
{"timestamp":"2026-09-07T02:33:24.409900Z","level":"info","event":"Last embedded chunk timestamp: 2026-09-07 02:10:25.643178","logger":"task.stdout"}
{"timestamp":"2026-09-07T02:33:29.093707Z","level":"info","event":"New/changed chunks: 0","logger":"task.stdout"}
{"timestamp":"2026-09-07T02:33:29.096481Z","level":"info","event":"No clinical note chunks to embed.","logger":"task.stdout"}
{"timestamp":"2026-09-07T02:33:29.509366Z","level":"info","event":"Done. Returned value was: None","run_id":"manual__2026-09-07T02:30:10.914584+00:00","try_number":1,"ti_id":"01a079b3-a32a-7a6e-a96e-b8dd30cd4adc","dag_id":"healthcare_pipeline","map_index":-1,"task_id":"embed_clinical_notes","logger":"airflow.task.operators.airflow.providers.standard.decorators.python._PythonDecoratedOperator","filename":"python.py","lineno":233}
{"timestamp":"2026-09-07T02:33:29.511401Z","level":"info","event":"::group::Post Execute","run_id":"manual__2026-09-07T02:30:10.914584+00:00","try_number":1,"ti_id":"01a079b3-a32a-7a6e-a96e-b8dd30cd4adc","dag_id":"healthcare_pipeline","map_index":-1,"task_id":"embed_clinical_notes","logger":"task","filename":"task_runner.py","lineno":1580}
{"timestamp":"2026-09-07T02:33:29.581094Z","level":"info","event":"::endgroup::","run_id":"manual__2026-09-07T02:30:10.914584+00:00","try_number":1,"ti_id":"01a079b3-a32a-7a6e-a96e-b8dd30cd4adc","dag_id":"healthcare_pipeline","map_index":-1,"task_id":"embed_clinical_notes","logger":"task","filename":"task_runner.py","lineno":2379}
{"timestamp":"2026-09-07T02:33:30.616477Z","level":"error","event":"\r[Stage 0:>                                                          (0 + 3) / 3]\r\r[Stage 0:=======================================>                   (2 + 1) / 3]\r\r[Stage 2:>                                                         (0 + 8) / 50]\r\r[Stage 2:=========>                                                (8 + 8) / 50]\r\r[Stage 2:===============>                                         (14 + 8) / 50]\r\r[Stage 2:====================>                                    (18 + 8) / 50]\r\r[Stage 2:=============================>                           (26 + 8) / 50]\r\r[Stage 2:===================================>                     (31 + 8) / 50]\r\r[Stage 2:=============================================>           (40 + 8) / 50]\r\r[Stage 2:=================================================>       (43 + 7) / 50]\r\r[Stage 2:=====================================================>   (47 + 3) / 50]\r\r                                                                                \r\r[Stage 13:>                                                        (0 + 9) / 50]\r\r[Stage 13:===================>                                    (17 + 8) / 50]\r\r[Stage 13:====================================>                   (33 + 8) / 50]\r\r[Stage 13:=================================================>      (44 + 6) / 50]","logger":"task.stderr"}
