{"timestamp":"2026-08-28T21:23:33.381419Z","level":"info","event":"::group::Pre Execute","logger":"task","filename":"task_runner.py","lineno":2412}
{"timestamp":"2026-08-28T21:23:33.477954Z","level":"info","event":"DAG bundles loaded: dags-folder","map_index":-1,"try_number":1,"ti_id":"01a04a41-664b-70e9-986a-ecebc6363ea8","dag_id":"healthcare_pipeline","task_id":"process_medication_silver","run_id":"manual__2026-08-28T21:23:15.102320+00:00","logger":"airflow.dag_processing.bundles.manager.DagBundlesManager","filename":"manager.py","lineno":304}
{"timestamp":"2026-08-28T21:23:33.478517Z","level":"info","event":"Filling up the DagBag from /opt/airflow/dags/healthcare_pipeline.py","map_index":-1,"try_number":1,"ti_id":"01a04a41-664b-70e9-986a-ecebc6363ea8","dag_id":"healthcare_pipeline","task_id":"process_medication_silver","run_id":"manual__2026-08-28T21:23:15.102320+00:00","logger":"airflow.dag_processing.dagbag.BundleDagBag","filename":"dagbag.py","lineno":460}
{"timestamp":"2026-08-28T21:23:33.969352Z","level":"info","event":"Worker startup parse complete","bundle_name":"dags-folder","bundle_version":null,"dag_file":"healthcare_pipeline.py","dag_id":"healthcare_pipeline","bundle_prepare_ms":1,"dag_file_parse_ms":490,"map_index":-1,"try_number":1,"ti_id":"01a04a41-664b-70e9-986a-ecebc6363ea8","task_id":"process_medication_silver","run_id":"manual__2026-08-28T21:23:15.102320+00:00","logger":"task","filename":"task_runner.py","lineno":1073}
{"timestamp":"2026-08-28T21:23:34.011516Z","level":"info","event":"::endgroup::","map_index":-1,"try_number":1,"ti_id":"01a04a41-664b-70e9-986a-ecebc6363ea8","dag_id":"healthcare_pipeline","task_id":"process_medication_silver","run_id":"manual__2026-08-28T21:23:15.102320+00:00","logger":"task","filename":"task_runner.py","lineno":2232}
{"timestamp":"2026-08-28T21:23:36.513598Z","level":"info","event":":: loading settings :: url = jar:file:/home/airflow/.local/lib/python3.11/site-packages/pyspark/jars/ivy-2.5.3.jar!/org/apache/ivy/core/settings/ivysettings.xml","logger":"task.stdout"}
{"timestamp":"2026-08-28T21:23:36.685543Z","level":"error","event":"Ivy Default Cache set to: /home/airflow/.ivy2/cache","logger":"task.stderr"}
{"timestamp":"2026-08-28T21:23:36.688561Z","level":"error","event":"The jars for the packages stored in: /home/airflow/.ivy2/jars","logger":"task.stderr"}
{"timestamp":"2026-08-28T21:23:36.696563Z","level":"error","event":"io.delta#delta-spark_2.12 added as a dependency","logger":"task.stderr"}
{"timestamp":"2026-08-28T21:23:36.699978Z","level":"error","event":":: resolving dependencies :: org.apache.spark#spark-submit-parent-28723960-88b9-46eb-bc35-ca7bd6cc0cd3;1.0","logger":"task.stderr"}
{"timestamp":"2026-08-28T21:23:36.702399Z","level":"error","event":"\tconfs: [default]","logger":"task.stderr"}
{"timestamp":"2026-08-28T21:23:36.974473Z","level":"error","event":"\tfound io.delta#delta-spark_2.12;3.3.2 in spark-list","logger":"task.stderr"}
{"timestamp":"2026-08-28T21:23:37.030187Z","level":"error","event":"\tfound io.delta#delta-storage;3.3.2 in central","logger":"task.stderr"}
{"timestamp":"2026-08-28T21:23:37.069789Z","level":"error","event":"\tfound org.antlr#antlr4-runtime;4.9.3 in central","logger":"task.stderr"}
{"timestamp":"2026-08-28T21:23:37.133262Z","level":"error","event":":: resolution report :: resolve 415ms :: artifacts dl 18ms","logger":"task.stderr"}
{"timestamp":"2026-08-28T21:23:37.137152Z","level":"error","event":"\t:: modules in use:","logger":"task.stderr"}
{"timestamp":"2026-08-28T21:23:37.139814Z","level":"error","event":"\tio.delta#delta-spark_2.12;3.3.2 from spark-list in [default]","logger":"task.stderr"}
{"timestamp":"2026-08-28T21:23:37.142683Z","level":"error","event":"\tio.delta#delta-storage;3.3.2 from central in [default]","logger":"task.stderr"}
{"timestamp":"2026-08-28T21:23:37.145430Z","level":"error","event":"\torg.antlr#antlr4-runtime;4.9.3 from central in [default]","logger":"task.stderr"}
{"timestamp":"2026-08-28T21:23:37.150443Z","level":"error","event":"\t---------------------------------------------------------------------","logger":"task.stderr"}
{"timestamp":"2026-08-28T21:23:37.154670Z","level":"error","event":"\t|                  |            modules            ||   artifacts   |","logger":"task.stderr"}
{"timestamp":"2026-08-28T21:23:37.158656Z","level":"error","event":"\t|       conf       | number| search|dwnlded|evicted|| number|dwnlded|","logger":"task.stderr"}
{"timestamp":"2026-08-28T21:23:37.162480Z","level":"error","event":"\t---------------------------------------------------------------------","logger":"task.stderr"}
{"timestamp":"2026-08-28T21:23:37.172622Z","level":"error","event":"\t|      default     |   3   |   0   |   0   |   0   ||   3   |   0   |","logger":"task.stderr"}
{"timestamp":"2026-08-28T21:23:37.179339Z","level":"error","event":"\t---------------------------------------------------------------------","logger":"task.stderr"}
{"timestamp":"2026-08-28T21:23:37.185434Z","level":"error","event":":: retrieving :: org.apache.spark#spark-submit-parent-28723960-88b9-46eb-bc35-ca7bd6cc0cd3","logger":"task.stderr"}
{"timestamp":"2026-08-28T21:23:37.194763Z","level":"error","event":"\tconfs: [default]","logger":"task.stderr"}
{"timestamp":"2026-08-28T21:23:37.211090Z","level":"error","event":"\t0 artifacts copied, 3 already retrieved (0kB/61ms)","logger":"task.stderr"}
{"timestamp":"2026-08-28T21:23:37.548737Z","level":"error","event":"26/08/28 21:23:37 WARN NativeCodeLoader: Unable to load native-hadoop library for your platform... using builtin-java classes where applicable","logger":"task.stderr"}
{"timestamp":"2026-08-28T21:23:37.778509Z","level":"error","event":"Setting default log level to \"WARN\".","logger":"task.stderr"}
{"timestamp":"2026-08-28T21:23:37.783783Z","level":"error","event":"To adjust logging level use sc.setLogLevel(newLevel). For SparkR, use setLogLevel(newLevel).","logger":"task.stderr"}
{"timestamp":"2026-08-28T21:23:39.158742Z","level":"error","event":"26/08/28 21:23:39 WARN Utils: Service 'SparkUI' could not bind on port 4040. Attempting port 4041.","logger":"task.stderr"}
{"timestamp":"2026-08-28T21:23:39.181814Z","level":"error","event":"26/08/28 21:23:39 WARN Utils: Service 'SparkUI' could not bind on port 4041. Attempting port 4042.","logger":"task.stderr"}
{"timestamp":"2026-08-28T21:23:39.184399Z","level":"error","event":"26/08/28 21:23:39 WARN Utils: Service 'SparkUI' could not bind on port 4042. Attempting port 4043.","logger":"task.stderr"}
{"timestamp":"2026-08-28T21:23:49.927469Z","level":"error","event":"26/08/28 21:23:49 WARN SparkStringUtils: Truncated the string representation of a plan since it was too large. This behavior can be adjusted by setting 'spark.sql.debug.maxToStringFields'.","logger":"task.stderr"}
{"timestamp":"2026-08-28T21:24:34.361477Z","level":"info","event":"","logger":"task.stdout"}
{"timestamp":"2026-08-28T21:24:34.380636Z","level":"info","event":"MedicationRequest Silver","logger":"task.stdout"}
{"timestamp":"2026-08-28T21:24:34.387449Z","level":"info","event":"------------------------","logger":"task.stdout"}
{"timestamp":"2026-08-28T21:24:34.393113Z","level":"info","event":"New Bronze rows: 0","logger":"task.stdout"}
{"timestamp":"2026-08-28T21:24:34.397754Z","level":"info","event":"Rows to merge: 0","logger":"task.stdout"}
{"timestamp":"2026-08-28T21:24:34.401953Z","level":"info","event":"Status: NO NEW DATA","logger":"task.stdout"}
{"timestamp":"2026-08-28T21:24:35.228444Z","level":"info","event":"Done. Returned value was: None","map_index":-1,"try_number":1,"ti_id":"01a04a41-664b-70e9-986a-ecebc6363ea8","dag_id":"healthcare_pipeline","task_id":"process_medication_silver","run_id":"manual__2026-08-28T21:23:15.102320+00:00","logger":"airflow.task.operators.airflow.providers.standard.decorators.python._PythonDecoratedOperator","filename":"python.py","lineno":233}
{"timestamp":"2026-08-28T21:24:35.234888Z","level":"info","event":"::group::Post Execute","map_index":-1,"try_number":1,"ti_id":"01a04a41-664b-70e9-986a-ecebc6363ea8","dag_id":"healthcare_pipeline","task_id":"process_medication_silver","run_id":"manual__2026-08-28T21:23:15.102320+00:00","logger":"task","filename":"task_runner.py","lineno":1580}
{"timestamp":"2026-08-28T21:24:35.304966Z","level":"info","event":"::endgroup::","map_index":-1,"try_number":1,"ti_id":"01a04a41-664b-70e9-986a-ecebc6363ea8","dag_id":"healthcare_pipeline","task_id":"process_medication_silver","run_id":"manual__2026-08-28T21:23:15.102320+00:00","logger":"task","filename":"task_runner.py","lineno":2379}
{"timestamp":"2026-08-28T21:24:37.847883Z","level":"error","event":"\r[Stage 0:>                                                          (0 + 4) / 4]\r\r[Stage 2:>                                                         (0 + 0) / 50]\r\r[Stage 2:>                                                         (0 + 1) / 50]\r\r[Stage 2:>                                                         (0 + 8) / 50]\r\r[Stage 2:==>                                                       (2 + 9) / 50]\r\r[Stage 2:=========>                                                (8 + 8) / 50]\r\r[Stage 2:==========>                                               (9 + 9) / 50]\r\r[Stage 2:==================>                                      (16 + 8) / 50]\r\r[Stage 2:====================>                                    (18 + 8) / 50]\r\r[Stage 2:==========================>                              (23 + 8) / 50]\r\r[Stage 2:===========================>                             (24 + 8) / 50]\r\r[Stage 2:=============================>                           (26 + 8) / 50]\r\r[Stage 2:==================================>                      (30 + 8) / 50]\r\r[Stage 2:===================================>                     (31 + 8) / 50]\r\r[Stage 2:=====================================>                   (33 + 8) / 50]\r\r[Stage 2:=========================================>               (36 + 8) / 50]\r\r[Stage 2:============================================>            (39 + 8) / 50]\r\r[Stage 2:=============================================>           (40 + 8) / 50]\r\r[Stage 2:===============================================>         (42 + 8) / 50]\r\r[Stage 2:======================================================>  (48 + 2) / 50]\r\r[Stage 2:=======================================================> (49 + 1) / 50]\r\r[Stage 5:>                                                          (0 + 1) / 1]\r\r                                                                                \r\r[Stage 7:>                                                         (0 + 8) / 50]\r\r[Stage 7:=========>                                                (8 + 8) / 50]\r\r[Stage 7:==================>                                      (16 + 8) / 50]\r\r[Stage 7:==========================>                              (23 + 8) / 50]\r\r[Stage 7:======================================>                 (34 + 10) / 50]\r\r                                                                                \r\r[Stage 8:>                                                          (0 + 1) / 1]\r\r                                                                                \r\r[Stage 13:>                                                        (0 + 8) / 50]\r\r[Stage 13:=========>                                               (8 + 8) / 50]\r\r[Stage 13:=================>                                      (16 + 8) / 50]\r\r[Stage 13:=======================>                                (21 + 8) / 50]\r\r[Stage 13:==============================>                         (27 + 8) / 50]\r\r[Stage 13:================================>                       (29 + 8) / 50]\r\r[Stage 13:======================================>                 (34 + 8) / 50]\r\r[Stage 13:==========================================>             (38 + 8) / 50]\r\r[Stage 13:===========================================>            (39 + 8) / 50]\r\r[Stage 13:=============================================>          (41 + 8) / 50]\r\r[Stage 13:=================================================>      (44 + 6) / 50]\r\r[Stage 13:=====================================================>  (48 + 2) / 50]\r\r                                                                                \r\r[Stage 14:================================================>         (5 + 1) / 6]","logger":"task.stderr"}
