{"timestamp":"2026-08-28T21:09:23.721017Z","level":"info","event":"::group::Pre Execute","logger":"task","filename":"task_runner.py","lineno":2412}
{"timestamp":"2026-08-28T21:09:23.904743Z","level":"info","event":"DAG bundles loaded: dags-folder","dag_id":"healthcare_pipeline","try_number":1,"task_id":"process_condition_silver","ti_id":"01a04a34-56e0-79e4-b014-2c5fb2b6d0d2","map_index":-1,"run_id":"manual__2026-08-28T21:08:59.158994+00:00","logger":"airflow.dag_processing.bundles.manager.DagBundlesManager","filename":"manager.py","lineno":304}
{"timestamp":"2026-08-28T21:09:23.906748Z","level":"info","event":"Filling up the DagBag from /opt/airflow/dags/healthcare_pipeline.py","dag_id":"healthcare_pipeline","try_number":1,"task_id":"process_condition_silver","ti_id":"01a04a34-56e0-79e4-b014-2c5fb2b6d0d2","map_index":-1,"run_id":"manual__2026-08-28T21:08:59.158994+00:00","logger":"airflow.dag_processing.dagbag.BundleDagBag","filename":"dagbag.py","lineno":460}
{"timestamp":"2026-08-28T21:09:24.567972Z","level":"info","event":"Worker startup parse complete","bundle_name":"dags-folder","bundle_version":null,"dag_file":"healthcare_pipeline.py","dag_id":"healthcare_pipeline","bundle_prepare_ms":3,"dag_file_parse_ms":662,"try_number":1,"task_id":"process_condition_silver","ti_id":"01a04a34-56e0-79e4-b014-2c5fb2b6d0d2","map_index":-1,"run_id":"manual__2026-08-28T21:08:59.158994+00:00","logger":"task","filename":"task_runner.py","lineno":1073}
{"timestamp":"2026-08-28T21:09:24.714775Z","level":"info","event":"::endgroup::","dag_id":"healthcare_pipeline","try_number":1,"task_id":"process_condition_silver","ti_id":"01a04a34-56e0-79e4-b014-2c5fb2b6d0d2","map_index":-1,"run_id":"manual__2026-08-28T21:08:59.158994+00:00","logger":"task","filename":"task_runner.py","lineno":2232}
{"timestamp":"2026-08-28T21:09:27.448615Z","level":"info","event":":: loading settings :: url = jar:file:/home/airflow/.local/lib/python3.11/site-packages/pyspark/jars/ivy-2.5.3.jar!/org/apache/ivy/core/settings/ivysettings.xml","logger":"task.stdout"}
{"timestamp":"2026-08-28T21:09:27.620132Z","level":"error","event":"Ivy Default Cache set to: /home/airflow/.ivy2/cache","logger":"task.stderr"}
{"timestamp":"2026-08-28T21:09:27.623644Z","level":"error","event":"The jars for the packages stored in: /home/airflow/.ivy2/jars","logger":"task.stderr"}
{"timestamp":"2026-08-28T21:09:27.625791Z","level":"error","event":"io.delta#delta-spark_2.12 added as a dependency","logger":"task.stderr"}
{"timestamp":"2026-08-28T21:09:27.629189Z","level":"error","event":":: resolving dependencies :: org.apache.spark#spark-submit-parent-3a6d74bb-ac95-45cb-b0a8-4708b806d2ff;1.0","logger":"task.stderr"}
{"timestamp":"2026-08-28T21:09:27.635011Z","level":"error","event":"\tconfs: [default]","logger":"task.stderr"}
{"timestamp":"2026-08-28T21:09:27.859943Z","level":"error","event":"\tfound io.delta#delta-spark_2.12;3.3.2 in central","logger":"task.stderr"}
{"timestamp":"2026-08-28T21:09:27.890596Z","level":"error","event":"\tfound io.delta#delta-storage;3.3.2 in central","logger":"task.stderr"}
{"timestamp":"2026-08-28T21:09:27.921583Z","level":"error","event":"\tfound org.antlr#antlr4-runtime;4.9.3 in central","logger":"task.stderr"}
{"timestamp":"2026-08-28T21:09:27.961867Z","level":"error","event":":: resolution report :: resolve 329ms :: artifacts dl 6ms","logger":"task.stderr"}
{"timestamp":"2026-08-28T21:09:27.967553Z","level":"error","event":"\t:: modules in use:","logger":"task.stderr"}
{"timestamp":"2026-08-28T21:09:27.973067Z","level":"error","event":"\tio.delta#delta-spark_2.12;3.3.2 from central in [default]","logger":"task.stderr"}
{"timestamp":"2026-08-28T21:09:27.975771Z","level":"error","event":"\tio.delta#delta-storage;3.3.2 from central in [default]","logger":"task.stderr"}
{"timestamp":"2026-08-28T21:09:27.980746Z","level":"error","event":"\torg.antlr#antlr4-runtime;4.9.3 from central in [default]","logger":"task.stderr"}
{"timestamp":"2026-08-28T21:09:27.984201Z","level":"error","event":"\t---------------------------------------------------------------------","logger":"task.stderr"}
{"timestamp":"2026-08-28T21:09:27.991867Z","level":"error","event":"\t|                  |            modules            ||   artifacts   |","logger":"task.stderr"}
{"timestamp":"2026-08-28T21:09:27.994741Z","level":"error","event":"\t|       conf       | number| search|dwnlded|evicted|| number|dwnlded|","logger":"task.stderr"}
{"timestamp":"2026-08-28T21:09:27.997855Z","level":"error","event":"\t---------------------------------------------------------------------","logger":"task.stderr"}
{"timestamp":"2026-08-28T21:09:28.001156Z","level":"error","event":"\t|      default     |   3   |   0   |   0   |   0   ||   3   |   0   |","logger":"task.stderr"}
{"timestamp":"2026-08-28T21:09:28.004675Z","level":"error","event":"\t---------------------------------------------------------------------","logger":"task.stderr"}
{"timestamp":"2026-08-28T21:09:28.008809Z","level":"error","event":":: retrieving :: org.apache.spark#spark-submit-parent-3a6d74bb-ac95-45cb-b0a8-4708b806d2ff","logger":"task.stderr"}
{"timestamp":"2026-08-28T21:09:28.011202Z","level":"error","event":"\tconfs: [default]","logger":"task.stderr"}
{"timestamp":"2026-08-28T21:09:28.014569Z","level":"error","event":"\t0 artifacts copied, 3 already retrieved (0kB/4ms)","logger":"task.stderr"}
{"timestamp":"2026-08-28T21:09:28.424616Z","level":"error","event":"26/08/28 21:09:28 WARN NativeCodeLoader: Unable to load native-hadoop library for your platform... using builtin-java classes where applicable","logger":"task.stderr"}
{"timestamp":"2026-08-28T21:09:28.774696Z","level":"error","event":"Setting default log level to \"WARN\".","logger":"task.stderr"}
{"timestamp":"2026-08-28T21:09:28.789634Z","level":"error","event":"To adjust logging level use sc.setLogLevel(newLevel). For SparkR, use setLogLevel(newLevel).","logger":"task.stderr"}
{"timestamp":"2026-08-28T21:09:30.267928Z","level":"error","event":"26/08/28 21:09:30 WARN Utils: Service 'SparkUI' could not bind on port 4040. Attempting port 4041.","logger":"task.stderr"}
{"timestamp":"2026-08-28T21:09:30.329856Z","level":"error","event":"26/08/28 21:09:30 WARN Utils: Service 'SparkUI' could not bind on port 4041. Attempting port 4042.","logger":"task.stderr"}
{"timestamp":"2026-08-28T21:09:30.334143Z","level":"error","event":"26/08/28 21:09:30 WARN Utils: Service 'SparkUI' could not bind on port 4042. Attempting port 4043.","logger":"task.stderr"}
{"timestamp":"2026-08-28T21:09:44.642107Z","level":"error","event":"26/08/28 21:09:44 WARN SparkStringUtils: Truncated the string representation of a plan since it was too large. This behavior can be adjusted by setting 'spark.sql.debug.maxToStringFields'.","logger":"task.stderr"}
{"timestamp":"2026-08-28T21:10:40.088034Z","level":"info","event":"","logger":"task.stdout"}
{"timestamp":"2026-08-28T21:10:40.097261Z","level":"info","event":"Condition Silver","logger":"task.stdout"}
{"timestamp":"2026-08-28T21:10:40.103140Z","level":"info","event":"----------------","logger":"task.stdout"}
{"timestamp":"2026-08-28T21:10:40.109209Z","level":"info","event":"New Bronze rows: 0","logger":"task.stdout"}
{"timestamp":"2026-08-28T21:10:40.128684Z","level":"info","event":"Rows to merge: 0","logger":"task.stdout"}
{"timestamp":"2026-08-28T21:10:40.144470Z","level":"info","event":"Status: NO NEW DATA","logger":"task.stdout"}
{"timestamp":"2026-08-28T21:10:40.624844Z","level":"info","event":"Done. Returned value was: None","dag_id":"healthcare_pipeline","try_number":1,"task_id":"process_condition_silver","ti_id":"01a04a34-56e0-79e4-b014-2c5fb2b6d0d2","map_index":-1,"run_id":"manual__2026-08-28T21:08:59.158994+00:00","logger":"airflow.task.operators.airflow.providers.standard.decorators.python._PythonDecoratedOperator","filename":"python.py","lineno":233}
{"timestamp":"2026-08-28T21:10:40.637557Z","level":"info","event":"::group::Post Execute","dag_id":"healthcare_pipeline","try_number":1,"task_id":"process_condition_silver","ti_id":"01a04a34-56e0-79e4-b014-2c5fb2b6d0d2","map_index":-1,"run_id":"manual__2026-08-28T21:08:59.158994+00:00","logger":"task","filename":"task_runner.py","lineno":1580}
{"timestamp":"2026-08-28T21:10:40.844050Z","level":"info","event":"::endgroup::","dag_id":"healthcare_pipeline","try_number":1,"task_id":"process_condition_silver","ti_id":"01a04a34-56e0-79e4-b014-2c5fb2b6d0d2","map_index":-1,"run_id":"manual__2026-08-28T21:08:59.158994+00:00","logger":"task","filename":"task_runner.py","lineno":2379}
{"timestamp":"2026-08-28T21:10:42.454496Z","level":"error","event":"\r[Stage 0:>                                                          (0 + 0) / 4]\r\r[Stage 0:>                                                          (0 + 4) / 4]\r\r[Stage 2:>                                                         (0 + 0) / 50]\r\r[Stage 2:>                                                         (0 + 8) / 50]\r\r[Stage 2:======>                                                   (6 + 9) / 50]\r\r[Stage 2:=========>                                                (8 + 8) / 50]\r\r[Stage 2:===========>                                             (10 + 8) / 50]\r\r[Stage 2:============>                                            (11 + 8) / 50]\r\r[Stage 2:==================>                                      (16 + 8) / 50]\r\r[Stage 2:====================>                                    (18 + 8) / 50]\r\r[Stage 2:==========================>                              (23 + 8) / 50]\r\r[Stage 2:============================>                            (25 + 8) / 50]\r\r[Stage 2:===============================>                         (28 + 8) / 50]\r\r[Stage 2:====================================>                    (32 + 8) / 50]\r\r[Stage 2:=====================================>                   (33 + 8) / 50]\r\r[Stage 2:============================================>            (39 + 8) / 50]\r\r[Stage 2:==============================================>          (41 + 8) / 50]\r\r[Stage 2:===================================================>     (45 + 5) / 50]\r\r[Stage 2:=======================================================> (49 + 1) / 50]\r\r[Stage 5:===========================================================(1 + 0) / 1]\r\r                                                                                \r\r[Stage 7:===========>                                             (10 + 8) / 50]\r\r[Stage 7:=======================>                                 (21 + 8) / 50]\r\r[Stage 7:=========================================>               (36 + 8) / 50]\r\r[Stage 7:===========================================>             (38 + 8) / 50]\r\r                                                                                \r\r[Stage 8:>                                                          (0 + 1) / 1]\r\r                                                                                \r\r[Stage 13:>                                                        (0 + 8) / 50]\r\r[Stage 13:=========>                                               (8 + 8) / 50]\r\r[Stage 13:=============>                                          (12 + 8) / 50]\r\r[Stage 13:=================>                                      (16 + 8) / 50]\r\r[Stage 13:====================>                                   (18 + 9) / 50]\r\r[Stage 13:=============================>                          (26 + 8) / 50]\r\r[Stage 13:===============================>                        (28 + 8) / 50]\r\r[Stage 13:=========================================>              (37 + 8) / 50]\r\r[Stage 13:=================================================>      (44 + 6) / 50]","logger":"task.stderr"}
