{"timestamp":"2026-08-29T00:33:23.138401Z","level":"info","event":"::group::Pre Execute","logger":"task","filename":"task_runner.py","lineno":2412}
{"timestamp":"2026-08-29T00:33:23.303981Z","level":"info","event":"DAG bundles loaded: dags-folder","run_id":"manual__2026-08-29T00:33:01.251470+00:00","dag_id":"healthcare_pipeline","map_index":-1,"try_number":1,"ti_id":"01a04aef-236b-7621-92c3-a3eb6b0adfc5","task_id":"process_encounter_silver","logger":"airflow.dag_processing.bundles.manager.DagBundlesManager","filename":"manager.py","lineno":304}
{"timestamp":"2026-08-29T00:33:23.316424Z","level":"info","event":"Filling up the DagBag from /opt/airflow/dags/healthcare_pipeline.py","run_id":"manual__2026-08-29T00:33:01.251470+00:00","dag_id":"healthcare_pipeline","map_index":-1,"try_number":1,"ti_id":"01a04aef-236b-7621-92c3-a3eb6b0adfc5","task_id":"process_encounter_silver","logger":"airflow.dag_processing.dagbag.BundleDagBag","filename":"dagbag.py","lineno":460}
{"timestamp":"2026-08-29T00:33:24.005986Z","level":"info","event":"Worker startup parse complete","bundle_name":"dags-folder","bundle_version":null,"dag_file":"healthcare_pipeline.py","dag_id":"healthcare_pipeline","bundle_prepare_ms":13,"dag_file_parse_ms":699,"run_id":"manual__2026-08-29T00:33:01.251470+00:00","map_index":-1,"try_number":1,"ti_id":"01a04aef-236b-7621-92c3-a3eb6b0adfc5","task_id":"process_encounter_silver","logger":"task","filename":"task_runner.py","lineno":1073}
{"timestamp":"2026-08-29T00:33:24.087410Z","level":"info","event":"::endgroup::","run_id":"manual__2026-08-29T00:33:01.251470+00:00","dag_id":"healthcare_pipeline","map_index":-1,"try_number":1,"ti_id":"01a04aef-236b-7621-92c3-a3eb6b0adfc5","task_id":"process_encounter_silver","logger":"task","filename":"task_runner.py","lineno":2232}
{"timestamp":"2026-08-29T00:33:26.685209Z","level":"info","event":":: loading settings :: url = jar:file:/home/airflow/.local/lib/python3.11/site-packages/pyspark/jars/ivy-2.5.3.jar!/org/apache/ivy/core/settings/ivysettings.xml","logger":"task.stdout"}
{"timestamp":"2026-08-29T00:33:26.875349Z","level":"error","event":"Ivy Default Cache set to: /home/airflow/.ivy2/cache","logger":"task.stderr"}
{"timestamp":"2026-08-29T00:33:26.880652Z","level":"error","event":"The jars for the packages stored in: /home/airflow/.ivy2/jars","logger":"task.stderr"}
{"timestamp":"2026-08-29T00:33:26.897488Z","level":"error","event":"io.delta#delta-spark_2.12 added as a dependency","logger":"task.stderr"}
{"timestamp":"2026-08-29T00:33:26.901676Z","level":"error","event":":: resolving dependencies :: org.apache.spark#spark-submit-parent-96037237-e082-4437-8e4e-cffa4a01342b;1.0","logger":"task.stderr"}
{"timestamp":"2026-08-29T00:33:26.905629Z","level":"error","event":"\tconfs: [default]","logger":"task.stderr"}
{"timestamp":"2026-08-29T00:33:27.180652Z","level":"error","event":"\tfound io.delta#delta-spark_2.12;3.3.2 in spark-list","logger":"task.stderr"}
{"timestamp":"2026-08-29T00:33:27.231289Z","level":"error","event":"\tfound io.delta#delta-storage;3.3.2 in central","logger":"task.stderr"}
{"timestamp":"2026-08-29T00:33:27.255738Z","level":"error","event":"\tfound org.antlr#antlr4-runtime;4.9.3 in spark-list","logger":"task.stderr"}
{"timestamp":"2026-08-29T00:33:27.313557Z","level":"error","event":":: resolution report :: resolve 370ms :: artifacts dl 43ms","logger":"task.stderr"}
{"timestamp":"2026-08-29T00:33:27.318580Z","level":"error","event":"\t:: modules in use:","logger":"task.stderr"}
{"timestamp":"2026-08-29T00:33:27.324856Z","level":"error","event":"\tio.delta#delta-spark_2.12;3.3.2 from spark-list in [default]","logger":"task.stderr"}
{"timestamp":"2026-08-29T00:33:27.330041Z","level":"error","event":"\tio.delta#delta-storage;3.3.2 from central in [default]","logger":"task.stderr"}
{"timestamp":"2026-08-29T00:33:27.332656Z","level":"error","event":"\torg.antlr#antlr4-runtime;4.9.3 from spark-list in [default]","logger":"task.stderr"}
{"timestamp":"2026-08-29T00:33:27.336287Z","level":"error","event":"\t---------------------------------------------------------------------","logger":"task.stderr"}
{"timestamp":"2026-08-29T00:33:27.343072Z","level":"error","event":"\t|                  |            modules            ||   artifacts   |","logger":"task.stderr"}
{"timestamp":"2026-08-29T00:33:27.347186Z","level":"error","event":"\t|       conf       | number| search|dwnlded|evicted|| number|dwnlded|","logger":"task.stderr"}
{"timestamp":"2026-08-29T00:33:27.349738Z","level":"error","event":"\t---------------------------------------------------------------------","logger":"task.stderr"}
{"timestamp":"2026-08-29T00:33:27.353342Z","level":"error","event":"\t|      default     |   3   |   0   |   0   |   0   ||   3   |   0   |","logger":"task.stderr"}
{"timestamp":"2026-08-29T00:33:27.354735Z","level":"error","event":"\t---------------------------------------------------------------------","logger":"task.stderr"}
{"timestamp":"2026-08-29T00:33:27.360385Z","level":"error","event":":: retrieving :: org.apache.spark#spark-submit-parent-96037237-e082-4437-8e4e-cffa4a01342b","logger":"task.stderr"}
{"timestamp":"2026-08-29T00:33:27.362452Z","level":"error","event":"\tconfs: [default]","logger":"task.stderr"}
{"timestamp":"2026-08-29T00:33:27.365091Z","level":"error","event":"\t0 artifacts copied, 3 already retrieved (0kB/9ms)","logger":"task.stderr"}
{"timestamp":"2026-08-29T00:33:27.798744Z","level":"error","event":"26/08/29 00:33:27 WARN NativeCodeLoader: Unable to load native-hadoop library for your platform... using builtin-java classes where applicable","logger":"task.stderr"}
{"timestamp":"2026-08-29T00:33:28.117263Z","level":"error","event":"Setting default log level to \"WARN\".","logger":"task.stderr"}
{"timestamp":"2026-08-29T00:33:28.121671Z","level":"error","event":"To adjust logging level use sc.setLogLevel(newLevel). For SparkR, use setLogLevel(newLevel).","logger":"task.stderr"}
{"timestamp":"2026-08-29T00:33:29.670965Z","level":"error","event":"26/08/29 00:33:29 WARN Utils: Service 'SparkUI' could not bind on port 4040. Attempting port 4041.","logger":"task.stderr"}
{"timestamp":"2026-08-29T00:33:29.717343Z","level":"error","event":"26/08/29 00:33:29 WARN Utils: Service 'SparkUI' could not bind on port 4041. Attempting port 4042.","logger":"task.stderr"}
{"timestamp":"2026-08-29T00:33:29.722628Z","level":"error","event":"26/08/29 00:33:29 WARN Utils: Service 'SparkUI' could not bind on port 4042. Attempting port 4043.","logger":"task.stderr"}
{"timestamp":"2026-08-29T00:33:29.730274Z","level":"error","event":"26/08/29 00:33:29 WARN Utils: Service 'SparkUI' could not bind on port 4043. Attempting port 4044.","logger":"task.stderr"}
{"timestamp":"2026-08-29T00:33:40.900477Z","level":"error","event":"26/08/29 00:33:40 WARN SparkStringUtils: Truncated the string representation of a plan since it was too large. This behavior can be adjusted by setting 'spark.sql.debug.maxToStringFields'.","logger":"task.stderr"}
{"timestamp":"2026-08-29T00:34:24.896061Z","level":"info","event":"","logger":"task.stdout"}
{"timestamp":"2026-08-29T00:34:24.906832Z","level":"info","event":"Encounter Silver","logger":"task.stdout"}
{"timestamp":"2026-08-29T00:34:24.915988Z","level":"info","event":"----------------","logger":"task.stdout"}
{"timestamp":"2026-08-29T00:34:24.920386Z","level":"info","event":"New Bronze rows: 0","logger":"task.stdout"}
{"timestamp":"2026-08-29T00:34:24.924757Z","level":"info","event":"Rows to merge: 0","logger":"task.stdout"}
{"timestamp":"2026-08-29T00:34:24.932883Z","level":"info","event":"Status: NO NEW DATA","logger":"task.stdout"}
{"timestamp":"2026-08-29T00:34:27.870649Z","level":"info","event":"Done. Returned value was: None","run_id":"manual__2026-08-29T00:33:01.251470+00:00","dag_id":"healthcare_pipeline","map_index":-1,"try_number":1,"ti_id":"01a04aef-236b-7621-92c3-a3eb6b0adfc5","task_id":"process_encounter_silver","logger":"airflow.task.operators.airflow.providers.standard.decorators.python._PythonDecoratedOperator","filename":"python.py","lineno":233}
{"timestamp":"2026-08-29T00:34:27.970372Z","level":"info","event":"::group::Post Execute","run_id":"manual__2026-08-29T00:33:01.251470+00:00","dag_id":"healthcare_pipeline","map_index":-1,"try_number":1,"ti_id":"01a04aef-236b-7621-92c3-a3eb6b0adfc5","task_id":"process_encounter_silver","logger":"task","filename":"task_runner.py","lineno":1580}
{"timestamp":"2026-08-29T00:34:28.287472Z","level":"info","event":"::endgroup::","run_id":"manual__2026-08-29T00:33:01.251470+00:00","dag_id":"healthcare_pipeline","map_index":-1,"try_number":1,"ti_id":"01a04aef-236b-7621-92c3-a3eb6b0adfc5","task_id":"process_encounter_silver","logger":"task","filename":"task_runner.py","lineno":2379}
{"timestamp":"2026-08-29T00:34:34.469894Z","level":"error","event":"\r[Stage 0:>                                                          (0 + 0) / 5]\r\r[Stage 0:>                                                          (0 + 5) / 5]\r\r[Stage 2:>                                                         (0 + 8) / 50]\r\r[Stage 2:=========>                                                (8 + 8) / 50]\r\r[Stage 2:===========>                                             (10 + 8) / 50]\r\r[Stage 2:=================>                                       (15 + 8) / 50]\r\r[Stage 2:==================>                                      (16 + 8) / 50]\r\r[Stage 2:====================>                                    (18 + 9) / 50]\r\r[Stage 2:==========================>                              (23 + 8) / 50]\r\r[Stage 2:===========================>                             (24 + 8) / 50]\r\r[Stage 2:============================>                            (25 + 8) / 50]\r\r[Stage 2:===================================>                     (31 + 8) / 50]\r\r[Stage 2:======================================>                  (34 + 8) / 50]\r\r[Stage 2:============================================>            (39 + 8) / 50]\r\r[Stage 2:==============================================>          (41 + 8) / 50]\r\r[Stage 2:=====================================================>   (47 + 3) / 50]\r\r[Stage 5:>                                                          (0 + 1) / 1]\r\r                                                                                \r\r[Stage 7:>                                                         (0 + 8) / 50]\r\r[Stage 7:=========>                                                (8 + 8) / 50]\r\r[Stage 7:=======================>                                 (21 + 9) / 50]\r\r[Stage 7:=================================================>       (43 + 7) / 50]\r\r                                                                                \r\r[Stage 8:>                                                          (0 + 2) / 2]\r\r                                                                                \r\r[Stage 13:>                                                        (0 + 8) / 50]\r\r[Stage 13:=====>                                                   (5 + 9) / 50]\r\r[Stage 13:=========>                                               (8 + 8) / 50]\r\r[Stage 13:=================>                                      (16 + 8) / 50]\r\r[Stage 13:=========================>                              (23 + 8) / 50]\r\r[Stage 13:============================>                           (25 + 8) / 50]\r\r[Stage 13:==============================>                         (27 + 9) / 50]\r\r[Stage 13:======================================>                 (34 + 8) / 50]\r\r[Stage 13:============================================>           (40 + 8) / 50]\r\r[Stage 13:=================================================>      (44 + 6) / 50]\r\r                                                                                \r\r[Stage 14:>                                                         (0 + 1) / 1]","logger":"task.stderr"}
