{"timestamp":"2026-09-07T01:57:32.372129Z","level":"info","event":"::group::Pre Execute","logger":"task","filename":"task_runner.py","lineno":2412}
{"timestamp":"2026-09-07T01:57:32.559379Z","level":"info","event":"DAG bundles loaded: dags-folder","task_id":"load_embeddings_to_pgvector","map_index":-1,"run_id":"manual__2026-09-07T01:54:15.317556+00:00","ti_id":"01a07992-bf02-70fd-b022-5c9e555ffc43","dag_id":"healthcare_pipeline","try_number":1,"logger":"airflow.dag_processing.bundles.manager.DagBundlesManager","filename":"manager.py","lineno":304}
{"timestamp":"2026-09-07T01:57:32.572893Z","level":"info","event":"Filling up the DagBag from /opt/airflow/dags/healthcare_pipeline.py","task_id":"load_embeddings_to_pgvector","map_index":-1,"run_id":"manual__2026-09-07T01:54:15.317556+00:00","ti_id":"01a07992-bf02-70fd-b022-5c9e555ffc43","dag_id":"healthcare_pipeline","try_number":1,"logger":"airflow.dag_processing.dagbag.BundleDagBag","filename":"dagbag.py","lineno":460}
{"timestamp":"2026-09-07T01:57:43.298390Z","level":"info","event":"Worker startup parse complete","bundle_name":"dags-folder","bundle_version":null,"dag_file":"healthcare_pipeline.py","dag_id":"healthcare_pipeline","bundle_prepare_ms":100,"dag_file_parse_ms":10723,"task_id":"load_embeddings_to_pgvector","map_index":-1,"run_id":"manual__2026-09-07T01:54:15.317556+00:00","ti_id":"01a07992-bf02-70fd-b022-5c9e555ffc43","try_number":1,"logger":"task","filename":"task_runner.py","lineno":1073}
{"timestamp":"2026-09-07T01:57:44.739369Z","level":"info","event":"::endgroup::","task_id":"load_embeddings_to_pgvector","map_index":-1,"run_id":"manual__2026-09-07T01:54:15.317556+00:00","ti_id":"01a07992-bf02-70fd-b022-5c9e555ffc43","dag_id":"healthcare_pipeline","try_number":1,"logger":"task","filename":"task_runner.py","lineno":2232}
{"timestamp":"2026-09-07T01:57:56.675622Z","level":"info","event":":: loading settings :: url = jar:file:/home/airflow/.local/lib/python3.11/site-packages/pyspark/jars/ivy-2.5.3.jar!/org/apache/ivy/core/settings/ivysettings.xml","logger":"task.stdout"}
{"timestamp":"2026-09-07T01:57:57.157307Z","level":"error","event":"Ivy Default Cache set to: /home/airflow/.ivy2/cache","logger":"task.stderr"}
{"timestamp":"2026-09-07T01:57:57.162500Z","level":"error","event":"The jars for the packages stored in: /home/airflow/.ivy2/jars","logger":"task.stderr"}
{"timestamp":"2026-09-07T01:57:57.194432Z","level":"error","event":"io.delta#delta-spark_2.12 added as a dependency","logger":"task.stderr"}
{"timestamp":"2026-09-07T01:57:57.215844Z","level":"error","event":":: resolving dependencies :: org.apache.spark#spark-submit-parent-ec8dfc59-3ed3-4e45-88f7-4e27386f8256;1.0","logger":"task.stderr"}
{"timestamp":"2026-09-07T01:57:57.223830Z","level":"error","event":"\tconfs: [default]","logger":"task.stderr"}
{"timestamp":"2026-09-07T01:57:58.315343Z","level":"error","event":"\tfound io.delta#delta-spark_2.12;3.3.2 in spark-list","logger":"task.stderr"}
{"timestamp":"2026-09-07T01:57:58.544321Z","level":"error","event":"\tfound io.delta#delta-storage;3.3.2 in central","logger":"task.stderr"}
{"timestamp":"2026-09-07T01:57:58.938487Z","level":"error","event":"\tfound org.antlr#antlr4-runtime;4.9.3 in central","logger":"task.stderr"}
{"timestamp":"2026-09-07T01:57:59.229817Z","level":"error","event":":: resolution report :: resolve 1889ms :: artifacts dl 124ms","logger":"task.stderr"}
{"timestamp":"2026-09-07T01:57:59.236665Z","level":"error","event":"\t:: modules in use:","logger":"task.stderr"}
{"timestamp":"2026-09-07T01:57:59.245552Z","level":"error","event":"\tio.delta#delta-spark_2.12;3.3.2 from spark-list in [default]","logger":"task.stderr"}
{"timestamp":"2026-09-07T01:57:59.255273Z","level":"error","event":"\tio.delta#delta-storage;3.3.2 from central in [default]","logger":"task.stderr"}
{"timestamp":"2026-09-07T01:57:59.259415Z","level":"error","event":"\torg.antlr#antlr4-runtime;4.9.3 from central in [default]","logger":"task.stderr"}
{"timestamp":"2026-09-07T01:57:59.265791Z","level":"error","event":"\t---------------------------------------------------------------------","logger":"task.stderr"}
{"timestamp":"2026-09-07T01:57:59.275622Z","level":"error","event":"\t|                  |            modules            ||   artifacts   |","logger":"task.stderr"}
{"timestamp":"2026-09-07T01:57:59.292839Z","level":"error","event":"\t|       conf       | number| search|dwnlded|evicted|| number|dwnlded|","logger":"task.stderr"}
{"timestamp":"2026-09-07T01:57:59.304654Z","level":"error","event":"\t---------------------------------------------------------------------","logger":"task.stderr"}
{"timestamp":"2026-09-07T01:57:59.310646Z","level":"error","event":"\t|      default     |   3   |   0   |   0   |   0   ||   3   |   0   |","logger":"task.stderr"}
{"timestamp":"2026-09-07T01:57:59.315580Z","level":"error","event":"\t---------------------------------------------------------------------","logger":"task.stderr"}
{"timestamp":"2026-09-07T01:57:59.323873Z","level":"error","event":":: retrieving :: org.apache.spark#spark-submit-parent-ec8dfc59-3ed3-4e45-88f7-4e27386f8256","logger":"task.stderr"}
{"timestamp":"2026-09-07T01:57:59.334309Z","level":"error","event":"\tconfs: [default]","logger":"task.stderr"}
{"timestamp":"2026-09-07T01:57:59.345604Z","level":"error","event":"\t0 artifacts copied, 3 already retrieved (0kB/69ms)","logger":"task.stderr"}
{"timestamp":"2026-09-07T01:58:00.243601Z","level":"error","event":"26/09/07 01:58:00 WARN NativeCodeLoader: Unable to load native-hadoop library for your platform... using builtin-java classes where applicable","logger":"task.stderr"}
{"timestamp":"2026-09-07T01:58:00.985851Z","level":"error","event":"Setting default log level to \"WARN\".","logger":"task.stderr"}
{"timestamp":"2026-09-07T01:58:00.990484Z","level":"error","event":"To adjust logging level use sc.setLogLevel(newLevel). For SparkR, use setLogLevel(newLevel).","logger":"task.stderr"}
{"timestamp":"2026-09-07T01:58:26.247569Z","level":"info","event":"Last pgvector checkpoint: 2026-09-06 02:26:43.622614","logger":"task.stdout"}
{"timestamp":"2026-09-07T01:58:46.808385Z","level":"error","event":"26/09/07 01:58:46 WARN SparkStringUtils: Truncated the string representation of a plan since it was too large. This behavior can be adjusted by setting 'spark.sql.debug.maxToStringFields'.","logger":"task.stderr"}
{"timestamp":"2026-09-07T01:59:01.950649Z","level":"info","event":"New/changed embeddings: 0","logger":"task.stdout"}
{"timestamp":"2026-09-07T01:59:01.956653Z","level":"info","event":"No embeddings to load into pgvector.","logger":"task.stdout"}
{"timestamp":"2026-09-07T01:59:02.184527Z","level":"info","event":"Done. Returned value was: None","task_id":"load_embeddings_to_pgvector","map_index":-1,"run_id":"manual__2026-09-07T01:54:15.317556+00:00","ti_id":"01a07992-bf02-70fd-b022-5c9e555ffc43","dag_id":"healthcare_pipeline","try_number":1,"logger":"airflow.task.operators.airflow.providers.standard.decorators.python._PythonDecoratedOperator","filename":"python.py","lineno":233}
{"timestamp":"2026-09-07T01:59:02.189528Z","level":"info","event":"::group::Post Execute","task_id":"load_embeddings_to_pgvector","map_index":-1,"run_id":"manual__2026-09-07T01:54:15.317556+00:00","ti_id":"01a07992-bf02-70fd-b022-5c9e555ffc43","dag_id":"healthcare_pipeline","try_number":1,"logger":"task","filename":"task_runner.py","lineno":1580}
{"timestamp":"2026-09-07T01:59:02.220787Z","level":"info","event":"::endgroup::","task_id":"load_embeddings_to_pgvector","map_index":-1,"run_id":"manual__2026-09-07T01:54:15.317556+00:00","ti_id":"01a07992-bf02-70fd-b022-5c9e555ffc43","dag_id":"healthcare_pipeline","try_number":1,"logger":"task","filename":"task_runner.py","lineno":2379}
{"timestamp":"2026-09-07T01:59:03.059498Z","level":"error","event":"\r[Stage 0:>                                                          (0 + 0) / 2]\r\r[Stage 0:>                                                          (0 + 2) / 2]\r\r[Stage 0:=============================>                             (1 + 1) / 2]\r\r[Stage 2:>                                                         (0 + 8) / 50]\r\r[Stage 2:=========>                                                (8 + 8) / 50]\r\r[Stage 2:=============>                                           (12 + 8) / 50]\r\r[Stage 2:=======================>                                 (21 + 8) / 50]\r\r[Stage 2:=====================================>                   (33 + 8) / 50]","logger":"task.stderr"}
