{"timestamp":"2026-08-28T21:33:09.545433Z","level":"info","event":"::group::Pre Execute","logger":"task","filename":"task_runner.py","lineno":2412}
{"timestamp":"2026-08-28T21:33:09.605852Z","level":"info","event":"DAG bundles loaded: dags-folder","try_number":1,"ti_id":"01a04a4a-07bc-74e5-9a40-9f56ab862e32","run_id":"manual__2026-08-28T21:32:40.719316+00:00","dag_id":"healthcare_pipeline","task_id":"process_bronze_to_delta","map_index":-1,"logger":"airflow.dag_processing.bundles.manager.DagBundlesManager","filename":"manager.py","lineno":304}
{"timestamp":"2026-08-28T21:33:09.608485Z","level":"info","event":"Filling up the DagBag from /opt/airflow/dags/healthcare_pipeline.py","try_number":1,"ti_id":"01a04a4a-07bc-74e5-9a40-9f56ab862e32","run_id":"manual__2026-08-28T21:32:40.719316+00:00","dag_id":"healthcare_pipeline","task_id":"process_bronze_to_delta","map_index":-1,"logger":"airflow.dag_processing.dagbag.BundleDagBag","filename":"dagbag.py","lineno":460}
{"timestamp":"2026-08-28T21:33:10.115383Z","level":"info","event":"Worker startup parse complete","bundle_name":"dags-folder","bundle_version":null,"dag_file":"healthcare_pipeline.py","dag_id":"healthcare_pipeline","bundle_prepare_ms":8,"dag_file_parse_ms":507,"try_number":1,"ti_id":"01a04a4a-07bc-74e5-9a40-9f56ab862e32","run_id":"manual__2026-08-28T21:32:40.719316+00:00","task_id":"process_bronze_to_delta","map_index":-1,"logger":"task","filename":"task_runner.py","lineno":1073}
{"timestamp":"2026-08-28T21:33:10.256767Z","level":"info","event":"::endgroup::","try_number":1,"ti_id":"01a04a4a-07bc-74e5-9a40-9f56ab862e32","run_id":"manual__2026-08-28T21:32:40.719316+00:00","dag_id":"healthcare_pipeline","task_id":"process_bronze_to_delta","map_index":-1,"logger":"task","filename":"task_runner.py","lineno":2232}
{"timestamp":"2026-08-28T21:33:12.483027Z","level":"info","event":":: loading settings :: url = jar:file:/home/airflow/.local/lib/python3.11/site-packages/pyspark/jars/ivy-2.5.3.jar!/org/apache/ivy/core/settings/ivysettings.xml","logger":"task.stdout"}
{"timestamp":"2026-08-28T21:33:12.609748Z","level":"error","event":"Ivy Default Cache set to: /home/airflow/.ivy2/cache","logger":"task.stderr"}
{"timestamp":"2026-08-28T21:33:12.613496Z","level":"error","event":"The jars for the packages stored in: /home/airflow/.ivy2/jars","logger":"task.stderr"}
{"timestamp":"2026-08-28T21:33:12.616589Z","level":"error","event":"io.delta#delta-spark_2.12 added as a dependency","logger":"task.stderr"}
{"timestamp":"2026-08-28T21:33:12.620531Z","level":"error","event":":: resolving dependencies :: org.apache.spark#spark-submit-parent-5774970c-25bf-4619-9dd7-de39818f6fb1;1.0","logger":"task.stderr"}
{"timestamp":"2026-08-28T21:33:12.625743Z","level":"error","event":"\tconfs: [default]","logger":"task.stderr"}
{"timestamp":"2026-08-28T21:33:12.762190Z","level":"error","event":"\tfound io.delta#delta-spark_2.12;3.3.2 in spark-list","logger":"task.stderr"}
{"timestamp":"2026-08-28T21:33:12.784722Z","level":"error","event":"\tfound io.delta#delta-storage;3.3.2 in central","logger":"task.stderr"}
{"timestamp":"2026-08-28T21:33:12.809463Z","level":"error","event":"\tfound org.antlr#antlr4-runtime;4.9.3 in central","logger":"task.stderr"}
{"timestamp":"2026-08-28T21:33:12.826659Z","level":"error","event":":: resolution report :: resolve 204ms :: artifacts dl 6ms","logger":"task.stderr"}
{"timestamp":"2026-08-28T21:33:12.829813Z","level":"error","event":"\t:: modules in use:","logger":"task.stderr"}
{"timestamp":"2026-08-28T21:33:12.834001Z","level":"error","event":"\tio.delta#delta-spark_2.12;3.3.2 from spark-list in [default]","logger":"task.stderr"}
{"timestamp":"2026-08-28T21:33:12.837135Z","level":"error","event":"\tio.delta#delta-storage;3.3.2 from central in [default]","logger":"task.stderr"}
{"timestamp":"2026-08-28T21:33:12.839974Z","level":"error","event":"\torg.antlr#antlr4-runtime;4.9.3 from central in [default]","logger":"task.stderr"}
{"timestamp":"2026-08-28T21:33:12.843584Z","level":"error","event":"\t---------------------------------------------------------------------","logger":"task.stderr"}
{"timestamp":"2026-08-28T21:33:12.848689Z","level":"error","event":"\t|                  |            modules            ||   artifacts   |","logger":"task.stderr"}
{"timestamp":"2026-08-28T21:33:12.852132Z","level":"error","event":"\t|       conf       | number| search|dwnlded|evicted|| number|dwnlded|","logger":"task.stderr"}
{"timestamp":"2026-08-28T21:33:12.855210Z","level":"error","event":"\t---------------------------------------------------------------------","logger":"task.stderr"}
{"timestamp":"2026-08-28T21:33:12.857952Z","level":"error","event":"\t|      default     |   3   |   0   |   0   |   0   ||   3   |   0   |","logger":"task.stderr"}
{"timestamp":"2026-08-28T21:33:12.860704Z","level":"error","event":"\t---------------------------------------------------------------------","logger":"task.stderr"}
{"timestamp":"2026-08-28T21:33:12.866134Z","level":"error","event":":: retrieving :: org.apache.spark#spark-submit-parent-5774970c-25bf-4619-9dd7-de39818f6fb1","logger":"task.stderr"}
{"timestamp":"2026-08-28T21:33:12.869219Z","level":"error","event":"\tconfs: [default]","logger":"task.stderr"}
{"timestamp":"2026-08-28T21:33:12.871611Z","level":"error","event":"\t0 artifacts copied, 3 already retrieved (0kB/13ms)","logger":"task.stderr"}
{"timestamp":"2026-08-28T21:33:13.002885Z","level":"error","event":"26/08/28 21:33:13 WARN NativeCodeLoader: Unable to load native-hadoop library for your platform... using builtin-java classes where applicable","logger":"task.stderr"}
{"timestamp":"2026-08-28T21:33:13.181609Z","level":"error","event":"Setting default log level to \"WARN\".","logger":"task.stderr"}
{"timestamp":"2026-08-28T21:33:13.193208Z","level":"error","event":"To adjust logging level use sc.setLogLevel(newLevel). For SparkR, use setLogLevel(newLevel).","logger":"task.stderr"}
{"timestamp":"2026-08-28T21:33:14.842994Z","level":"info","event":"Processing Patient...","logger":"task.stdout"}
{"timestamp":"2026-08-28T21:33:18.395487Z","level":"error","event":"26/08/28 21:33:18 WARN SparkStringUtils: Truncated the string representation of a plan since it was too large. This behavior can be adjusted by setting 'spark.sql.debug.maxToStringFields'.","logger":"task.stderr"}
{"timestamp":"2026-08-28T21:33:23.272201Z","level":"info","event":"Patient: 1 new Bronze files found.","logger":"task.stdout"}
{"timestamp":"2026-08-28T21:33:26.007893Z","level":"info","event":"Patient: 25 new rows appended. 185 total rows in /opt/airflow/project/data/delta/bronze/patient","logger":"task.stdout"}
{"timestamp":"2026-08-28T21:33:26.028780Z","level":"info","event":"Processing Encounter...","logger":"task.stdout"}
{"timestamp":"2026-08-28T21:33:27.260400Z","level":"info","event":"Encounter: 1 new Bronze files found.","logger":"task.stdout"}
{"timestamp":"2026-08-28T21:33:29.845506Z","level":"info","event":"Encounter: 2014 new rows appended. 9231 total rows in /opt/airflow/project/data/delta/bronze/encounter","logger":"task.stdout"}
{"timestamp":"2026-08-28T21:33:29.850408Z","level":"info","event":"Processing Condition...","logger":"task.stdout"}
{"timestamp":"2026-08-28T21:33:30.888930Z","level":"info","event":"Condition: 1 new Bronze files found.","logger":"task.stdout"}
{"timestamp":"2026-08-28T21:33:32.444498Z","level":"info","event":"Condition: 930 new rows appended. 5422 total rows in /opt/airflow/project/data/delta/bronze/condition","logger":"task.stdout"}
{"timestamp":"2026-08-28T21:33:32.447729Z","level":"info","event":"Processing Observation...","logger":"task.stdout"}
{"timestamp":"2026-08-28T21:33:33.493277Z","level":"info","event":"Observation: 1 new Bronze files found.","logger":"task.stdout"}
{"timestamp":"2026-08-28T21:33:36.872850Z","level":"info","event":"Observation: 12949 new rows appended. 56074 total rows in /opt/airflow/project/data/delta/bronze/observation","logger":"task.stdout"}
{"timestamp":"2026-08-28T21:33:36.875475Z","level":"info","event":"Processing MedicationRequest...","logger":"task.stdout"}
{"timestamp":"2026-08-28T21:33:37.743472Z","level":"info","event":"MedicationRequest: 1 new Bronze files found.","logger":"task.stdout"}
{"timestamp":"2026-08-28T21:33:39.268976Z","level":"info","event":"MedicationRequest: 645 new rows appended. 3473 total rows in /opt/airflow/project/data/delta/bronze/medicationrequest","logger":"task.stdout"}
{"timestamp":"2026-08-28T21:33:39.741274Z","level":"info","event":"Done. Returned value was: None","try_number":1,"ti_id":"01a04a4a-07bc-74e5-9a40-9f56ab862e32","run_id":"manual__2026-08-28T21:32:40.719316+00:00","dag_id":"healthcare_pipeline","task_id":"process_bronze_to_delta","map_index":-1,"logger":"airflow.task.operators.airflow.providers.standard.decorators.python._PythonDecoratedOperator","filename":"python.py","lineno":233}
{"timestamp":"2026-08-28T21:33:39.748621Z","level":"info","event":"::group::Post Execute","try_number":1,"ti_id":"01a04a4a-07bc-74e5-9a40-9f56ab862e32","run_id":"manual__2026-08-28T21:32:40.719316+00:00","dag_id":"healthcare_pipeline","task_id":"process_bronze_to_delta","map_index":-1,"logger":"task","filename":"task_runner.py","lineno":1580}
{"timestamp":"2026-08-28T21:33:39.816659Z","level":"info","event":"::endgroup::","try_number":1,"ti_id":"01a04a4a-07bc-74e5-9a40-9f56ab862e32","run_id":"manual__2026-08-28T21:32:40.719316+00:00","dag_id":"healthcare_pipeline","task_id":"process_bronze_to_delta","map_index":-1,"logger":"task","filename":"task_runner.py","lineno":2379}
{"timestamp":"2026-08-28T21:33:41.040015Z","level":"error","event":"\r[Stage 0:>                                                          (0 + 3) / 3]\r\r[Stage 2:>                                                         (0 + 8) / 50]\r\r[Stage 2:=========>                                                (8 + 8) / 50]\r\r[Stage 2:=================>                                       (15 + 8) / 50]\r\r[Stage 2:=================================>                       (29 + 8) / 50]\r\r[Stage 2:===================================================>     (45 + 5) / 50]\r\r                                                                                \r\r[Stage 34:>                                                         (0 + 1) / 1]\r\r                                                                                \r\r[Stage 40:==================================================>     (45 + 5) / 50]\r\r                                                                                \r\r[Stage 77:>                                                         (0 + 1) / 1]\r\r                                                                                \r\r[Stage 78:>                                                         (0 + 1) / 1]","logger":"task.stderr"}
