{"timestamp":"2026-09-07T01:54:19.357496Z","level":"info","event":"::group::Pre Execute","logger":"task","filename":"task_runner.py","lineno":2412}
{"timestamp":"2026-09-07T01:54:19.378651Z","level":"info","event":"DAG bundles loaded: dags-folder","dag_id":"healthcare_pipeline","map_index":-1,"ti_id":"01a07992-bef2-715a-9251-2c58ccf490ef","run_id":"manual__2026-09-07T01:54:15.317556+00:00","try_number":1,"task_id":"process_bronze_to_delta","logger":"airflow.dag_processing.bundles.manager.DagBundlesManager","filename":"manager.py","lineno":304}
{"timestamp":"2026-09-07T01:54:19.379209Z","level":"info","event":"Filling up the DagBag from /opt/airflow/dags/healthcare_pipeline.py","dag_id":"healthcare_pipeline","map_index":-1,"ti_id":"01a07992-bef2-715a-9251-2c58ccf490ef","run_id":"manual__2026-09-07T01:54:15.317556+00:00","try_number":1,"task_id":"process_bronze_to_delta","logger":"airflow.dag_processing.dagbag.BundleDagBag","filename":"dagbag.py","lineno":460}
{"timestamp":"2026-09-07T01:54:20.170841Z","level":"info","event":"Worker startup parse complete","bundle_name":"dags-folder","bundle_version":null,"dag_file":"healthcare_pipeline.py","dag_id":"healthcare_pipeline","bundle_prepare_ms":1,"dag_file_parse_ms":791,"map_index":-1,"ti_id":"01a07992-bef2-715a-9251-2c58ccf490ef","run_id":"manual__2026-09-07T01:54:15.317556+00:00","try_number":1,"task_id":"process_bronze_to_delta","logger":"task","filename":"task_runner.py","lineno":1073}
{"timestamp":"2026-09-07T01:54:20.194878Z","level":"info","event":"::endgroup::","dag_id":"healthcare_pipeline","map_index":-1,"ti_id":"01a07992-bef2-715a-9251-2c58ccf490ef","run_id":"manual__2026-09-07T01:54:15.317556+00:00","try_number":1,"task_id":"process_bronze_to_delta","logger":"task","filename":"task_runner.py","lineno":2232}
{"timestamp":"2026-09-07T01:54:22.516908Z","level":"info","event":":: loading settings :: url = jar:file:/home/airflow/.local/lib/python3.11/site-packages/pyspark/jars/ivy-2.5.3.jar!/org/apache/ivy/core/settings/ivysettings.xml","logger":"task.stdout"}
{"timestamp":"2026-09-07T01:54:22.633771Z","level":"error","event":"Ivy Default Cache set to: /home/airflow/.ivy2/cache","logger":"task.stderr"}
{"timestamp":"2026-09-07T01:54:22.636912Z","level":"error","event":"The jars for the packages stored in: /home/airflow/.ivy2/jars","logger":"task.stderr"}
{"timestamp":"2026-09-07T01:54:22.640355Z","level":"error","event":"io.delta#delta-spark_2.12 added as a dependency","logger":"task.stderr"}
{"timestamp":"2026-09-07T01:54:22.642766Z","level":"error","event":":: resolving dependencies :: org.apache.spark#spark-submit-parent-6df81ebe-d93d-4240-996c-a81a2d9f8f07;1.0","logger":"task.stderr"}
{"timestamp":"2026-09-07T01:54:22.645900Z","level":"error","event":"\tconfs: [default]","logger":"task.stderr"}
{"timestamp":"2026-09-07T01:54:22.788061Z","level":"error","event":"\tfound io.delta#delta-spark_2.12;3.3.2 in central","logger":"task.stderr"}
{"timestamp":"2026-09-07T01:54:22.809654Z","level":"error","event":"\tfound io.delta#delta-storage;3.3.2 in central","logger":"task.stderr"}
{"timestamp":"2026-09-07T01:54:22.825537Z","level":"error","event":"\tfound org.antlr#antlr4-runtime;4.9.3 in central","logger":"task.stderr"}
{"timestamp":"2026-09-07T01:54:22.840832Z","level":"error","event":":: resolution report :: resolve 195ms :: artifacts dl 5ms","logger":"task.stderr"}
{"timestamp":"2026-09-07T01:54:22.842870Z","level":"error","event":"\t:: modules in use:","logger":"task.stderr"}
{"timestamp":"2026-09-07T01:54:22.844933Z","level":"error","event":"\tio.delta#delta-spark_2.12;3.3.2 from central in [default]","logger":"task.stderr"}
{"timestamp":"2026-09-07T01:54:22.847005Z","level":"error","event":"\tio.delta#delta-storage;3.3.2 from central in [default]","logger":"task.stderr"}
{"timestamp":"2026-09-07T01:54:22.849530Z","level":"error","event":"\torg.antlr#antlr4-runtime;4.9.3 from central in [default]","logger":"task.stderr"}
{"timestamp":"2026-09-07T01:54:22.852672Z","level":"error","event":"\t---------------------------------------------------------------------","logger":"task.stderr"}
{"timestamp":"2026-09-07T01:54:22.856160Z","level":"error","event":"\t|                  |            modules            ||   artifacts   |","logger":"task.stderr"}
{"timestamp":"2026-09-07T01:54:22.858818Z","level":"error","event":"\t|       conf       | number| search|dwnlded|evicted|| number|dwnlded|","logger":"task.stderr"}
{"timestamp":"2026-09-07T01:54:22.861584Z","level":"error","event":"\t---------------------------------------------------------------------","logger":"task.stderr"}
{"timestamp":"2026-09-07T01:54:22.863584Z","level":"error","event":"\t|      default     |   3   |   0   |   0   |   0   ||   3   |   0   |","logger":"task.stderr"}
{"timestamp":"2026-09-07T01:54:22.865117Z","level":"error","event":"\t---------------------------------------------------------------------","logger":"task.stderr"}
{"timestamp":"2026-09-07T01:54:22.867037Z","level":"error","event":":: retrieving :: org.apache.spark#spark-submit-parent-6df81ebe-d93d-4240-996c-a81a2d9f8f07","logger":"task.stderr"}
{"timestamp":"2026-09-07T01:54:22.869154Z","level":"error","event":"\tconfs: [default]","logger":"task.stderr"}
{"timestamp":"2026-09-07T01:54:22.871059Z","level":"error","event":"\t0 artifacts copied, 3 already retrieved (0kB/6ms)","logger":"task.stderr"}
{"timestamp":"2026-09-07T01:54:23.030628Z","level":"error","event":"26/09/07 01:54:23 WARN NativeCodeLoader: Unable to load native-hadoop library for your platform... using builtin-java classes where applicable","logger":"task.stderr"}
{"timestamp":"2026-09-07T01:54:23.219003Z","level":"error","event":"Setting default log level to \"WARN\".","logger":"task.stderr"}
{"timestamp":"2026-09-07T01:54:23.222453Z","level":"error","event":"To adjust logging level use sc.setLogLevel(newLevel). For SparkR, use setLogLevel(newLevel).","logger":"task.stderr"}
{"timestamp":"2026-09-07T01:54:25.571568Z","level":"info","event":"Processing Patient...","logger":"task.stdout"}
{"timestamp":"2026-09-07T01:54:29.330147Z","level":"error","event":"26/09/07 01:54:29 WARN SparkStringUtils: Truncated the string representation of a plan since it was too large. This behavior can be adjusted by setting 'spark.sql.debug.maxToStringFields'.","logger":"task.stderr"}
{"timestamp":"2026-09-07T01:54:35.646607Z","level":"info","event":"Patient: No new Bronze files to process.","logger":"task.stdout"}
{"timestamp":"2026-09-07T01:54:35.650819Z","level":"info","event":"Processing Encounter...","logger":"task.stdout"}
{"timestamp":"2026-09-07T01:54:37.662811Z","level":"info","event":"Encounter: No new Bronze files to process.","logger":"task.stdout"}
{"timestamp":"2026-09-07T01:54:37.665585Z","level":"info","event":"Processing Condition...","logger":"task.stdout"}
{"timestamp":"2026-09-07T01:54:39.275603Z","level":"info","event":"Condition: No new Bronze files to process.","logger":"task.stdout"}
{"timestamp":"2026-09-07T01:54:39.279489Z","level":"info","event":"Processing Observation...","logger":"task.stdout"}
{"timestamp":"2026-09-07T01:54:40.705170Z","level":"info","event":"Observation: No new Bronze files to process.","logger":"task.stdout"}
{"timestamp":"2026-09-07T01:54:40.708111Z","level":"info","event":"Processing MedicationRequest...","logger":"task.stdout"}
{"timestamp":"2026-09-07T01:54:42.004757Z","level":"info","event":"MedicationRequest: No new Bronze files to process.","logger":"task.stdout"}
{"timestamp":"2026-09-07T01:54:42.008165Z","level":"info","event":"Processing DocumentReference...","logger":"task.stdout"}
{"timestamp":"2026-09-07T01:54:43.455828Z","level":"info","event":"DocumentReference: No new Bronze files to process.","logger":"task.stdout"}
{"timestamp":"2026-09-07T01:54:43.836631Z","level":"info","event":"Done. Returned value was: None","dag_id":"healthcare_pipeline","map_index":-1,"ti_id":"01a07992-bef2-715a-9251-2c58ccf490ef","run_id":"manual__2026-09-07T01:54:15.317556+00:00","try_number":1,"task_id":"process_bronze_to_delta","logger":"airflow.task.operators.airflow.providers.standard.decorators.python._PythonDecoratedOperator","filename":"python.py","lineno":233}
{"timestamp":"2026-09-07T01:54:43.843793Z","level":"info","event":"::group::Post Execute","dag_id":"healthcare_pipeline","map_index":-1,"ti_id":"01a07992-bef2-715a-9251-2c58ccf490ef","run_id":"manual__2026-09-07T01:54:15.317556+00:00","try_number":1,"task_id":"process_bronze_to_delta","logger":"task","filename":"task_runner.py","lineno":1580}
{"timestamp":"2026-09-07T01:54:43.884860Z","level":"info","event":"::endgroup::","dag_id":"healthcare_pipeline","map_index":-1,"ti_id":"01a07992-bef2-715a-9251-2c58ccf490ef","run_id":"manual__2026-09-07T01:54:15.317556+00:00","try_number":1,"task_id":"process_bronze_to_delta","logger":"task","filename":"task_runner.py","lineno":2379}
{"timestamp":"2026-09-07T01:54:45.448136Z","level":"error","event":"\r[Stage 0:>                                                          (0 + 5) / 5]\r\r[Stage 2:>                                                         (0 + 8) / 50]\r\r[Stage 2:=========>                                                (8 + 8) / 50]\r\r[Stage 2:=======================>                                 (21 + 8) / 50]\r\r[Stage 2:====================================>                    (32 + 8) / 50]\r\r[Stage 2:=======================================>                 (35 + 8) / 50]\r\r[Stage 2:=================================================>       (43 + 7) / 50]\r\r                                                                                \r\r[Stage 8:====================================>                      (5 + 3) / 8]\r\r                                                                                \r\r[Stage 13:================================>                       (29 + 8) / 50]\r\r[Stage 13:=================================================>      (44 + 6) / 50]\r\r                                                                                \r\r[Stage 57:=============================================>          (41 + 8) / 50]","logger":"task.stderr"}
